
> @ check:all /Users/luo/Documents/github/pi-context
> pnpm check:boundaries && pnpm typecheck && pnpm test


> @ check:boundaries /Users/luo/Documents/github/pi-context
> node scripts/check-package-boundaries.mjs

boundaries: ok

> @ typecheck /Users/luo/Documents/github/pi-context
> pnpm -r typecheck

Scope: 11 of 12 workspace projects
packages/contracts typecheck$ tsc --noEmit --strict --module NodeNext --moduleResolution NodeNext --target ES2022 --types node src/index.ts
packages/kernel typecheck$ node -e "process.exit(0)"
apps/pi-context-runtime typecheck$ tsc --noEmit --strict --module NodeNext --moduleResolution NodeNext --target ES2022 --types node src/extension.ts src/owner.ts src/runtime.ts src/doctor.ts src/conflicts.ts
packages/pi-adapter typecheck$ tsc --noEmit --strict --skipLibCheck --module NodeNext --moduleResolution NodeNext --target ES2022 --types node src/capabilities.ts src/contracts/pi-0844.ts
packages/kernel typecheck: Done
packages/storage typecheck$ tsc --noEmit --strict --module NodeNext --moduleResolution NodeNext --target ES2022 --types node src/sqlite-store.ts src/worker.ts src/protocol.ts
packages/contracts typecheck: Done
packages/testkit typecheck$ tsc --noEmit --strict --module NodeNext --moduleResolution NodeNext --target ES2022 --types node src/fake-pi-host.ts src/pi-contract-harness.ts
packages/storage typecheck: Done
packages/worker typecheck$ tsc --noEmit --strict --module NodeNext --moduleResolution NodeNext --target ES2022 --types node src/candidate-worker.ts src/candidate-key.ts
packages/pi-adapter typecheck: Done
apps/pi-context-runtime typecheck: Done
packages/testkit typecheck: Done
packages/worker typecheck: Done
packages/core typecheck$ tsc --noEmit --strict --module NodeNext --moduleResolution NodeNext --target ES2022 --types node src/index.ts
packages/core typecheck: Done
packages/runtime typecheck$ tsc --noEmit --strict --module NodeNext --moduleResolution NodeNext --target ES2022 --types node src/index.ts
packages/runtime typecheck: Done
packages/benchmark typecheck$ tsc --noEmit --strict --module NodeNext --moduleResolution NodeNext --target ES2022 --types node src/index.ts
packages/storage-node typecheck$ tsc --noEmit --strict --module NodeNext --moduleResolution NodeNext --target ES2022 --types node src/index.ts
packages/storage-node typecheck: Done
packages/benchmark typecheck: Done

> @ test /Users/luo/Documents/github/pi-context
> vitest run --workspace vitest.workspace.ts

 DEPRECATED  The workspace file is deprecated and will be removed in the next major. Please, use the `test.projects` field in the root config file instead.

 RUN  v3.2.4 /Users/luo/Documents/github/pi-context

(node:53739) ExperimentalWarning: SQLite is an experimental feature and might change at any time
(Use `node --trace-warnings ...` to show where the warning was created)
(node:53740) ExperimentalWarning: SQLite is an experimental feature and might change at any time
(Use `node --trace-warnings ...` to show where the warning was created)
 ✓ |0| tests/tasks/t01.test.ts (8 tests) 488ms
 ✓ |0| packages/storage/test/saga-recovery.test.ts (7 tests) 314ms
 ✓ |0| tests/e2e/operations.test.ts (6 tests) 410ms
(node:54159) ExperimentalWarning: SQLite is an experimental feature and might change at any time
(Use `node --trace-warnings ...` to show where the warning was created)
 ✓ |0| tests/e2e/jiti-candidate-load.test.ts (1 test) 333ms
   ✓ jiti candidate load > loads buildDeterministicCheckpointCandidate through Pi's jiti  331ms
 ✓ |0| packages/kernel/test/raw-capture.test.ts (5 tests) 331ms
 ✓ |0| tests/tasks/t03.test.ts (8 tests) 609ms
(node:54396) ExperimentalWarning: SQLite is an experimental feature and might change at any time
(Use `node --trace-warnings ...` to show where the warning was created)
 ✓ |0| tests/contract/pi-compaction-takeover.test.ts (4 tests) 26ms
 ✓ |0| packages/storage/test/blob-store.test.ts (5 tests) 126ms
 ✓ |0| tests/tasks/t00.test.ts (7 tests) 2138ms
   ✓ T00 Freeze audit baseline and immutable evidence > is idempotent for the same committed inputs  349ms
   ✓ T00 Freeze audit baseline and immutable evidence > rejects an output directory outside the repository scope  462ms
   ✓ T00 Freeze audit baseline and immutable evidence > replays deterministically in independent output directories  434ms
 ✓ |0| packages/kernel/test/reducer-registry.test.ts (5 tests) 124ms
 ✓ |0| tests/w1-gate/early-net-value.test.ts (3 tests) 1882ms
   ✓ W1 Early Net Value Gate > evaluates live PCR arms and writes a machine-readable report  1878ms
(node:54631) ExperimentalWarning: SQLite is an experimental feature and might change at any time
(Use `node --trace-warnings ...` to show where the warning was created)
 ✓ |0| packages/storage/test/sqlite-store.test.ts (5 tests) 107ms
 ✓ |0| packages/worker/test/candidate-worker.test.ts (7 tests) 142ms
 ✓ |0| tests/security/cursor-fuzz.test.ts (1 test) 23ms
 ✓ |0| packages/kernel/test/materializer.test.ts (4 tests) 42ms
 ✓ |0| tests/contract/pi-input-correlation.test.ts (1 test) 11ms
 ✓ |0| packages/worker/test/semantic-proposal.test.ts (6 tests) 22ms
 ✓ |0| tests/meta/workspace-layout.test.ts (4 tests) 37ms
 ✓ |0| tests/security/authority-mutation.test.ts (2 tests) 82ms
 ✓ |0| tests/tasks/t02.test.ts (6 tests) 18ms
 ✓ |0| tests/live-gate/paired-w2-live.test.ts (3 tests) 38ms
 ✓ |0| tests/contract/pi-context-hook.test.ts (11 tests) 42ms
 ✓ |0| tests/security/memory-poisoning.test.ts (2 tests) 27ms
 ✓ |0| tests/compat/pi-version-contract.test.ts (3 tests) 24ms
 ✓ |0| tests/tasks/t05.test.ts (6 tests) 78ms
 ✓ |0| tests/w2-gate/head-to-head.test.ts (3 tests) 3729ms
   ✓ W2 Compactor Head-to-head Gate > evaluates live PCR B1/B2 against synthetic B0 and writes a machine-readable report  3724ms
(node:55205) ExperimentalWarning: SQLite is an experimental feature and might change at any time
(Use `node --trace-warnings ...` to show where the warning was created)
 ✓ |0| packages/worker/test/generation-fencing.test.ts (6 tests) 18ms
 ✓ |0| packages/kernel/test/claim-ledger.test.ts (9 tests) 16ms
 ✓ |0| packages/kernel/test/fts-catalog.test.ts (5 tests) 13ms
 ✓ |0| packages/kernel/test/directive-capture.test.ts (6 tests) 15ms
 ✓ |0| tests/tasks/t04.test.ts (7 tests) 26ms
 ✓ |0| packages/kernel/test/evidence-admission.test.ts (5 tests) 95ms
 ✓ |0| packages/kernel/test/continuity-ledger.test.ts (5 tests) 15ms
 ✓ |0| tests/contract/pi-tool-result-order.test.ts (1 test) 89ms
 ✓ |0| packages/kernel/test/action-gate.test.ts (6 tests) 114ms
 ✓ |0| tests/contract/pi-session-lifecycle.test.ts (4 tests) 69ms
 ✓ |0| packages/kernel/test/raw-input.test.ts (5 tests) 53ms
 ✓ |0| packages/worker/test/telemetry-economics.test.ts (5 tests) 19ms
 ✓ |0| packages/kernel/test/host-checkpoint-render.test.ts (5 tests) 11ms
 ✓ |0| tests/security/secret-leak.test.ts (1 test) 14ms
 ✓ |0| tests/e2e/packed-install.test.ts (1 test) 12ms
 ✓ |0| packages/contracts/test/canonical.test.ts (4 tests) 35ms
 ✓ |0| tests/compat/provider-payload-probe.test.ts (3 tests) 4ms
 ✓ |0| packages/kernel/test/token-budget.test.ts (6 tests) 3ms
 ✓ |0| packages/worker/test/verifier.test.ts (8 tests) 67ms
 ✓ |0| packages/kernel/test/shell-reducers.test.ts (6 tests) 11ms
 ✓ |0| packages/pi-adapter/test/runtime-tools.test.ts (6 tests) 15ms
 ✓ |0| tests/release/deterministic-mvp-gate.test.ts (9 tests) 14ms
 ✓ |0| tests/release/semantic-beta-gate.test.ts (8 tests) 6ms
 ✓ |0| tests/contract/pi-capability-probe.test.ts (4 tests) 3ms
 ✓ |0| packages/pi-adapter/test/message-conversion.test.ts (5 tests) 4ms
 ✓ |0| packages/kernel/test/checkpoint-candidate.test.ts (6 tests) 6ms
 ✓ |0| packages/kernel/test/exact-read.test.ts (5 tests) 5ms
 ✓ |0| tests/security/recovery-fuzz.test.ts (1 test) 3ms
 ✓ |0| packages/kernel/test/active-suffix.test.ts (5 tests) 14ms
 ✓ |0| packages/kernel/test/proactive-recall.test.ts (5 tests) 3ms
 ✓ |0| apps/pi-context-runtime/test/owner.test.ts (4 tests) 8ms
 ✓ |0| packages/kernel/test/literal-index.test.ts (5 tests) 9ms
 ✓ |0| packages/kernel/test/lease-lifecycle.test.ts (5 tests) 20ms
 ✓ |0| packages/kernel/test/claim-transitions.test.ts (7 tests) 24ms
 ✓ |0| apps/pi-context-runtime/test/package-runtime.test.ts (4 tests) 3ms
 ✓ |0| tests/e2e/pi-factory-entry.test.ts (2 tests) 4ms
 ✓ |0| packages/kernel/test/convergence.test.ts (5 tests) 5ms
 ✓ |0| packages/kernel/test/builtin-reducers.test.ts (5 tests) 4ms
 ✓ |0| packages/pi-adapter/test/compaction-result.test.ts (1 test) 3ms
 ✓ |0| packages/contracts/test/types.test.ts (4 tests) 3ms
 ✓ |0| tests/contract/pi-tool-call-gate.test.ts (1 test) 3ms
 ✓ |0| tests/live-gate/payload-sizing.test.ts (3 tests) 2ms
 ✓ |0| tests/acceptance/packed-install.test.ts (1 test) 9295ms
   ✓ packed runtime acceptance > npm packs a self-contained runtime and Pi loads its installed extension  9294ms
 ✓ |0| tests/release/package-artifact.test.ts (4 tests) 8873ms
   ✓ release package > contains one extension entry, runtime dependencies and no source-private imports  2962ms
   ✓ release package > verifies clean-home extract, uninstall/reinstall, and temporary pi -e entry  3134ms
   ✓ release package > keeps the Node/OS matrix and does not hide unsupported Pi versions  1822ms
   ✓ release package > ships license/security docs and the gate-derived semantic default  953ms
 ❯ |0| tests/tasks/t06.test.ts (6 tests | 1 failed) 14339ms
   × T06 Real npm pack and clean Pi install harness > loads the actual packed tarball in an empty Pi home 5009ms
     → Test timed out in 5000ms.
If this is a long-running test, pass a timeout value as the last argument or configure it globally with "testTimeout".
   ✓ T06 Real npm pack and clean Pi install harness > rejects a modified tarball receipt before installation 1ms
   ✓ T06 Real npm pack and clean Pi install harness > rejects a repository scope without the runtime source 0ms
   ✓ T06 Real npm pack and clean Pi install harness > fails closed when packing is cancelled 1ms
   ✓ T06 Real npm pack and clean Pi install harness > packs deterministically from the same committed source  1783ms
   ✓ T06 Real npm pack and clean Pi install harness > isolates duplicate probes while preserving their observable contract  4677ms

⎯⎯⎯⎯⎯⎯⎯ Failed Tests 1 ⎯⎯⎯⎯⎯⎯⎯

 FAIL  |0| tests/tasks/t06.test.ts > T06 Real npm pack and clean Pi install harness > loads the actual packed tarball in an empty Pi home
Error: Test timed out in 5000ms.
If this is a long-running test, pass a timeout value as the last argument or configure it globally with "testTimeout".
 ❯ tests/tasks/t06.test.ts:15:3
     13|   });
     14| 
     15|   it("loads the actual packed tarball in an empty Pi home", async () =…
       |   ^
     16|     const result = await installAndRunVerticalProbe(packed, { repoRoot…
     17| 

⎯⎯⎯⎯⎯⎯⎯⎯⎯⎯⎯⎯⎯⎯⎯⎯⎯⎯⎯⎯⎯⎯⎯⎯[1/1]⎯


 Test Files  1 failed | 70 passed (71)
      Tests  1 failed | 331 passed (332)
   Start at  10:59:28
   Duration  14.70s (transform 2.44s, setup 0ms, collect 11.05s, tests 44.57s, environment 10ms, prepare 7.13s)

 ELIFECYCLE  Test failed. See above for more details.
 ELIFECYCLE  Command failed with exit code 1.
