node=v22.19.0

 RUN  v3.2.4 /Users/luo/Documents/github/pi-context

 ✓ test/unit/batches.test.ts (1 test) 2ms
(node:47574) ExperimentalWarning: SQLite is an experimental feature and might change at any time
(Use `node --trace-warnings ...` to show where the warning was created)
 ✓ test/security/scope.test.ts (3 tests) 3ms
(node:47578) ExperimentalWarning: SQLite is an experimental feature and might change at any time
(Use `node --trace-warnings ...` to show where the warning was created)
(node:47576) ExperimentalWarning: SQLite is an experimental feature and might change at any time
(Use `node --trace-warnings ...` to show where the warning was created)
(node:47575) ExperimentalWarning: SQLite is an experimental feature and might change at any time
(Use `node --trace-warnings ...` to show where the warning was created)
 ✓ test/security/injection.test.ts (1 test) 8ms
 ✓ test/property/invariants.test.ts (8 tests) 3ms
 ✓ test/host/matrix.test.ts (1 test) 3ms
 ✓ test/host/native-source.test.ts (4 tests) 3ms
 ✓ test/fault/runtime.test.ts (5 tests) 20ms

 Test Files  7 passed (7)
      Tests  23 passed (23)
   Start at  12:41:42
   Duration  458ms (transform 285ms, setup 0ms, collect 595ms, tests 41ms, environment 1ms, prepare 685ms)

VITEST_EXIT=0
