
> @ test:acceptance /Users/luo/Documents/github/pi-context
> vitest run --config vitest.acceptance.config.ts


 RUN  v3.2.4 /Users/luo/Documents/github/pi-context

(node:45937) ExperimentalWarning: SQLite is an experimental feature and might change at any time
(Use `node --trace-warnings ...` to show where the warning was created)
(node:45935) ExperimentalWarning: SQLite is an experimental feature and might change at any time
(Use `node --trace-warnings ...` to show where the warning was created)
(node:45940) ExperimentalWarning: SQLite is an experimental feature and might change at any time
(Use `node --trace-warnings ...` to show where the warning was created)
(node:45939) ExperimentalWarning: SQLite is an experimental feature and might change at any time
(Use `node --trace-warnings ...` to show where the warning was created)
(node:45943) ExperimentalWarning: SQLite is an experimental feature and might change at any time
(Use `node --trace-warnings ...` to show where the warning was created)
(node:45942) ExperimentalWarning: SQLite is an experimental feature and might change at any time
(Use `node --trace-warnings ...` to show where the warning was created)
(node:45941) ExperimentalWarning: SQLite is an experimental feature and might change at any time
(Use `node --trace-warnings ...` to show where the warning was created)
(node:45938) ExperimentalWarning: SQLite is an experimental feature and might change at any time
(Use `node --trace-warnings ...` to show where the warning was created)
(node:45936) ExperimentalWarning: SQLite is an experimental feature and might change at any time
(Use `node --trace-warnings ...` to show where the warning was created)
 ✓ tests/acceptance/recursive-state.test.ts (1 test) 420ms
   ✓ recursive compaction state > keeps the original do-not-deploy directive across three compaction cycles  419ms
(node:45953) ExperimentalWarning: SQLite is an experimental feature and might change at any time
(Use `node --trace-warnings ...` to show where the warning was created)
 ✓ tests/acceptance/session-registry.test.ts (10 tests) 761ms
   ✓ production session registry acceptance > keeps a sibling production session after session-scoped shutdown  748ms
 ✓ tests/acceptance/materialized-recall.test.ts (2 tests) 788ms
   ✓ product materialized recall > injects recall-needed evidence and stays silent otherwise  428ms
   ✓ product materialized recall > stays silent and omits lease warnings when recall is not needed  359ms
 ✓ tests/acceptance/runtime-session-ownership.test.ts (3 tests) 771ms
   ✓ runtime session ingress ownership > sends product tool_result through RuntimeSession.ingestToolResult  398ms
   ✓ runtime session ingress ownership > sends product user input through RuntimeSession.ingestUserInput  371ms
 ✓ tests/acceptance/tool-result-flow.test.ts (3 tests) 851ms
   ✓ real Pi tool_result flow > persists raw tool bytes in CAS before the host-visible compact projection  368ms
   ✓ real Pi tool_result flow > is reachable through the only packaged product extension entry  310ms
 ✓ tests/acceptance/evidence-recovery.test.ts (1 test) 223ms
 ✓ tests/acceptance/context-budget.test.ts (4 tests) 1002ms
 ✓ tests/acceptance/runtime-concurrency.test.ts (2 tests) 1038ms
   ✓ runtime concurrency gate > runs production sqlite sessions across workspaces without cross-scope capture  1030ms
(node:45955) ExperimentalWarning: SQLite is an experimental feature and might change at any time
(Use `node --trace-warnings ...` to show where the warning was created)
 ✓ tests/acceptance/recursive-compaction.test.ts (1 test) 20ms
 ✓ tests/acceptance/product-runtime-path.test.ts (6 tests) 1281ms
   ✓ product runtime SQLite/FTS/CAS path > admits tool_result into the same store that context_search and context_read use  423ms
   ✓ product runtime SQLite/FTS/CAS path > hard-stops compact when a CAS pointer is missing on the extension entry  365ms
 ✓ tests/acceptance/hermetic-models.test.ts (3 tests) 3ms
 ✓ tests/acceptance/restart-branch-recovery.test.ts (1 test) 12ms
 ✓ tests/acceptance/default-profile.test.ts (1 test) 8ms
 ✓ tests/acceptance/extension-one-root.test.ts (2 tests) 2ms
 ✓ tests/acceptance/compaction-fallback.test.ts (1 test) 2ms
(node:45960) ExperimentalWarning: SQLite is an experimental feature and might change at any time
(Use `node --trace-warnings ...` to show where the warning was created)
(node:45956) ExperimentalWarning: SQLite is an experimental feature and might change at any time
(Use `node --trace-warnings ...` to show where the warning was created)
(node:45957) ExperimentalWarning: SQLite is an experimental feature and might change at any time
(Use `node --trace-warnings ...` to show where the warning was created)
 ✓ tests/acceptance/user-input-flow.test.ts (11 tests) 1878ms
   ✓ exact user input flow on the patched Pi 0.84.4 AgentSession > is reachable through the only packaged product extension entry  525ms
   ✓ exact user input flow on the patched Pi 0.84.4 AgentSession > survives later transforms while keeping ingress metadata out of provider messages  301ms
 ✓ tests/acceptance/w1-vertical.test.ts (1 test) 123ms
 ✓ tests/acceptance/context-hook.test.ts (3 tests) 75ms
 ✓ tests/acceptance/retrieval-tools.test.ts (1 test) 101ms
(node:45971) ExperimentalWarning: SQLite is an experimental feature and might change at any time
(Use `node --trace-warnings ...` to show where the warning was created)
 ✓ tests/acceptance/multi-session-registry.test.ts (2 tests) 6ms
(node:45972) ExperimentalWarning: SQLite is an experimental feature and might change at any time
(Use `node --trace-warnings ...` to show where the warning was created)
 ✓ tests/acceptance/scope-failure.test.ts (2 tests) 6ms
 ✓ tests/acceptance/deterministic-mvp.test.ts (1 test) 50ms

 Test Files  22 passed (22)
      Tests  62 passed (62)
   Start at  01:58:42
   Duration  4.32s (transform 1.04s, setup 0ms, collect 20.14s, tests 9.42s, environment 2ms, prepare 1.75s)


> @ test:integration /Users/luo/Documents/github/pi-context
> vitest run --config vitest.integration.config.ts


 RUN  v3.2.4 /Users/luo/Documents/github/pi-context

(node:46032) ExperimentalWarning: SQLite is an experimental feature and might change at any time
(Use `node --trace-warnings ...` to show where the warning was created)
 ✓ tests/e2e/jiti-candidate-load.test.ts (1 test) 207ms
 ✓ tests/e2e/operations.test.ts (6 tests) 163ms
(node:46031) ExperimentalWarning: SQLite is an experimental feature and might change at any time
(Use `node --trace-warnings ...` to show where the warning was created)
(node:46033) ExperimentalWarning: SQLite is an experimental feature and might change at any time
(Use `node --trace-warnings ...` to show where the warning was created)
(node:46034) ExperimentalWarning: SQLite is an experimental feature and might change at any time
(Use `node --trace-warnings ...` to show where the warning was created)
 ✓ tests/integration/checkpoint-pointer-recovery.test.ts (2 tests) 12ms
 ✓ tests/integration/checkpoint-hard-gates.test.ts (4 tests) 13ms
(node:46029) ExperimentalWarning: SQLite is an experimental feature and might change at any time
(Use `node --trace-warnings ...` to show where the warning was created)
(node:46030) ExperimentalWarning: SQLite is an experimental feature and might change at any time
(Use `node --trace-warnings ...` to show where the warning was created)
 ✓ tests/fault/compaction-ack-recovery.test.ts (2 tests) 106ms
 ✓ tests/fault/recovery.test.ts (1 test) 137ms
 ✓ tests/e2e/key-rotation-v2-boundary.test.ts (2 tests) 179ms
 ✓ tests/integration/snapshot-consistency.test.ts (3 tests) 218ms
 ✓ tests/fault/recursive-restart.test.ts (1 test) 218ms
(node:46048) ExperimentalWarning: SQLite is an experimental feature and might change at any time
(Use `node --trace-warnings ...` to show where the warning was created)
 ✓ tests/fault/runtime-concurrency.test.ts (1 test) 6ms
 ✓ tests/fault/overflow-lane.test.ts (1 test) 2ms
(node:46046) ExperimentalWarning: SQLite is an experimental feature and might change at any time
(Use `node --trace-warnings ...` to show where the warning was created)
 ✓ tests/e2e/packed-install.test.ts (1 test) 8ms
(node:46051) ExperimentalWarning: SQLite is an experimental feature and might change at any time
(Use `node --trace-warnings ...` to show where the warning was created)
 ✓ tests/e2e/pi-factory-entry.test.ts (2 tests) 5ms

 Test Files  13 passed (13)
      Tests  27 passed (27)
   Start at  01:58:47
   Duration  1.76s (transform 1.01s, setup 0ms, collect 7.85s, tests 1.27s, environment 1ms, prepare 1.03s)

