
> @ check:all /Users/luo/Documents/github/pi-context
> pnpm check:boundaries && pnpm typecheck && pnpm test


> @ check:boundaries /Users/luo/Documents/github/pi-context
> node scripts/check-package-boundaries.mjs

boundaries: ok

> @ typecheck /Users/luo/Documents/github/pi-context
> pnpm -r typecheck

Scope: 11 of 12 workspace projects
apps/pi-context-runtime typecheck$ tsc --noEmit --strict --skipLibCheck --module NodeNext --moduleResolution NodeNext --target ES2022 --types node src/extension.ts src/composition-root.ts src/owner.ts src/runtime.ts src/doctor.ts src/conflicts.ts
packages/kernel typecheck$ tsc --noEmit --strict --module NodeNext --moduleResolution NodeNext --target ES2022 --types node src/ingress/project.ts
packages/contracts typecheck$ tsc --noEmit --strict --module NodeNext --moduleResolution NodeNext --target ES2022 --types node src/index.ts
packages/storage typecheck$ tsc --noEmit --strict --module NodeNext --moduleResolution NodeNext --target ES2022 --types node src/sqlite-store.ts src/worker.ts src/protocol.ts
packages/storage typecheck: Done
packages/testkit typecheck$ tsc --noEmit --strict --module NodeNext --moduleResolution NodeNext --target ES2022 --types node src/fake-pi-host.ts src/pi-contract-harness.ts
packages/kernel typecheck: Done
packages/worker typecheck$ tsc --noEmit --strict --module NodeNext --moduleResolution NodeNext --target ES2022 --types node src/candidate-worker.ts src/candidate-key.ts
packages/contracts typecheck: Done
apps/pi-context-runtime typecheck: Done
packages/testkit typecheck: Done
packages/worker typecheck: Done
packages/core typecheck$ tsc --noEmit --strict --module NodeNext --moduleResolution NodeNext --target ES2022 --types node src/index.ts
packages/core typecheck: Done
packages/runtime typecheck$ tsc --noEmit --strict --module NodeNext --moduleResolution NodeNext --target ES2022 --types node src/index.ts test/runtime-session.test.ts test/saga.test.ts ../../tests/tasks/t07.test.ts ../../tests/tasks/t12.test.ts
packages/runtime typecheck: Done
packages/storage-node typecheck$ tsc --noEmit --strict --module NodeNext --moduleResolution NodeNext --target ES2022 --types node src/index.ts test/blob-store.test.ts test/saga-store.test.ts test/user-turn-store.test.ts ../../tests/tasks/t09.test.ts ../../tests/tasks/t11.test.ts ../../tests/tasks/t12.test.ts
packages/pi-adapter typecheck$ tsc --noEmit --strict --skipLibCheck --module NodeNext --moduleResolution NodeNext --target ES2022 --types node src/index.ts src/contracts/pi-0844.ts ../../tests/acceptance/user-input-flow.test.ts ../../tests/acceptance/tool-result-flow.test.ts ../../tests/tasks/t13.test.ts
packages/pi-adapter typecheck: Done
packages/storage-node typecheck: Done
packages/benchmark typecheck$ tsc --noEmit --strict --module NodeNext --moduleResolution NodeNext --target ES2022 --types node src/index.ts
packages/benchmark typecheck: Done

> @ test /Users/luo/Documents/github/pi-context
> vitest run --workspace vitest.workspace.ts

 DEPRECATED  The workspace file is deprecated and will be removed in the next major. Please, use the `test.projects` field in the root config file instead.

 RUN  v3.2.4 /Users/luo/Documents/github/pi-context

(node:58720) ExperimentalWarning: SQLite is an experimental feature and might change at any time
(Use `node --trace-warnings ...` to show where the warning was created)
(node:58718) ExperimentalWarning: SQLite is an experimental feature and might change at any time
(Use `node --trace-warnings ...` to show where the warning was created)
(node:58716) ExperimentalWarning: SQLite is an experimental feature and might change at any time
(Use `node --trace-warnings ...` to show where the warning was created)
 ✓ |0| tests/w1-gate/early-net-value.test.ts (3 tests) 1158ms
   ✓ W1 Early Net Value Gate > evaluates live PCR arms and writes a machine-readable report  1154ms
(node:58715) ExperimentalWarning: SQLite is an experimental feature and might change at any time
(Use `node --trace-warnings ...` to show where the warning was created)
 ✓ |0| packages/storage-node/test/user-turn-store.test.ts (8 tests) 1774ms
   ✓ workspace user turn ledger > replays capture and link idempotently and rejects payload or host conflicts  518ms
   ✓ workspace user turn ledger > serializes concurrent duplicate captures to one receipt  453ms
(node:59250) ExperimentalWarning: SQLite is an experimental feature and might change at any time
(Use `node --trace-warnings ...` to show where the warning was created)
(node:59152) ExperimentalWarning: SQLite is an experimental feature and might change at any time
(Use `node --trace-warnings ...` to show where the warning was created)
 ✓ |0| packages/storage-node/test/saga-store.test.ts (14 tests) 2387ms
   ✓ workspace SQLite Saga journal > recovers a host-visible row after an abrupt process exit and replays without mutation  1233ms
(node:59530) ExperimentalWarning: SQLite is an experimental feature and might change at any time
(Use `node --trace-warnings ...` to show where the warning was created)
 ✓ |0| tests/tasks/t00.test.ts (7 tests) 3073ms
   ✓ T00 Freeze audit baseline and immutable evidence > freeze_audit_baseline_and_immutable_evidence  401ms
   ✓ T00 Freeze audit baseline and immutable evidence > is idempotent for the same committed inputs  724ms
   ✓ T00 Freeze audit baseline and immutable evidence > rejects a source outside the repository scope  674ms
   ✓ T00 Freeze audit baseline and immutable evidence > rejects an output directory outside the repository scope  389ms
   ✓ T00 Freeze audit baseline and immutable evidence > replays deterministically in independent output directories  347ms
 ✓ |0| tests/e2e/operations.test.ts (6 tests) 712ms
 ✓ |0| tests/w2-gate/head-to-head.test.ts (3 tests) 2901ms
   ✓ W2 Compactor Head-to-head Gate > evaluates live PCR B1/B2 against synthetic B0 and writes a machine-readable report  2896ms
(node:60043) ExperimentalWarning: SQLite is an experimental feature and might change at any time
(Use `node --trace-warnings ...` to show where the warning was created)
 ✓ |0| packages/storage-node/test/blob-store.test.ts (15 tests) 3080ms
   ✓ encrypted content-addressed blob store > settles concurrent same-content writes on one complete authenticated object  719ms
   ✓ encrypted content-addressed blob store > makes the existing-object fast path durable across independent processes  542ms
 ✓ |0| packages/storage/test/saga-recovery.test.ts (7 tests) 632ms
 ✓ |0| packages/kernel/test/raw-capture.test.ts (5 tests) 263ms
 ✓ |0| tests/tasks/t03.test.ts (8 tests) 191ms
(node:60089) ExperimentalWarning: SQLite is an experimental feature and might change at any time
(Use `node --trace-warnings ...` to show where the warning was created)
(node:60090) ExperimentalWarning: SQLite is an experimental feature and might change at any time
(Use `node --trace-warnings ...` to show where the warning was created)
(node:60044) ExperimentalWarning: SQLite is an experimental feature and might change at any time
(Use `node --trace-warnings ...` to show where the warning was created)
 ✓ |0| packages/storage-node/test/sqlite-store.test.ts (6 tests) 212ms
 ✓ |0| tests/tasks/t01.test.ts (8 tests) 460ms
(node:60482) ExperimentalWarning: SQLite is an experimental feature and might change at any time
(Use `node --trace-warnings ...` to show where the warning was created)
 ✓ |0| tests/tasks/t09.test.ts (13 tests) 473ms
 ✓ |0| tests/acceptance/user-input-flow.test.ts (11 tests) 1850ms
(node:60507) ExperimentalWarning: SQLite is an experimental feature and might change at any time
(Use `node --trace-warnings ...` to show where the warning was created)
(node:60088) ExperimentalWarning: SQLite is an experimental feature and might change at any time
(Use `node --trace-warnings ...` to show where the warning was created)
 ✓ |0| tests/tasks/t10.test.ts (4 tests) 221ms
(node:60508) ExperimentalWarning: SQLite is an experimental feature and might change at any time
(Use `node --trace-warnings ...` to show where the warning was created)
 ✓ |0| tests/e2e/jiti-candidate-load.test.ts (1 test) 251ms
(node:60527) ExperimentalWarning: SQLite is an experimental feature and might change at any time
(Use `node --trace-warnings ...` to show where the warning was created)
 ✓ |0| tests/tasks/t12.test.ts (2 tests) 173ms
 ✓ |0| tests/e2e/key-rotation-v2-boundary.test.ts (2 tests) 200ms
 ✓ |0| tests/tasks/t13.test.ts (8 tests) 900ms
 ✓ |0| packages/worker/test/candidate-worker.test.ts (7 tests) 70ms
 ✓ |0| tests/tasks/t11.test.ts (2 tests) 141ms
 ✓ |0| tests/acceptance/tool-result-flow.test.ts (3 tests) 382ms
(node:60532) ExperimentalWarning: SQLite is an experimental feature and might change at any time
(Use `node --trace-warnings ...` to show where the warning was created)
 ✓ |0| packages/storage/test/blob-store.test.ts (5 tests) 55ms
 ✓ |0| packages/kernel/test/reducer-registry.test.ts (5 tests) 70ms
(node:60560) ExperimentalWarning: SQLite is an experimental feature and might change at any time
(Use `node --trace-warnings ...` to show where the warning was created)
(node:60661) ExperimentalWarning: SQLite is an experimental feature and might change at any time
(Use `node --trace-warnings ...` to show where the warning was created)
 ✓ |0| packages/storage/test/sqlite-store.test.ts (5 tests) 37ms
 ✓ |0| tests/security/authority-mutation.test.ts (2 tests) 39ms
 ✓ |0| tests/contract/pi-tool-result-order.test.ts (1 test) 116ms
 ✓ |0| tests/security/memory-poisoning.test.ts (2 tests) 28ms
 ✓ |0| tests/security/cursor-fuzz.test.ts (1 test) 31ms
 ✓ |0| packages/worker/test/generation-fencing.test.ts (6 tests) 13ms
 ✓ |0| packages/worker/test/semantic-proposal.test.ts (6 tests) 23ms
 ✓ |0| tests/live-gate/paired-w2-live.test.ts (3 tests) 25ms
 ✓ |0| packages/kernel/test/materializer.test.ts (4 tests) 19ms
 ✓ |0| packages/kernel/test/claim-ledger.test.ts (9 tests) 14ms
 ✓ |0| packages/kernel/test/continuity-ledger.test.ts (5 tests) 16ms
 ✓ |0| tests/tasks/t02.test.ts (6 tests) 14ms
 ✓ |0| packages/kernel/test/action-gate.test.ts (6 tests) 17ms
 ✓ |0| packages/kernel/test/raw-input.test.ts (5 tests) 15ms
 ✓ |0| tests/contract/pi-context-hook.test.ts (11 tests) 17ms
 ✓ |0| packages/contracts/test/canonical.test.ts (4 tests) 11ms
 ✓ |0| tests/contract/pi-compaction-takeover.test.ts (4 tests) 45ms
(node:61064) ExperimentalWarning: SQLite is an experimental feature and might change at any time
(Use `node --trace-warnings ...` to show where the warning was created)
 ✓ |0| packages/kernel/test/evidence-admission.test.ts (5 tests) 14ms
 ✓ |0| packages/kernel/test/fts-catalog.test.ts (5 tests) 16ms
 ✓ |0| tests/tasks/t05.test.ts (6 tests) 32ms
 ✓ |0| packages/kernel/test/directive-capture.test.ts (6 tests) 15ms
 ✓ |0| tests/tasks/t04.test.ts (7 tests) 14ms
 ✓ |0| tests/release/package-artifact.test.ts (4 tests) 4628ms
   ✓ release package > contains one extension entry, runtime dependencies and no source-private imports  1367ms
   ✓ release package > verifies clean-home extract, uninstall/reinstall, and temporary pi -e entry  788ms
   ✓ release package > keeps the Node/OS matrix and does not hide unsupported Pi versions  1079ms
   ✓ release package > ships license/security docs and the gate-derived semantic default  1393ms
 ✓ |0| tests/meta/workspace-layout.test.ts (4 tests) 18ms
 ✓ |0| tests/contract/pi-session-lifecycle.test.ts (4 tests) 14ms
 ✓ |0| tests/contract/pi-input-correlation.test.ts (1 test) 20ms
 ✓ |0| packages/worker/test/telemetry-economics.test.ts (5 tests) 12ms
 ✓ |0| tests/security/secret-leak.test.ts (1 test) 15ms
 ✓ |0| packages/kernel/test/host-checkpoint-render.test.ts (5 tests) 22ms
 ✓ |0| tests/tasks/t08.test.ts (10 tests) 8ms
(node:61059) ExperimentalWarning: SQLite is an experimental feature and might change at any time
(Use `node --trace-warnings ...` to show where the warning was created)
 ✓ |0| packages/kernel/test/builtin-reducers.test.ts (5 tests) 3ms
 ✓ |0| packages/worker/test/verifier.test.ts (8 tests) 6ms
 ✓ |0| tests/acceptance/session-registry.test.ts (8 tests) 22ms
 ✓ |0| tests/compat/pi-version-contract.test.ts (4 tests) 10ms
 ✓ |0| packages/pi-adapter/test/runtime-tools.test.ts (6 tests) 5ms
 ✓ |0| tests/tasks/t07.test.ts (9 tests) 9ms
 ✓ |0| tests/release/deterministic-mvp-gate.test.ts (9 tests) 5ms
 ✓ |0| tests/compat/provider-payload-probe.test.ts (3 tests) 3ms
 ✓ |0| packages/kernel/test/claim-transitions.test.ts (7 tests) 4ms
 ✓ |0| packages/kernel/test/active-suffix.test.ts (5 tests) 10ms
 ✓ |0| tests/release/semantic-beta-gate.test.ts (8 tests) 6ms
 ✓ |0| packages/kernel/test/checkpoint-candidate.test.ts (6 tests) 3ms
 ✓ |0| packages/kernel/test/exact-read.test.ts (5 tests) 3ms
 ✓ |0| packages/kernel/test/literal-index.test.ts (5 tests) 5ms
 ✓ |0| packages/kernel/test/shell-reducers.test.ts (6 tests) 3ms
(node:61417) ExperimentalWarning: SQLite is an experimental feature and might change at any time
(Use `node --trace-warnings ...` to show where the warning was created)
 ✓ |0| packages/kernel/test/lease-lifecycle.test.ts (5 tests) 4ms
 ✓ |0| tests/e2e/packed-install.test.ts (1 test) 17ms
 ✓ |0| packages/runtime/test/saga.test.ts (4 tests) 3ms
 ✓ |0| tests/contract/pi-capability-probe.test.ts (4 tests) 3ms
 ✓ |0| apps/pi-context-runtime/test/package-runtime.test.ts (4 tests) 3ms
 ✓ |0| packages/pi-adapter/test/message-conversion.test.ts (5 tests) 4ms
 ✓ |0| packages/kernel/test/convergence.test.ts (5 tests) 3ms
 ✓ |0| packages/kernel/test/proactive-recall.test.ts (5 tests) 3ms
 ✓ |0| packages/kernel/test/token-budget.test.ts (6 tests) 4ms
 ✓ |0| packages/pi-adapter/test/compaction-result.test.ts (1 test) 4ms
 ✓ |0| packages/contracts/test/types.test.ts (5 tests) 2ms
 ✓ |0| tests/live-gate/payload-sizing.test.ts (3 tests) 2ms
 ✓ |0| packages/runtime/test/runtime-session.test.ts (2 tests) 2ms
 ✓ |0| tests/security/recovery-fuzz.test.ts (1 test) 2ms
(node:61499) ExperimentalWarning: SQLite is an experimental feature and might change at any time
(Use `node --trace-warnings ...` to show where the warning was created)
 ✓ |0| apps/pi-context-runtime/test/owner.test.ts (4 tests) 4ms
(node:61510) ExperimentalWarning: SQLite is an experimental feature and might change at any time
(Use `node --trace-warnings ...` to show where the warning was created)
 ✓ |0| tests/e2e/pi-factory-entry.test.ts (2 tests) 3ms
 ✓ |0| tests/contract/pi-tool-call-gate.test.ts (1 test) 2ms
 ✓ |0| tests/acceptance/packed-install.test.ts (2 tests) 13590ms
   ✓ packed runtime acceptance > npm packs the runtime and the required patched Pi host loads exact input  10431ms
   ✓ packed runtime acceptance > fails during loading on stock Pi 0.84.4 instead of swallowing input  3158ms
 ✓ |0| tests/tasks/t06.test.ts (9 tests) 19300ms
   ✓ T06 Real npm pack and clean Pi install harness > loads the actual packed tarball in an empty Pi home  6189ms
   ✓ T06 Real npm pack and clean Pi install harness > packs deterministically from the same committed source  1944ms
   ✓ T06 Real npm pack and clean Pi install harness > isolates duplicate probes while preserving their observable contract  6649ms
   ✓ T06 Real npm pack and clean Pi install harness > propagates a non-zero Pi exit and removes the isolated home  1286ms

 Test Files  88 passed (88)
      Tests  459 passed (459)
   Start at  18:47:03
   Duration  19.72s (transform 1.88s, setup 0ms, collect 15.46s, tests 59.99s, environment 11ms, prepare 5.42s)

 DEPRECATED  The workspace file is deprecated and will be removed in the next major. Please, use the `test.projects` field in the root config file instead.

 RUN  v3.2.4 /Users/luo/Documents/github/pi-context

(node:61901) ExperimentalWarning: SQLite is an experimental feature and might change at any time
(Use `node --trace-warnings ...` to show where the warning was created)
(node:61900) ExperimentalWarning: SQLite is an experimental feature and might change at any time
(Use `node --trace-warnings ...` to show where the warning was created)
(node:61902) ExperimentalWarning: SQLite is an experimental feature and might change at any time
(Use `node --trace-warnings ...` to show where the warning was created)
 ✓ |0| tests/acceptance/session-registry.test.ts (8 tests) 11ms
 ✓ |0| tests/acceptance/tool-result-flow.test.ts (3 tests) 286ms
 ✓ |0| tests/acceptance/user-input-flow.test.ts (11 tests) 964ms
 ✓ |0| tests/acceptance/packed-install.test.ts (2 tests) 9776ms
   ✓ packed runtime acceptance > npm packs the runtime and the required patched Pi host loads exact input  6627ms
   ✓ packed runtime acceptance > fails during loading on stock Pi 0.84.4 instead of swallowing input  3148ms

 Test Files  4 passed (4)
      Tests  24 passed (24)
   Start at  18:47:24
   Duration  10.04s (transform 307ms, setup 0ms, collect 2.56s, tests 11.04s, environment 0ms, prepare 240ms)

boundaries: ok
