
> @ check:all /Users/luo/Documents/github/pi-context
> pnpm check:boundaries && pnpm typecheck && pnpm test


> @ check:boundaries /Users/luo/Documents/github/pi-context
> node scripts/check-package-boundaries.mjs

boundaries: ok

> @ typecheck /Users/luo/Documents/github/pi-context
> pnpm -r typecheck

Scope: 11 of 12 workspace projects
packages/contracts typecheck$ tsc --noEmit --strict --module NodeNext --moduleResolution NodeNext --target ES2022 --types node src/index.ts
apps/pi-context-runtime typecheck$ tsc --noEmit --strict --skipLibCheck --module NodeNext --moduleResolution NodeNext --target ES2022 --types node src/extension.ts src/composition-root.ts src/owner.ts src/runtime.ts src/doctor.ts src/conflicts.ts
packages/storage typecheck$ tsc --noEmit --strict --module NodeNext --moduleResolution NodeNext --target ES2022 --types node src/sqlite-store.ts src/worker.ts src/protocol.ts
packages/kernel typecheck$ tsc --noEmit --strict --module NodeNext --moduleResolution NodeNext --target ES2022 --types node src/ingress/project.ts
packages/kernel typecheck: Done
packages/testkit typecheck$ tsc --noEmit --strict --module NodeNext --moduleResolution NodeNext --target ES2022 --types node src/fake-pi-host.ts src/pi-contract-harness.ts
packages/contracts typecheck: Done
packages/worker typecheck$ tsc --noEmit --strict --module NodeNext --moduleResolution NodeNext --target ES2022 --types node src/candidate-worker.ts src/candidate-key.ts
packages/storage typecheck: Done
apps/pi-context-runtime typecheck: Done
packages/testkit typecheck: Done
packages/worker typecheck: Done
packages/core typecheck$ tsc --noEmit --strict --module NodeNext --moduleResolution NodeNext --target ES2022 --types node src/index.ts test/directives/segment.test.ts test/directives/extract.test.ts test/directives/temporal.test.ts test/continuity/reduce.test.ts ../../tests/tasks/t14.test.ts ../../tests/tasks/t16.test.ts ../../tests/tasks/t17.test.ts ../../tests/tasks/t18.test.ts ../../tests/tasks/t19.test.ts
packages/core typecheck: Done
packages/runtime typecheck$ tsc --noEmit --strict --module NodeNext --moduleResolution NodeNext --target ES2022 --types node src/index.ts test/runtime-session.test.ts test/saga.test.ts ../../tests/tasks/t07.test.ts ../../tests/tasks/t12.test.ts ../../tests/tasks/t18.test.ts ../../tests/tasks/t19.test.ts
packages/runtime typecheck: Done
packages/pi-adapter typecheck$ tsc --noEmit --strict --skipLibCheck --module NodeNext --moduleResolution NodeNext --target ES2022 --types node src/index.ts src/contracts/pi-0844.ts ../../tests/acceptance/user-input-flow.test.ts ../../tests/acceptance/tool-result-flow.test.ts ../../tests/acceptance/retrieval-tools.test.ts ../../tests/tasks/t13.test.ts ../../tests/tasks/t20.test.ts
packages/storage-node typecheck$ tsc --noEmit --strict --module NodeNext --moduleResolution NodeNext --target ES2022 --types node src/index.ts test/blob-store.test.ts test/saga-store.test.ts test/user-turn-store.test.ts ../../tests/tasks/t09.test.ts ../../tests/tasks/t11.test.ts ../../tests/tasks/t12.test.ts
packages/pi-adapter typecheck: Done
packages/storage-node typecheck: Done
packages/benchmark typecheck$ tsc --noEmit --strict --module NodeNext --moduleResolution NodeNext --target ES2022 --types node src/index.ts
packages/benchmark typecheck: Done

> @ test /Users/luo/Documents/github/pi-context
> vitest run --workspace vitest.workspace.ts

 DEPRECATED  The workspace file is deprecated and will be removed in the next major. Please, use the `test.projects` field in the root config file instead.

 RUN  v3.2.4 /Users/luo/Documents/github/pi-context

(node:76532) ExperimentalWarning: SQLite is an experimental feature and might change at any time
(Use `node --trace-warnings ...` to show where the warning was created)
(node:76531) ExperimentalWarning: SQLite is an experimental feature and might change at any time
(Use `node --trace-warnings ...` to show where the warning was created)
(node:76528) ExperimentalWarning: SQLite is an experimental feature and might change at any time
(Use `node --trace-warnings ...` to show where the warning was created)
 ✓ |0| tests/w1-gate/early-net-value.test.ts (3 tests) 1380ms
   ✓ W1 Early Net Value Gate > evaluates live PCR arms and writes a machine-readable report  1377ms
 ✓ |0| packages/storage-node/test/user-turn-store.test.ts (8 tests) 1995ms
   ✓ workspace user turn ledger > replays capture and link idempotently and rejects payload or host conflicts  571ms
   ✓ workspace user turn ledger > serializes concurrent duplicate captures to one receipt  601ms
 ✓ |0| tests/tasks/t00.test.ts (7 tests) 2982ms
   ✓ T00 Freeze audit baseline and immutable evidence > rejects an output directory outside the repository scope  700ms
   ✓ T00 Freeze audit baseline and immutable evidence > rejects malformed findings before writing artifacts  503ms
   ✓ T00 Freeze audit baseline and immutable evidence > does not leave partial artifacts when an input disappears  701ms
   ✓ T00 Freeze audit baseline and immutable evidence > replays deterministically in independent output directories  328ms
(node:76527) ExperimentalWarning: SQLite is an experimental feature and might change at any time
(Use `node --trace-warnings ...` to show where the warning was created)
(node:77175) ExperimentalWarning: SQLite is an experimental feature and might change at any time
(Use `node --trace-warnings ...` to show where the warning was created)
(node:77475) ExperimentalWarning: SQLite is an experimental feature and might change at any time
(Use `node --trace-warnings ...` to show where the warning was created)
 ✓ |0| packages/storage-node/test/saga-store.test.ts (14 tests) 3317ms
   ✓ workspace SQLite Saga journal > recovers a host-visible row after an abrupt process exit and replays without mutation  1894ms
(node:77296) ExperimentalWarning: SQLite is an experimental feature and might change at any time
(Use `node --trace-warnings ...` to show where the warning was created)
(node:77488) ExperimentalWarning: SQLite is an experimental feature and might change at any time
(Use `node --trace-warnings ...` to show where the warning was created)
 ✓ |0| tests/w2-gate/head-to-head.test.ts (3 tests) 3986ms
   ✓ W2 Compactor Head-to-head Gate > evaluates live PCR B1/B2 against synthetic B0 and writes a machine-readable report  3981ms
 ✓ |0| tests/tasks/t15.test.ts (8 tests) 1253ms
   ✓ T15 Evidence admission, FTS indexing and exact read > exact read is deterministic across two runs and preserves a byte range  300ms
 ✓ |0| tests/tasks/t01.test.ts (8 tests) 636ms
 ✓ |0| packages/storage-node/test/blob-store.test.ts (15 tests) 4681ms
   ✓ encrypted content-addressed blob store > settles concurrent same-content writes on one complete authenticated object  909ms
   ✓ encrypted content-addressed blob store > makes the existing-object fast path durable across independent processes  1424ms
   ✓ encrypted content-addressed blob store > uses a private durable local master key and supports the explicit environment source  317ms
 ✓ |0| tests/e2e/operations.test.ts (6 tests) 1267ms
(node:77540) ExperimentalWarning: SQLite is an experimental feature and might change at any time
(Use `node --trace-warnings ...` to show where the warning was created)
(node:77828) ExperimentalWarning: SQLite is an experimental feature and might change at any time
(Use `node --trace-warnings ...` to show where the warning was created)
 ✓ |0| tests/tasks/t13.test.ts (8 tests) 1481ms
(node:77891) ExperimentalWarning: SQLite is an experimental feature and might change at any time
(Use `node --trace-warnings ...` to show where the warning was created)
 ✓ |0| packages/storage/test/saga-recovery.test.ts (7 tests) 479ms
 ✓ |0| tests/acceptance/user-input-flow.test.ts (11 tests) 2789ms
   ✓ exact user input flow on the patched Pi 0.84.4 AgentSession > is reachable through the only packaged product extension entry  443ms
   ✓ exact user input flow on the patched Pi 0.84.4 AgentSession > captures direct steer and followUp through the same exact ingress path  405ms
   ✓ exact user input flow on the patched Pi 0.84.4 AgentSession > durably abandons queued interactive inputs when clearQueue drops them  403ms
(node:77496) ExperimentalWarning: SQLite is an experimental feature and might change at any time
(Use `node --trace-warnings ...` to show where the warning was created)
 ✓ |0| tests/tasks/t09.test.ts (13 tests) 448ms
(node:77905) ExperimentalWarning: SQLite is an experimental feature and might change at any time
(Use `node --trace-warnings ...` to show where the warning was created)
(node:77906) ExperimentalWarning: SQLite is an experimental feature and might change at any time
(Use `node --trace-warnings ...` to show where the warning was created)
 ✓ |0| tests/tasks/t03.test.ts (8 tests) 585ms
 ✓ |0| tests/tasks/t20.test.ts (6 tests) 499ms
 ✓ |0| tests/tasks/t10.test.ts (4 tests) 232ms
 ✓ |0| packages/storage-node/test/sqlite-store.test.ts (6 tests) 249ms
(node:77916) ExperimentalWarning: SQLite is an experimental feature and might change at any time
(Use `node --trace-warnings ...` to show where the warning was created)
 ✓ |0| packages/kernel/test/raw-capture.test.ts (5 tests) 205ms
(node:77920) ExperimentalWarning: SQLite is an experimental feature and might change at any time
(Use `node --trace-warnings ...` to show where the warning was created)
(node:77930) ExperimentalWarning: SQLite is an experimental feature and might change at any time
(Use `node --trace-warnings ...` to show where the warning was created)
 ✓ |0| tests/e2e/jiti-candidate-load.test.ts (1 test) 589ms
   ✓ jiti candidate load > loads buildDeterministicCheckpointCandidate through Pi's jiti  588ms
 ✓ |0| tests/tasks/t23.test.ts (4 tests) 283ms
 ✓ |0| tests/contract/pi-tool-result-order.test.ts (1 test) 184ms
 ✓ |0| tests/tasks/t11.test.ts (2 tests) 176ms
(node:77942) ExperimentalWarning: SQLite is an experimental feature and might change at any time
(Use `node --trace-warnings ...` to show where the warning was created)
(node:77903) ExperimentalWarning: SQLite is an experimental feature and might change at any time
(Use `node --trace-warnings ...` to show where the warning was created)
(node:78146) ExperimentalWarning: SQLite is an experimental feature and might change at any time
(Use `node --trace-warnings ...` to show where the warning was created)
 ✓ |0| tests/e2e/key-rotation-v2-boundary.test.ts (2 tests) 240ms
(node:78100) ExperimentalWarning: SQLite is an experimental feature and might change at any time
(Use `node --trace-warnings ...` to show where the warning was created)
 ✓ |0| packages/storage/test/blob-store.test.ts (5 tests) 165ms
(node:78198) ExperimentalWarning: SQLite is an experimental feature and might change at any time
(Use `node --trace-warnings ...` to show where the warning was created)
 ✓ |0| tests/acceptance/tool-result-flow.test.ts (3 tests) 478ms
 ✓ |0| tests/tasks/t12.test.ts (2 tests) 195ms
 ✓ |0| tests/security/authority-mutation.test.ts (2 tests) 62ms
 ✓ |0| packages/kernel/test/reducer-registry.test.ts (5 tests) 64ms
(node:78336) ExperimentalWarning: SQLite is an experimental feature and might change at any time
(Use `node --trace-warnings ...` to show where the warning was created)
 ✓ |0| packages/worker/test/candidate-worker.test.ts (7 tests) 157ms
 ✓ |0| tests/acceptance/evidence-recovery.test.ts (1 test) 112ms
(node:78350) ExperimentalWarning: SQLite is an experimental feature and might change at any time
(Use `node --trace-warnings ...` to show where the warning was created)
 ✓ |0| packages/storage/test/sqlite-store.test.ts (5 tests) 50ms
 ✓ |0| packages/kernel/test/directive-capture.test.ts (6 tests) 21ms
 ✓ |0| tests/contract/pi-input-correlation.test.ts (1 test) 39ms
 ✓ |0| tests/contract/pi-session-lifecycle.test.ts (4 tests) 49ms
 ✓ |0| tests/contract/pi-context-hook.test.ts (11 tests) 53ms
 ✓ |0| tests/live-gate/paired-w2-live.test.ts (3 tests) 41ms
 ✓ |0| tests/tasks/t02.test.ts (6 tests) 35ms
(node:78121) ExperimentalWarning: SQLite is an experimental feature and might change at any time
(Use `node --trace-warnings ...` to show where the warning was created)
 ✓ |0| packages/contracts/test/types.test.ts (5 tests) 2ms
 ✓ |0| tests/acceptance/retrieval-tools.test.ts (1 test) 161ms
 ✓ |0| packages/worker/test/generation-fencing.test.ts (6 tests) 23ms
 ✓ |0| tests/acceptance/w1-vertical.test.ts (1 test) 200ms
 ✓ |0| tests/security/memory-poisoning.test.ts (2 tests) 49ms
 ✓ |0| packages/worker/test/semantic-proposal.test.ts (6 tests) 68ms
 ✓ |0| packages/core/test/directives/segment.test.ts (2 tests) 39ms
 ✓ |0| tests/tasks/t18.test.ts (8 tests) 28ms
 ✓ |0| tests/security/cursor-fuzz.test.ts (1 test) 33ms
 ✓ |0| packages/kernel/test/action-gate.test.ts (6 tests) 17ms
 ✓ |0| tests/contract/pi-compaction-takeover.test.ts (4 tests) 30ms
 ✓ |0| tests/tasks/t16.test.ts (6 tests) 31ms
 ✓ |0| tests/meta/workspace-layout.test.ts (4 tests) 26ms
 ✓ |0| tests/tasks/t17.test.ts (6 tests) 47ms
 ✓ |0| packages/kernel/test/claim-ledger.test.ts (9 tests) 19ms
 ✓ |0| packages/core/test/directives/extract.test.ts (1 test) 18ms
 ✓ |0| tests/tasks/t05.test.ts (6 tests) 135ms
(node:78905) ExperimentalWarning: SQLite is an experimental feature and might change at any time
(Use `node --trace-warnings ...` to show where the warning was created)
 ✓ |0| packages/kernel/test/continuity-ledger.test.ts (5 tests) 26ms
 ✓ |0| packages/kernel/test/fts-catalog.test.ts (5 tests) 17ms
 ✓ |0| packages/pi-adapter/test/runtime-tools.test.ts (6 tests) 64ms
(node:78857) ExperimentalWarning: SQLite is an experimental feature and might change at any time
(Use `node --trace-warnings ...` to show where the warning was created)
 ✓ |0| packages/kernel/test/materializer.test.ts (4 tests) 122ms
 ✓ |0| tests/e2e/packed-install.test.ts (1 test) 40ms
 ✓ |0| tests/compat/pi-version-contract.test.ts (4 tests) 34ms
 ✓ |0| tests/release/package-artifact.test.ts (4 tests) 9779ms
   ✓ release package > contains one extension entry, runtime dependencies and no source-private imports  2100ms
   ✓ release package > verifies clean-home extract, uninstall/reinstall, and temporary pi -e entry  2638ms
   ✓ release package > keeps the Node/OS matrix and does not hide unsupported Pi versions  2315ms
   ✓ release package > ships license/security docs and the gate-derived semantic default  2723ms
 ✓ |0| tests/tasks/t08.test.ts (10 tests) 7ms
 ✓ |0| tests/tasks/t14.test.ts (8 tests) 25ms
 ✓ |0| packages/kernel/test/evidence-admission.test.ts (5 tests) 14ms
 ✓ |0| packages/worker/test/telemetry-economics.test.ts (5 tests) 35ms
 ✓ |0| tests/tasks/t19.test.ts (7 tests) 28ms
 ✓ |0| packages/kernel/test/raw-input.test.ts (5 tests) 69ms
 ✓ |0| packages/contracts/test/canonical.test.ts (4 tests) 20ms
 ✓ |0| tests/tasks/t04.test.ts (7 tests) 103ms
 ✓ |0| packages/kernel/test/host-checkpoint-render.test.ts (5 tests) 62ms
 ✓ |0| packages/core/test/continuity/reduce.test.ts (2 tests) 11ms
 ✓ |0| tests/release/deterministic-mvp-gate.test.ts (9 tests) 11ms
 ✓ |0| tests/security/secret-leak.test.ts (1 test) 18ms
 ✓ |0| packages/worker/test/verifier.test.ts (8 tests) 10ms
 ✓ |0| packages/kernel/test/claim-transitions.test.ts (7 tests) 6ms
 ✓ |0| packages/kernel/test/shell-reducers.test.ts (6 tests) 6ms
 ✓ |0| tests/tasks/t07.test.ts (9 tests) 9ms
 ✓ |0| tests/live-gate/payload-sizing.test.ts (3 tests) 6ms
 ✓ |0| tests/compat/provider-payload-probe.test.ts (3 tests) 5ms
 ✓ |0| packages/kernel/test/exact-read.test.ts (5 tests) 6ms
(node:78911) ExperimentalWarning: SQLite is an experimental feature and might change at any time
(Use `node --trace-warnings ...` to show where the warning was created)
 ✓ |0| tests/release/semantic-beta-gate.test.ts (8 tests) 4ms
 ✓ |0| packages/kernel/test/lease-lifecycle.test.ts (5 tests) 4ms
 ✓ |0| tests/acceptance/session-registry.test.ts (8 tests) 21ms
 ✓ |0| packages/runtime/test/saga.test.ts (4 tests) 4ms
 ✓ |0| packages/pi-adapter/test/message-conversion.test.ts (5 tests) 4ms
 ✓ |0| packages/kernel/test/builtin-reducers.test.ts (5 tests) 6ms
 ✓ |0| packages/kernel/test/active-suffix.test.ts (5 tests) 6ms
 ✓ |0| packages/kernel/test/literal-index.test.ts (5 tests) 5ms
 ✓ |0| packages/kernel/test/checkpoint-candidate.test.ts (6 tests) 10ms
 ✓ |0| packages/pi-adapter/test/compaction-result.test.ts (1 test) 8ms
 ✓ |0| packages/kernel/test/token-budget.test.ts (6 tests) 5ms
 ✓ |0| apps/pi-context-runtime/test/package-runtime.test.ts (4 tests) 6ms
(node:79328) ExperimentalWarning: SQLite is an experimental feature and might change at any time
(Use `node --trace-warnings ...` to show where the warning was created)
 ✓ |0| packages/runtime/test/runtime-session.test.ts (2 tests) 75ms
 ✓ |0| packages/core/test/reducers/production.test.ts (4 tests) 6ms
 ✓ |0| tests/e2e/pi-factory-entry.test.ts (2 tests) 30ms
 ✓ |0| tests/contract/pi-capability-probe.test.ts (4 tests) 3ms
 ✓ |0| packages/kernel/test/proactive-recall.test.ts (5 tests) 3ms
 ✓ |0| packages/kernel/test/convergence.test.ts (5 tests) 5ms
 ✓ |0| packages/core/test/directives/temporal.test.ts (2 tests) 3ms
 ✓ |0| tests/security/recovery-fuzz.test.ts (1 test) 3ms
(node:79347) ExperimentalWarning: SQLite is an experimental feature and might change at any time
(Use `node --trace-warnings ...` to show where the warning was created)
 ✓ |0| apps/pi-context-runtime/test/owner.test.ts (4 tests) 6ms
 ✓ |0| tests/contract/pi-tool-call-gate.test.ts (1 test) 2ms
 ✓ |0| tests/acceptance/packed-install.test.ts (2 tests) 24606ms
   ✓ packed runtime acceptance > npm packs the runtime and the required patched Pi host loads exact input  19783ms
   ✓ packed runtime acceptance > fails during loading on stock Pi 0.84.4 instead of swallowing input  4822ms
 ✓ |0| tests/tasks/t06.test.ts (9 tests) 31220ms
   ✓ T06 Real npm pack and clean Pi install harness > loads the actual packed tarball in an empty Pi home  11194ms
   ✓ T06 Real npm pack and clean Pi install harness > packs deterministically from the same committed source  4174ms
   ✓ T06 Real npm pack and clean Pi install harness > isolates duplicate probes while preserving their observable contract  7938ms
   ✓ T06 Real npm pack and clean Pi install harness > propagates a non-zero Pi exit and removes the isolated home  1323ms

 Test Files  104 passed (104)
      Tests  526 passed (526)
   Start at  00:40:38
   Duration  31.67s (transform 3.12s, setup 0ms, collect 39.26s, tests 98.96s, environment 53ms, prepare 11.10s)

CHECK_ALL_EXIT:0
 DEPRECATED  The workspace file is deprecated and will be removed in the next major. Please, use the `test.projects` field in the root config file instead.

 RUN  v3.2.4 /Users/luo/Documents/github/pi-context

(node:79810) ExperimentalWarning: SQLite is an experimental feature and might change at any time
(Use `node --trace-warnings ...` to show where the warning was created)
(node:79812) ExperimentalWarning: SQLite is an experimental feature and might change at any time
(Use `node --trace-warnings ...` to show where the warning was created)
 ✓ |0| tests/acceptance/evidence-recovery.test.ts (1 test) 103ms
(node:79809) ExperimentalWarning: SQLite is an experimental feature and might change at any time
(Use `node --trace-warnings ...` to show where the warning was created)
(node:79808) ExperimentalWarning: SQLite is an experimental feature and might change at any time
(Use `node --trace-warnings ...` to show where the warning was created)
(node:79813) ExperimentalWarning: SQLite is an experimental feature and might change at any time
(Use `node --trace-warnings ...` to show where the warning was created)
 ✓ |0| tests/acceptance/session-registry.test.ts (8 tests) 12ms
(node:79811) ExperimentalWarning: SQLite is an experimental feature and might change at any time
(Use `node --trace-warnings ...` to show where the warning was created)
 ✓ |0| tests/acceptance/retrieval-tools.test.ts (1 test) 87ms
 ✓ |0| tests/acceptance/w1-vertical.test.ts (1 test) 115ms
 ✓ |0| tests/acceptance/tool-result-flow.test.ts (3 tests) 363ms
 ✓ |0| tests/acceptance/user-input-flow.test.ts (11 tests) 1037ms
 ✓ |0| tests/acceptance/packed-install.test.ts (2 tests) 12236ms
   ✓ packed runtime acceptance > npm packs the runtime and the required patched Pi host loads exact input  8049ms
   ✓ packed runtime acceptance > fails during loading on stock Pi 0.84.4 instead of swallowing input  4186ms

 Test Files  7 passed (7)
      Tests  27 passed (27)
   Start at  00:41:10
   Duration  12.64s (transform 907ms, setup 0ms, collect 7.03s, tests 13.95s, environment 1ms, prepare 651ms)

ACCEPTANCE_EXIT:0
compdef:153: _comps: assignment to invalid subscript range
boundaries: ok
BOUNDARIES_EXIT:0
