
> @ check:all /Users/luo/Documents/github/pi-context
> pnpm check:boundaries && pnpm typecheck && pnpm test


> @ check:boundaries /Users/luo/Documents/github/pi-context
> node scripts/check-package-boundaries.mjs

boundaries: ok

> @ typecheck /Users/luo/Documents/github/pi-context
> pnpm -r typecheck

Scope: 11 of 12 workspace projects
apps/pi-context-runtime typecheck$ tsc --noEmit --strict --skipLibCheck --module NodeNext --moduleResolution NodeNext --target ES2022 --types node src/extension.ts src/composition-root.ts src/owner.ts src/runtime.ts src/doctor.ts src/conflicts.ts
packages/kernel typecheck$ tsc --noEmit --strict --module NodeNext --moduleResolution NodeNext --target ES2022 --types node src/ingress/project.ts
packages/storage typecheck$ tsc --noEmit --strict --module NodeNext --moduleResolution NodeNext --target ES2022 --types node src/sqlite-store.ts src/worker.ts src/protocol.ts
packages/contracts typecheck$ tsc --noEmit --strict --module NodeNext --moduleResolution NodeNext --target ES2022 --types node src/index.ts
packages/contracts typecheck: Done
packages/kernel typecheck: Done
packages/testkit typecheck$ tsc --noEmit --strict --module NodeNext --moduleResolution NodeNext --target ES2022 --types node src/fake-pi-host.ts src/pi-contract-harness.ts
packages/worker typecheck$ tsc --noEmit --strict --module NodeNext --moduleResolution NodeNext --target ES2022 --types node src/candidate-worker.ts src/candidate-key.ts
packages/storage typecheck: Done
apps/pi-context-runtime typecheck: Done
packages/testkit typecheck: Done
packages/worker typecheck: Done
packages/core typecheck$ tsc --noEmit --strict --module NodeNext --moduleResolution NodeNext --target ES2022 --types node src/index.ts ../../tests/tasks/t14.test.ts
packages/core typecheck: Done
packages/runtime typecheck$ tsc --noEmit --strict --module NodeNext --moduleResolution NodeNext --target ES2022 --types node src/index.ts test/runtime-session.test.ts test/saga.test.ts ../../tests/tasks/t07.test.ts ../../tests/tasks/t12.test.ts
packages/runtime typecheck: Done
packages/pi-adapter typecheck$ tsc --noEmit --strict --skipLibCheck --module NodeNext --moduleResolution NodeNext --target ES2022 --types node src/index.ts src/contracts/pi-0844.ts ../../tests/acceptance/user-input-flow.test.ts ../../tests/acceptance/tool-result-flow.test.ts ../../tests/tasks/t13.test.ts
packages/storage-node typecheck$ tsc --noEmit --strict --module NodeNext --moduleResolution NodeNext --target ES2022 --types node src/index.ts test/blob-store.test.ts test/saga-store.test.ts test/user-turn-store.test.ts ../../tests/tasks/t09.test.ts ../../tests/tasks/t11.test.ts ../../tests/tasks/t12.test.ts
packages/storage-node typecheck: Done
packages/pi-adapter typecheck: Done
packages/benchmark typecheck$ tsc --noEmit --strict --module NodeNext --moduleResolution NodeNext --target ES2022 --types node src/index.ts
packages/benchmark typecheck: Done

> @ test /Users/luo/Documents/github/pi-context
> vitest run --workspace vitest.workspace.ts

 DEPRECATED  The workspace file is deprecated and will be removed in the next major. Please, use the `test.projects` field in the root config file instead.

 RUN  v3.2.4 /Users/luo/Documents/github/pi-context

(node:72201) ExperimentalWarning: SQLite is an experimental feature and might change at any time
(Use `node --trace-warnings ...` to show where the warning was created)
(node:72196) ExperimentalWarning: SQLite is an experimental feature and might change at any time
(Use `node --trace-warnings ...` to show where the warning was created)
 ✓ |0| tests/w1-gate/early-net-value.test.ts (3 tests) 1433ms
   ✓ W1 Early Net Value Gate > evaluates live PCR arms and writes a machine-readable report  1429ms
(node:72195) ExperimentalWarning: SQLite is an experimental feature and might change at any time
(Use `node --trace-warnings ...` to show where the warning was created)
(node:72200) ExperimentalWarning: SQLite is an experimental feature and might change at any time
(Use `node --trace-warnings ...` to show where the warning was created)
 ✓ |0| packages/storage-node/test/user-turn-store.test.ts (8 tests) 1986ms
   ✓ workspace user turn ledger > replays capture and link idempotently and rejects payload or host conflicts  540ms
   ✓ workspace user turn ledger > serializes concurrent duplicate captures to one receipt  670ms
(node:72832) ExperimentalWarning: SQLite is an experimental feature and might change at any time
(Use `node --trace-warnings ...` to show where the warning was created)
 ✓ |0| tests/tasks/t13.test.ts (8 tests) 1113ms
   ✓ T13 Real Pi tool_result ingress > writes raw bytes before returning the compact tool result  380ms
(node:72661) ExperimentalWarning: SQLite is an experimental feature and might change at any time
(Use `node --trace-warnings ...` to show where the warning was created)
 ✓ |0| tests/tasks/t00.test.ts (7 tests) 3639ms
   ✓ T00 Freeze audit baseline and immutable evidence > freeze_audit_baseline_and_immutable_evidence  482ms
   ✓ T00 Freeze audit baseline and immutable evidence > is idempotent for the same committed inputs  659ms
   ✓ T00 Freeze audit baseline and immutable evidence > rejects a source outside the repository scope  639ms
   ✓ T00 Freeze audit baseline and immutable evidence > rejects an output directory outside the repository scope  729ms
   ✓ T00 Freeze audit baseline and immutable evidence > rejects malformed findings before writing artifacts  517ms
   ✓ T00 Freeze audit baseline and immutable evidence > replays deterministically in independent output directories  325ms
(node:73037) ExperimentalWarning: SQLite is an experimental feature and might change at any time
(Use `node --trace-warnings ...` to show where the warning was created)
 ✓ |0| tests/w2-gate/head-to-head.test.ts (3 tests) 4227ms
   ✓ W2 Compactor Head-to-head Gate > evaluates live PCR B1/B2 against synthetic B0 and writes a machine-readable report  4220ms
 ✓ |0| packages/storage-node/test/saga-store.test.ts (14 tests) 1527ms
   ✓ workspace SQLite Saga journal > recovers a host-visible row after an abrupt process exit and replays without mutation  1041ms
 ✓ |0| tests/tasks/t01.test.ts (8 tests) 790ms
 ✓ |0| tests/e2e/operations.test.ts (6 tests) 962ms
(node:73164) ExperimentalWarning: SQLite is an experimental feature and might change at any time
(Use `node --trace-warnings ...` to show where the warning was created)
 ✓ |0| packages/storage-node/test/blob-store.test.ts (15 tests) 4298ms
   ✓ encrypted content-addressed blob store > settles concurrent same-content writes on one complete authenticated object  1068ms
   ✓ encrypted content-addressed blob store > makes the existing-object fast path durable across independent processes  1199ms
(node:73194) ExperimentalWarning: SQLite is an experimental feature and might change at any time
(Use `node --trace-warnings ...` to show where the warning was created)
(node:73197) ExperimentalWarning: SQLite is an experimental feature and might change at any time
(Use `node --trace-warnings ...` to show where the warning was created)
 ✓ |0| packages/kernel/test/raw-capture.test.ts (5 tests) 381ms
 ✓ |0| tests/tasks/t03.test.ts (8 tests) 443ms
(node:73538) ExperimentalWarning: SQLite is an experimental feature and might change at any time
(Use `node --trace-warnings ...` to show where the warning was created)
(node:73539) ExperimentalWarning: SQLite is an experimental feature and might change at any time
(Use `node --trace-warnings ...` to show where the warning was created)
 ✓ |0| tests/tasks/t09.test.ts (13 tests) 962ms
(node:73500) ExperimentalWarning: SQLite is an experimental feature and might change at any time
(Use `node --trace-warnings ...` to show where the warning was created)
 ✓ |0| tests/e2e/key-rotation-v2-boundary.test.ts (2 tests) 325ms
 ✓ |0| tests/tasks/t10.test.ts (4 tests) 425ms
 ✓ |0| tests/acceptance/user-input-flow.test.ts (11 tests) 2676ms
   ✓ exact user input flow on the patched Pi 0.84.4 AgentSession > captures direct steer and followUp through the same exact ingress path  303ms
   ✓ exact user input flow on the patched Pi 0.84.4 AgentSession > durably abandons queued interactive inputs when clearQueue drops them  317ms
   ✓ exact user input flow on the patched Pi 0.84.4 AgentSession > durably rejects a direct steer when the host queue refuses the captured message  333ms
 ✓ |0| tests/tasks/t15.test.ts (8 tests) 1220ms
 ✓ |0| tests/e2e/jiti-candidate-load.test.ts (1 test) 256ms
 ✓ |0| tests/acceptance/tool-result-flow.test.ts (3 tests) 460ms
(node:73569) ExperimentalWarning: SQLite is an experimental feature and might change at any time
(Use `node --trace-warnings ...` to show where the warning was created)
(node:73693) ExperimentalWarning: SQLite is an experimental feature and might change at any time
(Use `node --trace-warnings ...` to show where the warning was created)
(node:73922) ExperimentalWarning: SQLite is an experimental feature and might change at any time
(Use `node --trace-warnings ...` to show where the warning was created)
 ✓ |0| tests/tasks/t12.test.ts (2 tests) 177ms
 ✓ |0| packages/storage/test/saga-recovery.test.ts (7 tests) 229ms
(node:73934) ExperimentalWarning: SQLite is an experimental feature and might change at any time
(Use `node --trace-warnings ...` to show where the warning was created)
(node:73935) ExperimentalWarning: SQLite is an experimental feature and might change at any time
(Use `node --trace-warnings ...` to show where the warning was created)
(node:73938) ExperimentalWarning: SQLite is an experimental feature and might change at any time
(Use `node --trace-warnings ...` to show where the warning was created)
 ✓ |0| packages/storage-node/test/sqlite-store.test.ts (6 tests) 137ms
 ✓ |0| packages/storage/test/sqlite-store.test.ts (5 tests) 140ms
 ✓ |0| tests/contract/pi-tool-result-order.test.ts (1 test) 138ms
 ✓ |0| tests/tasks/t11.test.ts (2 tests) 111ms
(node:73941) ExperimentalWarning: SQLite is an experimental feature and might change at any time
(Use `node --trace-warnings ...` to show where the warning was created)
(node:73942) ExperimentalWarning: SQLite is an experimental feature and might change at any time
(Use `node --trace-warnings ...` to show where the warning was created)
 ✓ |0| packages/storage/test/blob-store.test.ts (5 tests) 100ms
 ✓ |0| tests/acceptance/evidence-recovery.test.ts (1 test) 97ms
 ✓ |0| packages/kernel/test/continuity-ledger.test.ts (5 tests) 27ms
 ✓ |0| packages/kernel/test/claim-ledger.test.ts (9 tests) 31ms
 ✓ |0| packages/worker/test/candidate-worker.test.ts (7 tests) 129ms
 ✓ |0| tests/security/authority-mutation.test.ts (2 tests) 57ms
 ✓ |0| packages/kernel/test/reducer-registry.test.ts (5 tests) 74ms
 ✓ |0| tests/security/memory-poisoning.test.ts (2 tests) 27ms
 ✓ |0| tests/security/cursor-fuzz.test.ts (1 test) 30ms
 ✓ |0| tests/tasks/t04.test.ts (7 tests) 17ms
 ✓ |0| tests/tasks/t14.test.ts (8 tests) 20ms
 ✓ |0| packages/kernel/test/evidence-admission.test.ts (5 tests) 24ms
 ✓ |0| tests/live-gate/paired-w2-live.test.ts (3 tests) 33ms
 ✓ |0| tests/contract/pi-session-lifecycle.test.ts (4 tests) 15ms
 ✓ |0| packages/worker/test/semantic-proposal.test.ts (6 tests) 23ms
 ✓ |0| packages/kernel/test/action-gate.test.ts (6 tests) 19ms
 ✓ |0| tests/meta/workspace-layout.test.ts (4 tests) 21ms
 ✓ |0| tests/tasks/t05.test.ts (6 tests) 37ms
 ✓ |0| packages/worker/test/telemetry-economics.test.ts (5 tests) 18ms
 ✓ |0| packages/kernel/test/materializer.test.ts (4 tests) 34ms
 ✓ |0| tests/tasks/t08.test.ts (10 tests) 8ms
 ✓ |0| tests/tasks/t02.test.ts (6 tests) 17ms
(node:74349) ExperimentalWarning: SQLite is an experimental feature and might change at any time
(Use `node --trace-warnings ...` to show where the warning was created)
 ✓ |0| packages/kernel/test/fts-catalog.test.ts (5 tests) 21ms
 ✓ |0| tests/security/secret-leak.test.ts (1 test) 23ms
 ✓ |0| tests/contract/pi-context-hook.test.ts (11 tests) 18ms
 ✓ |0| packages/kernel/test/host-checkpoint-render.test.ts (5 tests) 33ms
 ✓ |0| tests/contract/pi-compaction-takeover.test.ts (4 tests) 19ms
 ✓ |0| packages/kernel/test/exact-read.test.ts (5 tests) 7ms
 ✓ |0| tests/contract/pi-capability-probe.test.ts (4 tests) 3ms
 ✓ |0| tests/release/deterministic-mvp-gate.test.ts (9 tests) 8ms
 ✓ |0| tests/contract/pi-input-correlation.test.ts (1 test) 14ms
 ✓ |0| packages/kernel/test/raw-input.test.ts (5 tests) 25ms
 ✓ |0| tests/compat/pi-version-contract.test.ts (4 tests) 13ms
 ✓ |0| packages/kernel/test/directive-capture.test.ts (6 tests) 40ms
 ✓ |0| packages/pi-adapter/test/runtime-tools.test.ts (6 tests) 9ms
 ✓ |0| packages/kernel/test/builtin-reducers.test.ts (5 tests) 4ms
 ✓ |0| packages/worker/test/generation-fencing.test.ts (6 tests) 35ms
 ✓ |0| packages/kernel/test/active-suffix.test.ts (5 tests) 8ms
 ✓ |0| packages/contracts/test/canonical.test.ts (4 tests) 17ms
 ✓ |0| packages/runtime/test/runtime-session.test.ts (2 tests) 8ms
 ✓ |0| packages/kernel/test/lease-lifecycle.test.ts (5 tests) 15ms
 ✓ |0| packages/worker/test/verifier.test.ts (8 tests) 8ms
 ✓ |0| apps/pi-context-runtime/test/package-runtime.test.ts (4 tests) 4ms
 ✓ |0| tests/live-gate/payload-sizing.test.ts (3 tests) 4ms
 ✓ |0| packages/core/test/reducers/production.test.ts (4 tests) 3ms
 ✓ |0| tests/tasks/t07.test.ts (9 tests) 7ms
 ✓ |0| packages/kernel/test/literal-index.test.ts (5 tests) 5ms
(node:74425) ExperimentalWarning: SQLite is an experimental feature and might change at any time
(Use `node --trace-warnings ...` to show where the warning was created)
 ✓ |0| tests/release/package-artifact.test.ts (4 tests) 8391ms
   ✓ release package > contains one extension entry, runtime dependencies and no source-private imports  2748ms
   ✓ release package > verifies clean-home extract, uninstall/reinstall, and temporary pi -e entry  1245ms
   ✓ release package > keeps the Node/OS matrix and does not hide unsupported Pi versions  2021ms
   ✓ release package > ships license/security docs and the gate-derived semantic default  2375ms
 ✓ |0| packages/runtime/test/saga.test.ts (4 tests) 20ms
 ✓ |0| tests/acceptance/session-registry.test.ts (8 tests) 12ms
 ✓ |0| tests/release/semantic-beta-gate.test.ts (8 tests) 6ms
 ✓ |0| tests/compat/provider-payload-probe.test.ts (3 tests) 3ms
 ✓ |0| packages/pi-adapter/test/compaction-result.test.ts (1 test) 2ms
 ✓ |0| tests/security/recovery-fuzz.test.ts (1 test) 3ms
 ✓ |0| packages/kernel/test/convergence.test.ts (5 tests) 3ms
 ✓ |0| packages/kernel/test/claim-transitions.test.ts (7 tests) 7ms
(node:74437) ExperimentalWarning: SQLite is an experimental feature and might change at any time
(Use `node --trace-warnings ...` to show where the warning was created)
 ✓ |0| tests/e2e/packed-install.test.ts (1 test) 23ms
 ✓ |0| packages/kernel/test/checkpoint-candidate.test.ts (6 tests) 4ms
 ✓ |0| packages/kernel/test/shell-reducers.test.ts (6 tests) 12ms
 ✓ |0| packages/pi-adapter/test/message-conversion.test.ts (5 tests) 3ms
 ✓ |0| packages/kernel/test/proactive-recall.test.ts (5 tests) 4ms
 ✓ |0| packages/contracts/test/types.test.ts (5 tests) 4ms
(node:74503) ExperimentalWarning: SQLite is an experimental feature and might change at any time
(Use `node --trace-warnings ...` to show where the warning was created)
 ✓ |0| apps/pi-context-runtime/test/owner.test.ts (4 tests) 3ms
 ✓ |0| packages/kernel/test/token-budget.test.ts (6 tests) 3ms
(node:74759) ExperimentalWarning: SQLite is an experimental feature and might change at any time
(Use `node --trace-warnings ...` to show where the warning was created)
 ✓ |0| tests/e2e/pi-factory-entry.test.ts (2 tests) 3ms
 ✓ |0| tests/contract/pi-tool-call-gate.test.ts (1 test) 2ms
 ✓ |0| tests/acceptance/packed-install.test.ts (2 tests) 19612ms
   ✓ packed runtime acceptance > npm packs the runtime and the required patched Pi host loads exact input  15627ms
   ✓ packed runtime acceptance > fails during loading on stock Pi 0.84.4 instead of swallowing input  3984ms
 ✓ |0| tests/tasks/t06.test.ts (9 tests) 25823ms
   ✓ T06 Real npm pack and clean Pi install harness > loads the actual packed tarball in an empty Pi home  6848ms
   ✓ T06 Real npm pack and clean Pi install harness > packs deterministically from the same committed source  2606ms
   ✓ T06 Real npm pack and clean Pi install harness > isolates duplicate probes while preserving their observable contract  7656ms
   ✓ T06 Real npm pack and clean Pi install harness > propagates a non-zero Pi exit and removes the isolated home  1271ms

 Test Files  92 passed (92)
      Tests  480 passed (480)
   Start at  22:56:10
   Duration  26.42s (transform 3.07s, setup 0ms, collect 24.49s, tests 83.21s, environment 12ms, prepare 7.62s)

CHECK_ALL_EXIT:0
 DEPRECATED  The workspace file is deprecated and will be removed in the next major. Please, use the `test.projects` field in the root config file instead.

 RUN  v3.2.4 /Users/luo/Documents/github/pi-context

(node:75415) ExperimentalWarning: SQLite is an experimental feature and might change at any time
(Use `node --trace-warnings ...` to show where the warning was created)
 ✓ |0| tests/acceptance/evidence-recovery.test.ts (1 test) 87ms
(node:75413) ExperimentalWarning: SQLite is an experimental feature and might change at any time
(Use `node --trace-warnings ...` to show where the warning was created)
(node:75414) ExperimentalWarning: SQLite is an experimental feature and might change at any time
(Use `node --trace-warnings ...` to show where the warning was created)
(node:75416) ExperimentalWarning: SQLite is an experimental feature and might change at any time
(Use `node --trace-warnings ...` to show where the warning was created)
 ✓ |0| tests/acceptance/session-registry.test.ts (8 tests) 11ms
 ✓ |0| tests/acceptance/tool-result-flow.test.ts (3 tests) 324ms
 ✓ |0| tests/acceptance/user-input-flow.test.ts (11 tests) 997ms
 ✓ |0| tests/acceptance/packed-install.test.ts (2 tests) 10608ms
   ✓ packed runtime acceptance > npm packs the runtime and the required patched Pi host loads exact input  7214ms
   ✓ packed runtime acceptance > fails during loading on stock Pi 0.84.4 instead of swallowing input  3393ms

 Test Files  5 passed (5)
      Tests  25 passed (25)
   Start at  22:56:37
   Duration  10.99s (transform 572ms, setup 0ms, collect 3.53s, tests 12.03s, environment 1ms, prepare 363ms)

ACCEPTANCE_EXIT:0
compdef:153: _comps: assignment to invalid subscript range
boundaries: ok
BOUNDARIES_EXIT:0
