
> @ test:unit /Users/luo/Documents/github/pi-context
> vitest run --config vitest.unit.config.ts


 RUN  v3.2.4 /Users/luo/Documents/github/pi-context

(node:65698) ExperimentalWarning: SQLite is an experimental feature and might change at any time
(Use `node --trace-warnings ...` to show where the warning was created)
(node:65699) ExperimentalWarning: SQLite is an experimental feature and might change at any time
(Use `node --trace-warnings ...` to show where the warning was created)
(node:65695) ExperimentalWarning: SQLite is an experimental feature and might change at any time
(Use `node --trace-warnings ...` to show where the warning was created)
(node:65700) ExperimentalWarning: SQLite is an experimental feature and might change at any time
(Use `node --trace-warnings ...` to show where the warning was created)
 ✓ tests/audit/current-baseline.test.ts (3 tests) 567ms
(node:66505) ExperimentalWarning: SQLite is an experimental feature and might change at any time
(Use `node --trace-warnings ...` to show where the warning was created)
(node:65694) ExperimentalWarning: SQLite is an experimental feature and might change at any time
(Use `node --trace-warnings ...` to show where the warning was created)
(node:65701) ExperimentalWarning: SQLite is an experimental feature and might change at any time
(Use `node --trace-warnings ...` to show where the warning was created)
 ✓ tests/w2-gate/head-to-head.test.ts (3 tests) 2172ms
   ✓ W2 Compactor Head-to-head Gate > evaluates live PCR B1/B2 against synthetic B0 and writes a machine-readable report  2168ms
 ✓ tests/tasks/t15.test.ts (8 tests) 1752ms
(node:66829) ExperimentalWarning: SQLite is an experimental feature and might change at any time
(Use `node --trace-warnings ...` to show where the warning was created)
 ✓ tests/tasks/t00.test.ts (7 tests) 2613ms
   ✓ T00 Freeze audit baseline and immutable evidence > rejects malformed findings before writing artifacts  550ms
   ✓ T00 Freeze audit baseline and immutable evidence > does not leave partial artifacts when an input disappears  670ms
   ✓ T00 Freeze audit baseline and immutable evidence > replays deterministically in independent output directories  646ms
 ✓ packages/storage-node/test/user-turn-store.test.ts (8 tests) 2129ms
   ✓ workspace user turn ledger > replays capture and link idempotently and rejects payload or host conflicts  556ms
   ✓ workspace user turn ledger > recovers pending and linked receipts across independent reopen cycles  328ms
   ✓ workspace user turn ledger > serializes concurrent duplicate captures to one receipt  420ms
 ✓ tests/tasks/t09.test.ts (13 tests) 1927ms
 ✓ tests/tasks/t13.test.ts (8 tests) 1860ms
   ✓ T13 Real Pi tool_result ingress > writes raw bytes before returning the compact tool result  340ms
   ✓ T13 Real Pi tool_result ingress > is idempotent for duplicate tool_result ingest  326ms
   ✓ T13 Real Pi tool_result ingress > replays equal results across two independent runs of the same event  436ms
 ✓ packages/storage-node/test/sqlite-store.test.ts (6 tests) 482ms
(node:67059) ExperimentalWarning: SQLite is an experimental feature and might change at any time
(Use `node --trace-warnings ...` to show where the warning was created)
 ✓ tests/tasks/t01.test.ts (8 tests) 583ms
 ✓ tests/tasks/t03.test.ts (8 tests) 302ms
 ✓ tests/e2e/jiti-candidate-load.test.ts (1 test) 405ms
   ✓ jiti candidate load > loads buildDeterministicCheckpointCandidate through Pi's jiti  404ms
 ✓ tests/tasks/t10.test.ts (4 tests) 372ms
 ✓ packages/storage-node/test/saga-store.test.ts (14 tests) 3844ms
   ✓ workspace SQLite Saga journal > recovers a host-visible row after an abrupt process exit and replays without mutation  2014ms
(node:67257) ExperimentalWarning: SQLite is an experimental feature and might change at any time
(Use `node --trace-warnings ...` to show where the warning was created)
(node:67259) ExperimentalWarning: SQLite is an experimental feature and might change at any time
(Use `node --trace-warnings ...` to show where the warning was created)
(node:67260) ExperimentalWarning: SQLite is an experimental feature and might change at any time
(Use `node --trace-warnings ...` to show where the warning was created)
(node:67034) ExperimentalWarning: SQLite is an experimental feature and might change at any time
(Use `node --trace-warnings ...` to show where the warning was created)
 ✓ tests/ci/finding-closure.test.ts (2 tests) 530ms
   ✓ finding closure gate > keeps P0 findings open without current-commit verification  421ms
 ✓ tests/e2e/key-rotation-v2-boundary.test.ts (2 tests) 384ms
(node:67308) ExperimentalWarning: SQLite is an experimental feature and might change at any time
(Use `node --trace-warnings ...` to show where the warning was created)
(node:67281) ExperimentalWarning: SQLite is an experimental feature and might change at any time
(Use `node --trace-warnings ...` to show where the warning was created)
 ✓ tests/fault/recovery.test.ts (1 test) 357ms
   ✓ restart recovery via durable saga > replays host-visible crash, branch rewind, and duplicate events into non-empty actions  357ms
 ✓ tests/tasks/t20.test.ts (6 tests) 1068ms
 ✓ tests/tasks/t28.test.ts (8 tests) 118ms
(node:67302) ExperimentalWarning: SQLite is an experimental feature and might change at any time
(Use `node --trace-warnings ...` to show where the warning was created)
 ✓ packages/storage-node/test/blob-store.test.ts (15 tests) 5298ms
   ✓ encrypted content-addressed blob store > settles concurrent same-content writes on one complete authenticated object  805ms
   ✓ encrypted content-addressed blob store > makes the existing-object fast path durable across independent processes  2191ms
   ✓ encrypted content-addressed blob store > uses a private durable local master key and supports the explicit environment source  344ms
 ✓ tests/tasks/t23.test.ts (4 tests) 602ms
 ✓ tests/tasks/t32.test.ts (7 tests) 92ms
(node:67630) ExperimentalWarning: SQLite is an experimental feature and might change at any time
(Use `node --trace-warnings ...` to show where the warning was created)
 ✓ tests/e2e/operations.test.ts (6 tests) 1368ms
   ✓ operations > restores into a new empty directory and verifies every manifest hash  342ms
(node:67631) ExperimentalWarning: SQLite is an experimental feature and might change at any time
(Use `node --trace-warnings ...` to show where the warning was created)
(node:67634) ExperimentalWarning: SQLite is an experimental feature and might change at any time
(Use `node --trace-warnings ...` to show where the warning was created)
 ✓ tests/contract/pi-tool-result-order.test.ts (1 test) 134ms
 ✓ packages/kernel/test/raw-capture.test.ts (5 tests) 152ms
(node:67636) ExperimentalWarning: SQLite is an experimental feature and might change at any time
(Use `node --trace-warnings ...` to show where the warning was created)
 ✓ tests/w1-gate/early-net-value.test.ts (3 tests) 3103ms
   ✓ W1 Early Net Value Gate > evaluates live PCR arms and writes a machine-readable report  3093ms
 ✓ packages/storage/test/saga-recovery.test.ts (7 tests) 321ms
 ✓ tests/tasks/t54.test.ts (9 tests) 34ms
(node:67643) ExperimentalWarning: SQLite is an experimental feature and might change at any time
(Use `node --trace-warnings ...` to show where the warning was created)
 ✓ packages/runtime/test/state-store.test.ts (1 test) 311ms
   ✓ persistent directive/claim/continuity store > restarts with the same active heads, excludes superseded rows, and denies cross-scope reads  310ms
(node:67639) ExperimentalWarning: SQLite is an experimental feature and might change at any time
(Use `node --trace-warnings ...` to show where the warning was created)
 ✓ packages/storage/test/blob-store.test.ts (5 tests) 82ms
(node:67652) ExperimentalWarning: SQLite is an experimental feature and might change at any time
(Use `node --trace-warnings ...` to show where the warning was created)
 ✓ tests/tasks/t12.test.ts (2 tests) 177ms
(node:67650) ExperimentalWarning: SQLite is an experimental feature and might change at any time
(Use `node --trace-warnings ...` to show where the warning was created)
(node:67661) ExperimentalWarning: SQLite is an experimental feature and might change at any time
(Use `node --trace-warnings ...` to show where the warning was created)
 ✓ packages/runtime/test/runtime-snapshot.test.ts (1 test) 111ms
 ✓ tests/tasks/t11.test.ts (2 tests) 185ms
 ✓ packages/storage/test/sqlite-store.test.ts (5 tests) 164ms
(node:67660) ExperimentalWarning: SQLite is an experimental feature and might change at any time
(Use `node --trace-warnings ...` to show where the warning was created)
 ✓ packages/worker/test/candidate-worker.test.ts (7 tests) 184ms
 ✓ packages/kernel/test/reducer-registry.test.ts (5 tests) 87ms
 ✓ tests/tasks/t37.test.ts (6 tests) 140ms
 ✓ tests/tasks/t18.test.ts (8 tests) 41ms
 ✓ tests/meta/workspace-layout.test.ts (4 tests) 112ms
 ✓ tests/security/authority-mutation.test.ts (2 tests) 88ms
 ✓ tests/tasks/t27.test.ts (8 tests) 52ms
 ✓ packages/kernel/test/materializer.test.ts (4 tests) 49ms
 ✓ packages/contracts/test/canonical.test.ts (4 tests) 12ms
 ✓ packages/worker/test/semantic-proposal.test.ts (6 tests) 27ms
 ✓ tests/contract/pi-context-hook.test.ts (11 tests) 23ms
 ✓ tests/tasks/t16.test.ts (6 tests) 25ms
 ✓ tests/security/memory-poisoning.test.ts (2 tests) 21ms
 ✓ packages/kernel/test/action-gate.test.ts (6 tests) 12ms
 ✓ tests/tasks/t33.test.ts (7 tests) 189ms
 ✓ tests/tasks/t14.test.ts (8 tests) 57ms
 ✓ tests/tasks/t05.test.ts (6 tests) 107ms
 ✓ packages/pi-adapter/test/runtime-tools.test.ts (6 tests) 15ms
 ✓ tests/tasks/t30.test.ts (6 tests) 27ms
 ✓ tests/security/cursor-fuzz.test.ts (1 test) 34ms
 ✓ tests/tasks/t29.test.ts (6 tests) 30ms
 ✓ tests/tasks/t43.test.ts (6 tests) 67ms
 ✓ tests/tasks/t41.test.ts (7 tests) 76ms
 ✓ tests/tasks/t39.test.ts (7 tests) 66ms
 ✓ tests/tasks/t25.test.ts (9 tests) 54ms
 ✓ tests/tasks/t38.test.ts (6 tests) 27ms
 ✓ tests/tasks/t17.test.ts (6 tests) 33ms
 ✓ packages/worker/test/telemetry-economics.test.ts (5 tests) 12ms
 ✓ tests/tasks/t42.test.ts (6 tests) 16ms
 ✓ packages/kernel/test/claim-ledger.test.ts (9 tests) 50ms
 ✓ packages/kernel/test/evidence-admission.test.ts (5 tests) 23ms
 ✓ tests/tasks/t19.test.ts (7 tests) 46ms
 ✓ tests/tasks/t34.test.ts (6 tests) 23ms
 ✓ packages/kernel/test/directive-capture.test.ts (8 tests) 29ms
 ✓ tests/tasks/t22.test.ts (7 tests) 50ms
 ✓ tests/tasks/t26.test.ts (7 tests) 17ms
 ✓ packages/worker/test/generation-fencing.test.ts (6 tests) 39ms
 ✓ tests/release/package-artifact.test.ts (4 tests) 9256ms
   ✓ release package > contains one extension entry, runtime dependencies and no source-private imports  2096ms
   ✓ release package > verifies clean-home extract, uninstall/reinstall, and temporary pi -e entry  2250ms
   ✓ release package > keeps the Node/OS matrix and does not hide unsupported Pi versions  2537ms
   ✓ release package > ships license/security docs and the gate-derived semantic default  2371ms
(node:68031) ExperimentalWarning: SQLite is an experimental feature and might change at any time
(Use `node --trace-warnings ...` to show where the warning was created)
 ✓ packages/benchmark/test/trace.test.ts (1 test) 10ms
 ✓ tests/e2e/packed-install.test.ts (1 test) 32ms
 ✓ tests/tasks/t35.test.ts (6 tests) 28ms
 ✓ tests/tasks/t04.test.ts (7 tests) 34ms
 ✓ tests/tasks/t36.test.ts (7 tests) 20ms
 ✓ tests/tasks/t02.test.ts (6 tests) 32ms
 ✓ packages/core/test/directives/extract.test.ts (1 test) 16ms
 ✓ tests/tasks/t21.test.ts (7 tests) 21ms
 ✓ tests/tasks/t51.test.ts (6 tests) 5ms
 ✓ tests/contract/pi-compaction-takeover.test.ts (4 tests) 24ms
(node:68405) ExperimentalWarning: SQLite is an experimental feature and might change at any time
(Use `node --trace-warnings ...` to show where the warning was created)
 ✓ packages/core/test/verifier/semantic.test.ts (1 test) 16ms
 ✓ packages/kernel/test/fts-catalog.test.ts (5 tests) 45ms
 ✓ packages/runtime/test/runtime-session.test.ts (3 tests) 4ms
 ✓ packages/kernel/test/host-checkpoint-render.test.ts (5 tests) 13ms
 ✓ packages/kernel/test/claim-transitions.test.ts (7 tests) 4ms
 ✓ tests/contract/pi-input-correlation.test.ts (1 test) 14ms
 ✓ packages/core/test/directives/segment.test.ts (2 tests) 38ms
 ✓ packages/core/test/compaction/checkpoint.test.ts (2 tests) 13ms
 ✓ packages/core/test/materialization/cache.test.ts (2 tests) 14ms
 ✓ packages/core/test/materialization/materializer.test.ts (1 test) 12ms
 ✓ packages/kernel/test/continuity-ledger.test.ts (5 tests) 19ms
 ✓ packages/kernel/test/raw-input.test.ts (5 tests) 33ms
 ✓ tests/security/secret-leak.test.ts (1 test) 23ms
 ✓ tests/contract/pi-session-lifecycle.test.ts (4 tests) 19ms
 ✓ tests/security/authority.test.ts (3 tests) 37ms
 ✓ packages/kernel/test/exact-read.test.ts (5 tests) 3ms
 ✓ packages/pi-adapter/test/message-conversion.test.ts (6 tests) 20ms
 ✓ packages/core/test/continuity/reduce.test.ts (2 tests) 12ms
 ✓ packages/pi-adapter/test/message-codec.test.ts (1 test) 10ms
 ✓ tests/release/deterministic-mvp-gate.test.ts (9 tests) 6ms
 ✓ packages/core/test/retrieval/proactive.test.ts (1 test) 51ms
 ✓ packages/runtime/test/compaction/snapshot.test.ts (2 tests) 12ms
 ✓ packages/runtime/test/semantic/port.test.ts (1 test) 11ms
 ✓ tests/tasks/t44.test.ts (6 tests) 4ms
 ✓ packages/runtime/test/semantic/proposer.test.ts (1 test) 11ms
(node:68165) ExperimentalWarning: SQLite is an experimental feature and might change at any time
(Use `node --trace-warnings ...` to show where the warning was created)
 ✓ packages/runtime/test/background/candidates.test.ts (1 test) 15ms
 ✓ tests/performance/token-accounting.test.ts (1 test) 10ms
 ✓ tests/tasks/t31.test.ts (8 tests) 74ms
 ✓ tests/ci/lane-selection.test.ts (2 tests) 6ms
 ✓ packages/kernel/test/shell-reducers.test.ts (6 tests) 4ms
 ✓ tests/ci/protection.test.ts (2 tests) 3ms
 ✓ tests/tasks/t53.test.ts (6 tests) 6ms
 ✓ tests/tasks/t50.test.ts (8 tests) 6ms
 ✓ tests/tasks/t08.test.ts (10 tests) 14ms
 ✓ tests/tasks/t48.test.ts (6 tests) 7ms
 ✓ tests/tasks/t07.test.ts (9 tests) 7ms
 ✓ tests/tasks/t45.test.ts (6 tests) 5ms
 ✓ tests/release/semantic-beta-gate.test.ts (8 tests) 3ms
 ✓ packages/worker/test/verifier.test.ts (8 tests) 9ms
 ✓ tests/tasks/t47.test.ts (6 tests) 9ms
 ✓ tests/tasks/t49.test.ts (7 tests) 6ms
 ✓ packages/kernel/test/active-suffix.test.ts (5 tests) 5ms
 ✓ packages/kernel/test/lease-lifecycle.test.ts (5 tests) 4ms
 ✓ packages/kernel/test/builtin-reducers.test.ts (5 tests) 3ms
 ✓ packages/core/test/budget/route-budget.test.ts (3 tests) 3ms
 ✓ tests/tasks/t46.test.ts (6 tests) 4ms
 ✓ packages/benchmark/test/report.test.ts (4 tests) 7ms
 ✓ tests/tasks/t40.test.ts (7 tests) 4ms
 ✓ apps/pi-context-runtime/test/package-runtime.test.ts (4 tests) 3ms
 ✓ packages/kernel/test/proactive-recall.test.ts (5 tests) 3ms
 ✓ packages/kernel/test/checkpoint-candidate.test.ts (6 tests) 5ms
 ✓ tests/tasks/t24.test.ts (7 tests) 10ms
 ✓ packages/kernel/test/literal-index.test.ts (5 tests) 7ms
 ✓ packages/core/test/reducers/production.test.ts (4 tests) 3ms
 ✓ tests/contract/pi-capability-probe.test.ts (4 tests) 3ms
 ✓ packages/kernel/test/convergence.test.ts (5 tests) 3ms
 ✓ tests/performance/lanes.test.ts (2 tests) 3ms
 ✓ packages/runtime/test/saga.test.ts (4 tests) 5ms
 ✓ tests/fault/overflow-lane.test.ts (1 test) 2ms
 ✓ packages/kernel/test/token-budget.test.ts (6 tests) 4ms
 ✓ packages/benchmark/test/oracle.test.ts (3 tests) 2ms
 ✓ packages/core/test/directives/temporal.test.ts (2 tests) 2ms
 ✓ packages/contracts/test/types.test.ts (5 tests) 4ms
 ✓ tests/performance/economics.test.ts (1 test) 1ms
 ✓ packages/pi-adapter/test/compaction-result.test.ts (1 test) 2ms
 ✓ packages/benchmark/test/statistics.test.ts (1 test) 2ms
(node:68500) ExperimentalWarning: SQLite is an experimental feature and might change at any time
(Use `node --trace-warnings ...` to show where the warning was created)
 ✓ tests/e2e/pi-factory-entry.test.ts (2 tests) 4ms
 ✓ packages/benchmark/test/scoring/integrity.test.ts (1 test) 2ms
 ✓ tests/security/recovery-fuzz.test.ts (1 test) 2ms
 ✓ tests/release/manifest-policy.test.ts (1 test) 2ms
(node:68510) ExperimentalWarning: SQLite is an experimental feature and might change at any time
(Use `node --trace-warnings ...` to show where the warning was created)
 ✓ apps/pi-context-runtime/test/owner.test.ts (4 tests) 4ms
 ✓ tests/contract/pi-tool-call-gate.test.ts (1 test) 2ms

 Test Files  153 passed (153)
      Tests  745 passed (745)
   Start at  20:08:09
   Duration  15.16s (transform 3.93s, setup 0ms, collect 37.71s, tests 45.78s, environment 19ms, prepare 12.42s)




> @ test:integration /Users/luo/Documents/github/pi-context
> vitest run --config vitest.integration.config.ts


 RUN  v3.2.4 /Users/luo/Documents/github/pi-context

(node:69627) ExperimentalWarning: SQLite is an experimental feature and might change at any time
(Use `node --trace-warnings ...` to show where the warning was created)
(node:69628) ExperimentalWarning: SQLite is an experimental feature and might change at any time
(Use `node --trace-warnings ...` to show where the warning was created)
(node:69631) ExperimentalWarning: SQLite is an experimental feature and might change at any time
(Use `node --trace-warnings ...` to show where the warning was created)
(node:69632) ExperimentalWarning: SQLite is an experimental feature and might change at any time
(Use `node --trace-warnings ...` to show where the warning was created)
(node:69625) ExperimentalWarning: SQLite is an experimental feature and might change at any time
(Use `node --trace-warnings ...` to show where the warning was created)
(node:69624) ExperimentalWarning: SQLite is an experimental feature and might change at any time
(Use `node --trace-warnings ...` to show where the warning was created)
 ✓ tests/acceptance/evidence-recovery.test.ts (1 test) 165ms
 ✓ tests/live/w1-paired.test.ts (1 test) 195ms
(node:69626) ExperimentalWarning: SQLite is an experimental feature and might change at any time
(Use `node --trace-warnings ...` to show where the warning was created)
(node:69630) ExperimentalWarning: SQLite is an experimental feature and might change at any time
(Use `node --trace-warnings ...` to show where the warning was created)
 ✓ tests/live/closed-loop.test.ts (1 test) 28ms
 ✓ tests/acceptance/tool-result-flow.test.ts (3 tests) 483ms
 ✓ tests/acceptance/context-hook.test.ts (2 tests) 191ms
(node:69629) ExperimentalWarning: SQLite is an experimental feature and might change at any time
(Use `node --trace-warnings ...` to show where the warning was created)
 ✓ tests/acceptance/product-runtime-path.test.ts (2 tests) 417ms
 ✓ tests/live/w2-paired.test.ts (1 test) 47ms
 ✓ tests/acceptance/retrieval-tools.test.ts (1 test) 100ms
 ✓ tests/acceptance/recursive-compaction.test.ts (1 test) 18ms
 ✓ tests/acceptance/restart-branch-recovery.test.ts (1 test) 24ms
 ✓ tests/acceptance/hermetic-models.test.ts (3 tests) 15ms
 ✓ tests/acceptance/extension-one-root.test.ts (2 tests) 2ms
 ✓ tests/acceptance/w1-vertical.test.ts (1 test) 159ms
 ✓ tests/acceptance/deterministic-mvp.test.ts (1 test) 181ms
 ✓ tests/live/reader-ceiling.test.ts (1 test) 20ms
 ✓ tests/acceptance/compaction-fallback.test.ts (1 test) 1ms
 ✓ tests/acceptance/user-input-flow.test.ts (11 tests) 1653ms
   ✓ exact user input flow on the patched Pi 0.84.4 AgentSession > is reachable through the only packaged product extension entry  306ms
(node:69646) ExperimentalWarning: SQLite is an experimental feature and might change at any time
(Use `node --trace-warnings ...` to show where the warning was created)
(node:69655) ExperimentalWarning: SQLite is an experimental feature and might change at any time
(Use `node --trace-warnings ...` to show where the warning was created)
 ✓ tests/acceptance/scope-failure.test.ts (2 tests) 5ms
 ✓ tests/acceptance/session-registry.test.ts (8 tests) 19ms
(node:69653) ExperimentalWarning: SQLite is an experimental feature and might change at any time
(Use `node --trace-warnings ...` to show where the warning was created)
 ✓ tests/acceptance/multi-session-registry.test.ts (1 test) 6ms

 Test Files  20 passed (20)
      Tests  45 passed (45)
   Start at  20:08:37
   Duration  4.94s (transform 2.31s, setup 0ms, collect 26.43s, tests 3.73s, environment 2ms, prepare 2.09s)

