CMD: pnpm test:acceptance && pnpm test:integration

> @ test:acceptance /Users/luo/Documents/github/pi-context
> vitest run --config vitest.acceptance.config.ts


 RUN  v3.2.4 /Users/luo/Documents/github/pi-context

(node:33385) ExperimentalWarning: SQLite is an experimental feature and might change at any time
(Use `node --trace-warnings ...` to show where the warning was created)
(node:33383) ExperimentalWarning: SQLite is an experimental feature and might change at any time
(Use `node --trace-warnings ...` to show where the warning was created)
(node:33382) ExperimentalWarning: SQLite is an experimental feature and might change at any time
(Use `node --trace-warnings ...` to show where the warning was created)
(node:33384) ExperimentalWarning: SQLite is an experimental feature and might change at any time
(Use `node --trace-warnings ...` to show where the warning was created)
(node:33381) ExperimentalWarning: SQLite is an experimental feature and might change at any time
(Use `node --trace-warnings ...` to show where the warning was created)
(node:33379) ExperimentalWarning: SQLite is an experimental feature and might change at any time
(Use `node --trace-warnings ...` to show where the warning was created)
(node:33377) ExperimentalWarning: SQLite is an experimental feature and might change at any time
(Use `node --trace-warnings ...` to show where the warning was created)
(node:33380) ExperimentalWarning: SQLite is an experimental feature and might change at any time
(Use `node --trace-warnings ...` to show where the warning was created)
(node:33378) ExperimentalWarning: SQLite is an experimental feature and might change at any time
(Use `node --trace-warnings ...` to show where the warning was created)
 ✓ tests/acceptance/session-registry.test.ts (10 tests) 633ms
   ✓ production session registry acceptance > keeps a sibling production session after session-scoped shutdown  618ms
 ✓ tests/acceptance/materialized-recall.test.ts (2 tests) 693ms
   ✓ product materialized recall > injects recall-needed evidence and stays silent otherwise  310ms
   ✓ product materialized recall > stays silent and omits lease warnings when recall is not needed  382ms
 ✓ tests/acceptance/w1-vertical.test.ts (1 test) 313ms
   ✓ W1 vertical acceptance > recovers the admitted blob and ranks the FTS hit from real CAS bytes  313ms
 ✓ tests/acceptance/runtime-session-ownership.test.ts (3 tests) 757ms
   ✓ runtime session ingress ownership > sends product tool_result through RuntimeSession.ingestToolResult  387ms
   ✓ runtime session ingress ownership > sends product user input through RuntimeSession.ingestUserInput  369ms
 ✓ tests/acceptance/tool-result-flow.test.ts (3 tests) 765ms
   ✓ real Pi tool_result flow > is reachable through the only packaged product extension entry  325ms
 ✓ tests/acceptance/runtime-concurrency.test.ts (2 tests) 976ms
   ✓ runtime concurrency gate > runs production sqlite sessions across workspaces without cross-scope capture  964ms
(node:33400) ExperimentalWarning: SQLite is an experimental feature and might change at any time
(Use `node --trace-warnings ...` to show where the warning was created)
 ✓ tests/acceptance/context-budget.test.ts (4 tests) 855ms
 ✓ tests/acceptance/evidence-recovery.test.ts (1 test) 156ms
 ✓ tests/acceptance/product-runtime-path.test.ts (6 tests) 1239ms
   ✓ product runtime SQLite/FTS/CAS path > admits tool_result into the same store that context_search and context_read use  354ms
   ✓ product runtime SQLite/FTS/CAS path > hard-stops compact when a CAS pointer is missing on the extension entry  396ms
 ✓ tests/acceptance/recursive-compaction.test.ts (1 test) 21ms
 ✓ tests/acceptance/restart-branch-recovery.test.ts (1 test) 12ms
 ✓ tests/acceptance/hermetic-models.test.ts (3 tests) 6ms
 ✓ tests/acceptance/default-profile.test.ts (1 test) 2ms
(node:33399) ExperimentalWarning: SQLite is an experimental feature and might change at any time
(Use `node --trace-warnings ...` to show where the warning was created)
 ✓ tests/acceptance/extension-one-root.test.ts (2 tests) 3ms
(node:33406) ExperimentalWarning: SQLite is an experimental feature and might change at any time
(Use `node --trace-warnings ...` to show where the warning was created)
(node:33402) ExperimentalWarning: SQLite is an experimental feature and might change at any time
(Use `node --trace-warnings ...` to show where the warning was created)
 ✓ tests/acceptance/compaction-fallback.test.ts (1 test) 2ms
(node:33405) ExperimentalWarning: SQLite is an experimental feature and might change at any time
(Use `node --trace-warnings ...` to show where the warning was created)
 ✓ tests/acceptance/retrieval-tools.test.ts (1 test) 187ms
 ✓ tests/acceptance/recursive-state.test.ts (1 test) 400ms
   ✓ recursive compaction state > keeps the original do-not-deploy directive across three compaction cycles  399ms
 ✓ tests/acceptance/context-hook.test.ts (3 tests) 85ms
 ✓ tests/acceptance/user-input-flow.test.ts (11 tests) 2223ms
   ✓ exact user input flow on the patched Pi 0.84.4 AgentSession > is reachable through the only packaged product extension entry  463ms
(node:33416) ExperimentalWarning: SQLite is an experimental feature and might change at any time
(Use `node --trace-warnings ...` to show where the warning was created)
 ✓ tests/acceptance/multi-session-registry.test.ts (2 tests) 6ms
(node:33415) ExperimentalWarning: SQLite is an experimental feature and might change at any time
(Use `node --trace-warnings ...` to show where the warning was created)
 ✓ tests/acceptance/scope-failure.test.ts (2 tests) 6ms
 ✓ tests/acceptance/deterministic-mvp.test.ts (1 test) 56ms

 Test Files  22 passed (22)
      Tests  62 passed (62)
   Start at  00:32:13
   Duration  4.94s (transform 2.04s, setup 0ms, collect 24.22s, tests 9.40s, environment 3ms, prepare 2.51s)


> @ test:integration /Users/luo/Documents/github/pi-context
> vitest run --config vitest.integration.config.ts


 RUN  v3.2.4 /Users/luo/Documents/github/pi-context

(node:33490) ExperimentalWarning: SQLite is an experimental feature and might change at any time
(Use `node --trace-warnings ...` to show where the warning was created)
 ✓ tests/e2e/jiti-candidate-load.test.ts (1 test) 228ms
 ✓ tests/e2e/operations.test.ts (6 tests) 189ms
(node:33487) ExperimentalWarning: SQLite is an experimental feature and might change at any time
(Use `node --trace-warnings ...` to show where the warning was created)
(node:33492) ExperimentalWarning: SQLite is an experimental feature and might change at any time
(Use `node --trace-warnings ...` to show where the warning was created)
(node:33491) ExperimentalWarning: SQLite is an experimental feature and might change at any time
(Use `node --trace-warnings ...` to show where the warning was created)
 ✓ tests/integration/checkpoint-pointer-recovery.test.ts (2 tests) 12ms
 ✓ tests/integration/checkpoint-hard-gates.test.ts (4 tests) 13ms
(node:33486) ExperimentalWarning: SQLite is an experimental feature and might change at any time
(Use `node --trace-warnings ...` to show where the warning was created)
(node:33488) ExperimentalWarning: SQLite is an experimental feature and might change at any time
(Use `node --trace-warnings ...` to show where the warning was created)
 ✓ tests/fault/compaction-ack-recovery.test.ts (2 tests) 125ms
 ✓ tests/fault/recovery.test.ts (1 test) 206ms
 ✓ tests/e2e/key-rotation-v2-boundary.test.ts (2 tests) 235ms
 ✓ tests/fault/recursive-restart.test.ts (1 test) 240ms
 ✓ tests/integration/snapshot-consistency.test.ts (3 tests) 240ms
(node:33506) ExperimentalWarning: SQLite is an experimental feature and might change at any time
(Use `node --trace-warnings ...` to show where the warning was created)
 ✓ tests/fault/overflow-lane.test.ts (1 test) 2ms
 ✓ tests/fault/runtime-concurrency.test.ts (1 test) 6ms
(node:33504) ExperimentalWarning: SQLite is an experimental feature and might change at any time
(Use `node --trace-warnings ...` to show where the warning was created)
 ✓ tests/e2e/packed-install.test.ts (1 test) 7ms
(node:33509) ExperimentalWarning: SQLite is an experimental feature and might change at any time
(Use `node --trace-warnings ...` to show where the warning was created)
 ✓ tests/e2e/pi-factory-entry.test.ts (2 tests) 4ms

 Test Files  13 passed (13)
      Tests  27 passed (27)
   Start at  00:32:19
   Duration  1.99s (transform 1.10s, setup 0ms, collect 8.59s, tests 1.51s, environment 1ms, prepare 1.23s)

EXIT:0
