
 RUN  v3.2.4 /Users/luo/Documents/github/pi-context

 ❯ packages/benchmark/test/corpus-v2.test.ts (4 tests | 3 failed) 18ms
   × v2 source-witness locked corpus > detects a duplicate template copied across cases 15ms
     → promise resolved "{ benchmarkMajor: 1, …(4) }" instead of rejecting
   × v2 source-witness locked corpus > rejects an oracle whose expected value has no source witness 1ms
     → promise resolved "{ benchmarkMajor: 1, …(4) }" instead of rejecting
   × v2 source-witness locked corpus > rejects the same template leaking across train and locked-test 1ms
     → promise resolved "{ benchmarkMajor: 1, …(4) }" instead of rejecting
   ✓ v2 source-witness locked corpus > does not list cases after abort 1ms

⎯⎯⎯⎯⎯⎯⎯ Failed Tests 3 ⎯⎯⎯⎯⎯⎯⎯

 FAIL  packages/benchmark/test/corpus-v2.test.ts > v2 source-witness locked corpus > detects a duplicate template copied across cases
AssertionError: promise resolved "{ benchmarkMajor: 1, …(4) }" instead of rejecting

- Expected
+ Received

- Error {
-   "message": "rejected promise",
+ {
+   "benchmarkMajor": 1,
+   "clusters": {
+     "temporal": [
+       "temporal-00",
+       "temporal-01",
+       "temporal-02",
+       "temporal-03",
+       "temporal-04",
+       "temporal-05",
+     ],
+   },
+   "devHash": "a2831246703389369350127dce038a768bb649ee91cbf6926518784cada2ae5a",
+   "lockedTestHash": "e3e1024a9850f62c541ac3ff58c0a6059f8cd63c7d743f29481a687ff4f340bd",
+   "trainHash": "c3053a54cb37a8e5b66a4a59f4b45c1e8d8b435f6f4baaac9b0d38e72654c746",
  }

 ❯ packages/benchmark/test/corpus-v2.test.ts:63:54
     61|     ]);
     62|     const governor = createCorpusGovernor({ corpusId, store: memorySto…
     63|     await expect(governor.lock({ benchmarkMajor: 1 })).rejects.toMatch…
       |                                                      ^
     64|       code: "PCR_CORPUS_TEMPLATE_DUPLICATE",
     65|     });

⎯⎯⎯⎯⎯⎯⎯⎯⎯⎯⎯⎯⎯⎯⎯⎯⎯⎯⎯⎯⎯⎯⎯⎯[1/3]⎯

 FAIL  packages/benchmark/test/corpus-v2.test.ts > v2 source-witness locked corpus > rejects an oracle whose expected value has no source witness
AssertionError: promise resolved "{ benchmarkMajor: 1, …(4) }" instead of rejecting

- Expected
+ Received

- Error {
-   "message": "rejected promise",
+ {
+   "benchmarkMajor": 1,
+   "clusters": {
+     "temporal": [
+       "temporal-00",
+       "temporal-01",
+       "temporal-02",
+       "temporal-03",
+       "temporal-04",
+       "temporal-05",
+     ],
+   },
+   "devHash": "101399947d834a0b6bdaa151b296894c20f298025931f3840ecbc738eef1548e",
+   "lockedTestHash": "c77cc8a7e8ff4deb7cf9c41af7528b06ccfabbcceb9ae65a9332d73147f4bb51",
+   "trainHash": "62938cfc29eea9ef7a3c15c03db56efd763c83e5efbb821393b8a143778d29db",
  }

 ❯ packages/benchmark/test/corpus-v2.test.ts:83:54
     81|     ));
     82|     const governor = createCorpusGovernor({ corpusId, store: memorySto…
     83|     await expect(governor.lock({ benchmarkMajor: 1 })).rejects.toMatch…
       |                                                      ^
     84|       code: "PCR_CORPUS_WITNESS_MISSING",
     85|     });

⎯⎯⎯⎯⎯⎯⎯⎯⎯⎯⎯⎯⎯⎯⎯⎯⎯⎯⎯⎯⎯⎯⎯⎯[2/3]⎯

 FAIL  packages/benchmark/test/corpus-v2.test.ts > v2 source-witness locked corpus > rejects the same template leaking across train and locked-test
AssertionError: promise resolved "{ benchmarkMajor: 1, …(4) }" instead of rejecting

- Expected
+ Received

- Error {
-   "message": "rejected promise",
+ {
+   "benchmarkMajor": 1,
+   "clusters": {
+     "constraint": [
+       "constraint-00",
+       "constraint-01",
+       "constraint-02",
+       "constraint-03",
+       "constraint-04",
+       "constraint-05",
+     ],
+   },
+   "devHash": "7f3b3bb1c5f9f8f7e9e41be2098f8957f9248ab9e3fca471de0f9bdd650091e6",
+   "lockedTestHash": "c92a20429c1e805b3c34cbe97983d232a768549ff3d9adf8c5f073dd016f6433",
+   "trainHash": "eae6d42baff8d50b952c57d06f24e0fe96d1fec9486d0e2f73f827018748aee0",
  }

 ❯ packages/benchmark/test/corpus-v2.test.ts:100:54
     98|     ]);
     99|     const governor = createCorpusGovernor({ corpusId, store: memorySto…
    100|     await expect(governor.lock({ benchmarkMajor: 1 })).rejects.toMatch…
       |                                                      ^
    101|       code: "PCR_CORPUS_SPLIT_LEAKAGE",
    102|     });

⎯⎯⎯⎯⎯⎯⎯⎯⎯⎯⎯⎯⎯⎯⎯⎯⎯⎯⎯⎯⎯⎯⎯⎯[3/3]⎯


 Test Files  1 failed (1)
      Tests  3 failed | 1 passed (4)
   Start at  21:20:16
   Duration  503ms (transform 149ms, setup 0ms, collect 180ms, tests 18ms, environment 0ms, prepare 79ms)

