
> @ check:all /Users/luo/Documents/github/pi-context
> pnpm check:boundaries && pnpm typecheck && pnpm test


> @ check:boundaries /Users/luo/Documents/github/pi-context
> node scripts/check-package-boundaries.mjs

boundaries: ok

> @ typecheck /Users/luo/Documents/github/pi-context
> pnpm -r typecheck

Scope: 11 of 12 workspace projects
apps/pi-context-runtime typecheck$ tsc --noEmit --strict --skipLibCheck --module NodeNext --moduleResolution NodeNext --target ES2022 --types node src/extension.ts src/composition-root.ts src/owner.ts src/runtime.ts src/doctor.ts src/conflicts.ts
packages/contracts typecheck$ tsc --noEmit --strict --module NodeNext --moduleResolution NodeNext --target ES2022 --types node src/index.ts
packages/kernel typecheck$ tsc --noEmit --strict --module NodeNext --moduleResolution NodeNext --target ES2022 --types node src/ingress/project.ts
packages/storage typecheck$ tsc --noEmit --strict --module NodeNext --moduleResolution NodeNext --target ES2022 --types node src/sqlite-store.ts src/worker.ts src/protocol.ts
packages/contracts typecheck: Done
packages/testkit typecheck$ tsc --noEmit --strict --module NodeNext --moduleResolution NodeNext --target ES2022 --types node src/fake-pi-host.ts src/pi-contract-harness.ts
packages/kernel typecheck: Done
packages/worker typecheck$ tsc --noEmit --strict --module NodeNext --moduleResolution NodeNext --target ES2022 --types node src/candidate-worker.ts src/candidate-key.ts
packages/storage typecheck: Done
apps/pi-context-runtime typecheck: Done
packages/testkit typecheck: Done
packages/worker typecheck: Done
packages/core typecheck$ tsc --noEmit --strict --module NodeNext --moduleResolution NodeNext --target ES2022 --types node src/index.ts test/directives/segment.test.ts test/directives/extract.test.ts test/directives/temporal.test.ts test/continuity/reduce.test.ts ../../tests/security/authority.test.ts ../../tests/tasks/t14.test.ts ../../tests/tasks/t16.test.ts ../../tests/tasks/t17.test.ts ../../tests/tasks/t18.test.ts ../../tests/tasks/t19.test.ts ../../tests/tasks/t22.test.ts
packages/core typecheck: Done
packages/runtime typecheck$ tsc --noEmit --strict --module NodeNext --moduleResolution NodeNext --target ES2022 --types node src/index.ts test/runtime-session.test.ts test/saga.test.ts ../../tests/tasks/t07.test.ts ../../tests/tasks/t12.test.ts ../../tests/tasks/t18.test.ts ../../tests/tasks/t19.test.ts ../../tests/tasks/t22.test.ts
packages/runtime typecheck: Done
packages/pi-adapter typecheck$ tsc --noEmit --strict --skipLibCheck --module NodeNext --moduleResolution NodeNext --target ES2022 --types node src/index.ts src/contracts/pi-0844.ts ../../tests/acceptance/user-input-flow.test.ts ../../tests/acceptance/tool-result-flow.test.ts ../../tests/acceptance/retrieval-tools.test.ts ../../tests/tasks/t13.test.ts ../../tests/tasks/t20.test.ts
packages/storage-node typecheck$ tsc --noEmit --strict --module NodeNext --moduleResolution NodeNext --target ES2022 --types node src/index.ts test/blob-store.test.ts test/saga-store.test.ts test/user-turn-store.test.ts ../../tests/tasks/t09.test.ts ../../tests/tasks/t11.test.ts ../../tests/tasks/t12.test.ts
packages/pi-adapter typecheck: Done
packages/storage-node typecheck: Done
packages/benchmark typecheck$ tsc --noEmit --strict --module NodeNext --moduleResolution NodeNext --target ES2022 --types node src/index.ts
packages/benchmark typecheck: Done

> @ test /Users/luo/Documents/github/pi-context
> vitest run --workspace vitest.workspace.ts

 DEPRECATED  The workspace file is deprecated and will be removed in the next major. Please, use the `test.projects` field in the root config file instead.

 RUN  v3.2.4 /Users/luo/Documents/github/pi-context

(node:89604) ExperimentalWarning: SQLite is an experimental feature and might change at any time
(Use `node --trace-warnings ...` to show where the warning was created)
(node:89606) ExperimentalWarning: SQLite is an experimental feature and might change at any time
(Use `node --trace-warnings ...` to show where the warning was created)
(node:89602) ExperimentalWarning: SQLite is an experimental feature and might change at any time
(Use `node --trace-warnings ...` to show where the warning was created)
(node:89601) ExperimentalWarning: SQLite is an experimental feature and might change at any time
(Use `node --trace-warnings ...` to show where the warning was created)
(node:89607) ExperimentalWarning: SQLite is an experimental feature and might change at any time
(Use `node --trace-warnings ...` to show where the warning was created)
 ✓ |0| packages/storage-node/test/user-turn-store.test.ts (8 tests) 2036ms
   ✓ workspace user turn ledger > replays capture and link idempotently and rejects payload or host conflicts  468ms
   ✓ workspace user turn ledger > recovers pending and linked receipts across independent reopen cycles  341ms
   ✓ workspace user turn ledger > serializes concurrent duplicate captures to one receipt  633ms
 ✓ |0| packages/storage-node/test/saga-store.test.ts (14 tests) 2660ms
   ✓ workspace SQLite Saga journal > recovers a host-visible row after an abrupt process exit and replays without mutation  1403ms
 ✓ |0| tests/tasks/t13.test.ts (8 tests) 1313ms
   ✓ T13 Real Pi tool_result ingress > writes raw bytes before returning the compact tool result  306ms
 ✓ |0| tests/tasks/t00.test.ts (7 tests) 3445ms
   ✓ T00 Freeze audit baseline and immutable evidence > freeze_audit_baseline_and_immutable_evidence  452ms
   ✓ T00 Freeze audit baseline and immutable evidence > is idempotent for the same committed inputs  375ms
   ✓ T00 Freeze audit baseline and immutable evidence > rejects a source outside the repository scope  618ms
   ✓ T00 Freeze audit baseline and immutable evidence > rejects an output directory outside the repository scope  723ms
   ✓ T00 Freeze audit baseline and immutable evidence > rejects malformed findings before writing artifacts  660ms
   ✓ T00 Freeze audit baseline and immutable evidence > replays deterministically in independent output directories  382ms
(node:90487) ExperimentalWarning: SQLite is an experimental feature and might change at any time
(Use `node --trace-warnings ...` to show where the warning was created)
(node:90488) ExperimentalWarning: SQLite is an experimental feature and might change at any time
(Use `node --trace-warnings ...` to show where the warning was created)
 ✓ |0| tests/w2-gate/head-to-head.test.ts (3 tests) 3995ms
   ✓ W2 Compactor Head-to-head Gate > evaluates live PCR B1/B2 against synthetic B0 and writes a machine-readable report  3978ms
 ✓ |0| tests/w1-gate/early-net-value.test.ts (3 tests) 1264ms
   ✓ W1 Early Net Value Gate > evaluates live PCR arms and writes a machine-readable report  1261ms
 ✓ |0| tests/e2e/operations.test.ts (6 tests) 642ms
(node:90565) ExperimentalWarning: SQLite is an experimental feature and might change at any time
(Use `node --trace-warnings ...` to show where the warning was created)
 ✓ |0| tests/tasks/t15.test.ts (8 tests) 861ms
 ✓ |0| tests/e2e/jiti-candidate-load.test.ts (1 test) 292ms
 ✓ |0| packages/storage-node/test/blob-store.test.ts (15 tests) 4299ms
   ✓ encrypted content-addressed blob store > settles concurrent same-content writes on one complete authenticated object  994ms
   ✓ encrypted content-addressed blob store > makes the existing-object fast path durable across independent processes  1335ms
 ✓ |0| tests/tasks/t01.test.ts (8 tests) 640ms
 ✓ |0| tests/tasks/t03.test.ts (8 tests) 516ms
(node:90983) ExperimentalWarning: SQLite is an experimental feature and might change at any time
(Use `node --trace-warnings ...` to show where the warning was created)
(node:90984) ExperimentalWarning: SQLite is an experimental feature and might change at any time
(Use `node --trace-warnings ...` to show where the warning was created)
(node:90990) ExperimentalWarning: SQLite is an experimental feature and might change at any time
(Use `node --trace-warnings ...` to show where the warning was created)
(node:90787) ExperimentalWarning: SQLite is an experimental feature and might change at any time
(Use `node --trace-warnings ...` to show where the warning was created)
 ✓ |0| packages/storage/test/saga-recovery.test.ts (7 tests) 399ms
 ✓ |0| tests/tasks/t09.test.ts (13 tests) 387ms
(node:91005) ExperimentalWarning: SQLite is an experimental feature and might change at any time
(Use `node --trace-warnings ...` to show where the warning was created)
(node:91008) ExperimentalWarning: SQLite is an experimental feature and might change at any time
(Use `node --trace-warnings ...` to show where the warning was created)
(node:90989) ExperimentalWarning: SQLite is an experimental feature and might change at any time
(Use `node --trace-warnings ...` to show where the warning was created)
 ✓ |0| tests/tasks/t20.test.ts (6 tests) 679ms
 ✓ |0| tests/e2e/key-rotation-v2-boundary.test.ts (2 tests) 332ms
 ✓ |0| tests/acceptance/user-input-flow.test.ts (11 tests) 2199ms
   ✓ exact user input flow on the patched Pi 0.84.4 AgentSession > reconciles a sidecar from an inactive branch without topology guessing  319ms
(node:91138) ExperimentalWarning: SQLite is an experimental feature and might change at any time
(Use `node --trace-warnings ...` to show where the warning was created)
 ✓ |0| packages/storage-node/test/sqlite-store.test.ts (6 tests) 757ms
 ✓ |0| tests/tasks/t23.test.ts (4 tests) 461ms
(node:91140) ExperimentalWarning: SQLite is an experimental feature and might change at any time
(Use `node --trace-warnings ...` to show where the warning was created)
 ✓ |0| tests/acceptance/tool-result-flow.test.ts (3 tests) 685ms
   ✓ real Pi tool_result flow > persists raw tool bytes in CAS before the host-visible compact projection  319ms
(node:91166) ExperimentalWarning: SQLite is an experimental feature and might change at any time
(Use `node --trace-warnings ...` to show where the warning was created)
(node:91303) ExperimentalWarning: SQLite is an experimental feature and might change at any time
(Use `node --trace-warnings ...` to show where the warning was created)
(node:91341) ExperimentalWarning: SQLite is an experimental feature and might change at any time
(Use `node --trace-warnings ...` to show where the warning was created)
 ✓ |0| tests/tasks/t10.test.ts (4 tests) 421ms
(node:91474) ExperimentalWarning: SQLite is an experimental feature and might change at any time
(Use `node --trace-warnings ...` to show where the warning was created)
 ✓ |0| tests/tasks/t12.test.ts (2 tests) 313ms
   ✓ T12 Exact user input ledger and Pi correlation > exact_user_input_ledger_and_pi_correlation  312ms
 ✓ |0| tests/tasks/t11.test.ts (2 tests) 227ms
 ✓ |0| tests/contract/pi-tool-result-order.test.ts (1 test) 252ms
 ✓ |0| packages/storage/test/blob-store.test.ts (5 tests) 155ms
 ✓ |0| packages/kernel/test/raw-capture.test.ts (5 tests) 504ms
 ✓ |0| packages/worker/test/candidate-worker.test.ts (7 tests) 75ms
 ✓ |0| packages/kernel/test/materializer.test.ts (4 tests) 91ms
(node:91518) ExperimentalWarning: SQLite is an experimental feature and might change at any time
(Use `node --trace-warnings ...` to show where the warning was created)
(node:91517) ExperimentalWarning: SQLite is an experimental feature and might change at any time
(Use `node --trace-warnings ...` to show where the warning was created)
 ✓ |0| tests/tasks/t04.test.ts (7 tests) 27ms
 ✓ |0| tests/acceptance/evidence-recovery.test.ts (1 test) 205ms
 ✓ |0| packages/runtime/test/runtime-session.test.ts (2 tests) 13ms
 ✓ |0| packages/kernel/test/raw-input.test.ts (5 tests) 12ms
 ✓ |0| packages/worker/test/semantic-proposal.test.ts (6 tests) 32ms
 ✓ |0| packages/kernel/test/host-checkpoint-render.test.ts (5 tests) 11ms
 ✓ |0| packages/kernel/test/reducer-registry.test.ts (5 tests) 73ms
 ✓ |0| packages/pi-adapter/test/runtime-tools.test.ts (6 tests) 15ms
(node:91552) ExperimentalWarning: SQLite is an experimental feature and might change at any time
(Use `node --trace-warnings ...` to show where the warning was created)
 ✓ |0| tests/contract/pi-context-hook.test.ts (11 tests) 17ms
 ✓ |0| tests/tasks/t05.test.ts (6 tests) 33ms
 ✓ |0| packages/storage/test/sqlite-store.test.ts (5 tests) 90ms
 ✓ |0| tests/security/authority-mutation.test.ts (2 tests) 55ms
 ✓ |0| tests/acceptance/w1-vertical.test.ts (1 test) 115ms
(node:91523) ExperimentalWarning: SQLite is an experimental feature and might change at any time
(Use `node --trace-warnings ...` to show where the warning was created)
 ✓ |0| tests/tasks/t17.test.ts (6 tests) 20ms
 ✓ |0| tests/security/memory-poisoning.test.ts (2 tests) 40ms
 ✓ |0| tests/acceptance/retrieval-tools.test.ts (1 test) 106ms
 ✓ |0| tests/live-gate/paired-w2-live.test.ts (3 tests) 27ms
 ✓ |0| tests/contract/pi-session-lifecycle.test.ts (4 tests) 18ms
 ✓ |0| packages/core/test/directives/segment.test.ts (2 tests) 14ms
 ✓ |0| tests/contract/pi-input-correlation.test.ts (1 test) 24ms
 ✓ |0| tests/tasks/t02.test.ts (6 tests) 30ms
 ✓ |0| packages/worker/test/telemetry-economics.test.ts (5 tests) 30ms
 ✓ |0| tests/security/cursor-fuzz.test.ts (1 test) 24ms
 ✓ |0| tests/tasks/t16.test.ts (6 tests) 40ms
 ✓ |0| tests/contract/pi-compaction-takeover.test.ts (4 tests) 37ms
 ✓ |0| tests/meta/workspace-layout.test.ts (4 tests) 26ms
 ✓ |0| tests/tasks/t18.test.ts (8 tests) 25ms
 ✓ |0| packages/kernel/test/continuity-ledger.test.ts (5 tests) 13ms
 ✓ |0| packages/kernel/test/directive-capture.test.ts (6 tests) 16ms
 ✓ |0| packages/worker/test/generation-fencing.test.ts (6 tests) 14ms
 ✓ |0| tests/tasks/t14.test.ts (8 tests) 15ms
(node:91788) ExperimentalWarning: SQLite is an experimental feature and might change at any time
(Use `node --trace-warnings ...` to show where the warning was created)
 ✓ |0| tests/e2e/packed-install.test.ts (1 test) 12ms
 ✓ |0| tests/compat/pi-version-contract.test.ts (4 tests) 22ms
 ✓ |0| packages/contracts/test/canonical.test.ts (4 tests) 12ms
 ✓ |0| packages/kernel/test/claim-ledger.test.ts (9 tests) 13ms
 ✓ |0| packages/core/test/directives/extract.test.ts (1 test) 60ms
 ✓ |0| tests/security/secret-leak.test.ts (1 test) 11ms
(node:91995) ExperimentalWarning: SQLite is an experimental feature and might change at any time
(Use `node --trace-warnings ...` to show where the warning was created)
 ✓ |0| packages/kernel/test/action-gate.test.ts (6 tests) 15ms
(node:91967) ExperimentalWarning: SQLite is an experimental feature and might change at any time
(Use `node --trace-warnings ...` to show where the warning was created)
 ✓ |0| tests/e2e/pi-factory-entry.test.ts (2 tests) 5ms
 ✓ |0| packages/kernel/test/fts-catalog.test.ts (5 tests) 15ms
 ✓ |0| tests/release/package-artifact.test.ts (4 tests) 10246ms
   ✓ release package > contains one extension entry, runtime dependencies and no source-private imports  2795ms
   ✓ release package > verifies clean-home extract, uninstall/reinstall, and temporary pi -e entry  2258ms
   ✓ release package > keeps the Node/OS matrix and does not hide unsupported Pi versions  2652ms
   ✓ release package > ships license/security docs and the gate-derived semantic default  2539ms
 ✓ |0| tests/tasks/t22.test.ts (7 tests) 41ms
 ✓ |0| packages/kernel/test/evidence-admission.test.ts (5 tests) 34ms
 ✓ |0| tests/tasks/t19.test.ts (7 tests) 41ms
 ✓ |0| packages/core/test/continuity/reduce.test.ts (2 tests) 15ms
 ✓ |0| tests/release/deterministic-mvp-gate.test.ts (9 tests) 5ms
 ✓ |0| tests/security/authority.test.ts (3 tests) 16ms
 ✓ |0| packages/worker/test/verifier.test.ts (8 tests) 8ms
 ✓ |0| packages/kernel/test/checkpoint-candidate.test.ts (6 tests) 8ms
 ✓ |0| packages/pi-adapter/test/compaction-result.test.ts (1 test) 2ms
 ✓ |0| packages/kernel/test/active-suffix.test.ts (5 tests) 5ms
 ✓ |0| tests/tasks/t07.test.ts (9 tests) 8ms
 ✓ |0| tests/tasks/t08.test.ts (10 tests) 9ms
 ✓ |0| packages/kernel/test/shell-reducers.test.ts (6 tests) 4ms
 ✓ |0| tests/live-gate/payload-sizing.test.ts (3 tests) 3ms
 ✓ |0| apps/pi-context-runtime/test/package-runtime.test.ts (4 tests) 7ms
 ✓ |0| packages/core/test/reducers/production.test.ts (4 tests) 3ms
 ✓ |0| packages/kernel/test/claim-transitions.test.ts (7 tests) 4ms
 ✓ |0| packages/kernel/test/builtin-reducers.test.ts (5 tests) 5ms
 ✓ |0| packages/kernel/test/exact-read.test.ts (5 tests) 5ms
 ✓ |0| tests/compat/provider-payload-probe.test.ts (3 tests) 3ms
(node:92285) ExperimentalWarning: SQLite is an experimental feature and might change at any time
(Use `node --trace-warnings ...` to show where the warning was created)
 ✓ |0| packages/kernel/test/token-budget.test.ts (6 tests) 2ms
 ✓ |0| packages/kernel/test/convergence.test.ts (5 tests) 8ms
 ✓ |0| packages/kernel/test/literal-index.test.ts (5 tests) 8ms
 ✓ |0| packages/kernel/test/lease-lifecycle.test.ts (5 tests) 3ms
 ✓ |0| tests/acceptance/session-registry.test.ts (8 tests) 12ms
 ✓ |0| tests/release/semantic-beta-gate.test.ts (8 tests) 8ms
 ✓ |0| packages/pi-adapter/test/message-conversion.test.ts (5 tests) 5ms
 ✓ |0| tests/contract/pi-capability-probe.test.ts (4 tests) 3ms
 ✓ |0| packages/core/test/directives/temporal.test.ts (2 tests) 4ms
 ✓ |0| packages/runtime/test/saga.test.ts (4 tests) 4ms
 ✓ |0| tests/security/recovery-fuzz.test.ts (1 test) 3ms
 ✓ |0| packages/kernel/test/proactive-recall.test.ts (5 tests) 13ms
 ✓ |0| packages/contracts/test/types.test.ts (5 tests) 4ms
(node:92389) ExperimentalWarning: SQLite is an experimental feature and might change at any time
(Use `node --trace-warnings ...` to show where the warning was created)
 ✓ |0| apps/pi-context-runtime/test/owner.test.ts (4 tests) 5ms
 ✓ |0| tests/contract/pi-tool-call-gate.test.ts (1 test) 2ms
 ✓ |0| tests/acceptance/packed-install.test.ts (2 tests) 20922ms
   ✓ packed runtime acceptance > npm packs the runtime and the required patched Pi host loads exact input  16327ms
   ✓ packed runtime acceptance > fails during loading on stock Pi 0.84.4 instead of swallowing input  4595ms
 ✓ |0| tests/tasks/t06.test.ts (9 tests) 27892ms
   ✓ T06 Real npm pack and clean Pi install harness > loads the actual packed tarball in an empty Pi home  9469ms
   ✓ T06 Real npm pack and clean Pi install harness > packs deterministically from the same committed source  4636ms
   ✓ T06 Real npm pack and clean Pi install harness > isolates duplicate probes while preserving their observable contract  8132ms
   ✓ T06 Real npm pack and clean Pi install harness > propagates a non-zero Pi exit and removes the isolated home  1239ms

 Test Files  106 passed (106)
      Tests  536 passed (536)
   Start at  01:01:39
   Duration  28.34s (transform 2.68s, setup 0ms, collect 31.97s, tests 90.65s, environment 15ms, prepare 9.02s)

CHECK_ALL_EXIT:0
 DEPRECATED  The workspace file is deprecated and will be removed in the next major. Please, use the `test.projects` field in the root config file instead.

 RUN  v3.2.4 /Users/luo/Documents/github/pi-context

(node:92794) ExperimentalWarning: SQLite is an experimental feature and might change at any time
(Use `node --trace-warnings ...` to show where the warning was created)
(node:92795) ExperimentalWarning: SQLite is an experimental feature and might change at any time
(Use `node --trace-warnings ...` to show where the warning was created)
(node:92792) ExperimentalWarning: SQLite is an experimental feature and might change at any time
(Use `node --trace-warnings ...` to show where the warning was created)
(node:92797) ExperimentalWarning: SQLite is an experimental feature and might change at any time
(Use `node --trace-warnings ...` to show where the warning was created)
(node:92793) ExperimentalWarning: SQLite is an experimental feature and might change at any time
(Use `node --trace-warnings ...` to show where the warning was created)
 ✓ |0| tests/acceptance/session-registry.test.ts (8 tests) 11ms
 ✓ |0| tests/acceptance/evidence-recovery.test.ts (1 test) 82ms
(node:92796) ExperimentalWarning: SQLite is an experimental feature and might change at any time
(Use `node --trace-warnings ...` to show where the warning was created)
 ✓ |0| tests/acceptance/retrieval-tools.test.ts (1 test) 137ms
 ✓ |0| tests/acceptance/tool-result-flow.test.ts (3 tests) 340ms
 ✓ |0| tests/acceptance/w1-vertical.test.ts (1 test) 116ms
 ✓ |0| tests/acceptance/user-input-flow.test.ts (11 tests) 1079ms
 ✓ |0| tests/acceptance/packed-install.test.ts (2 tests) 11236ms
   ✓ packed runtime acceptance > npm packs the runtime and the required patched Pi host loads exact input  7782ms
   ✓ packed runtime acceptance > fails during loading on stock Pi 0.84.4 instead of swallowing input  3453ms

 Test Files  7 passed (7)
      Tests  27 passed (27)
   Start at  01:02:08
   Duration  11.60s (transform 1.05s, setup 0ms, collect 7.93s, tests 13.00s, environment 1ms, prepare 597ms)

ACCEPTANCE_EXIT:0
compdef:153: _comps: assignment to invalid subscript range
boundaries: ok
BOUNDARIES_EXIT:0
