
> @ check:all /Users/luo/Documents/github/pi-context
> pnpm check:boundaries && pnpm typecheck && pnpm test


> @ check:boundaries /Users/luo/Documents/github/pi-context
> node scripts/check-package-boundaries.mjs

boundaries: ok

> @ typecheck /Users/luo/Documents/github/pi-context
> pnpm -r typecheck

Scope: 11 of 12 workspace projects
packages/storage typecheck$ tsc --noEmit --strict --module NodeNext --moduleResolution NodeNext --target ES2022 --types node src/sqlite-store.ts src/worker.ts src/protocol.ts
packages/contracts typecheck$ tsc --noEmit --strict --module NodeNext --moduleResolution NodeNext --target ES2022 --types node src/index.ts
packages/kernel typecheck$ tsc --noEmit --strict --module NodeNext --moduleResolution NodeNext --target ES2022 --types node src/ingress/project.ts
apps/pi-context-runtime typecheck$ tsc --noEmit --strict --skipLibCheck --module NodeNext --moduleResolution NodeNext --target ES2022 --types node src/extension.ts src/composition-root.ts src/owner.ts src/runtime.ts src/doctor.ts src/conflicts.ts
packages/storage typecheck: Done
packages/testkit typecheck$ tsc --noEmit --strict --module NodeNext --moduleResolution NodeNext --target ES2022 --types node src/fake-pi-host.ts src/pi-contract-harness.ts
packages/contracts typecheck: Done
packages/worker typecheck$ tsc --noEmit --strict --module NodeNext --moduleResolution NodeNext --target ES2022 --types node src/candidate-worker.ts src/candidate-key.ts
packages/kernel typecheck: Done
apps/pi-context-runtime typecheck: Done
packages/testkit typecheck: Done
packages/worker typecheck: Done
packages/core typecheck$ tsc --noEmit --strict --module NodeNext --moduleResolution NodeNext --target ES2022 --types node src/index.ts
packages/core typecheck: Done
packages/runtime typecheck$ tsc --noEmit --strict --module NodeNext --moduleResolution NodeNext --target ES2022 --types node src/index.ts test/runtime-session.test.ts test/saga.test.ts ../../tests/tasks/t07.test.ts ../../tests/tasks/t12.test.ts
packages/runtime typecheck: Done
packages/storage-node typecheck$ tsc --noEmit --strict --module NodeNext --moduleResolution NodeNext --target ES2022 --types node src/index.ts test/blob-store.test.ts test/saga-store.test.ts test/user-turn-store.test.ts ../../tests/tasks/t09.test.ts ../../tests/tasks/t11.test.ts ../../tests/tasks/t12.test.ts
packages/pi-adapter typecheck$ tsc --noEmit --strict --skipLibCheck --module NodeNext --moduleResolution NodeNext --target ES2022 --types node src/index.ts src/contracts/pi-0844.ts ../../tests/acceptance/user-input-flow.test.ts
packages/pi-adapter typecheck: Done
packages/storage-node typecheck: Done
packages/benchmark typecheck$ tsc --noEmit --strict --module NodeNext --moduleResolution NodeNext --target ES2022 --types node src/index.ts
packages/benchmark typecheck: Done

> @ test /Users/luo/Documents/github/pi-context
> vitest run --workspace vitest.workspace.ts

 DEPRECATED  The workspace file is deprecated and will be removed in the next major. Please, use the `test.projects` field in the root config file instead.

 RUN  v3.2.4 /Users/luo/Documents/github/pi-context

(node:90944) ExperimentalWarning: SQLite is an experimental feature and might change at any time
(Use `node --trace-warnings ...` to show where the warning was created)
(node:90945) ExperimentalWarning: SQLite is an experimental feature and might change at any time
(Use `node --trace-warnings ...` to show where the warning was created)
(node:90941) ExperimentalWarning: SQLite is an experimental feature and might change at any time
(Use `node --trace-warnings ...` to show where the warning was created)
(node:90946) ExperimentalWarning: SQLite is an experimental feature and might change at any time
(Use `node --trace-warnings ...` to show where the warning was created)
(node:90940) ExperimentalWarning: SQLite is an experimental feature and might change at any time
(Use `node --trace-warnings ...` to show where the warning was created)
 ✓ |0| packages/storage-node/test/user-turn-store.test.ts (8 tests) 1760ms
   ✓ workspace user turn ledger > replays capture and link idempotently and rejects payload or host conflicts  474ms
   ✓ workspace user turn ledger > serializes concurrent duplicate captures to one receipt  569ms
 ✓ |0| packages/storage-node/test/saga-store.test.ts (14 tests) 2654ms
   ✓ workspace SQLite Saga journal > recovers a host-visible row after an abrupt process exit and replays without mutation  1480ms
 ✓ |0| tests/tasks/t00.test.ts (7 tests) 3221ms
   ✓ T00 Freeze audit baseline and immutable evidence > is idempotent for the same committed inputs  340ms
   ✓ T00 Freeze audit baseline and immutable evidence > rejects a source outside the repository scope  493ms
   ✓ T00 Freeze audit baseline and immutable evidence > rejects an output directory outside the repository scope  543ms
   ✓ T00 Freeze audit baseline and immutable evidence > rejects malformed findings before writing artifacts  592ms
   ✓ T00 Freeze audit baseline and immutable evidence > does not leave partial artifacts when an input disappears  452ms
   ✓ T00 Freeze audit baseline and immutable evidence > replays deterministically in independent output directories  551ms
 ✓ |0| tests/w2-gate/head-to-head.test.ts (3 tests) 3156ms
   ✓ W2 Compactor Head-to-head Gate > evaluates live PCR B1/B2 against synthetic B0 and writes a machine-readable report  3151ms
 ✓ |0| packages/storage-node/test/blob-store.test.ts (15 tests) 3379ms
   ✓ encrypted content-addressed blob store > settles concurrent same-content writes on one complete authenticated object  893ms
   ✓ encrypted content-addressed blob store > makes the existing-object fast path durable across independent processes  647ms
 ✓ |0| tests/w1-gate/early-net-value.test.ts (3 tests) 1167ms
   ✓ W1 Early Net Value Gate > evaluates live PCR arms and writes a machine-readable report  1161ms
(node:92295) ExperimentalWarning: SQLite is an experimental feature and might change at any time
(Use `node --trace-warnings ...` to show where the warning was created)
 ✓ |0| tests/tasks/t01.test.ts (8 tests) 579ms
 ✓ |0| tests/tasks/t03.test.ts (8 tests) 357ms
 ✓ |0| tests/acceptance/user-input-flow.test.ts (10 tests) 2297ms
   ✓ exact user input flow on the patched Pi 0.84.4 AgentSession > is reachable through the only packaged product extension entry  481ms
   ✓ exact user input flow on the patched Pi 0.84.4 AgentSession > captures direct steer and followUp through the same exact ingress path  358ms
 ✓ |0| tests/tasks/t09.test.ts (13 tests) 198ms
(node:92306) ExperimentalWarning: SQLite is an experimental feature and might change at any time
(Use `node --trace-warnings ...` to show where the warning was created)
(node:92334) ExperimentalWarning: SQLite is an experimental feature and might change at any time
(Use `node --trace-warnings ...` to show where the warning was created)
(node:92333) ExperimentalWarning: SQLite is an experimental feature and might change at any time
(Use `node --trace-warnings ...` to show where the warning was created)
(node:92321) ExperimentalWarning: SQLite is an experimental feature and might change at any time
(Use `node --trace-warnings ...` to show where the warning was created)
(node:92338) ExperimentalWarning: SQLite is an experimental feature and might change at any time
(Use `node --trace-warnings ...` to show where the warning was created)
 ✓ |0| tests/e2e/jiti-candidate-load.test.ts (1 test) 292ms
 ✓ |0| tests/tasks/t10.test.ts (4 tests) 321ms
 ✓ |0| tests/e2e/key-rotation-v2-boundary.test.ts (2 tests) 222ms
(node:92340) ExperimentalWarning: SQLite is an experimental feature and might change at any time
(Use `node --trace-warnings ...` to show where the warning was created)
 ✓ |0| tests/e2e/operations.test.ts (6 tests) 522ms
 ✓ |0| packages/kernel/test/raw-capture.test.ts (5 tests) 363ms
 ✓ |0| tests/tasks/t11.test.ts (2 tests) 115ms
 ✓ |0| packages/storage/test/saga-recovery.test.ts (7 tests) 485ms
(node:92424) ExperimentalWarning: SQLite is an experimental feature and might change at any time
(Use `node --trace-warnings ...` to show where the warning was created)
(node:92425) ExperimentalWarning: SQLite is an experimental feature and might change at any time
(Use `node --trace-warnings ...` to show where the warning was created)
 ✓ |0| tests/tasks/t04.test.ts (7 tests) 21ms
 ✓ |0| packages/storage/test/blob-store.test.ts (5 tests) 117ms
(node:92548) ExperimentalWarning: SQLite is an experimental feature and might change at any time
(Use `node --trace-warnings ...` to show where the warning was created)
 ✓ |0| packages/storage-node/test/sqlite-store.test.ts (6 tests) 213ms
 ✓ |0| packages/kernel/test/reducer-registry.test.ts (5 tests) 64ms
 ✓ |0| tests/tasks/t12.test.ts (2 tests) 109ms
 ✓ |0| packages/worker/test/candidate-worker.test.ts (7 tests) 83ms
 ✓ |0| tests/meta/workspace-layout.test.ts (4 tests) 22ms
 ✓ |0| tests/contract/pi-context-hook.test.ts (11 tests) 29ms
(node:92756) ExperimentalWarning: SQLite is an experimental feature and might change at any time
(Use `node --trace-warnings ...` to show where the warning was created)
 ✓ |0| tests/security/authority-mutation.test.ts (2 tests) 45ms
 ✓ |0| packages/storage/test/sqlite-store.test.ts (5 tests) 116ms
 ✓ |0| tests/contract/pi-session-lifecycle.test.ts (4 tests) 20ms
 ✓ |0| packages/kernel/test/directive-capture.test.ts (6 tests) 22ms
 ✓ |0| tests/live-gate/paired-w2-live.test.ts (3 tests) 19ms
 ✓ |0| tests/security/cursor-fuzz.test.ts (1 test) 37ms
 ✓ |0| tests/contract/pi-tool-result-order.test.ts (1 test) 29ms
 ✓ |0| packages/worker/test/semantic-proposal.test.ts (6 tests) 32ms
 ✓ |0| tests/security/memory-poisoning.test.ts (2 tests) 30ms
 ✓ |0| packages/kernel/test/continuity-ledger.test.ts (5 tests) 43ms
 ✓ |0| tests/tasks/t05.test.ts (6 tests) 97ms
 ✓ |0| tests/compat/pi-version-contract.test.ts (4 tests) 15ms
(node:92757) ExperimentalWarning: SQLite is an experimental feature and might change at any time
(Use `node --trace-warnings ...` to show where the warning was created)
 ✓ |0| packages/kernel/test/materializer.test.ts (4 tests) 105ms
 ✓ |0| tests/e2e/packed-install.test.ts (1 test) 35ms
 ✓ |0| packages/worker/test/telemetry-economics.test.ts (5 tests) 32ms
 ✓ |0| tests/contract/pi-compaction-takeover.test.ts (4 tests) 21ms
 ✓ |0| packages/kernel/test/evidence-admission.test.ts (5 tests) 15ms
 ✓ |0| packages/kernel/test/checkpoint-candidate.test.ts (6 tests) 4ms
 ✓ |0| tests/security/secret-leak.test.ts (1 test) 33ms
(node:93175) ExperimentalWarning: SQLite is an experimental feature and might change at any time
(Use `node --trace-warnings ...` to show where the warning was created)
 ✓ |0| tests/tasks/t02.test.ts (6 tests) 81ms
(node:92784) ExperimentalWarning: SQLite is an experimental feature and might change at any time
(Use `node --trace-warnings ...` to show where the warning was created)
 ✓ |0| packages/kernel/test/fts-catalog.test.ts (5 tests) 20ms
 ✓ |0| apps/pi-context-runtime/test/owner.test.ts (4 tests) 5ms
 ✓ |0| packages/kernel/test/claim-ledger.test.ts (9 tests) 17ms
 ✓ |0| packages/kernel/test/raw-input.test.ts (5 tests) 23ms
 ✓ |0| tests/tasks/t07.test.ts (9 tests) 7ms
 ✓ |0| packages/kernel/test/host-checkpoint-render.test.ts (5 tests) 14ms
 ✓ |0| packages/worker/test/generation-fencing.test.ts (6 tests) 46ms
 ✓ |0| packages/kernel/test/action-gate.test.ts (6 tests) 21ms
 ✓ |0| packages/contracts/test/canonical.test.ts (4 tests) 13ms
 ✓ |0| tests/contract/pi-input-correlation.test.ts (1 test) 12ms
 ✓ |0| packages/worker/test/verifier.test.ts (8 tests) 6ms
 ✓ |0| tests/tasks/t08.test.ts (10 tests) 12ms
 ✓ |0| packages/kernel/test/proactive-recall.test.ts (5 tests) 6ms
 ✓ |0| tests/release/deterministic-mvp-gate.test.ts (9 tests) 8ms
 ✓ |0| packages/kernel/test/shell-reducers.test.ts (6 tests) 4ms
 ✓ |0| tests/contract/pi-capability-probe.test.ts (4 tests) 3ms
 ✓ |0| packages/kernel/test/token-budget.test.ts (6 tests) 5ms
 ✓ |0| tests/compat/provider-payload-probe.test.ts (3 tests) 3ms
 ✓ |0| packages/kernel/test/claim-transitions.test.ts (7 tests) 4ms
 ✓ |0| packages/pi-adapter/test/message-conversion.test.ts (5 tests) 5ms
 ✓ |0| tests/release/package-artifact.test.ts (4 tests) 8224ms
   ✓ release package > contains one extension entry, runtime dependencies and no source-private imports  1715ms
   ✓ release package > verifies clean-home extract, uninstall/reinstall, and temporary pi -e entry  1545ms
   ✓ release package > keeps the Node/OS matrix and does not hide unsupported Pi versions  2455ms
   ✓ release package > ships license/security docs and the gate-derived semantic default  2506ms
 ✓ |0| packages/pi-adapter/test/runtime-tools.test.ts (6 tests) 10ms
 ✓ |0| packages/kernel/test/active-suffix.test.ts (5 tests) 8ms
 ✓ |0| apps/pi-context-runtime/test/package-runtime.test.ts (4 tests) 6ms
 ✓ |0| packages/kernel/test/exact-read.test.ts (5 tests) 6ms
 ✓ |0| packages/runtime/test/saga.test.ts (4 tests) 6ms
 ✓ |0| packages/kernel/test/builtin-reducers.test.ts (5 tests) 4ms
 ✓ |0| tests/live-gate/payload-sizing.test.ts (3 tests) 2ms
 ✓ |0| packages/kernel/test/lease-lifecycle.test.ts (5 tests) 8ms
(node:93316) ExperimentalWarning: SQLite is an experimental feature and might change at any time
(Use `node --trace-warnings ...` to show where the warning was created)
 ✓ |0| tests/acceptance/session-registry.test.ts (8 tests) 43ms
 ✓ |0| packages/kernel/test/literal-index.test.ts (5 tests) 22ms
 ✓ |0| tests/release/semantic-beta-gate.test.ts (8 tests) 9ms
 ✓ |0| packages/kernel/test/convergence.test.ts (5 tests) 3ms
 ✓ |0| packages/contracts/test/types.test.ts (5 tests) 3ms
 ✓ |0| tests/security/recovery-fuzz.test.ts (1 test) 3ms
 ✓ |0| packages/pi-adapter/test/compaction-result.test.ts (1 test) 5ms
 ✓ |0| packages/runtime/test/runtime-session.test.ts (2 tests) 3ms
(node:93684) ExperimentalWarning: SQLite is an experimental feature and might change at any time
(Use `node --trace-warnings ...` to show where the warning was created)
 ✓ |0| tests/e2e/pi-factory-entry.test.ts (2 tests) 5ms
 ✓ |0| tests/contract/pi-tool-call-gate.test.ts (1 test) 3ms
 ✓ |0| tests/acceptance/packed-install.test.ts (2 tests) 20195ms
   ✓ packed runtime acceptance > npm packs the runtime and the required patched Pi host loads exact input  15065ms
   ✓ packed runtime acceptance > fails during loading on stock Pi 0.84.4 instead of swallowing input  5129ms
 ✓ |0| tests/tasks/t06.test.ts (9 tests) 27287ms
   ✓ T06 Real npm pack and clean Pi install harness > loads the actual packed tarball in an empty Pi home  8943ms
   ✓ T06 Real npm pack and clean Pi install harness > packs deterministically from the same committed source  4185ms
   ✓ T06 Real npm pack and clean Pi install harness > isolates duplicate probes while preserving their observable contract  8442ms
   ✓ T06 Real npm pack and clean Pi install harness > propagates a non-zero Pi exit and removes the isolated home  1102ms

 Test Files  86 passed (86)
      Tests  447 passed (447)
   Start at  17:43:13
   Duration  27.68s (transform 2.69s, setup 0ms, collect 23.58s, tests 78.66s, environment 30ms, prepare 7.53s)

 DEPRECATED  The workspace file is deprecated and will be removed in the next major. Please, use the `test.projects` field in the root config file instead.

 RUN  v3.2.4 /Users/luo/Documents/github/pi-context

(node:94220) ExperimentalWarning: SQLite is an experimental feature and might change at any time
(Use `node --trace-warnings ...` to show where the warning was created)
(node:94221) ExperimentalWarning: SQLite is an experimental feature and might change at any time
(Use `node --trace-warnings ...` to show where the warning was created)
 ✓ |0| tests/acceptance/session-registry.test.ts (8 tests) 10ms
 ✓ |0| tests/acceptance/user-input-flow.test.ts (10 tests) 768ms
 ✓ |0| tests/acceptance/packed-install.test.ts (2 tests) 11903ms
   ✓ packed runtime acceptance > npm packs the runtime and the required patched Pi host loads exact input  8288ms
   ✓ packed runtime acceptance > fails during loading on stock Pi 0.84.4 instead of swallowing input  3614ms

 Test Files  3 passed (3)
      Tests  20 passed (20)
   Start at  17:43:41
   Duration  12.24s (transform 367ms, setup 0ms, collect 1.86s, tests 12.68s, environment 0ms, prepare 212ms)

boundaries: ok
