 DEPRECATED  The workspace file is deprecated and will be removed in the next major. Please, use the `test.projects` field in the root config file instead.

 RUN  v3.2.4 /Users/luo/Documents/github/pi-context

(node:47250) ExperimentalWarning: SQLite is an experimental feature and might change at any time
(Use `node --trace-warnings ...` to show where the warning was created)
 ❯ |0| tests/tasks/t12.test.ts (1 test | 1 failed) 35ms
   × T12 Exact user input ledger and Pi correlation > exact_user_input_ledger_and_pi_correlation 34ms
     → promise rejected "TypeError: (0 , ope…" instead of resolving

⎯⎯⎯⎯⎯⎯⎯ Failed Tests 1 ⎯⎯⎯⎯⎯⎯⎯

 FAIL  |0| tests/tasks/t12.test.ts > T12 Exact user input ledger and Pi correlation > exact_user_input_ledger_and_pi_correlation
AssertionError: promise rejected "TypeError: (0 , ope…" instead of resolving
 ❯ tests/tasks/t12.test.ts:73:33
     71| describe("T12 Exact user input ledger and Pi correlation", () => {
     72|   it("exact_user_input_ledger_and_pi_correlation", async () => {
     73|     await expect(runT12Fixture()).resolves.toEqual({ ok: true, task: "…
       |                                 ^
     74|   });
     75| });

Caused by: TypeError: (0 , openWorkspaceUserTurnLedger) is not a function
 ❯ runT12Fixture tests/tasks/t12.test.ts:45:24

⎯⎯⎯⎯⎯⎯⎯⎯⎯⎯⎯⎯⎯⎯⎯⎯⎯⎯⎯⎯⎯⎯⎯⎯[1/1]⎯


 Test Files  1 failed (1)
      Tests  1 failed (1)
   Start at  14:58:48
   Duration  367ms (transform 94ms, setup 0ms, collect 130ms, tests 35ms, environment 0ms, prepare 51ms)

