
> @ check:all /Users/luo/Documents/github/pi-context
> pnpm check:boundaries && pnpm typecheck && pnpm test


> @ check:boundaries /Users/luo/Documents/github/pi-context
> node scripts/check-package-boundaries.mjs

boundaries: ok

> @ typecheck /Users/luo/Documents/github/pi-context
> pnpm -r typecheck

Scope: 11 of 12 workspace projects
apps/pi-context-runtime typecheck$ tsc --noEmit --strict --skipLibCheck --module NodeNext --moduleResolution NodeNext --target ES2022 --types node src/extension.ts src/composition-root.ts src/owner.ts src/runtime.ts src/doctor.ts src/conflicts.ts
packages/contracts typecheck$ tsc --noEmit --strict --module NodeNext --moduleResolution NodeNext --target ES2022 --types node src/index.ts
packages/kernel typecheck$ tsc --noEmit --strict --module NodeNext --moduleResolution NodeNext --target ES2022 --types node src/ingress/project.ts
packages/storage typecheck$ tsc --noEmit --strict --module NodeNext --moduleResolution NodeNext --target ES2022 --types node src/sqlite-store.ts src/worker.ts src/protocol.ts
packages/kernel typecheck: Done
packages/testkit typecheck$ tsc --noEmit --strict --module NodeNext --moduleResolution NodeNext --target ES2022 --types node src/fake-pi-host.ts src/pi-contract-harness.ts
packages/storage typecheck: Done
packages/worker typecheck$ tsc --noEmit --strict --module NodeNext --moduleResolution NodeNext --target ES2022 --types node src/candidate-worker.ts src/candidate-key.ts
packages/contracts typecheck: Done
apps/pi-context-runtime typecheck: Done
packages/testkit typecheck: Done
packages/worker typecheck: Done
packages/core typecheck$ tsc --noEmit --strict --module NodeNext --moduleResolution NodeNext --target ES2022 --types node src/index.ts test/directives/segment.test.ts ../../tests/tasks/t14.test.ts ../../tests/tasks/t16.test.ts
packages/core typecheck: Done
packages/runtime typecheck$ tsc --noEmit --strict --module NodeNext --moduleResolution NodeNext --target ES2022 --types node src/index.ts test/runtime-session.test.ts test/saga.test.ts ../../tests/tasks/t07.test.ts ../../tests/tasks/t12.test.ts
packages/runtime typecheck: Done
packages/pi-adapter typecheck$ tsc --noEmit --strict --skipLibCheck --module NodeNext --moduleResolution NodeNext --target ES2022 --types node src/index.ts src/contracts/pi-0844.ts ../../tests/acceptance/user-input-flow.test.ts ../../tests/acceptance/tool-result-flow.test.ts ../../tests/acceptance/retrieval-tools.test.ts ../../tests/tasks/t13.test.ts ../../tests/tasks/t20.test.ts
packages/storage-node typecheck$ tsc --noEmit --strict --module NodeNext --moduleResolution NodeNext --target ES2022 --types node src/index.ts test/blob-store.test.ts test/saga-store.test.ts test/user-turn-store.test.ts ../../tests/tasks/t09.test.ts ../../tests/tasks/t11.test.ts ../../tests/tasks/t12.test.ts
packages/storage-node typecheck: Done
packages/pi-adapter typecheck: Done
packages/benchmark typecheck$ tsc --noEmit --strict --module NodeNext --moduleResolution NodeNext --target ES2022 --types node src/index.ts
packages/benchmark typecheck: Done

> @ test /Users/luo/Documents/github/pi-context
> vitest run --workspace vitest.workspace.ts

 DEPRECATED  The workspace file is deprecated and will be removed in the next major. Please, use the `test.projects` field in the root config file instead.

 RUN  v3.2.4 /Users/luo/Documents/github/pi-context

(node:20181) ExperimentalWarning: SQLite is an experimental feature and might change at any time
(Use `node --trace-warnings ...` to show where the warning was created)
(node:20182) ExperimentalWarning: SQLite is an experimental feature and might change at any time
(Use `node --trace-warnings ...` to show where the warning was created)
(node:20178) ExperimentalWarning: SQLite is an experimental feature and might change at any time
(Use `node --trace-warnings ...` to show where the warning was created)
(node:20177) ExperimentalWarning: SQLite is an experimental feature and might change at any time
(Use `node --trace-warnings ...` to show where the warning was created)
(node:20183) ExperimentalWarning: SQLite is an experimental feature and might change at any time
(Use `node --trace-warnings ...` to show where the warning was created)
 ✓ |0| packages/storage-node/test/user-turn-store.test.ts (8 tests) 1777ms
   ✓ workspace user turn ledger > replays capture and link idempotently and rejects payload or host conflicts  428ms
   ✓ workspace user turn ledger > serializes concurrent duplicate captures to one receipt  505ms
 ✓ |0| packages/storage-node/test/saga-store.test.ts (14 tests) 1907ms
   ✓ workspace SQLite Saga journal > recovers a host-visible row after an abrupt process exit and replays without mutation  745ms
 ✓ |0| tests/tasks/t00.test.ts (7 tests) 2772ms
   ✓ T00 Freeze audit baseline and immutable evidence > rejects an output directory outside the repository scope  639ms
   ✓ T00 Freeze audit baseline and immutable evidence > rejects malformed findings before writing artifacts  485ms
   ✓ T00 Freeze audit baseline and immutable evidence > does not leave partial artifacts when an input disappears  621ms
   ✓ T00 Freeze audit baseline and immutable evidence > replays deterministically in independent output directories  371ms
 ✓ |0| tests/tasks/t13.test.ts (8 tests) 1181ms
   ✓ T13 Real Pi tool_result ingress > writes raw bytes before returning the compact tool result  340ms
(node:21147) ExperimentalWarning: SQLite is an experimental feature and might change at any time
(Use `node --trace-warnings ...` to show where the warning was created)
(node:21148) ExperimentalWarning: SQLite is an experimental feature and might change at any time
(Use `node --trace-warnings ...` to show where the warning was created)
(node:21017) ExperimentalWarning: SQLite is an experimental feature and might change at any time
(Use `node --trace-warnings ...` to show where the warning was created)
 ✓ |0| tests/w2-gate/head-to-head.test.ts (3 tests) 3243ms
   ✓ W2 Compactor Head-to-head Gate > evaluates live PCR B1/B2 against synthetic B0 and writes a machine-readable report  3236ms
(node:21200) ExperimentalWarning: SQLite is an experimental feature and might change at any time
(Use `node --trace-warnings ...` to show where the warning was created)
 ✓ |0| tests/w1-gate/early-net-value.test.ts (3 tests) 1151ms
   ✓ W1 Early Net Value Gate > evaluates live PCR arms and writes a machine-readable report  1148ms
 ✓ |0| packages/storage-node/test/blob-store.test.ts (15 tests) 3626ms
   ✓ encrypted content-addressed blob store > settles concurrent same-content writes on one complete authenticated object  853ms
   ✓ encrypted content-addressed blob store > makes the existing-object fast path durable across independent processes  910ms
 ✓ |0| tests/e2e/operations.test.ts (6 tests) 1031ms
 ✓ |0| tests/tasks/t15.test.ts (8 tests) 1098ms
 ✓ |0| packages/storage/test/saga-recovery.test.ts (7 tests) 638ms
(node:21558) ExperimentalWarning: SQLite is an experimental feature and might change at any time
(Use `node --trace-warnings ...` to show where the warning was created)
 ✓ |0| tests/tasks/t01.test.ts (8 tests) 540ms
 ✓ |0| tests/tasks/t10.test.ts (4 tests) 266ms
 ✓ |0| tests/e2e/jiti-candidate-load.test.ts (1 test) 281ms
(node:21585) ExperimentalWarning: SQLite is an experimental feature and might change at any time
(Use `node --trace-warnings ...` to show where the warning was created)
 ✓ |0| tests/tasks/t03.test.ts (8 tests) 489ms
 ✓ |0| tests/acceptance/user-input-flow.test.ts (11 tests) 1831ms
   ✓ exact user input flow on the patched Pi 0.84.4 AgentSession > is reachable through the only packaged product extension entry  350ms
 ✓ |0| packages/kernel/test/raw-capture.test.ts (5 tests) 194ms
(node:21827) ExperimentalWarning: SQLite is an experimental feature and might change at any time
(Use `node --trace-warnings ...` to show where the warning was created)
(node:21557) ExperimentalWarning: SQLite is an experimental feature and might change at any time
(Use `node --trace-warnings ...` to show where the warning was created)
(node:21966) ExperimentalWarning: SQLite is an experimental feature and might change at any time
(Use `node --trace-warnings ...` to show where the warning was created)
(node:21967) ExperimentalWarning: SQLite is an experimental feature and might change at any time
(Use `node --trace-warnings ...` to show where the warning was created)
 ✓ |0| tests/e2e/key-rotation-v2-boundary.test.ts (2 tests) 184ms
 ✓ |0| tests/acceptance/tool-result-flow.test.ts (3 tests) 282ms
(node:21584) ExperimentalWarning: SQLite is an experimental feature and might change at any time
(Use `node --trace-warnings ...` to show where the warning was created)
(node:22100) ExperimentalWarning: SQLite is an experimental feature and might change at any time
(Use `node --trace-warnings ...` to show where the warning was created)
(node:21587) ExperimentalWarning: SQLite is an experimental feature and might change at any time
(Use `node --trace-warnings ...` to show where the warning was created)
 ✓ |0| packages/core/test/reducers/production.test.ts (4 tests) 4ms
 ✓ |0| tests/tasks/t11.test.ts (2 tests) 176ms
 ✓ |0| tests/acceptance/retrieval-tools.test.ts (1 test) 143ms
(node:22104) ExperimentalWarning: SQLite is an experimental feature and might change at any time
(Use `node --trace-warnings ...` to show where the warning was created)
 ✓ |0| tests/tasks/t20.test.ts (6 tests) 357ms
(node:22106) ExperimentalWarning: SQLite is an experimental feature and might change at any time
(Use `node --trace-warnings ...` to show where the warning was created)
(node:22107) ExperimentalWarning: SQLite is an experimental feature and might change at any time
(Use `node --trace-warnings ...` to show where the warning was created)
 ✓ |0| tests/tasks/t09.test.ts (13 tests) 136ms
 ✓ |0| tests/contract/pi-tool-result-order.test.ts (1 test) 156ms
 ✓ |0| packages/kernel/test/reducer-registry.test.ts (5 tests) 79ms
 ✓ |0| packages/storage-node/test/sqlite-store.test.ts (6 tests) 287ms
 ✓ |0| tests/acceptance/w1-vertical.test.ts (1 test) 144ms
 ✓ |0| packages/worker/test/candidate-worker.test.ts (7 tests) 71ms
 ✓ |0| tests/tasks/t23.test.ts (4 tests) 379ms
(node:22441) ExperimentalWarning: SQLite is an experimental feature and might change at any time
(Use `node --trace-warnings ...` to show where the warning was created)
(node:22478) ExperimentalWarning: SQLite is an experimental feature and might change at any time
(Use `node --trace-warnings ...` to show where the warning was created)
 ✓ |0| tests/acceptance/evidence-recovery.test.ts (1 test) 149ms
 ✓ |0| tests/tasks/t12.test.ts (2 tests) 123ms
(node:22481) ExperimentalWarning: SQLite is an experimental feature and might change at any time
(Use `node --trace-warnings ...` to show where the warning was created)
 ✓ |0| packages/storage/test/blob-store.test.ts (5 tests) 76ms
 ✓ |0| tests/security/authority-mutation.test.ts (2 tests) 38ms
 ✓ |0| tests/live-gate/paired-w2-live.test.ts (3 tests) 49ms
(node:22495) ExperimentalWarning: SQLite is an experimental feature and might change at any time
(Use `node --trace-warnings ...` to show where the warning was created)
 ✓ |0| packages/storage/test/sqlite-store.test.ts (5 tests) 50ms
 ✓ |0| tests/security/memory-poisoning.test.ts (2 tests) 32ms
 ✓ |0| packages/kernel/test/directive-capture.test.ts (6 tests) 16ms
 ✓ |0| packages/worker/test/telemetry-economics.test.ts (5 tests) 15ms
 ✓ |0| tests/security/cursor-fuzz.test.ts (1 test) 26ms
 ✓ |0| packages/kernel/test/raw-input.test.ts (5 tests) 20ms
 ✓ |0| packages/pi-adapter/test/runtime-tools.test.ts (6 tests) 15ms
 ✓ |0| tests/tasks/t02.test.ts (6 tests) 27ms
 ✓ |0| packages/worker/test/semantic-proposal.test.ts (6 tests) 29ms
 ✓ |0| packages/kernel/test/claim-ledger.test.ts (9 tests) 18ms
 ✓ |0| packages/kernel/test/action-gate.test.ts (6 tests) 15ms
 ✓ |0| packages/kernel/test/materializer.test.ts (4 tests) 43ms
 ✓ |0| tests/tasks/t05.test.ts (6 tests) 35ms
 ✓ |0| tests/tasks/t16.test.ts (6 tests) 21ms
 ✓ |0| tests/contract/pi-context-hook.test.ts (11 tests) 17ms
 ✓ |0| tests/tasks/t14.test.ts (8 tests) 21ms
 ✓ |0| tests/meta/workspace-layout.test.ts (4 tests) 25ms
 ✓ |0| tests/contract/pi-compaction-takeover.test.ts (4 tests) 17ms
 ✓ |0| tests/release/package-artifact.test.ts (4 tests) 7339ms
   ✓ release package > contains one extension entry, runtime dependencies and no source-private imports  2199ms
   ✓ release package > verifies clean-home extract, uninstall/reinstall, and temporary pi -e entry  1581ms
   ✓ release package > keeps the Node/OS matrix and does not hide unsupported Pi versions  1509ms
   ✓ release package > ships license/security docs and the gate-derived semantic default  2036ms
 ✓ |0| packages/pi-adapter/test/message-conversion.test.ts (5 tests) 3ms
 ✓ |0| packages/kernel/test/continuity-ledger.test.ts (5 tests) 33ms
 ✓ |0| packages/worker/test/generation-fencing.test.ts (6 tests) 14ms
 ✓ |0| tests/tasks/t04.test.ts (7 tests) 16ms
(node:22903) ExperimentalWarning: SQLite is an experimental feature and might change at any time
(Use `node --trace-warnings ...` to show where the warning was created)
 ✓ |0| packages/core/test/directives/segment.test.ts (2 tests) 14ms
 ✓ |0| packages/kernel/test/lease-lifecycle.test.ts (5 tests) 4ms
 ✓ |0| tests/contract/pi-session-lifecycle.test.ts (4 tests) 27ms
 ✓ |0| packages/kernel/test/fts-catalog.test.ts (5 tests) 19ms
 ✓ |0| packages/kernel/test/host-checkpoint-render.test.ts (5 tests) 18ms
 ✓ |0| tests/security/secret-leak.test.ts (1 test) 12ms
 ✓ |0| tests/tasks/t08.test.ts (10 tests) 14ms
 ✓ |0| packages/kernel/test/evidence-admission.test.ts (5 tests) 45ms
 ✓ |0| packages/contracts/test/canonical.test.ts (4 tests) 12ms
 ✓ |0| tests/contract/pi-input-correlation.test.ts (1 test) 13ms
 ✓ |0| tests/tasks/t07.test.ts (9 tests) 6ms
 ✓ |0| packages/runtime/test/saga.test.ts (4 tests) 3ms
 ✓ |0| packages/worker/test/verifier.test.ts (8 tests) 5ms
 ✓ |0| packages/runtime/test/runtime-session.test.ts (2 tests) 2ms
 ✓ |0| packages/kernel/test/checkpoint-candidate.test.ts (6 tests) 5ms
 ✓ |0| tests/compat/pi-version-contract.test.ts (4 tests) 22ms
 ✓ |0| tests/release/deterministic-mvp-gate.test.ts (9 tests) 5ms
 ✓ |0| packages/kernel/test/builtin-reducers.test.ts (5 tests) 4ms
 ✓ |0| packages/kernel/test/shell-reducers.test.ts (6 tests) 20ms
 ✓ |0| packages/kernel/test/convergence.test.ts (5 tests) 3ms
 ✓ |0| tests/contract/pi-tool-call-gate.test.ts (1 test) 3ms
(node:22940) ExperimentalWarning: SQLite is an experimental feature and might change at any time
(Use `node --trace-warnings ...` to show where the warning was created)
 ✓ |0| tests/release/semantic-beta-gate.test.ts (8 tests) 7ms
 ✓ |0| packages/contracts/test/types.test.ts (5 tests) 3ms
 ✓ |0| tests/acceptance/session-registry.test.ts (8 tests) 13ms
 ✓ |0| tests/live-gate/payload-sizing.test.ts (3 tests) 7ms
 ✓ |0| packages/kernel/test/active-suffix.test.ts (5 tests) 6ms
(node:22947) ExperimentalWarning: SQLite is an experimental feature and might change at any time
(Use `node --trace-warnings ...` to show where the warning was created)
 ✓ |0| packages/kernel/test/claim-transitions.test.ts (7 tests) 5ms
 ✓ |0| tests/e2e/packed-install.test.ts (1 test) 13ms
 ✓ |0| packages/kernel/test/exact-read.test.ts (5 tests) 22ms
 ✓ |0| tests/compat/provider-payload-probe.test.ts (3 tests) 3ms
 ✓ |0| packages/kernel/test/token-budget.test.ts (6 tests) 3ms
 ✓ |0| apps/pi-context-runtime/test/package-runtime.test.ts (4 tests) 4ms
 ✓ |0| packages/kernel/test/literal-index.test.ts (5 tests) 5ms
 ✓ |0| tests/security/recovery-fuzz.test.ts (1 test) 2ms
 ✓ |0| packages/kernel/test/proactive-recall.test.ts (5 tests) 7ms
 ✓ |0| tests/contract/pi-capability-probe.test.ts (4 tests) 31ms
 ✓ |0| packages/pi-adapter/test/compaction-result.test.ts (1 test) 2ms
(node:22983) ExperimentalWarning: SQLite is an experimental feature and might change at any time
(Use `node --trace-warnings ...` to show where the warning was created)
 ✓ |0| apps/pi-context-runtime/test/owner.test.ts (4 tests) 4ms
(node:22990) ExperimentalWarning: SQLite is an experimental feature and might change at any time
(Use `node --trace-warnings ...` to show where the warning was created)
 ✓ |0| tests/e2e/pi-factory-entry.test.ts (2 tests) 7ms
 ✓ |0| tests/acceptance/packed-install.test.ts (2 tests) 18244ms
   ✓ packed runtime acceptance > npm packs the runtime and the required patched Pi host loads exact input  14159ms
   ✓ packed runtime acceptance > fails during loading on stock Pi 0.84.4 instead of swallowing input  4083ms
 ✓ |0| tests/tasks/t06.test.ts (9 tests) 25738ms
   ✓ T06 Real npm pack and clean Pi install harness > loads the actual packed tarball in an empty Pi home  8587ms
   ✓ T06 Real npm pack and clean Pi install harness > packs deterministically from the same committed source  2870ms
   ✓ T06 Real npm pack and clean Pi install harness > isolates duplicate probes while preserving their observable contract  8763ms
   ✓ T06 Real npm pack and clean Pi install harness > propagates a non-zero Pi exit and removes the isolated home  1683ms

 Test Files  98 passed (98)
      Tests  500 passed (500)
   Start at  23:45:00
   Duration  26.17s (transform 2.42s, setup 0ms, collect 27.90s, tests 77.09s, environment 38ms, prepare 7.54s)

CHECK_ALL_EXIT:0
 DEPRECATED  The workspace file is deprecated and will be removed in the next major. Please, use the `test.projects` field in the root config file instead.

 RUN  v3.2.4 /Users/luo/Documents/github/pi-context

(node:23490) ExperimentalWarning: SQLite is an experimental feature and might change at any time
(Use `node --trace-warnings ...` to show where the warning was created)
(node:23491) ExperimentalWarning: SQLite is an experimental feature and might change at any time
(Use `node --trace-warnings ...` to show where the warning was created)
 ✓ |0| tests/acceptance/evidence-recovery.test.ts (1 test) 86ms
(node:23492) ExperimentalWarning: SQLite is an experimental feature and might change at any time
(Use `node --trace-warnings ...` to show where the warning was created)
(node:23489) ExperimentalWarning: SQLite is an experimental feature and might change at any time
(Use `node --trace-warnings ...` to show where the warning was created)
(node:23488) ExperimentalWarning: SQLite is an experimental feature and might change at any time
(Use `node --trace-warnings ...` to show where the warning was created)
(node:23493) ExperimentalWarning: SQLite is an experimental feature and might change at any time
(Use `node --trace-warnings ...` to show where the warning was created)
 ✓ |0| tests/acceptance/session-registry.test.ts (8 tests) 13ms
 ✓ |0| tests/acceptance/retrieval-tools.test.ts (1 test) 85ms
 ✓ |0| tests/acceptance/w1-vertical.test.ts (1 test) 92ms
 ✓ |0| tests/acceptance/tool-result-flow.test.ts (3 tests) 340ms
 ✓ |0| tests/acceptance/user-input-flow.test.ts (11 tests) 1131ms
 ✓ |0| tests/acceptance/packed-install.test.ts (2 tests) 13042ms
   ✓ packed runtime acceptance > npm packs the runtime and the required patched Pi host loads exact input  9107ms
   ✓ packed runtime acceptance > fails during loading on stock Pi 0.84.4 instead of swallowing input  3934ms

 Test Files  7 passed (7)
      Tests  27 passed (27)
   Start at  23:45:27
   Duration  13.90s (transform 1.00s, setup 0ms, collect 9.66s, tests 14.79s, environment 3ms, prepare 1.21s)

ACCEPTANCE_EXIT:0
compdef:153: _comps: assignment to invalid subscript range
boundaries: ok
BOUNDARIES_EXIT:0
