
> @ test:unit /Users/luo/Documents/github/pi-context
> vitest run --config vitest.unit.config.ts


 RUN  v3.2.4 /Users/luo/Documents/github/pi-context

(node:20592) ExperimentalWarning: SQLite is an experimental feature and might change at any time
(Use `node --trace-warnings ...` to show where the warning was created)
(node:20590) ExperimentalWarning: SQLite is an experimental feature and might change at any time
(Use `node --trace-warnings ...` to show where the warning was created)
(node:20588) ExperimentalWarning: SQLite is an experimental feature and might change at any time
(Use `node --trace-warnings ...` to show where the warning was created)
 ✓ tests/tasks/t07.test.ts (9 tests) 6ms
(node:20589) ExperimentalWarning: SQLite is an experimental feature and might change at any time
(Use `node --trace-warnings ...` to show where the warning was created)
(node:20595) ExperimentalWarning: SQLite is an experimental feature and might change at any time
(Use `node --trace-warnings ...` to show where the warning was created)
 ✓ tests/tasks/t08.test.ts (10 tests) 13ms
(node:20591) ExperimentalWarning: SQLite is an experimental feature and might change at any time
(Use `node --trace-warnings ...` to show where the warning was created)
(node:20608) ExperimentalWarning: SQLite is an experimental feature and might change at any time
(Use `node --trace-warnings ...` to show where the warning was created)
(node:20596) ExperimentalWarning: SQLite is an experimental feature and might change at any time
(Use `node --trace-warnings ...` to show where the warning was created)
(node:20594) ExperimentalWarning: SQLite is an experimental feature and might change at any time
(Use `node --trace-warnings ...` to show where the warning was created)
 ✓ tests/tasks/t28.test.ts (8 tests) 16ms
 ✓ tests/tasks/t32.test.ts (7 tests) 12ms
 ✓ tests/tasks/t31.test.ts (8 tests) 16ms
 ✓ tests/tasks/t30.test.ts (6 tests) 23ms
 ✓ tests/tasks/t29.test.ts (6 tests) 22ms
 ✓ tests/tasks/t33.test.ts (7 tests) 28ms
 ✓ tests/tasks/t15.test.ts (8 tests) 1256ms
 ✓ tests/tasks/t09.test.ts (13 tests) 1329ms
 ✓ tests/tasks/t21.test.ts (7 tests) 15ms
 ✓ tests/tasks/t26.test.ts (7 tests) 17ms
 ✓ tests/tasks/t54.test.ts (9 tests) 111ms
 ✓ tests/tasks/t38.test.ts (6 tests) 19ms
 ✓ packages/storage-node/test/user-turn-store.test.ts (8 tests) 1718ms
   ✓ workspace user turn ledger > replays capture and link idempotently and rejects payload or host conflicts  385ms
   ✓ workspace user turn ledger > serializes concurrent duplicate captures to one receipt  490ms
 ✓ packages/worker/test/verifier.test.ts (8 tests) 5ms
 ✓ tests/tasks/t13.test.ts (8 tests) 1233ms
 ✓ tests/tasks/t42.test.ts (6 tests) 17ms
 ✓ tests/tasks/t43.test.ts (6 tests) 19ms
 ✓ packages/pi-adapter/test/runtime-tools.test.ts (6 tests) 18ms
 ✓ tests/tasks/t18.test.ts (8 tests) 58ms
 ✓ tests/tasks/t27.test.ts (8 tests) 39ms
 ✓ tests/tasks/t41.test.ts (7 tests) 22ms
 ✓ tests/tasks/t14.test.ts (8 tests) 27ms
 ✓ tests/tasks/t19.test.ts (7 tests) 18ms
(node:20649) ExperimentalWarning: SQLite is an experimental feature and might change at any time
(Use `node --trace-warnings ...` to show where the warning was created)
 ✓ tests/tasks/t37.test.ts (6 tests) 67ms
(node:20752) ExperimentalWarning: SQLite is an experimental feature and might change at any time
(Use `node --trace-warnings ...` to show where the warning was created)
 ✓ tests/tasks/t39.test.ts (7 tests) 20ms
 ✓ tests/tasks/t25.test.ts (9 tests) 19ms
 ✓ tests/contract/pi-context-hook.test.ts (11 tests) 35ms
 ✓ packages/storage-node/test/saga-store.test.ts (14 tests) 2916ms
   ✓ workspace SQLite Saga journal > recovers a host-visible row after an abrupt process exit and replays without mutation  1512ms
 ✓ packages/storage-node/test/sqlite-store.test.ts (6 tests) 135ms
 ✓ packages/worker/test/semantic-proposal.test.ts (6 tests) 33ms
(node:20636) ExperimentalWarning: SQLite is an experimental feature and might change at any time
(Use `node --trace-warnings ...` to show where the warning was created)
 ✓ tests/tasks/t50.test.ts (8 tests) 8ms
 ✓ tests/tasks/t36.test.ts (7 tests) 16ms
 ✓ tests/tasks/t03.test.ts (8 tests) 419ms
 ✓ tests/tasks/t34.test.ts (6 tests) 17ms
 ✓ tests/tasks/t35.test.ts (6 tests) 16ms
 ✓ tests/tasks/t49.test.ts (7 tests) 5ms
 ✓ tests/tasks/t45.test.ts (6 tests) 6ms
 ✓ tests/tasks/t01.test.ts (8 tests) 533ms
 ✓ tests/tasks/t20.test.ts (6 tests) 501ms
 ✓ tests/tasks/t22.test.ts (7 tests) 17ms
 ✓ packages/kernel/test/claim-ledger.test.ts (9 tests) 18ms
 ✓ packages/kernel/test/directive-capture.test.ts (8 tests) 17ms
(node:21142) ExperimentalWarning: SQLite is an experimental feature and might change at any time
(Use `node --trace-warnings ...` to show where the warning was created)
 ✓ tests/tasks/t04.test.ts (7 tests) 16ms
 ✓ packages/storage-node/test/blob-store.test.ts (15 tests) 3922ms
   ✓ encrypted content-addressed blob store > settles concurrent same-content writes on one complete authenticated object  747ms
   ✓ encrypted content-addressed blob store > makes the existing-object fast path durable across independent processes  1552ms
 ✓ packages/kernel/test/active-suffix.test.ts (5 tests) 5ms
 ✓ packages/kernel/test/claim-transitions.test.ts (7 tests) 13ms
 ✓ tests/tasks/t53.test.ts (6 tests) 7ms
 ✓ packages/worker/test/candidate-worker.test.ts (7 tests) 74ms
(node:21238) ExperimentalWarning: SQLite is an experimental feature and might change at any time
(Use `node --trace-warnings ...` to show where the warning was created)
 ✓ tests/tasks/t48.test.ts (6 tests) 7ms
 ✓ tests/release/deterministic-mvp-gate.test.ts (9 tests) 11ms
 ✓ tests/tasks/t17.test.ts (6 tests) 18ms
 ✓ tests/tasks/t00.test.ts (7 tests) 2320ms
   ✓ T00 Freeze audit baseline and immutable evidence > freeze_audit_baseline_and_immutable_evidence  405ms
   ✓ T00 Freeze audit baseline and immutable evidence > rejects a source outside the repository scope  388ms
   ✓ T00 Freeze audit baseline and immutable evidence > rejects an output directory outside the repository scope  491ms
   ✓ T00 Freeze audit baseline and immutable evidence > rejects malformed findings before writing artifacts  303ms
   ✓ T00 Freeze audit baseline and immutable evidence > replays deterministically in independent output directories  329ms
 ✓ tests/tasks/t46.test.ts (6 tests) 4ms
 ✓ tests/e2e/operations.test.ts (6 tests) 245ms
 ✓ packages/kernel/test/materializer.test.ts (4 tests) 33ms
(node:21439) ExperimentalWarning: SQLite is an experimental feature and might change at any time
(Use `node --trace-warnings ...` to show where the warning was created)
 ✓ tests/tasks/t16.test.ts (6 tests) 28ms
 ✓ packages/kernel/test/proactive-recall.test.ts (5 tests) 3ms
 ✓ packages/kernel/test/checkpoint-candidate.test.ts (6 tests) 4ms
(node:21507) ExperimentalWarning: SQLite is an experimental feature and might change at any time
(Use `node --trace-warnings ...` to show where the warning was created)
 ✓ packages/kernel/test/raw-input.test.ts (5 tests) 13ms
 ✓ packages/kernel/test/continuity-ledger.test.ts (5 tests) 13ms
 ✓ tests/tasks/t47.test.ts (6 tests) 6ms
 ✓ tests/tasks/t02.test.ts (6 tests) 15ms
 ✓ tests/tasks/t10.test.ts (4 tests) 373ms
 ✓ tests/tasks/t24.test.ts (7 tests) 10ms
 ✓ tests/e2e/key-rotation-v2-boundary.test.ts (2 tests) 248ms
 ✓ tests/tasks/t23.test.ts (4 tests) 301ms
(node:21520) ExperimentalWarning: SQLite is an experimental feature and might change at any time
(Use `node --trace-warnings ...` to show where the warning was created)
 ✓ tests/tasks/t44.test.ts (6 tests) 9ms
 ✓ packages/kernel/test/action-gate.test.ts (6 tests) 24ms
 ✓ tests/tasks/t40.test.ts (7 tests) 4ms
 ✓ packages/kernel/test/reducer-registry.test.ts (5 tests) 62ms
 ✓ tests/tasks/t11.test.ts (2 tests) 90ms
 ✓ tests/release/semantic-beta-gate.test.ts (8 tests) 5ms
 ✓ packages/runtime/test/saga.test.ts (4 tests) 7ms
 ✓ packages/core/test/compaction/checkpoint.test.ts (2 tests) 13ms
 ✓ packages/kernel/test/host-checkpoint-render.test.ts (5 tests) 14ms
(node:21541) ExperimentalWarning: SQLite is an experimental feature and might change at any time
(Use `node --trace-warnings ...` to show where the warning was created)
 ✓ tests/tasks/t51.test.ts (6 tests) 14ms
 ✓ packages/benchmark/test/report.test.ts (4 tests) 5ms
 ✓ packages/runtime/test/compaction/snapshot.test.ts (2 tests) 11ms
 ✓ packages/runtime/test/runtime-session.test.ts (2 tests) 2ms
 ✓ packages/worker/test/telemetry-economics.test.ts (5 tests) 18ms
 ✓ tests/contract/pi-tool-result-order.test.ts (1 test) 157ms
 ✓ apps/pi-context-runtime/test/package-runtime.test.ts (4 tests) 3ms
 ✓ packages/kernel/test/lease-lifecycle.test.ts (5 tests) 5ms
 ✓ packages/worker/test/generation-fencing.test.ts (6 tests) 16ms
(node:21560) ExperimentalWarning: SQLite is an experimental feature and might change at any time
(Use `node --trace-warnings ...` to show where the warning was created)
(node:21559) ExperimentalWarning: SQLite is an experimental feature and might change at any time
(Use `node --trace-warnings ...` to show where the warning was created)
(node:21562) ExperimentalWarning: SQLite is an experimental feature and might change at any time
(Use `node --trace-warnings ...` to show where the warning was created)
 ✓ packages/kernel/test/exact-read.test.ts (5 tests) 12ms
 ✓ packages/kernel/test/fts-catalog.test.ts (5 tests) 14ms
(node:21567) ExperimentalWarning: SQLite is an experimental feature and might change at any time
(Use `node --trace-warnings ...` to show where the warning was created)
 ✓ packages/storage/test/blob-store.test.ts (5 tests) 119ms
 ✓ tests/tasks/t12.test.ts (2 tests) 135ms
 ✓ tests/tasks/t05.test.ts (6 tests) 56ms
 ✓ packages/kernel/test/raw-capture.test.ts (5 tests) 152ms
 ✓ packages/pi-adapter/test/message-conversion.test.ts (6 tests) 15ms
 ✓ tests/w2-gate/head-to-head.test.ts (3 tests) 2220ms
   ✓ W2 Compactor Head-to-head Gate > evaluates live PCR B1/B2 against synthetic B0 and writes a machine-readable report  2214ms
 ✓ packages/kernel/test/evidence-admission.test.ts (5 tests) 17ms
 ✓ packages/kernel/test/token-budget.test.ts (6 tests) 3ms
 ✓ tests/contract/pi-compaction-takeover.test.ts (4 tests) 15ms
(node:21582) ExperimentalWarning: SQLite is an experimental feature and might change at any time
(Use `node --trace-warnings ...` to show where the warning was created)
 ✓ packages/core/test/materialization/materializer.test.ts (1 test) 11ms
 ✓ packages/kernel/test/literal-index.test.ts (5 tests) 3ms
 ✓ packages/storage/test/sqlite-store.test.ts (5 tests) 70ms
 ✓ packages/kernel/test/convergence.test.ts (5 tests) 3ms
 ✓ tests/w1-gate/early-net-value.test.ts (3 tests) 1343ms
   ✓ W1 Early Net Value Gate > evaluates live PCR arms and writes a machine-readable report  1338ms
 ✓ packages/kernel/test/shell-reducers.test.ts (6 tests) 8ms
(node:21590) ExperimentalWarning: SQLite is an experimental feature and might change at any time
(Use `node --trace-warnings ...` to show where the warning was created)
 ✓ packages/core/test/materialization/cache.test.ts (1 test) 10ms
 ✓ tests/security/authority.test.ts (3 tests) 11ms
 ✓ packages/storage/test/saga-recovery.test.ts (7 tests) 152ms
 ✓ tests/contract/pi-capability-probe.test.ts (4 tests) 3ms
 ✓ packages/kernel/test/builtin-reducers.test.ts (5 tests) 4ms
 ✓ tests/contract/pi-session-lifecycle.test.ts (4 tests) 13ms
 ✓ tests/performance/token-accounting.test.ts (1 test) 10ms
(node:21570) ExperimentalWarning: SQLite is an experimental feature and might change at any time
(Use `node --trace-warnings ...` to show where the warning was created)
 ✓ packages/runtime/test/semantic/port.test.ts (1 test) 12ms
 ✓ tests/e2e/pi-factory-entry.test.ts (2 tests) 5ms
 ✓ packages/core/test/reducers/production.test.ts (4 tests) 3ms
 ✓ packages/core/test/continuity/reduce.test.ts (2 tests) 12ms
 ✓ packages/core/test/directives/segment.test.ts (2 tests) 13ms
 ✓ packages/contracts/test/types.test.ts (5 tests) 2ms
 ✓ packages/core/test/directives/extract.test.ts (1 test) 15ms
 ✓ tests/performance/lanes.test.ts (2 tests) 3ms
 ✓ tests/audit/current-baseline.test.ts (3 tests) 1080ms
   ✓ current audit baseline freeze > two clean-tree freezes produce the same digest  596ms
 ✓ tests/meta/workspace-layout.test.ts (4 tests) 42ms
(node:21592) ExperimentalWarning: SQLite is an experimental feature and might change at any time
(Use `node --trace-warnings ...` to show where the warning was created)
 ✓ packages/core/test/verifier/semantic.test.ts (1 test) 14ms
 ✓ tests/e2e/packed-install.test.ts (1 test) 20ms
 ✓ packages/benchmark/test/oracle.test.ts (3 tests) 3ms
 ✓ packages/contracts/test/canonical.test.ts (4 tests) 33ms
 ✓ tests/ci/lane-selection.test.ts (2 tests) 9ms
 ✓ packages/runtime/test/semantic/proposer.test.ts (1 test) 12ms
 ✓ tests/performance/economics.test.ts (1 test) 2ms
 ✓ tests/security/authority-mutation.test.ts (2 tests) 41ms
 ✓ tests/contract/pi-input-correlation.test.ts (1 test) 13ms
 ✓ tests/e2e/jiti-candidate-load.test.ts (1 test) 415ms
   ✓ jiti candidate load > loads buildDeterministicCheckpointCandidate through Pi's jiti  414ms
 ✓ tests/security/memory-poisoning.test.ts (2 tests) 36ms
 ✓ tests/security/secret-leak.test.ts (1 test) 17ms
(node:21682) ExperimentalWarning: SQLite is an experimental feature and might change at any time
(Use `node --trace-warnings ...` to show where the warning was created)
(node:21684) ExperimentalWarning: SQLite is an experimental feature and might change at any time
(Use `node --trace-warnings ...` to show where the warning was created)
 ✓ tests/fault/overflow-lane.test.ts (1 test) 3ms
 ✓ apps/pi-context-runtime/test/owner.test.ts (4 tests) 4ms
 ✓ packages/core/test/retrieval/proactive.test.ts (1 test) 11ms
 ✓ packages/benchmark/test/statistics.test.ts (1 test) 2ms
 ✓ packages/runtime/test/background/candidates.test.ts (1 test) 15ms
 ✓ packages/benchmark/test/trace.test.ts (1 test) 16ms
 ✓ packages/benchmark/test/scoring/integrity.test.ts (1 test) 2ms
 ✓ packages/pi-adapter/test/message-codec.test.ts (1 test) 12ms
 ✓ packages/pi-adapter/test/compaction-result.test.ts (1 test) 2ms
 ✓ tests/ci/protection.test.ts (2 tests) 7ms
 ✓ packages/core/test/directives/temporal.test.ts (2 tests) 2ms
 ✓ tests/release/manifest-policy.test.ts (1 test) 1ms
 ✓ tests/security/cursor-fuzz.test.ts (1 test) 31ms
 ✓ tests/security/recovery-fuzz.test.ts (1 test) 2ms
 ✓ tests/ci/finding-closure.test.ts (2 tests) 346ms
 ✓ tests/contract/pi-tool-call-gate.test.ts (1 test) 2ms
 ✓ tests/release/package-artifact.test.ts (4 tests) 3102ms
   ✓ release package > contains one extension entry, runtime dependencies and no source-private imports  1323ms
   ✓ release package > verifies clean-home extract, uninstall/reinstall, and temporary pi -e entry  551ms
   ✓ release package > keeps the Node/OS matrix and does not hide unsupported Pi versions  647ms
   ✓ release package > ships license/security docs and the gate-derived semantic default  579ms

 Test Files  149 passed (149)
      Tests  737 passed (737)
   Start at  17:44:47
   Duration  13.24s (transform 3.28s, setup 0ms, collect 31.79s, tests 28.77s, environment 26ms, prepare 10.03s)

