
> @ test:unit /Users/luo/Documents/github/pi-context
> vitest run --config vitest.unit.config.ts


 RUN  v3.2.4 /Users/luo/Documents/github/pi-context

(node:88081) ExperimentalWarning: SQLite is an experimental feature and might change at any time
(Use `node --trace-warnings ...` to show where the warning was created)
(node:88077) ExperimentalWarning: SQLite is an experimental feature and might change at any time
(Use `node --trace-warnings ...` to show where the warning was created)
(node:88082) ExperimentalWarning: SQLite is an experimental feature and might change at any time
(Use `node --trace-warnings ...` to show where the warning was created)
(node:88076) ExperimentalWarning: SQLite is an experimental feature and might change at any time
(Use `node --trace-warnings ...` to show where the warning was created)
(node:88075) ExperimentalWarning: SQLite is an experimental feature and might change at any time
(Use `node --trace-warnings ...` to show where the warning was created)
(node:88083) ExperimentalWarning: SQLite is an experimental feature and might change at any time
(Use `node --trace-warnings ...` to show where the warning was created)
 ✓ tests/w1-gate/early-net-value.test.ts (3 tests) 1838ms
   ✓ W1 Early Net Value Gate > evaluates live PCR arms and writes a machine-readable report  1834ms
 ✓ tests/w2-gate/head-to-head.test.ts (3 tests) 1965ms
   ✓ W2 Compactor Head-to-head Gate > evaluates live PCR B1/B2 against synthetic B0 and writes a machine-readable report  1960ms
(node:88997) ExperimentalWarning: SQLite is an experimental feature and might change at any time
(Use `node --trace-warnings ...` to show where the warning was created)
(node:88974) ExperimentalWarning: SQLite is an experimental feature and might change at any time
(Use `node --trace-warnings ...` to show where the warning was created)
 ✓ tests/tasks/t00.test.ts (7 tests) 2362ms
   ✓ T00 Freeze audit baseline and immutable evidence > rejects malformed findings before writing artifacts  576ms
   ✓ T00 Freeze audit baseline and immutable evidence > does not leave partial artifacts when an input disappears  563ms
   ✓ T00 Freeze audit baseline and immutable evidence > replays deterministically in independent output directories  544ms
 ✓ tests/tasks/t09.test.ts (13 tests) 1791ms
   ✓ T09 Per-workspace SQLite schema and migrations > isolates workspaces physically and does not disclose cross-workspace ids  330ms
 ✓ packages/storage-node/test/user-turn-store.test.ts (8 tests) 1973ms
   ✓ workspace user turn ledger > replays capture and link idempotently and rejects payload or host conflicts  457ms
   ✓ workspace user turn ledger > serializes concurrent duplicate captures to one receipt  420ms
 ✓ tests/tasks/t13.test.ts (8 tests) 1522ms
   ✓ T13 Real Pi tool_result ingress > writes raw bytes before returning the compact tool result  329ms
   ✓ T13 Real Pi tool_result ingress > is idempotent for duplicate tool_result ingest  308ms
   ✓ T13 Real Pi tool_result ingress > replays equal results across two independent runs of the same event  303ms
(node:89175) ExperimentalWarning: SQLite is an experimental feature and might change at any time
(Use `node --trace-warnings ...` to show where the warning was created)
 ✓ tests/e2e/operations.test.ts (6 tests) 487ms
 ✓ tests/tasks/t15.test.ts (8 tests) 635ms
(node:89187) ExperimentalWarning: SQLite is an experimental feature and might change at any time
(Use `node --trace-warnings ...` to show where the warning was created)
 ✓ tests/tasks/t01.test.ts (8 tests) 407ms
 ✓ packages/storage-node/test/sqlite-store.test.ts (6 tests) 86ms
 ✓ tests/audit/current-baseline.test.ts (3 tests) 599ms
   ✓ current audit baseline freeze > two clean-tree freezes produce the same digest  322ms
(node:89411) ExperimentalWarning: SQLite is an experimental feature and might change at any time
(Use `node --trace-warnings ...` to show where the warning was created)
(node:89174) ExperimentalWarning: SQLite is an experimental feature and might change at any time
(Use `node --trace-warnings ...` to show where the warning was created)
 ✓ tests/e2e/jiti-candidate-load.test.ts (1 test) 280ms
(node:89505) ExperimentalWarning: SQLite is an experimental feature and might change at any time
(Use `node --trace-warnings ...` to show where the warning was created)
(node:89569) ExperimentalWarning: SQLite is an experimental feature and might change at any time
(Use `node --trace-warnings ...` to show where the warning was created)
 ✓ tests/e2e/key-rotation-v2-boundary.test.ts (2 tests) 210ms
 ✓ tests/tasks/t10.test.ts (4 tests) 332ms
 ✓ tests/tasks/t23.test.ts (4 tests) 460ms
 ✓ tests/tasks/t33.test.ts (7 tests) 36ms
 ✓ tests/tasks/t20.test.ts (6 tests) 611ms
 ✓ tests/tasks/t03.test.ts (8 tests) 378ms
 ✓ packages/storage-node/test/saga-store.test.ts (14 tests) 3590ms
   ✓ workspace SQLite Saga journal > recovers a host-visible row after an abrupt process exit and replays without mutation  1774ms
(node:89894) ExperimentalWarning: SQLite is an experimental feature and might change at any time
(Use `node --trace-warnings ...` to show where the warning was created)
 ✓ packages/storage/test/saga-recovery.test.ts (7 tests) 519ms
(node:89895) ExperimentalWarning: SQLite is an experimental feature and might change at any time
(Use `node --trace-warnings ...` to show where the warning was created)
 ✓ packages/worker/test/candidate-worker.test.ts (7 tests) 67ms
(node:89902) ExperimentalWarning: SQLite is an experimental feature and might change at any time
(Use `node --trace-warnings ...` to show where the warning was created)
(node:89903) ExperimentalWarning: SQLite is an experimental feature and might change at any time
(Use `node --trace-warnings ...` to show where the warning was created)
 ✓ tests/tasks/t11.test.ts (2 tests) 192ms
 ✓ tests/tasks/t12.test.ts (2 tests) 166ms
(node:89907) ExperimentalWarning: SQLite is an experimental feature and might change at any time
(Use `node --trace-warnings ...` to show where the warning was created)
(node:89908) ExperimentalWarning: SQLite is an experimental feature and might change at any time
(Use `node --trace-warnings ...` to show where the warning was created)
 ✓ tests/ci/finding-closure.test.ts (2 tests) 286ms
 ✓ tests/meta/workspace-layout.test.ts (4 tests) 18ms
 ✓ packages/storage/test/sqlite-store.test.ts (5 tests) 298ms
 ✓ tests/contract/pi-tool-result-order.test.ts (1 test) 141ms
 ✓ packages/kernel/test/raw-capture.test.ts (5 tests) 336ms
 ✓ packages/storage-node/test/blob-store.test.ts (15 tests) 4181ms
   ✓ encrypted content-addressed blob store > settles concurrent same-content writes on one complete authenticated object  693ms
   ✓ encrypted content-addressed blob store > makes the existing-object fast path durable across independent processes  1706ms
 ✓ tests/tasks/t37.test.ts (6 tests) 237ms
(node:90240) ExperimentalWarning: SQLite is an experimental feature and might change at any time
(Use `node --trace-warnings ...` to show where the warning was created)
 ✓ packages/kernel/test/reducer-registry.test.ts (5 tests) 63ms
 ✓ tests/security/authority-mutation.test.ts (2 tests) 44ms
 ✓ packages/storage/test/blob-store.test.ts (5 tests) 68ms
 ✓ tests/tasks/t41.test.ts (7 tests) 23ms
 ✓ tests/tasks/t43.test.ts (6 tests) 13ms
(node:90279) ExperimentalWarning: SQLite is an experimental feature and might change at any time
(Use `node --trace-warnings ...` to show where the warning was created)
 ✓ tests/tasks/t39.test.ts (7 tests) 38ms
 ✓ tests/fault/recovery.test.ts (1 test) 79ms
(node:89926) ExperimentalWarning: SQLite is an experimental feature and might change at any time
(Use `node --trace-warnings ...` to show where the warning was created)
 ✓ tests/tasks/t05.test.ts (6 tests) 37ms
 ✓ tests/tasks/t14.test.ts (8 tests) 15ms
 ✓ tests/tasks/t28.test.ts (8 tests) 55ms
 ✓ tests/tasks/t25.test.ts (9 tests) 16ms
 ✓ tests/tasks/t27.test.ts (8 tests) 30ms
 ✓ packages/core/test/retrieval/proactive.test.ts (1 test) 10ms
(node:90102) ExperimentalWarning: SQLite is an experimental feature and might change at any time
(Use `node --trace-warnings ...` to show where the warning was created)
 ✓ packages/kernel/test/claim-ledger.test.ts (9 tests) 17ms
(node:90298) ExperimentalWarning: SQLite is an experimental feature and might change at any time
(Use `node --trace-warnings ...` to show where the warning was created)
 ✓ tests/tasks/t32.test.ts (7 tests) 114ms
 ✓ packages/kernel/test/materializer.test.ts (4 tests) 16ms
 ✓ tests/tasks/t22.test.ts (7 tests) 15ms
(node:90273) ExperimentalWarning: SQLite is an experimental feature and might change at any time
(Use `node --trace-warnings ...` to show where the warning was created)
 ✓ packages/kernel/test/fts-catalog.test.ts (5 tests) 12ms
 ✓ tests/tasks/t19.test.ts (7 tests) 16ms
 ✓ tests/tasks/t18.test.ts (8 tests) 28ms
 ✓ tests/tasks/t31.test.ts (8 tests) 91ms
 ✓ packages/worker/test/generation-fencing.test.ts (6 tests) 14ms
 ✓ packages/core/test/directives/segment.test.ts (2 tests) 19ms
 ✓ tests/tasks/t54.test.ts (9 tests) 15ms
 ✓ tests/security/authority.test.ts (3 tests) 13ms
 ✓ tests/tasks/t04.test.ts (7 tests) 18ms
 ✓ tests/release/package-artifact.test.ts (4 tests) 5222ms
   ✓ release package > contains one extension entry, runtime dependencies and no source-private imports  1223ms
   ✓ release package > verifies clean-home extract, uninstall/reinstall, and temporary pi -e entry  1610ms
   ✓ release package > keeps the Node/OS matrix and does not hide unsupported Pi versions  881ms
   ✓ release package > ships license/security docs and the gate-derived semantic default  1506ms
 ✓ tests/security/cursor-fuzz.test.ts (1 test) 26ms
 ✓ packages/kernel/test/raw-input.test.ts (5 tests) 15ms
 ✓ tests/tasks/t17.test.ts (6 tests) 25ms
 ✓ tests/tasks/t02.test.ts (6 tests) 41ms
 ✓ packages/kernel/test/directive-capture.test.ts (8 tests) 14ms
 ✓ packages/worker/test/semantic-proposal.test.ts (6 tests) 24ms
 ✓ tests/tasks/t35.test.ts (6 tests) 15ms
 ✓ tests/tasks/t29.test.ts (6 tests) 34ms
 ✓ tests/tasks/t30.test.ts (6 tests) 37ms
 ✓ tests/tasks/t16.test.ts (6 tests) 17ms
 ✓ tests/tasks/t38.test.ts (6 tests) 18ms
 ✓ tests/security/secret-leak.test.ts (1 test) 11ms
 ✓ tests/contract/pi-compaction-takeover.test.ts (4 tests) 14ms
 ✓ tests/tasks/t34.test.ts (6 tests) 17ms
 ✓ packages/kernel/test/evidence-admission.test.ts (5 tests) 11ms
(node:90652) ExperimentalWarning: SQLite is an experimental feature and might change at any time
(Use `node --trace-warnings ...` to show where the warning was created)
 ✓ packages/runtime/test/state-store.test.ts (1 test) 45ms
 ✓ tests/contract/pi-context-hook.test.ts (11 tests) 21ms
 ✓ tests/security/memory-poisoning.test.ts (2 tests) 23ms
(node:90659) ExperimentalWarning: SQLite is an experimental feature and might change at any time
(Use `node --trace-warnings ...` to show where the warning was created)
 ✓ packages/pi-adapter/test/message-conversion.test.ts (6 tests) 13ms
 ✓ tests/tasks/t36.test.ts (7 tests) 14ms
 ✓ tests/security/scope-isolation.test.ts (1 test) 21ms
 ✓ tests/tasks/t21.test.ts (7 tests) 17ms
 ✓ packages/kernel/test/continuity-ledger.test.ts (5 tests) 20ms
(node:90672) ExperimentalWarning: SQLite is an experimental feature and might change at any time
(Use `node --trace-warnings ...` to show where the warning was created)
 ✓ tests/tasks/t26.test.ts (7 tests) 15ms
 ✓ packages/core/test/verifier/semantic.test.ts (1 test) 13ms
 ✓ tests/contract/pi-session-lifecycle.test.ts (4 tests) 14ms
 ✓ packages/core/test/directives/extract.test.ts (1 test) 14ms
 ✓ packages/runtime/test/runtime-snapshot.test.ts (1 test) 19ms
 ✓ tests/tasks/t42.test.ts (6 tests) 14ms
(node:90546) ExperimentalWarning: SQLite is an experimental feature and might change at any time
(Use `node --trace-warnings ...` to show where the warning was created)
 ✓ packages/runtime/test/background/candidates.test.ts (1 test) 10ms
 ✓ tests/e2e/packed-install.test.ts (1 test) 17ms
 ✓ packages/pi-adapter/test/runtime-tools.test.ts (6 tests) 16ms
 ✓ tests/contract/pi-input-correlation.test.ts (1 test) 10ms
 ✓ packages/core/test/compaction/checkpoint.test.ts (2 tests) 20ms
 ✓ packages/kernel/test/host-checkpoint-render.test.ts (5 tests) 25ms
 ✓ packages/contracts/test/canonical.test.ts (4 tests) 20ms
 ✓ packages/worker/test/telemetry-economics.test.ts (5 tests) 11ms
 ✓ packages/core/test/continuity/reduce.test.ts (2 tests) 11ms
 ✓ packages/core/test/materialization/materializer.test.ts (1 test) 11ms
 ✓ tests/tasks/t08.test.ts (10 tests) 7ms
 ✓ packages/kernel/test/action-gate.test.ts (6 tests) 21ms
 ✓ packages/core/test/materialization/cache.test.ts (2 tests) 12ms
 ✓ packages/runtime/test/semantic/proposer.test.ts (1 test) 11ms
 ✓ packages/runtime/test/compaction/snapshot.test.ts (2 tests) 11ms
 ✓ packages/runtime/test/semantic/port.test.ts (1 test) 12ms
 ✓ packages/core/test/directives/temporal.test.ts (4 tests) 10ms
 ✓ packages/pi-adapter/test/message-codec.test.ts (1 test) 10ms
 ✓ packages/benchmark/test/trace.test.ts (1 test) 11ms
 ✓ tests/performance/token-accounting.test.ts (1 test) 11ms
 ✓ packages/worker/test/verifier.test.ts (8 tests) 8ms
 ✓ tests/tasks/t47.test.ts (6 tests) 6ms
 ✓ packages/benchmark/test/report.test.ts (4 tests) 5ms
 ✓ tests/tasks/t07.test.ts (9 tests) 6ms
 ✓ packages/kernel/test/literal-index.test.ts (5 tests) 5ms
 ✓ tests/tasks/t50.test.ts (8 tests) 6ms
 ✓ tests/tasks/t48.test.ts (6 tests) 4ms
 ✓ tests/tasks/t49.test.ts (7 tests) 8ms
 ✓ tests/ci/lane-selection.test.ts (2 tests) 4ms
 ✓ tests/release/deterministic-mvp-gate.test.ts (9 tests) 6ms
 ✓ packages/kernel/test/active-suffix.test.ts (5 tests) 11ms
 ✓ tests/tasks/t53.test.ts (6 tests) 9ms
 ✓ packages/kernel/test/checkpoint-candidate.test.ts (6 tests) 3ms
 ✓ tests/tasks/t51.test.ts (6 tests) 6ms
 ✓ tests/tasks/t45.test.ts (6 tests) 5ms
 ✓ packages/runtime/test/saga.test.ts (4 tests) 3ms
 ✓ packages/kernel/test/shell-reducers.test.ts (6 tests) 3ms
 ✓ packages/contracts/test/types.test.ts (5 tests) 2ms
 ✓ tests/tasks/t46.test.ts (6 tests) 4ms
 ✓ tests/tasks/t40.test.ts (7 tests) 6ms
 ✓ tests/tasks/t44.test.ts (6 tests) 4ms
 ✓ packages/kernel/test/token-budget.test.ts (6 tests) 2ms
 ✓ packages/kernel/test/claim-transitions.test.ts (7 tests) 4ms
 ✓ packages/kernel/test/lease-lifecycle.test.ts (5 tests) 4ms
 ✓ tests/tasks/t24.test.ts (7 tests) 15ms
 ✓ packages/kernel/test/builtin-reducers.test.ts (5 tests) 3ms
 ✓ packages/core/test/reducers/production.test.ts (4 tests) 3ms
 ✓ tests/contract/pi-capability-probe.test.ts (4 tests) 2ms
 ✓ tests/ci/protection.test.ts (2 tests) 5ms
 ✓ packages/kernel/test/exact-read.test.ts (5 tests) 3ms
 ✓ packages/core/test/budget/route-budget.test.ts (3 tests) 3ms
 ✓ apps/pi-context-runtime/test/package-runtime.test.ts (4 tests) 3ms
 ✓ tests/release/semantic-beta-gate.test.ts (8 tests) 3ms
 ✓ packages/kernel/test/convergence.test.ts (5 tests) 4ms
 ✓ packages/kernel/test/proactive-recall.test.ts (5 tests) 3ms
 ✓ packages/core/test/security/outcome.test.ts (2 tests) 2ms
 ✓ tests/performance/lanes.test.ts (2 tests) 4ms
 ✓ packages/runtime/test/evidence-catalog.test.ts (1 test) 4ms
 ✓ packages/benchmark/test/oracle.test.ts (3 tests) 2ms
 ✓ packages/runtime/test/runtime-session.test.ts (3 tests) 3ms
 ✓ packages/runtime/test/user-turn-retention.test.ts (1 test) 2ms
(node:90758) ExperimentalWarning: SQLite is an experimental feature and might change at any time
(Use `node --trace-warnings ...` to show where the warning was created)
 ✓ tests/e2e/pi-factory-entry.test.ts (2 tests) 5ms
 ✓ packages/pi-adapter/test/compaction-result.test.ts (1 test) 2ms
 ✓ tests/fault/overflow-lane.test.ts (1 test) 3ms
(node:90766) ExperimentalWarning: SQLite is an experimental feature and might change at any time
(Use `node --trace-warnings ...` to show where the warning was created)
 ✓ packages/benchmark/test/statistics.test.ts (1 test) 2ms
 ✓ packages/runtime/test/proactive-recall.test.ts (1 test) 2ms
 ✓ apps/pi-context-runtime/test/owner.test.ts (4 tests) 5ms
 ✓ packages/benchmark/test/scoring/integrity.test.ts (1 test) 5ms
 ✓ packages/runtime/test/compaction-merge.test.ts (1 test) 2ms
 ✓ tests/release/manifest-policy.test.ts (1 test) 2ms
 ✓ tests/security/recovery-fuzz.test.ts (1 test) 2ms
 ✓ tests/performance/economics.test.ts (1 test) 1ms
 ✓ tests/contract/pi-tool-call-gate.test.ts (1 test) 2ms

 Test Files  159 passed (159)
      Tests  754 passed (754)
   Start at  20:37:08
   Duration  10.88s (transform 2.73s, setup 0ms, collect 27.36s, tests 33.17s, environment 29ms, prepare 9.08s)



> @ test:integration /Users/luo/Documents/github/pi-context
> vitest run --config vitest.integration.config.ts


 RUN  v3.2.4 /Users/luo/Documents/github/pi-context

(node:90905) ExperimentalWarning: SQLite is an experimental feature and might change at any time
(Use `node --trace-warnings ...` to show where the warning was created)
(node:90903) ExperimentalWarning: SQLite is an experimental feature and might change at any time
(Use `node --trace-warnings ...` to show where the warning was created)
(node:90904) ExperimentalWarning: SQLite is an experimental feature and might change at any time
(Use `node --trace-warnings ...` to show where the warning was created)
(node:90901) ExperimentalWarning: SQLite is an experimental feature and might change at any time
(Use `node --trace-warnings ...` to show where the warning was created)
(node:90898) ExperimentalWarning: SQLite is an experimental feature and might change at any time
(Use `node --trace-warnings ...` to show where the warning was created)
(node:90899) ExperimentalWarning: SQLite is an experimental feature and might change at any time
(Use `node --trace-warnings ...` to show where the warning was created)
(node:90900) ExperimentalWarning: SQLite is an experimental feature and might change at any time
(Use `node --trace-warnings ...` to show where the warning was created)
 ✓ tests/acceptance/evidence-recovery.test.ts (1 test) 148ms
 ✓ tests/live/w1-paired.test.ts (1 test) 155ms
(node:90902) ExperimentalWarning: SQLite is an experimental feature and might change at any time
(Use `node --trace-warnings ...` to show where the warning was created)
(node:90906) ExperimentalWarning: SQLite is an experimental feature and might change at any time
(Use `node --trace-warnings ...` to show where the warning was created)
 ✓ tests/acceptance/context-hook.test.ts (2 tests) 131ms
 ✓ tests/live/closed-loop.test.ts (1 test) 27ms
 ✓ tests/acceptance/retrieval-tools.test.ts (1 test) 197ms
 ✓ tests/live/w2-paired.test.ts (1 test) 35ms
 ✓ tests/acceptance/product-runtime-path.test.ts (2 tests) 451ms
 ✓ tests/acceptance/tool-result-flow.test.ts (3 tests) 524ms
 ✓ tests/live/reader-ceiling.test.ts (1 test) 2ms
 ✓ tests/acceptance/w1-vertical.test.ts (1 test) 137ms
 ✓ tests/acceptance/restart-branch-recovery.test.ts (1 test) 12ms
 ✓ tests/acceptance/hermetic-models.test.ts (3 tests) 11ms
 ✓ tests/acceptance/deterministic-mvp.test.ts (1 test) 174ms
 ✓ tests/acceptance/recursive-compaction.test.ts (1 test) 25ms
 ✓ tests/acceptance/compaction-fallback.test.ts (1 test) 1ms
 ✓ tests/acceptance/extension-one-root.test.ts (2 tests) 2ms
 ✓ tests/acceptance/user-input-flow.test.ts (11 tests) 1366ms
   ✓ exact user input flow on the patched Pi 0.84.4 AgentSession > is reachable through the only packaged product extension entry  311ms
(node:90945) ExperimentalWarning: SQLite is an experimental feature and might change at any time
(Use `node --trace-warnings ...` to show where the warning was created)
 ✓ tests/acceptance/session-registry.test.ts (8 tests) 11ms
(node:90950) ExperimentalWarning: SQLite is an experimental feature and might change at any time
(Use `node --trace-warnings ...` to show where the warning was created)
 ✓ tests/acceptance/multi-session-registry.test.ts (1 test) 6ms
(node:90955) ExperimentalWarning: SQLite is an experimental feature and might change at any time
(Use `node --trace-warnings ...` to show where the warning was created)
 ✓ tests/acceptance/scope-failure.test.ts (2 tests) 4ms

 Test Files  20 passed (20)
      Tests  45 passed (45)
   Start at  20:37:20
   Duration  2.89s (transform 1.15s, setup 0ms, collect 13.23s, tests 3.42s, environment 2ms, prepare 1.19s)

