
 RUN  v3.2.4 /Users/luo/Documents/github/pi-context

 ❯ test/host/stock-loader.test.ts (1 test | 1 failed) 6ms
   × T01 stock loader on official Pi 0.85.1 > rejects PCR patches and loads the packed plugin via DefaultResourceLoader 5ms
     → expected undefined to be 'pi-context' // Object.is equality

⎯⎯⎯⎯⎯⎯⎯ Failed Tests 1 ⎯⎯⎯⎯⎯⎯⎯

 FAIL  test/host/stock-loader.test.ts > T01 stock loader on official Pi 0.85.1 > rejects PCR patches and loads the packed plugin via DefaultResourceLoader
AssertionError: expected undefined to be 'pi-context' // Object.is equality

- Expected: 
"pi-context"

+ Received: 
undefined

 ❯ test/host/stock-loader.test.ts:33:27
     31|     };
     32|     expect(manifest.private).toBe(true);
     33|     expect(manifest.name).toBe("pi-context");
       |                           ^
     34|     expect(manifest.version).toBe("5.0.0-dev.0");
     35|     expect(manifest.patchedDependencies).toBeUndefined();

⎯⎯⎯⎯⎯⎯⎯⎯⎯⎯⎯⎯⎯⎯⎯⎯⎯⎯⎯⎯⎯⎯⎯⎯[1/1]⎯


 Test Files  1 failed (1)
      Tests  1 failed (1)
   Start at  11:36:48
   Duration  664ms (transform 52ms, setup 0ms, collect 44ms, tests 6ms, environment 0ms, prepare 137ms)

