npm notice
npm notice New major version of npm available! 10.9.3 -> 12.0.2
npm notice Changelog: https://github.com/npm/cli/releases/tag/v12.0.2
npm notice To update run: npm install -g npm@12.0.2
npm notice
(node:64845) ExperimentalWarning: SQLite is an experimental feature and might change at any time
(Use `node --trace-warnings ...` to show where the warning was created)
{
  "status": "passed",
  "note": "model called pctx_history and returned the nonce after native compact",
  "historyCalled": true,
  "nonceInOutput": true,
  "recoveryPathProven": true,
  "compact": {
    "ok": true,
    "summaryChars": 1497
  },
  "isolation": {
    "proven": false,
    "reason": "isolation-unproven"
  }
}
