node=v22.19.0
commit=d1c2b51a86cc3a098a7a1db77ce6e2de586b3acf
pi=0.85.1
pi_pkg_version 0.85.1
pi_gitHead None
pi_name @earendil-works/pi-coding-agent

 RUN  v3.2.4 /Users/luo/Documents/github/pi-context

(node:50355) ExperimentalWarning: SQLite is an experimental feature and might change at any time
(Use `node --trace-warnings ...` to show where the warning was created)
npm notice
npm notice New major version of npm available! 10.9.3 -> 12.0.2
npm notice Changelog: https://github.com/npm/cli/releases/tag/v12.0.2
npm notice To update run: npm install -g npm@12.0.2
npm notice
 ✓ test/packed/install.test.ts (4 tests) 7806ms
   ✓ T19 packed install > packed dist has no PCR ingress contract or tests  874ms
   ✓ T19 packed install > official Pi extracts the npm tarball to dist/extension.js, then load/task/compact/resume/uninstall  6929ms

 Test Files  1 passed (1)
      Tests  4 passed (4)
   Start at  12:44:41
   Duration  8.17s (transform 94ms, setup 0ms, collect 126ms, tests 7.81s, environment 0ms, prepare 46ms)

PACKED_EXIT=0
