
> @ check:all /Users/luo/Documents/github/pi-context
> pnpm check:boundaries && pnpm typecheck && pnpm test


> @ check:boundaries /Users/luo/Documents/github/pi-context
> node scripts/check-package-boundaries.mjs

boundaries: ok

> @ typecheck /Users/luo/Documents/github/pi-context
> pnpm -r typecheck

Scope: 11 of 12 workspace projects
packages/contracts typecheck$ tsc --noEmit --strict --module NodeNext --moduleResolution NodeNext --target ES2022 --types node src/index.ts
apps/pi-context-runtime typecheck$ tsc --noEmit --strict --skipLibCheck --module NodeNext --moduleResolution NodeNext --target ES2022 --types node src/extension.ts src/composition-root.ts src/owner.ts src/runtime.ts src/doctor.ts src/conflicts.ts
packages/kernel typecheck$ node -e "process.exit(0)"
packages/pi-adapter typecheck$ tsc --noEmit --strict --skipLibCheck --module NodeNext --moduleResolution NodeNext --target ES2022 --types node src/capabilities.ts src/contracts/pi-0844.ts
packages/kernel typecheck: Done
packages/storage typecheck$ tsc --noEmit --strict --module NodeNext --moduleResolution NodeNext --target ES2022 --types node src/sqlite-store.ts src/worker.ts src/protocol.ts
packages/contracts typecheck: Done
packages/testkit typecheck$ tsc --noEmit --strict --module NodeNext --moduleResolution NodeNext --target ES2022 --types node src/fake-pi-host.ts src/pi-contract-harness.ts
packages/pi-adapter typecheck: Done
packages/worker typecheck$ tsc --noEmit --strict --module NodeNext --moduleResolution NodeNext --target ES2022 --types node src/candidate-worker.ts src/candidate-key.ts
packages/storage typecheck: Done
apps/pi-context-runtime typecheck: Done
packages/testkit typecheck: Done
packages/worker typecheck: Done
packages/core typecheck$ tsc --noEmit --strict --module NodeNext --moduleResolution NodeNext --target ES2022 --types node src/index.ts
packages/core typecheck: Done
packages/runtime typecheck$ tsc --noEmit --strict --module NodeNext --moduleResolution NodeNext --target ES2022 --types node src/index.ts
packages/runtime typecheck: Done
packages/storage-node typecheck$ tsc --noEmit --strict --module NodeNext --moduleResolution NodeNext --target ES2022 --types node src/index.ts
packages/benchmark typecheck$ tsc --noEmit --strict --module NodeNext --moduleResolution NodeNext --target ES2022 --types node src/index.ts
packages/benchmark typecheck: Done
packages/storage-node typecheck: Done

> @ test /Users/luo/Documents/github/pi-context
> vitest run --workspace vitest.workspace.ts

 DEPRECATED  The workspace file is deprecated and will be removed in the next major. Please, use the `test.projects` field in the root config file instead.

 RUN  v3.2.4 /Users/luo/Documents/github/pi-context

(node:66062) ExperimentalWarning: SQLite is an experimental feature and might change at any time
(Use `node --trace-warnings ...` to show where the warning was created)
 ✓ |0| tests/e2e/jiti-candidate-load.test.ts (1 test) 294ms
 ✓ |0| packages/storage/test/saga-recovery.test.ts (7 tests) 122ms
 ✓ |0| tests/tasks/t01.test.ts (8 tests) 346ms
(node:66311) ExperimentalWarning: SQLite is an experimental feature and might change at any time
(Use `node --trace-warnings ...` to show where the warning was created)
 ✓ |0| tests/contract/pi-session-lifecycle.test.ts (4 tests) 11ms
(node:66312) ExperimentalWarning: SQLite is an experimental feature and might change at any time
(Use `node --trace-warnings ...` to show where the warning was created)
(node:66500) ExperimentalWarning: SQLite is an experimental feature and might change at any time
(Use `node --trace-warnings ...` to show where the warning was created)
 ✓ |0| packages/kernel/test/raw-capture.test.ts (5 tests) 235ms
 ✓ |0| packages/storage/test/sqlite-store.test.ts (5 tests) 116ms
 ✓ |0| tests/e2e/operations.test.ts (6 tests) 451ms
(node:66551) ExperimentalWarning: SQLite is an experimental feature and might change at any time
(Use `node --trace-warnings ...` to show where the warning was created)
 ✓ |0| packages/storage/test/blob-store.test.ts (5 tests) 92ms
 ✓ |0| packages/kernel/test/continuity-ledger.test.ts (5 tests) 12ms
 ✓ |0| packages/worker/test/candidate-worker.test.ts (7 tests) 70ms
 ✓ |0| tests/w1-gate/early-net-value.test.ts (3 tests) 1172ms
   ✓ W1 Early Net Value Gate > evaluates live PCR arms and writes a machine-readable report  1168ms
 ✓ |0| packages/worker/test/generation-fencing.test.ts (6 tests) 19ms
 ✓ |0| tests/tasks/t03.test.ts (8 tests) 149ms
 ✓ |0| packages/kernel/test/reducer-registry.test.ts (5 tests) 63ms
(node:66888) ExperimentalWarning: SQLite is an experimental feature and might change at any time
(Use `node --trace-warnings ...` to show where the warning was created)
 ✓ |0| tests/tasks/t00.test.ts (7 tests) 1847ms
   ✓ T00 Freeze audit baseline and immutable evidence > rejects an output directory outside the repository scope  355ms
 ✓ |0| packages/contracts/test/canonical.test.ts (4 tests) 12ms
 ✓ |0| tests/security/cursor-fuzz.test.ts (1 test) 29ms
 ✓ |0| tests/security/authority-mutation.test.ts (2 tests) 38ms
 ✓ |0| tests/tasks/t09.test.ts (12 tests) 114ms
 ✓ |0| tests/security/memory-poisoning.test.ts (2 tests) 26ms
 ✓ |0| packages/kernel/test/materializer.test.ts (4 tests) 38ms
 ✓ |0| tests/contract/pi-compaction-takeover.test.ts (4 tests) 17ms
 ✓ |0| tests/contract/pi-context-hook.test.ts (11 tests) 14ms
 ✓ |0| tests/live-gate/paired-w2-live.test.ts (3 tests) 30ms
 ✓ |0| tests/tasks/t02.test.ts (6 tests) 13ms
 ✓ |0| packages/worker/test/telemetry-economics.test.ts (5 tests) 14ms
 ✓ |0| packages/worker/test/semantic-proposal.test.ts (6 tests) 24ms
 ✓ |0| packages/kernel/test/claim-ledger.test.ts (9 tests) 25ms
(node:67154) ExperimentalWarning: SQLite is an experimental feature and might change at any time
(Use `node --trace-warnings ...` to show where the warning was created)
 ✓ |0| tests/meta/workspace-layout.test.ts (4 tests) 13ms
 ✓ |0| tests/tasks/t04.test.ts (7 tests) 15ms
 ✓ |0| packages/storage-node/test/sqlite-store.test.ts (3 tests) 54ms
 ✓ |0| tests/release/deterministic-mvp-gate.test.ts (9 tests) 16ms
 ✓ |0| packages/kernel/test/claim-transitions.test.ts (7 tests) 4ms
 ✓ |0| packages/kernel/test/raw-input.test.ts (5 tests) 16ms
 ✓ |0| packages/kernel/test/directive-capture.test.ts (6 tests) 17ms
 ✓ |0| tests/w2-gate/head-to-head.test.ts (3 tests) 2849ms
   ✓ W2 Compactor Head-to-head Gate > evaluates live PCR B1/B2 against synthetic B0 and writes a machine-readable report  2844ms
 ✓ |0| packages/kernel/test/action-gate.test.ts (6 tests) 12ms
 ✓ |0| tests/e2e/packed-install.test.ts (1 test) 15ms
 ✓ |0| tests/security/secret-leak.test.ts (1 test) 11ms
 ✓ |0| packages/kernel/test/host-checkpoint-render.test.ts (5 tests) 11ms
 ✓ |0| tests/contract/pi-tool-result-order.test.ts (1 test) 10ms
 ✓ |0| tests/contract/pi-input-correlation.test.ts (1 test) 10ms
(node:67590) ExperimentalWarning: SQLite is an experimental feature and might change at any time
(Use `node --trace-warnings ...` to show where the warning was created)
 ✓ |0| tests/tasks/t05.test.ts (6 tests) 44ms
 ✓ |0| packages/kernel/test/fts-catalog.test.ts (5 tests) 27ms
 ✓ |0| packages/kernel/test/evidence-admission.test.ts (5 tests) 11ms
 ✓ |0| packages/kernel/test/exact-read.test.ts (5 tests) 6ms
 ✓ |0| tests/compat/pi-version-contract.test.ts (3 tests) 9ms
 ✓ |0| packages/kernel/test/active-suffix.test.ts (5 tests) 6ms
 ✓ |0| packages/worker/test/verifier.test.ts (8 tests) 6ms
 ✓ |0| packages/pi-adapter/test/runtime-tools.test.ts (6 tests) 7ms
 ✓ |0| tests/tasks/t08.test.ts (10 tests) 7ms
 ✓ |0| tests/tasks/t07.test.ts (9 tests) 6ms
 ✓ |0| apps/pi-context-runtime/test/package-runtime.test.ts (4 tests) 13ms
 ✓ |0| packages/kernel/test/literal-index.test.ts (5 tests) 4ms
 ✓ |0| tests/acceptance/session-registry.test.ts (8 tests) 13ms
 ✓ |0| tests/release/semantic-beta-gate.test.ts (8 tests) 3ms
 ✓ |0| packages/kernel/test/shell-reducers.test.ts (6 tests) 4ms
 ✓ |0| packages/kernel/test/proactive-recall.test.ts (5 tests) 3ms
 ✓ |0| packages/kernel/test/builtin-reducers.test.ts (5 tests) 3ms
 ✓ |0| tests/compat/provider-payload-probe.test.ts (3 tests) 3ms
 ✓ |0| packages/kernel/test/checkpoint-candidate.test.ts (6 tests) 3ms
 ✓ |0| packages/kernel/test/token-budget.test.ts (6 tests) 4ms
 ✓ |0| apps/pi-context-runtime/test/owner.test.ts (4 tests) 3ms
 ✓ |0| packages/kernel/test/convergence.test.ts (5 tests) 4ms
 ✓ |0| tests/contract/pi-capability-probe.test.ts (4 tests) 3ms
 ✓ |0| packages/pi-adapter/test/message-conversion.test.ts (5 tests) 4ms
 ✓ |0| tests/live-gate/payload-sizing.test.ts (3 tests) 2ms
 ✓ |0| packages/kernel/test/lease-lifecycle.test.ts (5 tests) 3ms
 ✓ |0| packages/runtime/test/runtime-session.test.ts (2 tests) 2ms
 ✓ |0| packages/pi-adapter/test/compaction-result.test.ts (1 test) 2ms
 ✓ |0| packages/contracts/test/types.test.ts (4 tests) 2ms
 ✓ |0| tests/e2e/pi-factory-entry.test.ts (2 tests) 3ms
 ✓ |0| tests/contract/pi-tool-call-gate.test.ts (1 test) 2ms
 ✓ |0| tests/security/recovery-fuzz.test.ts (1 test) 2ms
 ✓ |0| tests/release/package-artifact.test.ts (4 tests) 5848ms
   ✓ release package > contains one extension entry, runtime dependencies and no source-private imports  2140ms
   ✓ release package > verifies clean-home extract, uninstall/reinstall, and temporary pi -e entry  1757ms
   ✓ release package > keeps the Node/OS matrix and does not hide unsupported Pi versions  1017ms
   ✓ release package > ships license/security docs and the gate-derived semantic default  933ms
 ✓ |0| tests/acceptance/packed-install.test.ts (1 test) 6765ms
   ✓ packed runtime acceptance > npm packs a self-contained runtime and Pi loads its installed extension  6764ms
 ✓ |0| tests/tasks/t06.test.ts (9 tests) 11528ms
   ✓ T06 Real npm pack and clean Pi install harness > loads the actual packed tarball in an empty Pi home  3493ms
   ✓ T06 Real npm pack and clean Pi install harness > packs deterministically from the same committed source  1325ms
   ✓ T06 Real npm pack and clean Pi install harness > isolates duplicate probes while preserving their observable contract  3101ms
   ✓ T06 Real npm pack and clean Pi install harness > propagates a non-zero Pi exit and removes the isolated home  1593ms

 Test Files  77 passed (77)
      Tests  379 passed (379)
   Start at  12:16:25
   Duration  11.87s (transform 1.96s, setup 0ms, collect 8.46s, tests 32.80s, environment 13ms, prepare 4.63s)

 DEPRECATED  The workspace file is deprecated and will be removed in the next major. Please, use the `test.projects` field in the root config file instead.

 RUN  v3.2.4 /Users/luo/Documents/github/pi-context

 ✓ |0| tests/acceptance/session-registry.test.ts (8 tests) 9ms
 ✓ |0| tests/acceptance/packed-install.test.ts (1 test) 3885ms
   ✓ packed runtime acceptance > npm packs a self-contained runtime and Pi loads its installed extension  3884ms

 Test Files  2 passed (2)
      Tests  9 passed (9)
   Start at  12:16:37
   Duration  4.13s (transform 87ms, setup 0ms, collect 608ms, tests 3.89s, environment 0ms, prepare 105ms)

boundaries: ok
