
> @ check:all /Users/luo/Documents/github/pi-context
> pnpm check:boundaries && pnpm typecheck && pnpm test


> @ check:boundaries /Users/luo/Documents/github/pi-context
> node scripts/check-package-boundaries.mjs

boundaries: ok

> @ typecheck /Users/luo/Documents/github/pi-context
> pnpm -r typecheck

Scope: 11 of 12 workspace projects
apps/pi-context-runtime typecheck$ tsc --noEmit --strict --skipLibCheck --module NodeNext --moduleResolution NodeNext --target ES2022 --types node src/extension.ts src/composition-root.ts src/owner.ts src/runtime.ts src/doctor.ts src/conflicts.ts
packages/storage typecheck$ tsc --noEmit --strict --module NodeNext --moduleResolution NodeNext --target ES2022 --types node src/sqlite-store.ts src/worker.ts src/protocol.ts
packages/kernel typecheck$ tsc --noEmit --strict --module NodeNext --moduleResolution NodeNext --target ES2022 --types node src/ingress/project.ts
packages/contracts typecheck$ tsc --noEmit --strict --module NodeNext --moduleResolution NodeNext --target ES2022 --types node src/index.ts
packages/kernel typecheck: Done
packages/testkit typecheck$ tsc --noEmit --strict --module NodeNext --moduleResolution NodeNext --target ES2022 --types node src/fake-pi-host.ts src/pi-contract-harness.ts
packages/storage typecheck: Done
packages/worker typecheck$ tsc --noEmit --strict --module NodeNext --moduleResolution NodeNext --target ES2022 --types node src/candidate-worker.ts src/candidate-key.ts
packages/contracts typecheck: Done
apps/pi-context-runtime typecheck: Done
packages/testkit typecheck: Done
packages/worker typecheck: Done
packages/core typecheck$ tsc --noEmit --strict --module NodeNext --moduleResolution NodeNext --target ES2022 --types node src/index.ts test/directives/segment.test.ts test/directives/extract.test.ts ../../tests/tasks/t14.test.ts ../../tests/tasks/t16.test.ts ../../tests/tasks/t17.test.ts
packages/core typecheck: Done
packages/runtime typecheck$ tsc --noEmit --strict --module NodeNext --moduleResolution NodeNext --target ES2022 --types node src/index.ts test/runtime-session.test.ts test/saga.test.ts ../../tests/tasks/t07.test.ts ../../tests/tasks/t12.test.ts
packages/runtime typecheck: Done
packages/storage-node typecheck$ tsc --noEmit --strict --module NodeNext --moduleResolution NodeNext --target ES2022 --types node src/index.ts test/blob-store.test.ts test/saga-store.test.ts test/user-turn-store.test.ts ../../tests/tasks/t09.test.ts ../../tests/tasks/t11.test.ts ../../tests/tasks/t12.test.ts
packages/pi-adapter typecheck$ tsc --noEmit --strict --skipLibCheck --module NodeNext --moduleResolution NodeNext --target ES2022 --types node src/index.ts src/contracts/pi-0844.ts ../../tests/acceptance/user-input-flow.test.ts ../../tests/acceptance/tool-result-flow.test.ts ../../tests/acceptance/retrieval-tools.test.ts ../../tests/tasks/t13.test.ts ../../tests/tasks/t20.test.ts
packages/pi-adapter typecheck: Done
packages/storage-node typecheck: Done
packages/benchmark typecheck$ tsc --noEmit --strict --module NodeNext --moduleResolution NodeNext --target ES2022 --types node src/index.ts
packages/benchmark typecheck: Done

> @ test /Users/luo/Documents/github/pi-context
> vitest run --workspace vitest.workspace.ts

 DEPRECATED  The workspace file is deprecated and will be removed in the next major. Please, use the `test.projects` field in the root config file instead.

 RUN  v3.2.4 /Users/luo/Documents/github/pi-context

(node:34937) ExperimentalWarning: SQLite is an experimental feature and might change at any time
(Use `node --trace-warnings ...` to show where the warning was created)
(node:34936) ExperimentalWarning: SQLite is an experimental feature and might change at any time
(Use `node --trace-warnings ...` to show where the warning was created)
(node:34933) ExperimentalWarning: SQLite is an experimental feature and might change at any time
(Use `node --trace-warnings ...` to show where the warning was created)
(node:34932) ExperimentalWarning: SQLite is an experimental feature and might change at any time
(Use `node --trace-warnings ...` to show where the warning was created)
(node:34938) ExperimentalWarning: SQLite is an experimental feature and might change at any time
(Use `node --trace-warnings ...` to show where the warning was created)
 ✓ |0| packages/storage-node/test/user-turn-store.test.ts (8 tests) 1820ms
   ✓ workspace user turn ledger > replays capture and link idempotently and rejects payload or host conflicts  432ms
   ✓ workspace user turn ledger > serializes concurrent duplicate captures to one receipt  640ms
 ✓ |0| packages/storage-node/test/saga-store.test.ts (14 tests) 2207ms
   ✓ workspace SQLite Saga journal > recovers a host-visible row after an abrupt process exit and replays without mutation  969ms
 ✓ |0| tests/tasks/t13.test.ts (8 tests) 1431ms
   ✓ T13 Real Pi tool_result ingress > writes raw bytes before returning the compact tool result  303ms
 ✓ |0| tests/tasks/t00.test.ts (7 tests) 3154ms
   ✓ T00 Freeze audit baseline and immutable evidence > is idempotent for the same committed inputs  348ms
   ✓ T00 Freeze audit baseline and immutable evidence > rejects a source outside the repository scope  479ms
   ✓ T00 Freeze audit baseline and immutable evidence > rejects an output directory outside the repository scope  463ms
   ✓ T00 Freeze audit baseline and immutable evidence > rejects malformed findings before writing artifacts  800ms
   ✓ T00 Freeze audit baseline and immutable evidence > does not leave partial artifacts when an input disappears  433ms
   ✓ T00 Freeze audit baseline and immutable evidence > replays deterministically in independent output directories  364ms
(node:35843) ExperimentalWarning: SQLite is an experimental feature and might change at any time
(Use `node --trace-warnings ...` to show where the warning was created)
(node:35917) ExperimentalWarning: SQLite is an experimental feature and might change at any time
(Use `node --trace-warnings ...` to show where the warning was created)
 ✓ |0| tests/w2-gate/head-to-head.test.ts (3 tests) 3472ms
   ✓ W2 Compactor Head-to-head Gate > evaluates live PCR B1/B2 against synthetic B0 and writes a machine-readable report  3468ms
(node:35747) ExperimentalWarning: SQLite is an experimental feature and might change at any time
(Use `node --trace-warnings ...` to show where the warning was created)
 ✓ |0| tests/w1-gate/early-net-value.test.ts (3 tests) 1035ms
   ✓ W1 Early Net Value Gate > evaluates live PCR arms and writes a machine-readable report  1031ms
(node:35967) ExperimentalWarning: SQLite is an experimental feature and might change at any time
(Use `node --trace-warnings ...` to show where the warning was created)
 ✓ |0| packages/storage-node/test/blob-store.test.ts (15 tests) 3698ms
   ✓ encrypted content-addressed blob store > settles concurrent same-content writes on one complete authenticated object  965ms
   ✓ encrypted content-addressed blob store > makes the existing-object fast path durable across independent processes  929ms
 ✓ |0| tests/tasks/t15.test.ts (8 tests) 965ms
 ✓ |0| tests/e2e/operations.test.ts (6 tests) 847ms
 ✓ |0| packages/storage/test/saga-recovery.test.ts (7 tests) 552ms
(node:36326) ExperimentalWarning: SQLite is an experimental feature and might change at any time
(Use `node --trace-warnings ...` to show where the warning was created)
 ✓ |0| tests/tasks/t01.test.ts (8 tests) 593ms
 ✓ |0| tests/tasks/t03.test.ts (8 tests) 355ms
(node:36335) ExperimentalWarning: SQLite is an experimental feature and might change at any time
(Use `node --trace-warnings ...` to show where the warning was created)
 ✓ |0| packages/storage-node/test/sqlite-store.test.ts (6 tests) 195ms
 ✓ |0| tests/acceptance/user-input-flow.test.ts (11 tests) 1635ms
   ✓ exact user input flow on the patched Pi 0.84.4 AgentSession > is reachable through the only packaged product extension entry  372ms
 ✓ |0| tests/e2e/jiti-candidate-load.test.ts (1 test) 339ms
   ✓ jiti candidate load > loads buildDeterministicCheckpointCandidate through Pi's jiti  337ms
(node:36327) ExperimentalWarning: SQLite is an experimental feature and might change at any time
(Use `node --trace-warnings ...` to show where the warning was created)
(node:36352) ExperimentalWarning: SQLite is an experimental feature and might change at any time
(Use `node --trace-warnings ...` to show where the warning was created)
(node:36480) ExperimentalWarning: SQLite is an experimental feature and might change at any time
(Use `node --trace-warnings ...` to show where the warning was created)
(node:36481) ExperimentalWarning: SQLite is an experimental feature and might change at any time
(Use `node --trace-warnings ...` to show where the warning was created)
(node:36334) ExperimentalWarning: SQLite is an experimental feature and might change at any time
(Use `node --trace-warnings ...` to show where the warning was created)
 ✓ |0| tests/tasks/t10.test.ts (4 tests) 444ms
 ✓ |0| tests/tasks/t23.test.ts (4 tests) 592ms
 ✓ |0| tests/e2e/key-rotation-v2-boundary.test.ts (2 tests) 343ms
 ✓ |0| packages/kernel/test/raw-capture.test.ts (5 tests) 630ms
 ✓ |0| tests/tasks/t20.test.ts (6 tests) 784ms
(node:36851) ExperimentalWarning: SQLite is an experimental feature and might change at any time
(Use `node --trace-warnings ...` to show where the warning was created)
(node:36849) ExperimentalWarning: SQLite is an experimental feature and might change at any time
(Use `node --trace-warnings ...` to show where the warning was created)
(node:36850) ExperimentalWarning: SQLite is an experimental feature and might change at any time
(Use `node --trace-warnings ...` to show where the warning was created)
 ✓ |0| tests/acceptance/tool-result-flow.test.ts (3 tests) 605ms
   ✓ real Pi tool_result flow > persists raw tool bytes in CAS before the host-visible compact projection  324ms
(node:36855) ExperimentalWarning: SQLite is an experimental feature and might change at any time
(Use `node --trace-warnings ...` to show where the warning was created)
(node:36856) ExperimentalWarning: SQLite is an experimental feature and might change at any time
(Use `node --trace-warnings ...` to show where the warning was created)
 ✓ |0| tests/tasks/t11.test.ts (2 tests) 329ms
   ✓ T11 Cross-store Saga and idempotency > cross_store_saga_and_idempotency  328ms
 ✓ |0| tests/contract/pi-tool-result-order.test.ts (1 test) 203ms
 ✓ |0| tests/tasks/t09.test.ts (13 tests) 422ms
 ✓ |0| tests/tasks/t12.test.ts (2 tests) 237ms
(node:36859) ExperimentalWarning: SQLite is an experimental feature and might change at any time
(Use `node --trace-warnings ...` to show where the warning was created)
 ✓ |0| tests/acceptance/evidence-recovery.test.ts (1 test) 350ms
   ✓ evidence recovery > reads the admitted blob and compares sha256 plus byte length  350ms
 ✓ |0| packages/kernel/test/reducer-registry.test.ts (5 tests) 90ms
(node:36866) ExperimentalWarning: SQLite is an experimental feature and might change at any time
(Use `node --trace-warnings ...` to show where the warning was created)
 ✓ |0| packages/storage/test/blob-store.test.ts (5 tests) 101ms
 ✓ |0| packages/worker/test/candidate-worker.test.ts (7 tests) 120ms
(node:36911) ExperimentalWarning: SQLite is an experimental feature and might change at any time
(Use `node --trace-warnings ...` to show where the warning was created)
 ✓ |0| packages/storage/test/sqlite-store.test.ts (5 tests) 181ms
 ✓ |0| packages/kernel/test/evidence-admission.test.ts (5 tests) 20ms
 ✓ |0| packages/kernel/test/materializer.test.ts (4 tests) 54ms
 ✓ |0| tests/live-gate/paired-w2-live.test.ts (3 tests) 39ms
 ✓ |0| tests/acceptance/w1-vertical.test.ts (1 test) 121ms
 ✓ |0| tests/security/authority-mutation.test.ts (2 tests) 133ms
 ✓ |0| packages/kernel/test/continuity-ledger.test.ts (5 tests) 19ms
 ✓ |0| tests/security/memory-poisoning.test.ts (2 tests) 110ms
 ✓ |0| tests/contract/pi-capability-probe.test.ts (4 tests) 21ms
(node:36863) ExperimentalWarning: SQLite is an experimental feature and might change at any time
(Use `node --trace-warnings ...` to show where the warning was created)
 ✓ |0| tests/acceptance/retrieval-tools.test.ts (1 test) 124ms
 ✓ |0| packages/worker/test/semantic-proposal.test.ts (6 tests) 32ms
 ✓ |0| tests/tasks/t02.test.ts (6 tests) 45ms
 ✓ |0| tests/contract/pi-session-lifecycle.test.ts (4 tests) 14ms
 ✓ |0| tests/security/cursor-fuzz.test.ts (1 test) 34ms
 ✓ |0| tests/meta/workspace-layout.test.ts (4 tests) 40ms
 ✓ |0| packages/kernel/test/exact-read.test.ts (5 tests) 8ms
 ✓ |0| packages/core/test/directives/extract.test.ts (1 test) 187ms
 ✓ |0| tests/tasks/t14.test.ts (8 tests) 32ms
 ✓ |0| tests/tasks/t16.test.ts (6 tests) 35ms
 ✓ |0| packages/kernel/test/shell-reducers.test.ts (6 tests) 3ms
 ✓ |0| tests/tasks/t05.test.ts (6 tests) 84ms
(node:37363) ExperimentalWarning: SQLite is an experimental feature and might change at any time
(Use `node --trace-warnings ...` to show where the warning was created)
 ✓ |0| packages/kernel/test/raw-input.test.ts (5 tests) 12ms
 ✓ |0| packages/kernel/test/fts-catalog.test.ts (5 tests) 137ms
 ✓ |0| packages/kernel/test/claim-ledger.test.ts (9 tests) 17ms
 ✓ |0| packages/kernel/test/host-checkpoint-render.test.ts (5 tests) 14ms
 ✓ |0| tests/contract/pi-compaction-takeover.test.ts (4 tests) 53ms
 ✓ |0| tests/contract/pi-context-hook.test.ts (11 tests) 59ms
 ✓ |0| tests/tasks/t04.test.ts (7 tests) 76ms
 ✓ |0| tests/tasks/t17.test.ts (6 tests) 61ms
 ✓ |0| packages/kernel/test/directive-capture.test.ts (6 tests) 24ms
 ✓ |0| tests/release/package-artifact.test.ts (4 tests) 10721ms
   ✓ release package > contains one extension entry, runtime dependencies and no source-private imports  2443ms
   ✓ release package > verifies clean-home extract, uninstall/reinstall, and temporary pi -e entry  1776ms
   ✓ release package > keeps the Node/OS matrix and does not hide unsupported Pi versions  2794ms
   ✓ release package > ships license/security docs and the gate-derived semantic default  3708ms
 ✓ |0| tests/compat/pi-version-contract.test.ts (4 tests) 24ms
 ✓ |0| packages/pi-adapter/test/runtime-tools.test.ts (6 tests) 33ms
 ✓ |0| packages/kernel/test/action-gate.test.ts (6 tests) 15ms
 ✓ |0| packages/worker/test/telemetry-economics.test.ts (5 tests) 52ms
 ✓ |0| packages/core/test/directives/segment.test.ts (2 tests) 24ms
 ✓ |0| tests/tasks/t08.test.ts (10 tests) 14ms
 ✓ |0| packages/worker/test/generation-fencing.test.ts (6 tests) 153ms
 ✓ |0| tests/contract/pi-input-correlation.test.ts (1 test) 12ms
 ✓ |0| packages/contracts/test/canonical.test.ts (4 tests) 17ms
 ✓ |0| tests/security/secret-leak.test.ts (1 test) 23ms
 ✓ |0| tests/release/semantic-beta-gate.test.ts (8 tests) 20ms
 ✓ |0| packages/kernel/test/proactive-recall.test.ts (5 tests) 4ms
 ✓ |0| tests/live-gate/payload-sizing.test.ts (3 tests) 2ms
 ✓ |0| packages/kernel/test/active-suffix.test.ts (5 tests) 4ms
 ✓ |0| tests/tasks/t07.test.ts (9 tests) 9ms
 ✓ |0| tests/release/deterministic-mvp-gate.test.ts (9 tests) 31ms
 ✓ |0| packages/kernel/test/claim-transitions.test.ts (7 tests) 6ms
 ✓ |0| packages/worker/test/verifier.test.ts (8 tests) 19ms
 ✓ |0| packages/kernel/test/checkpoint-candidate.test.ts (6 tests) 6ms
 ✓ |0| packages/kernel/test/literal-index.test.ts (5 tests) 9ms
 ✓ |0| packages/kernel/test/builtin-reducers.test.ts (5 tests) 178ms
 ✓ |0| packages/kernel/test/lease-lifecycle.test.ts (5 tests) 3ms
 ✓ |0| packages/core/test/reducers/production.test.ts (4 tests) 4ms
 ✓ |0| apps/pi-context-runtime/test/package-runtime.test.ts (4 tests) 7ms
(node:37768) ExperimentalWarning: SQLite is an experimental feature and might change at any time
(Use `node --trace-warnings ...` to show where the warning was created)
(node:37763) ExperimentalWarning: SQLite is an experimental feature and might change at any time
(Use `node --trace-warnings ...` to show where the warning was created)
 ✓ |0| tests/compat/provider-payload-probe.test.ts (3 tests) 6ms
 ✓ |0| tests/acceptance/session-registry.test.ts (8 tests) 16ms
 ✓ |0| tests/e2e/packed-install.test.ts (1 test) 17ms
(node:37776) ExperimentalWarning: SQLite is an experimental feature and might change at any time
(Use `node --trace-warnings ...` to show where the warning was created)
 ✓ |0| packages/contracts/test/types.test.ts (5 tests) 3ms
 ✓ |0| tests/e2e/pi-factory-entry.test.ts (2 tests) 7ms
 ✓ |0| packages/pi-adapter/test/message-conversion.test.ts (5 tests) 3ms
 ✓ |0| packages/runtime/test/saga.test.ts (4 tests) 20ms
 ✓ |0| packages/kernel/test/token-budget.test.ts (6 tests) 4ms
 ✓ |0| packages/kernel/test/convergence.test.ts (5 tests) 3ms
 ✓ |0| packages/pi-adapter/test/compaction-result.test.ts (1 test) 2ms
 ✓ |0| tests/security/recovery-fuzz.test.ts (1 test) 2ms
 ✓ |0| packages/runtime/test/runtime-session.test.ts (2 tests) 3ms
(node:37805) ExperimentalWarning: SQLite is an experimental feature and might change at any time
(Use `node --trace-warnings ...` to show where the warning was created)
 ✓ |0| apps/pi-context-runtime/test/owner.test.ts (4 tests) 6ms
 ✓ |0| tests/contract/pi-tool-call-gate.test.ts (1 test) 2ms
 ✓ |0| tests/acceptance/packed-install.test.ts (2 tests) 23087ms
   ✓ packed runtime acceptance > npm packs the runtime and the required patched Pi host loads exact input  18159ms
   ✓ packed runtime acceptance > fails during loading on stock Pi 0.84.4 instead of swallowing input  4927ms
 ✓ |0| tests/tasks/t06.test.ts (9 tests) 29750ms
   ✓ T06 Real npm pack and clean Pi install harness > loads the actual packed tarball in an empty Pi home  12260ms
   ✓ T06 Real npm pack and clean Pi install harness > packs deterministically from the same committed source  4175ms
   ✓ T06 Real npm pack and clean Pi install harness > isolates duplicate probes while preserving their observable contract  8180ms
   ✓ T06 Real npm pack and clean Pi install harness > propagates a non-zero Pi exit and removes the isolated home  1170ms

 Test Files  100 passed (100)
      Tests  507 passed (507)
   Start at  23:56:44
   Duration  30.36s (transform 3.21s, setup 0ms, collect 36.88s, tests 93.66s, environment 18ms, prepare 11.45s)

CHECK_ALL_EXIT:0
 DEPRECATED  The workspace file is deprecated and will be removed in the next major. Please, use the `test.projects` field in the root config file instead.

 RUN  v3.2.4 /Users/luo/Documents/github/pi-context

(node:38297) ExperimentalWarning: SQLite is an experimental feature and might change at any time
(Use `node --trace-warnings ...` to show where the warning was created)
(node:38295) ExperimentalWarning: SQLite is an experimental feature and might change at any time
(Use `node --trace-warnings ...` to show where the warning was created)
 ✓ |0| tests/acceptance/evidence-recovery.test.ts (1 test) 82ms
(node:38294) ExperimentalWarning: SQLite is an experimental feature and might change at any time
(Use `node --trace-warnings ...` to show where the warning was created)
(node:38293) ExperimentalWarning: SQLite is an experimental feature and might change at any time
(Use `node --trace-warnings ...` to show where the warning was created)
(node:38298) ExperimentalWarning: SQLite is an experimental feature and might change at any time
(Use `node --trace-warnings ...` to show where the warning was created)
 ✓ |0| tests/acceptance/session-registry.test.ts (8 tests) 10ms
(node:38296) ExperimentalWarning: SQLite is an experimental feature and might change at any time
(Use `node --trace-warnings ...` to show where the warning was created)
 ✓ |0| tests/acceptance/retrieval-tools.test.ts (1 test) 152ms
 ✓ |0| tests/acceptance/w1-vertical.test.ts (1 test) 122ms
 ✓ |0| tests/acceptance/tool-result-flow.test.ts (3 tests) 378ms
 ✓ |0| tests/acceptance/user-input-flow.test.ts (11 tests) 1071ms
 ✓ |0| tests/acceptance/packed-install.test.ts (2 tests) 11114ms
   ✓ packed runtime acceptance > npm packs the runtime and the required patched Pi host loads exact input  7642ms
   ✓ packed runtime acceptance > fails during loading on stock Pi 0.84.4 instead of swallowing input  3471ms

 Test Files  7 passed (7)
      Tests  27 passed (27)
   Start at  23:57:15
   Duration  11.56s (transform 828ms, setup 0ms, collect 6.61s, tests 12.93s, environment 1ms, prepare 744ms)

ACCEPTANCE_EXIT:0
compdef:153: _comps: assignment to invalid subscript range
boundaries: ok
BOUNDARIES_EXIT:0
