
> @ check:all /Users/luo/Documents/github/pi-context
> pnpm check:boundaries && pnpm typecheck && pnpm test


> @ check:boundaries /Users/luo/Documents/github/pi-context
> node scripts/check-package-boundaries.mjs

boundaries: ok

> @ typecheck /Users/luo/Documents/github/pi-context
> pnpm -r typecheck

Scope: 11 of 12 workspace projects
packages/contracts typecheck$ tsc --noEmit --strict --module NodeNext --moduleResolution NodeNext --target ES2022 --types node src/index.ts
apps/pi-context-runtime typecheck$ tsc --noEmit --strict --skipLibCheck --module NodeNext --moduleResolution NodeNext --target ES2022 --types node src/extension.ts src/composition-root.ts src/owner.ts src/runtime.ts src/doctor.ts src/conflicts.ts
packages/kernel typecheck$ tsc --noEmit --strict --module NodeNext --moduleResolution NodeNext --target ES2022 --types node src/ingress/project.ts
packages/storage typecheck$ tsc --noEmit --strict --module NodeNext --moduleResolution NodeNext --target ES2022 --types node src/sqlite-store.ts src/worker.ts src/protocol.ts
packages/storage typecheck: Done
packages/testkit typecheck$ tsc --noEmit --strict --module NodeNext --moduleResolution NodeNext --target ES2022 --types node src/fake-pi-host.ts src/pi-contract-harness.ts
packages/kernel typecheck: Done
packages/worker typecheck$ tsc --noEmit --strict --module NodeNext --moduleResolution NodeNext --target ES2022 --types node src/candidate-worker.ts src/candidate-key.ts
packages/contracts typecheck: Done
apps/pi-context-runtime typecheck: Done
packages/testkit typecheck: Done
packages/worker typecheck: Done
packages/core typecheck$ tsc --noEmit --strict --module NodeNext --moduleResolution NodeNext --target ES2022 --types node src/index.ts ../../tests/tasks/t14.test.ts
packages/core typecheck: Done
packages/runtime typecheck$ tsc --noEmit --strict --module NodeNext --moduleResolution NodeNext --target ES2022 --types node src/index.ts test/runtime-session.test.ts test/saga.test.ts ../../tests/tasks/t07.test.ts ../../tests/tasks/t12.test.ts
packages/runtime typecheck: Done
packages/storage-node typecheck$ tsc --noEmit --strict --module NodeNext --moduleResolution NodeNext --target ES2022 --types node src/index.ts test/blob-store.test.ts test/saga-store.test.ts test/user-turn-store.test.ts ../../tests/tasks/t09.test.ts ../../tests/tasks/t11.test.ts ../../tests/tasks/t12.test.ts
packages/pi-adapter typecheck$ tsc --noEmit --strict --skipLibCheck --module NodeNext --moduleResolution NodeNext --target ES2022 --types node src/index.ts src/contracts/pi-0844.ts ../../tests/acceptance/user-input-flow.test.ts ../../tests/acceptance/tool-result-flow.test.ts ../../tests/tasks/t13.test.ts
packages/pi-adapter typecheck: Done
packages/storage-node typecheck: Done
packages/benchmark typecheck$ tsc --noEmit --strict --module NodeNext --moduleResolution NodeNext --target ES2022 --types node src/index.ts
packages/benchmark typecheck: Done

> @ test /Users/luo/Documents/github/pi-context
> vitest run --workspace vitest.workspace.ts

 DEPRECATED  The workspace file is deprecated and will be removed in the next major. Please, use the `test.projects` field in the root config file instead.

 RUN  v3.2.4 /Users/luo/Documents/github/pi-context

(node:53065) ExperimentalWarning: SQLite is an experimental feature and might change at any time
(Use `node --trace-warnings ...` to show where the warning was created)
(node:53066) ExperimentalWarning: SQLite is an experimental feature and might change at any time
(Use `node --trace-warnings ...` to show where the warning was created)
(node:53062) ExperimentalWarning: SQLite is an experimental feature and might change at any time
(Use `node --trace-warnings ...` to show where the warning was created)
 ✓ |0| tests/w1-gate/early-net-value.test.ts (3 tests) 1390ms
   ✓ W1 Early Net Value Gate > evaluates live PCR arms and writes a machine-readable report  1386ms
 ✓ |0| packages/storage-node/test/user-turn-store.test.ts (8 tests) 1852ms
   ✓ workspace user turn ledger > replays capture and link idempotently and rejects payload or host conflicts  495ms
   ✓ workspace user turn ledger > serializes concurrent duplicate captures to one receipt  502ms
(node:53061) ExperimentalWarning: SQLite is an experimental feature and might change at any time
(Use `node --trace-warnings ...` to show where the warning was created)
 ✓ |0| packages/storage-node/test/saga-store.test.ts (14 tests) 2054ms
   ✓ workspace SQLite Saga journal > recovers a host-visible row after an abrupt process exit and replays without mutation  710ms
(node:53789) ExperimentalWarning: SQLite is an experimental feature and might change at any time
(Use `node --trace-warnings ...` to show where the warning was created)
 ✓ |0| tests/tasks/t00.test.ts (7 tests) 2895ms
   ✓ T00 Freeze audit baseline and immutable evidence > rejects a source outside the repository scope  638ms
   ✓ T00 Freeze audit baseline and immutable evidence > rejects an output directory outside the repository scope  465ms
   ✓ T00 Freeze audit baseline and immutable evidence > rejects malformed findings before writing artifacts  636ms
   ✓ T00 Freeze audit baseline and immutable evidence > replays deterministically in independent output directories  387ms
 ✓ |0| packages/storage/test/saga-recovery.test.ts (7 tests) 241ms
(node:53685) ExperimentalWarning: SQLite is an experimental feature and might change at any time
(Use `node --trace-warnings ...` to show where the warning was created)
(node:54068) ExperimentalWarning: SQLite is an experimental feature and might change at any time
(Use `node --trace-warnings ...` to show where the warning was created)
(node:54080) ExperimentalWarning: SQLite is an experimental feature and might change at any time
(Use `node --trace-warnings ...` to show where the warning was created)
(node:53874) ExperimentalWarning: SQLite is an experimental feature and might change at any time
(Use `node --trace-warnings ...` to show where the warning was created)
 ✓ |0| tests/w2-gate/head-to-head.test.ts (3 tests) 3563ms
   ✓ W2 Compactor Head-to-head Gate > evaluates live PCR B1/B2 against synthetic B0 and writes a machine-readable report  3557ms
 ✓ |0| packages/storage-node/test/blob-store.test.ts (15 tests) 3598ms
   ✓ encrypted content-addressed blob store > settles concurrent same-content writes on one complete authenticated object  912ms
   ✓ encrypted content-addressed blob store > makes the existing-object fast path durable across independent processes  863ms
 ✓ |0| tests/tasks/t13.test.ts (8 tests) 993ms
   ✓ T13 Real Pi tool_result ingress > replays equal results across two independent runs of the same event  316ms
 ✓ |0| tests/e2e/operations.test.ts (6 tests) 812ms
 ✓ |0| tests/tasks/t09.test.ts (13 tests) 800ms
(node:54141) ExperimentalWarning: SQLite is an experimental feature and might change at any time
(Use `node --trace-warnings ...` to show where the warning was created)
(node:54186) ExperimentalWarning: SQLite is an experimental feature and might change at any time
(Use `node --trace-warnings ...` to show where the warning was created)
 ✓ |0| tests/tasks/t01.test.ts (8 tests) 513ms
 ✓ |0| tests/e2e/jiti-candidate-load.test.ts (1 test) 249ms
 ✓ |0| tests/tasks/t10.test.ts (4 tests) 278ms
 ✓ |0| packages/storage-node/test/sqlite-store.test.ts (6 tests) 351ms
 ✓ |0| tests/tasks/t03.test.ts (8 tests) 382ms
(node:54489) ExperimentalWarning: SQLite is an experimental feature and might change at any time
(Use `node --trace-warnings ...` to show where the warning was created)
(node:54502) ExperimentalWarning: SQLite is an experimental feature and might change at any time
(Use `node --trace-warnings ...` to show where the warning was created)
(node:54504) ExperimentalWarning: SQLite is an experimental feature and might change at any time
(Use `node --trace-warnings ...` to show where the warning was created)
(node:54507) ExperimentalWarning: SQLite is an experimental feature and might change at any time
(Use `node --trace-warnings ...` to show where the warning was created)
 ✓ |0| tests/e2e/key-rotation-v2-boundary.test.ts (2 tests) 257ms
 ✓ |0| tests/tasks/t12.test.ts (2 tests) 244ms
 ✓ |0| packages/kernel/test/raw-capture.test.ts (5 tests) 347ms
 ✓ |0| tests/contract/pi-tool-result-order.test.ts (1 test) 172ms
 ✓ |0| tests/acceptance/user-input-flow.test.ts (11 tests) 1695ms
   ✓ exact user input flow on the patched Pi 0.84.4 AgentSession > is reachable through the only packaged product extension entry  329ms
(node:54510) ExperimentalWarning: SQLite is an experimental feature and might change at any time
(Use `node --trace-warnings ...` to show where the warning was created)
(node:54509) ExperimentalWarning: SQLite is an experimental feature and might change at any time
(Use `node --trace-warnings ...` to show where the warning was created)
(node:54562) ExperimentalWarning: SQLite is an experimental feature and might change at any time
(Use `node --trace-warnings ...` to show where the warning was created)
(node:54487) ExperimentalWarning: SQLite is an experimental feature and might change at any time
(Use `node --trace-warnings ...` to show where the warning was created)
 ✓ |0| packages/storage/test/blob-store.test.ts (5 tests) 103ms
 ✓ |0| packages/storage/test/sqlite-store.test.ts (5 tests) 154ms
 ✓ |0| tests/tasks/t11.test.ts (2 tests) 134ms
 ✓ |0| packages/worker/test/candidate-worker.test.ts (7 tests) 73ms
 ✓ |0| packages/kernel/test/reducer-registry.test.ts (5 tests) 66ms
 ✓ |0| tests/acceptance/tool-result-flow.test.ts (3 tests) 290ms
 ✓ |0| packages/worker/test/generation-fencing.test.ts (6 tests) 13ms
 ✓ |0| packages/worker/test/verifier.test.ts (8 tests) 7ms
 ✓ |0| tests/live-gate/paired-w2-live.test.ts (3 tests) 27ms
 ✓ |0| tests/security/authority-mutation.test.ts (2 tests) 54ms
 ✓ |0| packages/kernel/test/claim-ledger.test.ts (9 tests) 96ms
 ✓ |0| packages/kernel/test/materializer.test.ts (4 tests) 18ms
 ✓ |0| tests/tasks/t02.test.ts (6 tests) 17ms
 ✓ |0| tests/security/cursor-fuzz.test.ts (1 test) 39ms
 ✓ |0| tests/contract/pi-context-hook.test.ts (11 tests) 15ms
 ✓ |0| packages/kernel/test/directive-capture.test.ts (6 tests) 14ms
 ✓ |0| packages/worker/test/semantic-proposal.test.ts (6 tests) 21ms
 ✓ |0| packages/kernel/test/raw-input.test.ts (5 tests) 14ms
 ✓ |0| tests/security/memory-poisoning.test.ts (2 tests) 50ms
 ✓ |0| packages/kernel/test/continuity-ledger.test.ts (5 tests) 98ms
 ✓ |0| packages/pi-adapter/test/message-conversion.test.ts (5 tests) 3ms
 ✓ |0| tests/tasks/t05.test.ts (6 tests) 100ms
 ✓ |0| tests/contract/pi-compaction-takeover.test.ts (4 tests) 15ms
 ✓ |0| tests/contract/pi-session-lifecycle.test.ts (4 tests) 23ms
 ✓ |0| tests/meta/workspace-layout.test.ts (4 tests) 21ms
 ✓ |0| apps/pi-context-runtime/test/package-runtime.test.ts (4 tests) 6ms
 ✓ |0| packages/kernel/test/action-gate.test.ts (6 tests) 21ms
 ✓ |0| tests/tasks/t04.test.ts (7 tests) 28ms
 ✓ |0| tests/tasks/t14.test.ts (8 tests) 27ms
 ✓ |0| packages/worker/test/telemetry-economics.test.ts (5 tests) 19ms
 ✓ |0| packages/contracts/test/canonical.test.ts (4 tests) 12ms
(node:55459) ExperimentalWarning: SQLite is an experimental feature and might change at any time
(Use `node --trace-warnings ...` to show where the warning was created)
 ✓ |0| packages/kernel/test/evidence-admission.test.ts (5 tests) 27ms
 ✓ |0| tests/tasks/t08.test.ts (10 tests) 18ms
 ✓ |0| packages/kernel/test/fts-catalog.test.ts (5 tests) 17ms
 ✓ |0| packages/kernel/test/host-checkpoint-render.test.ts (5 tests) 14ms
 ✓ |0| tests/security/secret-leak.test.ts (1 test) 16ms
 ✓ |0| tests/contract/pi-input-correlation.test.ts (1 test) 14ms
 ✓ |0| tests/release/deterministic-mvp-gate.test.ts (9 tests) 14ms
 ✓ |0| tests/contract/pi-capability-probe.test.ts (4 tests) 14ms
 ✓ |0| tests/tasks/t07.test.ts (9 tests) 6ms
(node:55078) ExperimentalWarning: SQLite is an experimental feature and might change at any time
(Use `node --trace-warnings ...` to show where the warning was created)
 ✓ |0| tests/acceptance/session-registry.test.ts (8 tests) 52ms
 ✓ |0| packages/kernel/test/convergence.test.ts (5 tests) 4ms
 ✓ |0| packages/pi-adapter/test/runtime-tools.test.ts (6 tests) 13ms
 ✓ |0| packages/kernel/test/exact-read.test.ts (5 tests) 14ms
 ✓ |0| packages/kernel/test/builtin-reducers.test.ts (5 tests) 12ms
 ✓ |0| packages/kernel/test/token-budget.test.ts (6 tests) 2ms
 ✓ |0| tests/compat/pi-version-contract.test.ts (4 tests) 19ms
(node:55455) ExperimentalWarning: SQLite is an experimental feature and might change at any time
(Use `node --trace-warnings ...` to show where the warning was created)
 ✓ |0| tests/e2e/packed-install.test.ts (1 test) 10ms
 ✓ |0| packages/kernel/test/active-suffix.test.ts (5 tests) 11ms
 ✓ |0| tests/compat/provider-payload-probe.test.ts (3 tests) 5ms
 ✓ |0| packages/kernel/test/checkpoint-candidate.test.ts (6 tests) 4ms
 ✓ |0| packages/kernel/test/shell-reducers.test.ts (6 tests) 4ms
 ✓ |0| packages/runtime/test/saga.test.ts (4 tests) 5ms
 ✓ |0| tests/release/semantic-beta-gate.test.ts (8 tests) 5ms
 ✓ |0| packages/kernel/test/claim-transitions.test.ts (7 tests) 4ms
 ✓ |0| tests/release/package-artifact.test.ts (4 tests) 8313ms
   ✓ release package > contains one extension entry, runtime dependencies and no source-private imports  1783ms
   ✓ release package > verifies clean-home extract, uninstall/reinstall, and temporary pi -e entry  1265ms
   ✓ release package > keeps the Node/OS matrix and does not hide unsupported Pi versions  2234ms
   ✓ release package > ships license/security docs and the gate-derived semantic default  3029ms
 ✓ |0| packages/kernel/test/literal-index.test.ts (5 tests) 6ms
 ✓ |0| packages/kernel/test/lease-lifecycle.test.ts (5 tests) 7ms
 ✓ |0| packages/contracts/test/types.test.ts (5 tests) 3ms
 ✓ |0| packages/core/test/reducers/production.test.ts (4 tests) 6ms
 ✓ |0| tests/live-gate/payload-sizing.test.ts (3 tests) 6ms
 ✓ |0| packages/kernel/test/proactive-recall.test.ts (5 tests) 3ms
 ✓ |0| tests/security/recovery-fuzz.test.ts (1 test) 4ms
 ✓ |0| packages/pi-adapter/test/compaction-result.test.ts (1 test) 4ms
 ✓ |0| packages/runtime/test/runtime-session.test.ts (2 tests) 11ms
(node:55523) ExperimentalWarning: SQLite is an experimental feature and might change at any time
(Use `node --trace-warnings ...` to show where the warning was created)
 ✓ |0| apps/pi-context-runtime/test/owner.test.ts (4 tests) 6ms
(node:55606) ExperimentalWarning: SQLite is an experimental feature and might change at any time
(Use `node --trace-warnings ...` to show where the warning was created)
 ✓ |0| tests/e2e/pi-factory-entry.test.ts (2 tests) 5ms
 ✓ |0| tests/contract/pi-tool-call-gate.test.ts (1 test) 2ms
 ✓ |0| tests/acceptance/packed-install.test.ts (2 tests) 18690ms
   ✓ packed runtime acceptance > npm packs the runtime and the required patched Pi host loads exact input  14377ms
   ✓ packed runtime acceptance > fails during loading on stock Pi 0.84.4 instead of swallowing input  4312ms
 ✓ |0| tests/tasks/t06.test.ts (9 tests) 25308ms
   ✓ T06 Real npm pack and clean Pi install harness > loads the actual packed tarball in an empty Pi home  8747ms
   ✓ T06 Real npm pack and clean Pi install harness > packs deterministically from the same committed source  3523ms
   ✓ T06 Real npm pack and clean Pi install harness > isolates duplicate probes while preserving their observable contract  7961ms
   ✓ T06 Real npm pack and clean Pi install harness > propagates a non-zero Pi exit and removes the isolated home  1149ms

 Test Files  90 passed (90)
      Tests  471 passed (471)
   Start at  22:29:30
   Duration  25.76s (transform 2.49s, setup 0ms, collect 23.84s, tests 76.94s, environment 12ms, prepare 8.62s)

 DEPRECATED  The workspace file is deprecated and will be removed in the next major. Please, use the `test.projects` field in the root config file instead.

 RUN  v3.2.4 /Users/luo/Documents/github/pi-context

(node:56365) ExperimentalWarning: SQLite is an experimental feature and might change at any time
(Use `node --trace-warnings ...` to show where the warning was created)
(node:56364) ExperimentalWarning: SQLite is an experimental feature and might change at any time
(Use `node --trace-warnings ...` to show where the warning was created)
(node:56366) ExperimentalWarning: SQLite is an experimental feature and might change at any time
(Use `node --trace-warnings ...` to show where the warning was created)
 ✓ |0| tests/acceptance/session-registry.test.ts (8 tests) 13ms
 ✓ |0| tests/acceptance/tool-result-flow.test.ts (3 tests) 293ms
 ✓ |0| tests/acceptance/user-input-flow.test.ts (11 tests) 917ms
 ✓ |0| tests/acceptance/packed-install.test.ts (2 tests) 10938ms
   ✓ packed runtime acceptance > npm packs the runtime and the required patched Pi host loads exact input  7411ms
   ✓ packed runtime acceptance > fails during loading on stock Pi 0.84.4 instead of swallowing input  3526ms

 Test Files  4 passed (4)
      Tests  24 passed (24)
   Start at  22:29:56
   Duration  11.28s (transform 386ms, setup 0ms, collect 2.97s, tests 12.16s, environment 0ms, prepare 356ms)

boundaries: ok
