
> @ check:all /Users/luo/Documents/github/pi-context
> pnpm check:boundaries && pnpm typecheck && pnpm test


> @ check:boundaries /Users/luo/Documents/github/pi-context
> node scripts/check-package-boundaries.mjs

boundaries: ok

> @ typecheck /Users/luo/Documents/github/pi-context
> pnpm -r typecheck

Scope: 11 of 12 workspace projects
apps/pi-context-runtime typecheck$ tsc --noEmit --strict --skipLibCheck --module NodeNext --moduleResolution NodeNext --target ES2022 --types node src/extension.ts src/composition-root.ts src/owner.ts src/runtime.ts src/doctor.ts src/conflicts.ts
packages/contracts typecheck$ tsc --noEmit --strict --module NodeNext --moduleResolution NodeNext --target ES2022 --types node src/index.ts
packages/kernel typecheck$ tsc --noEmit --strict --module NodeNext --moduleResolution NodeNext --target ES2022 --types node src/ingress/project.ts
packages/storage typecheck$ tsc --noEmit --strict --module NodeNext --moduleResolution NodeNext --target ES2022 --types node src/sqlite-store.ts src/worker.ts src/protocol.ts
packages/storage typecheck: Done
packages/contracts typecheck: Done
packages/testkit typecheck$ tsc --noEmit --strict --module NodeNext --moduleResolution NodeNext --target ES2022 --types node src/fake-pi-host.ts src/pi-contract-harness.ts
packages/worker typecheck$ tsc --noEmit --strict --module NodeNext --moduleResolution NodeNext --target ES2022 --types node src/candidate-worker.ts src/candidate-key.ts
packages/kernel typecheck: Done
apps/pi-context-runtime typecheck: Done
packages/worker typecheck: Done
packages/testkit typecheck: Done
packages/core typecheck$ tsc --noEmit --strict --module NodeNext --moduleResolution NodeNext --target ES2022 --types node src/index.ts test/directives/segment.test.ts test/directives/extract.test.ts test/directives/temporal.test.ts test/continuity/reduce.test.ts test/retrieval/proactive.test.ts test/materialization/cache.test.ts test/materialization/materializer.test.ts test/compaction/checkpoint.test.ts test/verifier/semantic.test.ts ../../tests/security/authority.test.ts ../../tests/performance/token-accounting.test.ts ../../tests/performance/economics.test.ts ../../tests/tasks/t14.test.ts ../../tests/tasks/t16.test.ts ../../tests/tasks/t17.test.ts ../../tests/tasks/t18.test.ts ../../tests/tasks/t19.test.ts ../../tests/tasks/t21.test.ts ../../tests/tasks/t22.test.ts ../../tests/tasks/t25.test.ts ../../tests/tasks/t26.test.ts ../../tests/tasks/t27.test.ts ../../tests/tasks/t30.test.ts ../../tests/tasks/t36.test.ts
packages/core typecheck: Done
packages/runtime typecheck$ tsc --noEmit --strict --module NodeNext --moduleResolution NodeNext --target ES2022 --types node src/index.ts test/runtime-session.test.ts test/saga.test.ts test/compaction/snapshot.test.ts test/semantic/port.test.ts test/semantic/proposer.test.ts test/background/candidates.test.ts ../../tests/tasks/t07.test.ts ../../tests/tasks/t12.test.ts ../../tests/tasks/t18.test.ts ../../tests/tasks/t19.test.ts ../../tests/tasks/t21.test.ts ../../tests/tasks/t22.test.ts ../../tests/tasks/t25.test.ts ../../tests/tasks/t29.test.ts ../../tests/tasks/t33.test.ts ../../tests/tasks/t34.test.ts ../../tests/tasks/t35.test.ts ../../tests/tasks/t38.test.ts
packages/runtime typecheck: Done
packages/storage-node typecheck$ tsc --noEmit --strict --module NodeNext --moduleResolution NodeNext --target ES2022 --types node src/index.ts test/blob-store.test.ts test/saga-store.test.ts test/user-turn-store.test.ts ../../tests/tasks/t09.test.ts ../../tests/tasks/t11.test.ts ../../tests/tasks/t12.test.ts ../../tests/tasks/t37.test.ts
packages/pi-adapter typecheck$ tsc --noEmit --strict --skipLibCheck --module NodeNext --moduleResolution NodeNext --target ES2022 --types node src/index.ts src/contracts/pi-0844.ts test/message-codec.test.ts ../../tests/acceptance/user-input-flow.test.ts ../../tests/acceptance/tool-result-flow.test.ts ../../tests/acceptance/retrieval-tools.test.ts ../../tests/acceptance/context-hook.test.ts ../../tests/acceptance/compaction-fallback.test.ts ../../tests/acceptance/restart-branch-recovery.test.ts ../../tests/tasks/t13.test.ts ../../tests/tasks/t20.test.ts ../../tests/tasks/t24.test.ts ../../tests/tasks/t28.test.ts ../../tests/tasks/t31.test.ts ../../tests/tasks/t32.test.ts
packages/storage-node typecheck: Done
packages/pi-adapter typecheck: Done
packages/benchmark typecheck$ tsc --noEmit --strict --module NodeNext --moduleResolution NodeNext --target ES2022 --types node src/index.ts src/corpus/cli.ts ../../tests/tasks/t39.test.ts
packages/benchmark typecheck: Done

> @ test /Users/luo/Documents/github/pi-context
> vitest run --workspace vitest.workspace.ts

 DEPRECATED  The workspace file is deprecated and will be removed in the next major. Please, use the `test.projects` field in the root config file instead.

 RUN  v3.2.4 /Users/luo/Documents/github/pi-context

(node:36063) ExperimentalWarning: SQLite is an experimental feature and might change at any time
(Use `node --trace-warnings ...` to show where the warning was created)
(node:36066) ExperimentalWarning: SQLite is an experimental feature and might change at any time
(Use `node --trace-warnings ...` to show where the warning was created)
(node:36062) ExperimentalWarning: SQLite is an experimental feature and might change at any time
(Use `node --trace-warnings ...` to show where the warning was created)
(node:36067) ExperimentalWarning: SQLite is an experimental feature and might change at any time
(Use `node --trace-warnings ...` to show where the warning was created)
 ✓ |0| tests/tasks/t15.test.ts (8 tests) 1550ms
(node:36061) ExperimentalWarning: SQLite is an experimental feature and might change at any time
(Use `node --trace-warnings ...` to show where the warning was created)
 ✓ |0| packages/storage-node/test/user-turn-store.test.ts (8 tests) 2233ms
   ✓ workspace user turn ledger > replays capture and link idempotently and rejects payload or host conflicts  516ms
   ✓ workspace user turn ledger > serializes concurrent duplicate captures to one receipt  697ms
 ✓ |0| tests/tasks/t00.test.ts (7 tests) 3033ms
   ✓ T00 Freeze audit baseline and immutable evidence > rejects an output directory outside the repository scope  574ms
   ✓ T00 Freeze audit baseline and immutable evidence > rejects malformed findings before writing artifacts  735ms
   ✓ T00 Freeze audit baseline and immutable evidence > does not leave partial artifacts when an input disappears  733ms
   ✓ T00 Freeze audit baseline and immutable evidence > replays deterministically in independent output directories  428ms
(node:37029) ExperimentalWarning: SQLite is an experimental feature and might change at any time
(Use `node --trace-warnings ...` to show where the warning was created)
(node:36794) ExperimentalWarning: SQLite is an experimental feature and might change at any time
(Use `node --trace-warnings ...` to show where the warning was created)
 ✓ |0| tests/e2e/operations.test.ts (6 tests) 320ms
 ✓ |0| packages/storage-node/test/saga-store.test.ts (14 tests) 3298ms
   ✓ workspace SQLite Saga journal > fails content conflicts and fences branch, model, and config drift as stale  308ms
   ✓ workspace SQLite Saga journal > recovers a host-visible row after an abrupt process exit and replays without mutation  1593ms
 ✓ |0| tests/w2-gate/head-to-head.test.ts (3 tests) 3723ms
   ✓ W2 Compactor Head-to-head Gate > evaluates live PCR B1/B2 against synthetic B0 and writes a machine-readable report  3718ms
(node:36882) ExperimentalWarning: SQLite is an experimental feature and might change at any time
(Use `node --trace-warnings ...` to show where the warning was created)
(node:37055) ExperimentalWarning: SQLite is an experimental feature and might change at any time
(Use `node --trace-warnings ...` to show where the warning was created)
 ✓ |0| tests/tasks/t13.test.ts (8 tests) 980ms
   ✓ T13 Real Pi tool_result ingress > replays equal results across two independent runs of the same event  424ms
(node:37062) ExperimentalWarning: SQLite is an experimental feature and might change at any time
(Use `node --trace-warnings ...` to show where the warning was created)
(node:37058) ExperimentalWarning: SQLite is an experimental feature and might change at any time
(Use `node --trace-warnings ...` to show where the warning was created)
 ✓ |0| packages/storage-node/test/blob-store.test.ts (15 tests) 5500ms
   ✓ encrypted content-addressed blob store > settles concurrent same-content writes on one complete authenticated object  982ms
   ✓ encrypted content-addressed blob store > makes the existing-object fast path durable across independent processes  1416ms
   ✓ encrypted content-addressed blob store > snapshots the complete cursor before awaiting a key provider  317ms
   ✓ encrypted content-addressed blob store > ignores a crash-orphan spool and reopens only the final fsynced object  383ms
   ✓ encrypted content-addressed blob store > uses a private durable local master key and supports the explicit environment source  489ms
 ✓ |0| tests/w1-gate/early-net-value.test.ts (3 tests) 1927ms
   ✓ W1 Early Net Value Gate > evaluates live PCR arms and writes a machine-readable report  1923ms
 ✓ |0| tests/tasks/t20.test.ts (6 tests) 1426ms
   ✓ T20 Storage-backed context_search and context_read > storage_backed_context_search_and_context_read  627ms
   ✓ T20 Storage-backed context_search and context_read > rejects malformed and unsafe queries  342ms
 ✓ |0| packages/storage-node/test/sqlite-store.test.ts (6 tests) 1476ms
   ✓ WorkspaceSqliteEvidenceStore schema > creates the cursor-complete v1 evidence schema without legacy branch defaults  356ms
   ✓ WorkspaceSqliteEvidenceStore schema > records the immutable migration name and checksum  357ms
   ✓ WorkspaceSqliteEvidenceStore schema > fails closed when a database claims an unsupported future migration  320ms
 ✓ |0| packages/storage/test/saga-recovery.test.ts (7 tests) 2060ms
   ✓ Saga recovery > recovers a host-visible operation whose runtime acknowledgment was lost  507ms
   ✓ Saga recovery > retries when the crash happens before blob publish  357ms
   ✓ Saga recovery > keeps an orphan prepared operation after blob publish but before descriptor  499ms
   ✓ Saga recovery > does not commit when the crash is after blob and before host descriptor  321ms
(node:37815) ExperimentalWarning: SQLite is an experimental feature and might change at any time
(Use `node --trace-warnings ...` to show where the warning was created)
(node:37819) ExperimentalWarning: SQLite is an experimental feature and might change at any time
(Use `node --trace-warnings ...` to show where the warning was created)
(node:37814) ExperimentalWarning: SQLite is an experimental feature and might change at any time
(Use `node --trace-warnings ...` to show where the warning was created)
 ✓ |0| packages/kernel/test/raw-capture.test.ts (5 tests) 302ms
 ✓ |0| tests/tasks/t11.test.ts (2 tests) 207ms
 ✓ |0| tests/tasks/t01.test.ts (8 tests) 531ms
(node:37839) ExperimentalWarning: SQLite is an experimental feature and might change at any time
(Use `node --trace-warnings ...` to show where the warning was created)
 ✓ |0| tests/acceptance/user-input-flow.test.ts (11 tests) 3004ms
   ✓ exact user input flow on the patched Pi 0.84.4 AgentSession > is reachable through the only packaged product extension entry  843ms
   ✓ exact user input flow on the patched Pi 0.84.4 AgentSession > survives later transforms while keeping ingress metadata out of provider messages  538ms
   ✓ exact user input flow on the patched Pi 0.84.4 AgentSession > marks a later handled input terminal and does not poison its successor  420ms
(node:37812) ExperimentalWarning: SQLite is an experimental feature and might change at any time
(Use `node --trace-warnings ...` to show where the warning was created)
(node:37961) ExperimentalWarning: SQLite is an experimental feature and might change at any time
(Use `node --trace-warnings ...` to show where the warning was created)
 ✓ |0| tests/e2e/jiti-candidate-load.test.ts (1 test) 270ms
 ✓ |0| tests/e2e/key-rotation-v2-boundary.test.ts (2 tests) 203ms
(node:37998) ExperimentalWarning: SQLite is an experimental feature and might change at any time
(Use `node --trace-warnings ...` to show where the warning was created)
 ✓ |0| tests/tasks/t12.test.ts (2 tests) 238ms
(node:38216) ExperimentalWarning: SQLite is an experimental feature and might change at any time
(Use `node --trace-warnings ...` to show where the warning was created)
(node:38269) ExperimentalWarning: SQLite is an experimental feature and might change at any time
(Use `node --trace-warnings ...` to show where the warning was created)
 ✓ |0| tests/tasks/t23.test.ts (4 tests) 592ms
 ✓ |0| tests/tasks/t10.test.ts (4 tests) 430ms
 ✓ |0| tests/contract/pi-tool-result-order.test.ts (1 test) 270ms
 ✓ |0| packages/storage/test/sqlite-store.test.ts (5 tests) 297ms
 ✓ |0| tests/acceptance/tool-result-flow.test.ts (3 tests) 588ms
 ✓ |0| tests/tasks/t03.test.ts (8 tests) 216ms
(node:38337) ExperimentalWarning: SQLite is an experimental feature and might change at any time
(Use `node --trace-warnings ...` to show where the warning was created)
(node:38339) ExperimentalWarning: SQLite is an experimental feature and might change at any time
(Use `node --trace-warnings ...` to show where the warning was created)
(node:38338) ExperimentalWarning: SQLite is an experimental feature and might change at any time
(Use `node --trace-warnings ...` to show where the warning was created)
(node:38340) ExperimentalWarning: SQLite is an experimental feature and might change at any time
(Use `node --trace-warnings ...` to show where the warning was created)
(node:38347) ExperimentalWarning: SQLite is an experimental feature and might change at any time
(Use `node --trace-warnings ...` to show where the warning was created)
 ✓ |0| packages/storage/test/blob-store.test.ts (5 tests) 124ms
 ✓ |0| tests/tasks/t37.test.ts (6 tests) 79ms
 ✓ |0| tests/acceptance/evidence-recovery.test.ts (1 test) 100ms
 ✓ |0| tests/release/package-artifact.test.ts (4 tests) 5922ms
   ✓ release package > contains one extension entry, runtime dependencies and no source-private imports  2572ms
   ✓ release package > verifies clean-home extract, uninstall/reinstall, and temporary pi -e entry  1016ms
   ✓ release package > keeps the Node/OS matrix and does not hide unsupported Pi versions  1333ms
   ✓ release package > ships license/security docs and the gate-derived semantic default  1000ms
 ✓ |0| tests/tasks/t09.test.ts (13 tests) 211ms
 ✓ |0| packages/kernel/test/reducer-registry.test.ts (5 tests) 62ms
 ✓ |0| packages/worker/test/candidate-worker.test.ts (7 tests) 80ms
 ✓ |0| tests/tasks/t33.test.ts (7 tests) 37ms
 ✓ |0| tests/security/authority-mutation.test.ts (2 tests) 67ms
 ✓ |0| tests/tasks/t27.test.ts (8 tests) 44ms
 ✓ |0| tests/security/memory-poisoning.test.ts (2 tests) 26ms
(node:38341) ExperimentalWarning: SQLite is an experimental feature and might change at any time
(Use `node --trace-warnings ...` to show where the warning was created)
 ✓ |0| packages/runtime/test/compaction/snapshot.test.ts (2 tests) 12ms
 ✓ |0| tests/tasks/t30.test.ts (6 tests) 26ms
 ✓ |0| tests/tasks/t29.test.ts (6 tests) 29ms
 ✓ |0| tests/acceptance/retrieval-tools.test.ts (1 test) 107ms
 ✓ |0| tests/acceptance/w1-vertical.test.ts (1 test) 118ms
 ✓ |0| tests/contract/pi-input-correlation.test.ts (1 test) 12ms
 ✓ |0| tests/security/cursor-fuzz.test.ts (1 test) 26ms
 ✓ |0| packages/kernel/test/materializer.test.ts (4 tests) 23ms
 ✓ |0| tests/tasks/t22.test.ts (7 tests) 17ms
 ✓ |0| tests/tasks/t08.test.ts (10 tests) 7ms
 ✓ |0| tests/tasks/t05.test.ts (6 tests) 45ms
 ✓ |0| tests/live-gate/paired-w2-live.test.ts (3 tests) 23ms
 ✓ |0| packages/worker/test/semantic-proposal.test.ts (6 tests) 32ms
 ✓ |0| tests/performance/token-accounting.test.ts (1 test) 10ms
 ✓ |0| tests/acceptance/recursive-compaction.test.ts (1 test) 17ms
 ✓ |0| tests/tasks/t18.test.ts (8 tests) 18ms
 ✓ |0| tests/tasks/t16.test.ts (6 tests) 15ms
 ✓ |0| tests/tasks/t39.test.ts (7 tests) 46ms
 ✓ |0| tests/tasks/t14.test.ts (8 tests) 17ms
 ✓ |0| packages/kernel/test/continuity-ledger.test.ts (5 tests) 16ms
 ✓ |0| packages/pi-adapter/test/runtime-tools.test.ts (6 tests) 14ms
 ✓ |0| packages/kernel/test/claim-ledger.test.ts (9 tests) 16ms
(node:38736) ExperimentalWarning: SQLite is an experimental feature and might change at any time
(Use `node --trace-warnings ...` to show where the warning was created)
 ✓ |0| tests/e2e/packed-install.test.ts (1 test) 9ms
 ✓ |0| tests/tasks/t02.test.ts (6 tests) 19ms
 ✓ |0| tests/tasks/t38.test.ts (6 tests) 18ms
 ✓ |0| packages/core/test/directives/segment.test.ts (2 tests) 17ms
 ✓ |0| packages/kernel/test/shell-reducers.test.ts (6 tests) 3ms
 ✓ |0| tests/meta/workspace-layout.test.ts (4 tests) 17ms
 ✓ |0| tests/tasks/t25.test.ts (9 tests) 16ms
 ✓ |0| tests/tasks/t26.test.ts (7 tests) 16ms
 ✓ |0| tests/tasks/t17.test.ts (6 tests) 23ms
(node:38779) ExperimentalWarning: SQLite is an experimental feature and might change at any time
(Use `node --trace-warnings ...` to show where the warning was created)
 ✓ |0| tests/tasks/t28.test.ts (8 tests) 35ms
 ✓ |0| tests/tasks/t35.test.ts (6 tests) 22ms
 ✓ |0| tests/contract/pi-context-hook.test.ts (11 tests) 58ms
 ✓ |0| tests/tasks/t19.test.ts (7 tests) 16ms
 ✓ |0| tests/tasks/t21.test.ts (7 tests) 17ms
 ✓ |0| packages/kernel/test/evidence-admission.test.ts (5 tests) 12ms
 ✓ |0| tests/tasks/t36.test.ts (7 tests) 14ms
(node:38797) ExperimentalWarning: SQLite is an experimental feature and might change at any time
(Use `node --trace-warnings ...` to show where the warning was created)
 ✓ |0| tests/tasks/t31.test.ts (8 tests) 25ms
 ✓ |0| tests/contract/pi-compaction-takeover.test.ts (4 tests) 14ms
 ✓ |0| packages/core/test/directives/extract.test.ts (1 test) 14ms
 ✓ |0| tests/tasks/t34.test.ts (6 tests) 15ms
 ✓ |0| tests/tasks/t04.test.ts (7 tests) 16ms
 ✓ |0| packages/runtime/test/semantic/proposer.test.ts (1 test) 11ms
 ✓ |0| packages/kernel/test/raw-input.test.ts (5 tests) 12ms
 ✓ |0| packages/worker/test/generation-fencing.test.ts (6 tests) 13ms
 ✓ |0| packages/kernel/test/directive-capture.test.ts (6 tests) 19ms
(node:38846) ExperimentalWarning: SQLite is an experimental feature and might change at any time
(Use `node --trace-warnings ...` to show where the warning was created)
 ✓ |0| tests/compat/pi-version-contract.test.ts (4 tests) 16ms
 ✓ |0| tests/security/secret-leak.test.ts (1 test) 11ms
 ✓ |0| packages/worker/test/telemetry-economics.test.ts (5 tests) 11ms
 ✓ |0| packages/kernel/test/fts-catalog.test.ts (5 tests) 25ms
 ✓ |0| packages/runtime/test/background/candidates.test.ts (1 test) 10ms
 ✓ |0| tests/contract/pi-session-lifecycle.test.ts (4 tests) 13ms
 ✓ |0| packages/contracts/test/canonical.test.ts (4 tests) 12ms
 ✓ |0| packages/core/test/verifier/semantic.test.ts (1 test) 11ms
 ✓ |0| packages/core/test/materialization/cache.test.ts (1 test) 16ms
 ✓ |0| packages/core/test/materialization/materializer.test.ts (1 test) 17ms
 ✓ |0| tests/live-gate/payload-sizing.test.ts (3 tests) 3ms
 ✓ |0| packages/core/test/continuity/reduce.test.ts (2 tests) 19ms
 ✓ |0| packages/kernel/test/action-gate.test.ts (6 tests) 12ms
 ✓ |0| packages/kernel/test/host-checkpoint-render.test.ts (5 tests) 11ms
 ✓ |0| packages/core/test/compaction/checkpoint.test.ts (2 tests) 12ms
 ✓ |0| packages/core/test/retrieval/proactive.test.ts (1 test) 12ms
 ✓ |0| tests/security/authority.test.ts (3 tests) 13ms
 ✓ |0| packages/runtime/test/semantic/port.test.ts (1 test) 11ms
 ✓ |0| tests/acceptance/restart-branch-recovery.test.ts (1 test) 12ms
 ✓ |0| packages/kernel/test/builtin-reducers.test.ts (5 tests) 4ms
 ✓ |0| packages/pi-adapter/test/message-codec.test.ts (1 test) 11ms
 ✓ |0| tests/acceptance/compaction-fallback.test.ts (1 test) 1ms
 ✓ |0| packages/kernel/test/literal-index.test.ts (5 tests) 4ms
(node:38855) ExperimentalWarning: SQLite is an experimental feature and might change at any time
(Use `node --trace-warnings ...` to show where the warning was created)
 ✓ |0| tests/e2e/pi-factory-entry.test.ts (2 tests) 15ms
 ✓ |0| tests/tasks/t07.test.ts (9 tests) 6ms
 ✓ |0| tests/release/deterministic-mvp-gate.test.ts (9 tests) 8ms
 ✓ |0| packages/worker/test/verifier.test.ts (8 tests) 7ms
 ✓ |0| packages/kernel/test/active-suffix.test.ts (5 tests) 4ms
(node:38918) ExperimentalWarning: SQLite is an experimental feature and might change at any time
(Use `node --trace-warnings ...` to show where the warning was created)
 ✓ |0| tests/performance/economics.test.ts (1 test) 2ms
(node:38917) ExperimentalWarning: SQLite is an experimental feature and might change at any time
(Use `node --trace-warnings ...` to show where the warning was created)
 ✓ |0| tests/tasks/t32.test.ts (7 tests) 11ms
 ✓ |0| tests/acceptance/session-registry.test.ts (8 tests) 14ms
 ✓ |0| packages/kernel/test/claim-transitions.test.ts (7 tests) 6ms
 ✓ |0| packages/kernel/test/exact-read.test.ts (5 tests) 3ms
 ✓ |0| tests/tasks/t24.test.ts (7 tests) 9ms
 ✓ |0| packages/kernel/test/lease-lifecycle.test.ts (5 tests) 3ms
 ✓ |0| tests/compat/provider-payload-probe.test.ts (3 tests) 3ms
(node:38930) ExperimentalWarning: SQLite is an experimental feature and might change at any time
(Use `node --trace-warnings ...` to show where the warning was created)
 ✓ |0| tests/acceptance/context-hook.test.ts (2 tests) 11ms
 ✓ |0| packages/kernel/test/checkpoint-candidate.test.ts (6 tests) 4ms
 ✓ |0| apps/pi-context-runtime/test/package-runtime.test.ts (4 tests) 3ms
 ✓ |0| tests/release/semantic-beta-gate.test.ts (8 tests) 3ms
 ✓ |0| packages/pi-adapter/test/message-conversion.test.ts (5 tests) 3ms
 ✓ |0| packages/runtime/test/saga.test.ts (4 tests) 3ms
 ✓ |0| packages/kernel/test/convergence.test.ts (5 tests) 3ms
 ✓ |0| tests/contract/pi-capability-probe.test.ts (4 tests) 3ms
 ✓ |0| packages/kernel/test/proactive-recall.test.ts (5 tests) 5ms
 ✓ |0| packages/kernel/test/token-budget.test.ts (6 tests) 8ms
 ✓ |0| packages/core/test/reducers/production.test.ts (4 tests) 8ms
 ✓ |0| packages/contracts/test/types.test.ts (5 tests) 2ms
 ✓ |0| packages/core/test/directives/temporal.test.ts (2 tests) 2ms
 ✓ |0| packages/pi-adapter/test/compaction-result.test.ts (1 test) 4ms
 ✓ |0| tests/security/recovery-fuzz.test.ts (1 test) 3ms
 ✓ |0| packages/runtime/test/runtime-session.test.ts (2 tests) 2ms
(node:38947) ExperimentalWarning: SQLite is an experimental feature and might change at any time
(Use `node --trace-warnings ...` to show where the warning was created)
 ✓ |0| apps/pi-context-runtime/test/owner.test.ts (4 tests) 7ms
 ✓ |0| tests/contract/pi-tool-call-gate.test.ts (1 test) 6ms
 ✓ |0| tests/acceptance/packed-install.test.ts (2 tests) 18673ms
   ✓ packed runtime acceptance > npm packs the runtime and the required patched Pi host loads exact input  14695ms
   ✓ packed runtime acceptance > fails during loading on stock Pi 0.84.4 instead of swallowing input  3977ms
 ✓ |0| tests/tasks/t06.test.ts (9 tests) 24240ms
   ✓ T06 Real npm pack and clean Pi install harness > loads the actual packed tarball in an empty Pi home  7709ms
   ✓ T06 Real npm pack and clean Pi install harness > packs deterministically from the same committed source  4085ms
   ✓ T06 Real npm pack and clean Pi install harness > isolates duplicate probes while preserving their observable contract  6946ms
   ✓ T06 Real npm pack and clean Pi install harness > propagates a non-zero Pi exit and removes the isolated home  974ms

 Test Files  139 passed (139)
      Tests  673 passed (673)
   Start at  06:51:15
   Duration  24.65s (transform 2.66s, setup 0ms, collect 33.67s, tests 85.87s, environment 26ms, prepare 8.23s)

 DEPRECATED  The workspace file is deprecated and will be removed in the next major. Please, use the `test.projects` field in the root config file instead.

 RUN  v3.2.4 /Users/luo/Documents/github/pi-context

 ✓ |0| tests/acceptance/restart-branch-recovery.test.ts (1 test) 13ms
 ✓ |0| tests/acceptance/recursive-compaction.test.ts (1 test) 19ms
(node:39321) ExperimentalWarning: SQLite is an experimental feature and might change at any time
(Use `node --trace-warnings ...` to show where the warning was created)
(node:39323) ExperimentalWarning: SQLite is an experimental feature and might change at any time
(Use `node --trace-warnings ...` to show where the warning was created)
 ✓ |0| tests/acceptance/evidence-recovery.test.ts (1 test) 68ms
 ✓ |0| tests/acceptance/compaction-fallback.test.ts (1 test) 2ms
(node:39325) ExperimentalWarning: SQLite is an experimental feature and might change at any time
(Use `node --trace-warnings ...` to show where the warning was created)
(node:39319) ExperimentalWarning: SQLite is an experimental feature and might change at any time
(Use `node --trace-warnings ...` to show where the warning was created)
(node:39320) ExperimentalWarning: SQLite is an experimental feature and might change at any time
(Use `node --trace-warnings ...` to show where the warning was created)
 ✓ |0| tests/acceptance/session-registry.test.ts (8 tests) 12ms
(node:39322) ExperimentalWarning: SQLite is an experimental feature and might change at any time
(Use `node --trace-warnings ...` to show where the warning was created)
 ✓ |0| tests/acceptance/retrieval-tools.test.ts (1 test) 134ms
(node:39343) ExperimentalWarning: SQLite is an experimental feature and might change at any time
(Use `node --trace-warnings ...` to show where the warning was created)
 ✓ |0| tests/acceptance/context-hook.test.ts (2 tests) 9ms
 ✓ |0| tests/acceptance/w1-vertical.test.ts (1 test) 124ms
 ✓ |0| tests/acceptance/tool-result-flow.test.ts (3 tests) 360ms
 ✓ |0| tests/acceptance/user-input-flow.test.ts (11 tests) 992ms
 ✓ |0| tests/acceptance/packed-install.test.ts (2 tests) 10748ms
   ✓ packed runtime acceptance > npm packs the runtime and the required patched Pi host loads exact input  7210ms
   ✓ packed runtime acceptance > fails during loading on stock Pi 0.84.4 instead of swallowing input  3538ms

 Test Files  11 passed (11)
      Tests  32 passed (32)
   Start at  06:51:40
   Duration  11.05s (transform 852ms, setup 0ms, collect 7.72s, tests 12.48s, environment 1ms, prepare 884ms)

compdef:153: _comps: assignment to invalid subscript range
boundaries: ok
