CMD: pnpm vitest run tests/acceptance/runtime-concurrency.test.ts tests/fault/runtime-concurrency.test.ts --config vitest.acceptance.config.ts

 RUN  v3.2.4 /Users/luo/Documents/github/pi-context

(node:8906) ExperimentalWarning: SQLite is an experimental feature and might change at any time
(Use `node --trace-warnings ...` to show where the warning was created)
 ✓ tests/acceptance/runtime-concurrency.test.ts (1 test) 7ms

 Test Files  1 passed (1)
      Tests  1 passed (1)
   Start at  21:33:30
   Duration  1.16s (transform 313ms, setup 0ms, collect 916ms, tests 7ms, environment 0ms, prepare 50ms)

EXIT:0
=== B15 fault ===

 RUN  v3.2.4 /Users/luo/Documents/github/pi-context

(node:9813) ExperimentalWarning: SQLite is an experimental feature and might change at any time
(Use `node --trace-warnings ...` to show where the warning was created)
 ✓ tests/fault/runtime-concurrency.test.ts (1 test) 5ms

 Test Files  1 passed (1)
      Tests  1 passed (1)
   Start at  21:34:40
   Duration  1.37s (transform 320ms, setup 0ms, collect 1.12s, tests 5ms, environment 0ms, prepare 62ms)


=== wave full gate ===
=== acceptance ===

> @ test:acceptance /Users/luo/Documents/github/pi-context
> vitest run --config vitest.acceptance.config.ts


 RUN  v3.2.4 /Users/luo/Documents/github/pi-context

(node:13596) ExperimentalWarning: SQLite is an experimental feature and might change at any time
(Use `node --trace-warnings ...` to show where the warning was created)
(node:13597) ExperimentalWarning: SQLite is an experimental feature and might change at any time
(Use `node --trace-warnings ...` to show where the warning was created)
(node:13593) ExperimentalWarning: SQLite is an experimental feature and might change at any time
(Use `node --trace-warnings ...` to show where the warning was created)
(node:13591) ExperimentalWarning: SQLite is an experimental feature and might change at any time
(Use `node --trace-warnings ...` to show where the warning was created)
(node:13592) ExperimentalWarning: SQLite is an experimental feature and might change at any time
(Use `node --trace-warnings ...` to show where the warning was created)
(node:13594) ExperimentalWarning: SQLite is an experimental feature and might change at any time
(Use `node --trace-warnings ...` to show where the warning was created)
(node:13589) ExperimentalWarning: SQLite is an experimental feature and might change at any time
(Use `node --trace-warnings ...` to show where the warning was created)
(node:13595) ExperimentalWarning: SQLite is an experimental feature and might change at any time
(Use `node --trace-warnings ...` to show where the warning was created)
(node:13590) ExperimentalWarning: SQLite is an experimental feature and might change at any time
(Use `node --trace-warnings ...` to show where the warning was created)
 ✓ tests/acceptance/retrieval-tools.test.ts (1 test) 174ms
(node:13607) ExperimentalWarning: SQLite is an experimental feature and might change at any time
(Use `node --trace-warnings ...` to show where the warning was created)
 ✓ tests/acceptance/session-registry.test.ts (10 tests) 576ms
   ✓ production session registry acceptance > keeps a sibling production session after session-scoped shutdown  561ms
 ✓ tests/acceptance/w1-vertical.test.ts (1 test) 364ms
   ✓ W1 vertical acceptance > recovers the admitted blob and ranks the FTS hit from real CAS bytes  364ms
 ✓ tests/acceptance/deterministic-mvp.test.ts (1 test) 351ms
   ✓ deterministic MVP acceptance > returns one release-candidate verdict from real vertical, recovery, gates and product hooks  351ms
 ✓ tests/acceptance/evidence-recovery.test.ts (1 test) 309ms
   ✓ evidence recovery > reads the admitted blob and compares sha256 plus byte length  308ms
 ✓ tests/acceptance/tool-result-flow.test.ts (3 tests) 727ms
   ✓ real Pi tool_result flow > is reachable through the only packaged product extension entry  340ms
 ✓ tests/acceptance/runtime-concurrency.test.ts (2 tests) 843ms
   ✓ runtime concurrency gate > runs production sqlite sessions across workspaces without cross-scope capture  835ms
 ✓ tests/acceptance/runtime-session-ownership.test.ts (3 tests) 742ms
   ✓ runtime session ingress ownership > sends product tool_result through RuntimeSession.ingestToolResult  412ms
   ✓ runtime session ingress ownership > sends product user input through RuntimeSession.ingestUserInput  328ms
 ✓ tests/acceptance/hermetic-models.test.ts (3 tests) 5ms
 ✓ tests/acceptance/recursive-compaction.test.ts (1 test) 20ms
 ✓ tests/acceptance/extension-one-root.test.ts (2 tests) 2ms
 ✓ tests/acceptance/restart-branch-recovery.test.ts (1 test) 11ms
 ✓ tests/acceptance/default-profile.test.ts (1 test) 2ms
 ✓ tests/acceptance/compaction-fallback.test.ts (1 test) 9ms
 ✓ tests/acceptance/product-runtime-path.test.ts (6 tests) 1132ms
   ✓ product runtime SQLite/FTS/CAS path > admits tool_result into the same store that context_search and context_read use  342ms
   ✓ product runtime SQLite/FTS/CAS path > hard-stops compact when a CAS pointer is missing on the extension entry  362ms
(node:13610) ExperimentalWarning: SQLite is an experimental feature and might change at any time
(Use `node --trace-warnings ...` to show where the warning was created)
 ✓ tests/acceptance/context-hook.test.ts (2 tests) 67ms
(node:13618) ExperimentalWarning: SQLite is an experimental feature and might change at any time
(Use `node --trace-warnings ...` to show where the warning was created)
 ✓ tests/acceptance/multi-session-registry.test.ts (2 tests) 6ms
(node:13620) ExperimentalWarning: SQLite is an experimental feature and might change at any time
(Use `node --trace-warnings ...` to show where the warning was created)
 ✓ tests/acceptance/scope-failure.test.ts (2 tests) 11ms
 ✓ tests/acceptance/user-input-flow.test.ts (11 tests) 1682ms
   ✓ exact user input flow on the patched Pi 0.84.4 AgentSession > is reachable through the only packaged product extension entry  554ms

 Test Files  19 passed (19)
      Tests  54 passed (54)
   Start at  21:52:17
   Duration  3.38s (transform 1.44s, setup 0ms, collect 15.86s, tests 7.03s, environment 3ms, prepare 1.13s)

=== integration ===

> @ test:integration /Users/luo/Documents/github/pi-context
> vitest run --config vitest.integration.config.ts


 RUN  v3.2.4 /Users/luo/Documents/github/pi-context

(node:13683) ExperimentalWarning: SQLite is an experimental feature and might change at any time
(Use `node --trace-warnings ...` to show where the warning was created)
 ✓ tests/e2e/jiti-candidate-load.test.ts (1 test) 201ms
 ✓ tests/e2e/operations.test.ts (6 tests) 158ms
(node:13681) ExperimentalWarning: SQLite is an experimental feature and might change at any time
(Use `node --trace-warnings ...` to show where the warning was created)
(node:13684) ExperimentalWarning: SQLite is an experimental feature and might change at any time
(Use `node --trace-warnings ...` to show where the warning was created)
(node:13685) ExperimentalWarning: SQLite is an experimental feature and might change at any time
(Use `node --trace-warnings ...` to show where the warning was created)
 ✓ tests/integration/checkpoint-pointer-recovery.test.ts (2 tests) 11ms
 ✓ tests/integration/checkpoint-hard-gates.test.ts (4 tests) 13ms
(node:13682) ExperimentalWarning: SQLite is an experimental feature and might change at any time
(Use `node --trace-warnings ...` to show where the warning was created)
 ✓ tests/fault/compaction-ack-recovery.test.ts (2 tests) 115ms
 ✓ tests/fault/recovery.test.ts (1 test) 145ms
 ✓ tests/e2e/key-rotation-v2-boundary.test.ts (2 tests) 176ms
 ✓ tests/integration/snapshot-consistency.test.ts (3 tests) 171ms
 ✓ tests/fault/overflow-lane.test.ts (1 test) 2ms
(node:13698) ExperimentalWarning: SQLite is an experimental feature and might change at any time
(Use `node --trace-warnings ...` to show where the warning was created)
 ✓ tests/fault/runtime-concurrency.test.ts (1 test) 5ms
(node:13688) ExperimentalWarning: SQLite is an experimental feature and might change at any time
(Use `node --trace-warnings ...` to show where the warning was created)
(node:13699) ExperimentalWarning: SQLite is an experimental feature and might change at any time
(Use `node --trace-warnings ...` to show where the warning was created)
 ✓ tests/e2e/packed-install.test.ts (1 test) 6ms
 ✓ tests/e2e/pi-factory-entry.test.ts (2 tests) 4ms

 Test Files  12 passed (12)
      Tests  26 passed (26)
   Start at  21:52:21
   Duration  1.42s (transform 995ms, setup 0ms, collect 6.43s, tests 1.01s, environment 1ms, prepare 1.02s)

