
> @ check:boundaries /Users/luo/Documents/github/pi-context
> node scripts/check-package-boundaries.mjs

boundaries: ok

> @ typecheck /Users/luo/Documents/github/pi-context
> pnpm -r typecheck

Scope: 11 of 12 workspace projects
apps/pi-context-runtime typecheck$ tsc --noEmit --strict --skipLibCheck --module NodeNext --moduleResolution NodeNext --target ES2022 --types node src/extension.ts src/composition-root.ts src/owner.ts src/runtime.ts src/doctor.ts src/conflicts.ts
packages/storage typecheck$ tsc --noEmit --strict --module NodeNext --moduleResolution NodeNext --target ES2022 --types node src/sqlite-store.ts src/worker.ts src/protocol.ts
packages/contracts typecheck$ tsc --noEmit --strict --module NodeNext --moduleResolution NodeNext --target ES2022 --types node src/index.ts
packages/kernel typecheck$ tsc --noEmit --strict --module NodeNext --moduleResolution NodeNext --target ES2022 --types node src/ingress/project.ts
packages/kernel typecheck: Done
packages/storage typecheck: Done
packages/testkit typecheck$ tsc --noEmit --strict --module NodeNext --moduleResolution NodeNext --target ES2022 --types node src/fake-pi-host.ts src/pi-contract-harness.ts
packages/worker typecheck$ tsc --noEmit --strict --module NodeNext --moduleResolution NodeNext --target ES2022 --types node src/candidate-worker.ts src/candidate-key.ts
packages/contracts typecheck: Done
apps/pi-context-runtime typecheck: Done
packages/testkit typecheck: Done
packages/worker typecheck: Done
packages/core typecheck$ tsc --noEmit --strict --module NodeNext --moduleResolution NodeNext --target ES2022 --types node src/index.ts test/directives/segment.test.ts test/directives/extract.test.ts test/directives/temporal.test.ts test/continuity/reduce.test.ts test/retrieval/proactive.test.ts test/materialization/cache.test.ts test/materialization/materializer.test.ts test/compaction/checkpoint.test.ts test/verifier/semantic.test.ts ../../tests/security/authority.test.ts ../../tests/performance/token-accounting.test.ts ../../tests/performance/economics.test.ts ../../tests/tasks/t14.test.ts ../../tests/tasks/t16.test.ts ../../tests/tasks/t17.test.ts ../../tests/tasks/t18.test.ts ../../tests/tasks/t19.test.ts ../../tests/tasks/t21.test.ts ../../tests/tasks/t22.test.ts ../../tests/tasks/t25.test.ts ../../tests/tasks/t26.test.ts ../../tests/tasks/t27.test.ts ../../tests/tasks/t30.test.ts ../../tests/tasks/t36.test.ts
packages/core typecheck: Done
packages/runtime typecheck$ tsc --noEmit --strict --module NodeNext --moduleResolution NodeNext --target ES2022 --types node src/index.ts test/runtime-session.test.ts test/saga.test.ts test/compaction/snapshot.test.ts test/semantic/port.test.ts test/semantic/proposer.test.ts test/background/candidates.test.ts ../../tests/tasks/t07.test.ts ../../tests/tasks/t12.test.ts ../../tests/tasks/t18.test.ts ../../tests/tasks/t19.test.ts ../../tests/tasks/t21.test.ts ../../tests/tasks/t22.test.ts ../../tests/tasks/t25.test.ts ../../tests/tasks/t29.test.ts ../../tests/tasks/t33.test.ts ../../tests/tasks/t34.test.ts ../../tests/tasks/t35.test.ts ../../tests/tasks/t38.test.ts
packages/runtime typecheck: Done
packages/storage-node typecheck$ tsc --noEmit --strict --module NodeNext --moduleResolution NodeNext --target ES2022 --types node src/index.ts test/blob-store.test.ts test/saga-store.test.ts test/user-turn-store.test.ts ../../tests/tasks/t09.test.ts ../../tests/tasks/t11.test.ts ../../tests/tasks/t12.test.ts ../../tests/tasks/t37.test.ts
packages/pi-adapter typecheck$ tsc --noEmit --strict --skipLibCheck --module NodeNext --moduleResolution NodeNext --target ES2022 --types node src/index.ts src/contracts/pi-0844.ts test/message-codec.test.ts ../../tests/acceptance/user-input-flow.test.ts ../../tests/acceptance/tool-result-flow.test.ts ../../tests/acceptance/retrieval-tools.test.ts ../../tests/acceptance/context-hook.test.ts ../../tests/acceptance/compaction-fallback.test.ts ../../tests/acceptance/restart-branch-recovery.test.ts ../../tests/tasks/t13.test.ts ../../tests/tasks/t20.test.ts ../../tests/tasks/t24.test.ts ../../tests/tasks/t28.test.ts ../../tests/tasks/t31.test.ts ../../tests/tasks/t32.test.ts
packages/pi-adapter typecheck: Done
packages/storage-node typecheck: Done
packages/benchmark typecheck$ tsc --noEmit --strict --module NodeNext --moduleResolution NodeNext --target ES2022 --types node src/index.ts src/corpus/cli.ts src/trace/cli.ts src/arms/w1.ts src/arms/w2.ts src/reader/ceiling.ts src/continuation/runner.ts src/scoring/integrity.ts src/statistics/cluster.ts src/performance/lanes.ts test/oracle.test.ts test/trace.test.ts test/scoring/integrity.test.ts test/statistics.test.ts ../../tests/tasks/t39.test.ts ../../tests/tasks/t40.test.ts ../../tests/tasks/t41.test.ts ../../tests/tasks/t42.test.ts ../../tests/tasks/t43.test.ts ../../tests/tasks/t44.test.ts ../../tests/tasks/t45.test.ts ../../tests/tasks/t46.test.ts ../../tests/tasks/t47.test.ts ../../tests/tasks/t48.test.ts ../../tests/performance/lanes.test.ts ../../tests/fault/overflow-lane.test.ts ../../tests/live/w1-paired.test.ts ../../tests/live/w2-paired.test.ts ../../tests/live/reader-ceiling.test.ts ../../tests/live/closed-loop.test.ts
packages/benchmark typecheck: Done
 DEPRECATED  The workspace file is deprecated and will be removed in the next major. Please, use the `test.projects` field in the root config file instead.

 RUN  v3.2.4 /Users/luo/Documents/github/pi-context

 ✓ |0| tests/tasks/t06.test.ts (9 tests) 16505ms
   ✓ T06 Real npm pack and clean Pi install harness > loads the actual packed tarball in an empty Pi home  3858ms
   ✓ T06 Real npm pack and clean Pi install harness > packs deterministically from the same committed source  2282ms
   ✓ T06 Real npm pack and clean Pi install harness > isolates duplicate probes while preserving their observable contract  6756ms
   ✓ T06 Real npm pack and clean Pi install harness > propagates a non-zero Pi exit and removes the isolated home  1000ms
 ✓ |0| tests/acceptance/packed-install.test.ts (2 tests) 10244ms
   ✓ packed runtime acceptance > npm packs the runtime and the required patched Pi host loads exact input  6764ms
   ✓ packed runtime acceptance > fails during loading on stock Pi 0.84.4 instead of swallowing input  3479ms
(node:22533) ExperimentalWarning: SQLite is an experimental feature and might change at any time
(Use `node --trace-warnings ...` to show where the warning was created)
 ✓ |0| tests/release/package-artifact.test.ts (4 tests) 1951ms
   ✓ release package > contains one extension entry, runtime dependencies and no source-private imports  506ms
   ✓ release package > verifies clean-home extract, uninstall/reinstall, and temporary pi -e entry  476ms
   ✓ release package > keeps the Node/OS matrix and does not hide unsupported Pi versions  489ms
   ✓ release package > ships license/security docs and the gate-derived semantic default  478ms
(node:23747) ExperimentalWarning: SQLite is an experimental feature and might change at any time
(Use `node --trace-warnings ...` to show where the warning was created)
 ✓ |0| packages/storage-node/test/blob-store.test.ts (15 tests) 1821ms
   ✓ encrypted content-addressed blob store > settles concurrent same-content writes on one complete authenticated object  336ms
   ✓ encrypted content-addressed blob store > makes the existing-object fast path durable across independent processes  844ms
 ✓ |0| tests/w2-gate/head-to-head.test.ts (3 tests) 1438ms
   ✓ W2 Compactor Head-to-head Gate > evaluates live PCR B1/B2 against synthetic B0 and writes a machine-readable report  1434ms
(node:23768) ExperimentalWarning: SQLite is an experimental feature and might change at any time
(Use `node --trace-warnings ...` to show where the warning was created)
 ✓ |0| tests/acceptance/user-input-flow.test.ts (11 tests) 777ms
(node:23771) ExperimentalWarning: SQLite is an experimental feature and might change at any time
(Use `node --trace-warnings ...` to show where the warning was created)
 ✓ |0| packages/storage-node/test/saga-store.test.ts (14 tests) 793ms
   ✓ workspace SQLite Saga journal > recovers a host-visible row after an abrupt process exit and replays without mutation  668ms
 ✓ |0| tests/tasks/t00.test.ts (7 tests) 506ms
 ✓ |0| tests/w1-gate/early-net-value.test.ts (3 tests) 512ms
   ✓ W1 Early Net Value Gate > evaluates live PCR arms and writes a machine-readable report  509ms
(node:24483) ExperimentalWarning: SQLite is an experimental feature and might change at any time
(Use `node --trace-warnings ...` to show where the warning was created)
 ✓ |0| tests/acceptance/tool-result-flow.test.ts (3 tests) 151ms
(node:24485) ExperimentalWarning: SQLite is an experimental feature and might change at any time
(Use `node --trace-warnings ...` to show where the warning was created)
 ✓ |0| packages/storage-node/test/user-turn-store.test.ts (8 tests) 432ms
(node:24502) ExperimentalWarning: SQLite is an experimental feature and might change at any time
(Use `node --trace-warnings ...` to show where the warning was created)
 ✓ |0| tests/tasks/t13.test.ts (8 tests) 309ms
(node:24505) ExperimentalWarning: SQLite is an experimental feature and might change at any time
(Use `node --trace-warnings ...` to show where the warning was created)
 ✓ |0| tests/tasks/t15.test.ts (8 tests) 317ms
 ✓ |0| tests/tasks/t01.test.ts (8 tests) 219ms
 ✓ |0| tests/e2e/jiti-candidate-load.test.ts (1 test) 177ms
(node:24519) ExperimentalWarning: SQLite is an experimental feature and might change at any time
(Use `node --trace-warnings ...` to show where the warning was created)
 ✓ |0| tests/tasks/t20.test.ts (6 tests) 162ms
(node:24521) ExperimentalWarning: SQLite is an experimental feature and might change at any time
(Use `node --trace-warnings ...` to show where the warning was created)
 ✓ |0| tests/e2e/operations.test.ts (6 tests) 153ms
(node:24523) ExperimentalWarning: SQLite is an experimental feature and might change at any time
(Use `node --trace-warnings ...` to show where the warning was created)
 ✓ |0| tests/acceptance/w1-vertical.test.ts (1 test) 45ms
(node:24525) ExperimentalWarning: SQLite is an experimental feature and might change at any time
(Use `node --trace-warnings ...` to show where the warning was created)
 ✓ |0| tests/acceptance/retrieval-tools.test.ts (1 test) 43ms
(node:24527) ExperimentalWarning: SQLite is an experimental feature and might change at any time
(Use `node --trace-warnings ...` to show where the warning was created)
 ✓ |0| tests/tasks/t10.test.ts (4 tests) 111ms
(node:24529) ExperimentalWarning: SQLite is an experimental feature and might change at any time
(Use `node --trace-warnings ...` to show where the warning was created)
 ✓ |0| tests/tasks/t23.test.ts (4 tests) 106ms
(node:24531) ExperimentalWarning: SQLite is an experimental feature and might change at any time
(Use `node --trace-warnings ...` to show where the warning was created)
 ✓ |0| tests/acceptance/evidence-recovery.test.ts (1 test) 55ms
(node:24533) ExperimentalWarning: SQLite is an experimental feature and might change at any time
(Use `node --trace-warnings ...` to show where the warning was created)
 ✓ |0| tests/e2e/key-rotation-v2-boundary.test.ts (2 tests) 91ms
(node:24536) ExperimentalWarning: SQLite is an experimental feature and might change at any time
(Use `node --trace-warnings ...` to show where the warning was created)
 ✓ |0| packages/storage/test/saga-recovery.test.ts (7 tests) 82ms
(node:24538) ExperimentalWarning: SQLite is an experimental feature and might change at any time
(Use `node --trace-warnings ...` to show where the warning was created)
 ✓ |0| packages/storage/test/blob-store.test.ts (5 tests) 47ms
(node:24540) ExperimentalWarning: SQLite is an experimental feature and might change at any time
(Use `node --trace-warnings ...` to show where the warning was created)
 ✓ |0| tests/live/w1-paired.test.ts (1 test) 63ms
(node:24542) ExperimentalWarning: SQLite is an experimental feature and might change at any time
(Use `node --trace-warnings ...` to show where the warning was created)
 ✓ |0| tests/tasks/t09.test.ts (13 tests) 71ms
 ✓ |0| packages/worker/test/candidate-worker.test.ts (7 tests) 65ms
(node:24546) ExperimentalWarning: SQLite is an experimental feature and might change at any time
(Use `node --trace-warnings ...` to show where the warning was created)
 ✓ |0| tests/contract/pi-tool-result-order.test.ts (1 test) 56ms
 ✓ |0| packages/kernel/test/reducer-registry.test.ts (5 tests) 62ms
(node:24550) ExperimentalWarning: SQLite is an experimental feature and might change at any time
(Use `node --trace-warnings ...` to show where the warning was created)
 ✓ |0| packages/kernel/test/raw-capture.test.ts (5 tests) 61ms
(node:24552) ExperimentalWarning: SQLite is an experimental feature and might change at any time
(Use `node --trace-warnings ...` to show where the warning was created)
 ✓ |0| tests/tasks/t12.test.ts (2 tests) 53ms
(node:24554) ExperimentalWarning: SQLite is an experimental feature and might change at any time
(Use `node --trace-warnings ...` to show where the warning was created)
 ✓ |0| tests/tasks/t11.test.ts (2 tests) 56ms
(node:24556) ExperimentalWarning: SQLite is an experimental feature and might change at any time
(Use `node --trace-warnings ...` to show where the warning was created)
 ✓ |0| packages/storage-node/test/sqlite-store.test.ts (6 tests) 54ms
(node:24558) ExperimentalWarning: SQLite is an experimental feature and might change at any time
(Use `node --trace-warnings ...` to show where the warning was created)
 ✓ |0| tests/tasks/t37.test.ts (6 tests) 36ms
 ✓ |0| tests/security/authority-mutation.test.ts (2 tests) 32ms
 ✓ |0| tests/tasks/t03.test.ts (8 tests) 26ms
 ✓ |0| tests/tasks/t33.test.ts (7 tests) 26ms
 ✓ |0| tests/tasks/t27.test.ts (8 tests) 23ms
 ✓ |0| tests/security/memory-poisoning.test.ts (2 tests) 19ms
(node:24570) ExperimentalWarning: SQLite is an experimental feature and might change at any time
(Use `node --trace-warnings ...` to show where the warning was created)
 ✓ |0| packages/storage/test/sqlite-store.test.ts (5 tests) 20ms
 ✓ |0| packages/worker/test/semantic-proposal.test.ts (6 tests) 21ms
 ✓ |0| tests/acceptance/recursive-compaction.test.ts (1 test) 16ms
 ✓ |0| tests/tasks/t30.test.ts (6 tests) 21ms
 ✓ |0| tests/tasks/t29.test.ts (6 tests) 20ms
 ✓ |0| tests/security/cursor-fuzz.test.ts (1 test) 19ms
 ✓ |0| tests/tasks/t05.test.ts (6 tests) 25ms
 ✓ |0| tests/meta/workspace-layout.test.ts (4 tests) 6ms
 ✓ |0| tests/live/w2-paired.test.ts (1 test) 18ms
 ✓ |0| tests/tasks/t26.test.ts (7 tests) 15ms
 ✓ |0| tests/tasks/t18.test.ts (8 tests) 18ms
 ✓ |0| tests/tasks/t41.test.ts (7 tests) 17ms
 ✓ |0| tests/tasks/t39.test.ts (7 tests) 17ms
 ✓ |0| tests/live-gate/paired-w2-live.test.ts (3 tests) 16ms
 ✓ |0| tests/tasks/t17.test.ts (6 tests) 16ms
 ✓ |0| tests/contract/pi-context-hook.test.ts (11 tests) 15ms
 ✓ |0| tests/tasks/t19.test.ts (7 tests) 14ms
 ✓ |0| tests/tasks/t38.test.ts (6 tests) 15ms
 ✓ |0| tests/tasks/t16.test.ts (6 tests) 15ms
(node:24621) ExperimentalWarning: SQLite is an experimental feature and might change at any time
(Use `node --trace-warnings ...` to show where the warning was created)
 ✓ |0| tests/tasks/t31.test.ts (8 tests) 13ms
 ✓ |0| packages/kernel/test/materializer.test.ts (4 tests) 14ms
 ✓ |0| tests/tasks/t14.test.ts (8 tests) 14ms
(node:24627) ExperimentalWarning: SQLite is an experimental feature and might change at any time
(Use `node --trace-warnings ...` to show where the warning was created)
 ✓ |0| tests/tasks/t28.test.ts (8 tests) 13ms
 ✓ |0| tests/tasks/t22.test.ts (7 tests) 13ms
 ✓ |0| tests/tasks/t42.test.ts (6 tests) 14ms
 ✓ |0| packages/pi-adapter/test/runtime-tools.test.ts (6 tests) 15ms
 ✓ |0| tests/tasks/t21.test.ts (7 tests) 14ms
 ✓ |0| tests/tasks/t25.test.ts (9 tests) 14ms
 ✓ |0| tests/tasks/t35.test.ts (6 tests) 13ms
 ✓ |0| tests/contract/pi-compaction-takeover.test.ts (4 tests) 13ms
 ✓ |0| tests/tasks/t43.test.ts (6 tests) 13ms
 ✓ |0| packages/worker/test/generation-fencing.test.ts (6 tests) 12ms
 ✓ |0| tests/tasks/t36.test.ts (7 tests) 13ms
 ✓ |0| packages/core/test/directives/extract.test.ts (1 test) 13ms
 ✓ |0| tests/tasks/t34.test.ts (6 tests) 12ms
 ✓ |0| packages/core/test/directives/segment.test.ts (2 tests) 13ms
 ✓ |0| packages/kernel/test/directive-capture.test.ts (6 tests) 12ms
 ✓ |0| tests/tasks/t04.test.ts (7 tests) 12ms
 ✓ |0| packages/kernel/test/claim-ledger.test.ts (9 tests) 13ms
 ✓ |0| tests/tasks/t02.test.ts (6 tests) 12ms
 ✓ |0| packages/kernel/test/continuity-ledger.test.ts (5 tests) 12ms
 ✓ |0| packages/core/test/compaction/checkpoint.test.ts (2 tests) 11ms
 ✓ |0| tests/contract/pi-session-lifecycle.test.ts (4 tests) 12ms
 ✓ |0| packages/kernel/test/evidence-admission.test.ts (5 tests) 12ms
 ✓ |0| packages/core/test/materialization/materializer.test.ts (1 test) 11ms
 ✓ |0| packages/runtime/test/compaction/snapshot.test.ts (2 tests) 11ms
 ✓ |0| packages/core/test/continuity/reduce.test.ts (2 tests) 11ms
(node:24680) ExperimentalWarning: SQLite is an experimental feature and might change at any time
(Use `node --trace-warnings ...` to show where the warning was created)
 ✓ |0| packages/kernel/test/fts-catalog.test.ts (5 tests) 11ms
 ✓ |0| tests/acceptance/restart-branch-recovery.test.ts (1 test) 10ms
 ✓ |0| packages/worker/test/telemetry-economics.test.ts (5 tests) 10ms
 ✓ |0| packages/kernel/test/raw-input.test.ts (5 tests) 11ms
 ✓ |0| packages/core/test/materialization/cache.test.ts (1 test) 10ms
 ✓ |0| packages/kernel/test/host-checkpoint-render.test.ts (5 tests) 10ms
(node:24692) ExperimentalWarning: SQLite is an experimental feature and might change at any time
(Use `node --trace-warnings ...` to show where the warning was created)
 ✓ |0| tests/acceptance/session-registry.test.ts (8 tests) 10ms
 ✓ |0| tests/security/authority.test.ts (3 tests) 10ms
 ✓ |0| tests/security/secret-leak.test.ts (1 test) 10ms
 ✓ |0| packages/kernel/test/action-gate.test.ts (6 tests) 11ms
(node:24700) ExperimentalWarning: SQLite is an experimental feature and might change at any time
(Use `node --trace-warnings ...` to show where the warning was created)
 ✓ |0| tests/tasks/t32.test.ts (7 tests) 9ms
 ✓ |0| packages/contracts/test/canonical.test.ts (4 tests) 10ms
 ✓ |0| packages/runtime/test/semantic/proposer.test.ts (1 test) 10ms
 ✓ |0| packages/core/test/verifier/semantic.test.ts (1 test) 10ms
 ✓ |0| packages/runtime/test/semantic/port.test.ts (1 test) 10ms
 ✓ |0| packages/benchmark/test/trace.test.ts (1 test) 9ms
 ✓ |0| tests/contract/pi-input-correlation.test.ts (1 test) 9ms
 ✓ |0| tests/performance/token-accounting.test.ts (1 test) 9ms
 ✓ |0| packages/pi-adapter/test/message-codec.test.ts (1 test) 10ms
 ✓ |0| packages/core/test/retrieval/proactive.test.ts (1 test) 9ms
 ✓ |0| packages/runtime/test/background/candidates.test.ts (1 test) 10ms
(node:24725) ExperimentalWarning: SQLite is an experimental feature and might change at any time
(Use `node --trace-warnings ...` to show where the warning was created)
 ✓ |0| tests/acceptance/context-hook.test.ts (2 tests) 8ms
 ✓ |0| tests/compat/pi-version-contract.test.ts (4 tests) 8ms
 ✓ |0| tests/tasks/t24.test.ts (7 tests) 8ms
 ✓ |0| tests/release/deterministic-mvp-gate.test.ts (9 tests) 5ms
(node:24735) ExperimentalWarning: SQLite is an experimental feature and might change at any time
(Use `node --trace-warnings ...` to show where the warning was created)
 ✓ |0| tests/e2e/packed-install.test.ts (1 test) 5ms
 ✓ |0| tests/tasks/t08.test.ts (10 tests) 6ms
 ✓ |0| tests/tasks/t07.test.ts (9 tests) 6ms
(node:24742) ExperimentalWarning: SQLite is an experimental feature and might change at any time
(Use `node --trace-warnings ...` to show where the warning was created)
 ✓ |0| tests/e2e/pi-factory-entry.test.ts (2 tests) 4ms
 ✓ |0| packages/worker/test/verifier.test.ts (8 tests) 4ms
 ✓ |0| packages/kernel/test/builtin-reducers.test.ts (5 tests) 3ms
 ✓ |0| tests/tasks/t47.test.ts (6 tests) 4ms
 ✓ |0| tests/tasks/t45.test.ts (6 tests) 5ms
 ✓ |0| tests/tasks/t46.test.ts (6 tests) 4ms
 ✓ |0| tests/tasks/t48.test.ts (6 tests) 4ms
 ✓ |0| tests/tasks/t44.test.ts (6 tests) 4ms
 ✓ |0| tests/live/closed-loop.test.ts (1 test) 3ms
 ✓ |0| tests/compat/provider-payload-probe.test.ts (3 tests) 3ms
 ✓ |0| packages/kernel/test/active-suffix.test.ts (5 tests) 4ms
 ✓ |0| tests/tasks/t40.test.ts (7 tests) 4ms
 ✓ |0| packages/kernel/test/claim-transitions.test.ts (7 tests) 4ms
 ✓ |0| packages/kernel/test/literal-index.test.ts (5 tests) 3ms
 ✓ |0| packages/kernel/test/lease-lifecycle.test.ts (5 tests) 3ms
 ✓ |0| packages/kernel/test/exact-read.test.ts (5 tests) 3ms
(node:24776) ExperimentalWarning: SQLite is an experimental feature and might change at any time
(Use `node --trace-warnings ...` to show where the warning was created)
 ✓ |0| apps/pi-context-runtime/test/owner.test.ts (4 tests) 4ms
 ✓ |0| apps/pi-context-runtime/test/package-runtime.test.ts (4 tests) 3ms
 ✓ |0| packages/kernel/test/shell-reducers.test.ts (6 tests) 3ms
 ✓ |0| tests/release/semantic-beta-gate.test.ts (8 tests) 3ms
 ✓ |0| packages/pi-adapter/test/message-conversion.test.ts (5 tests) 3ms
 ✓ |0| packages/runtime/test/saga.test.ts (4 tests) 3ms
 ✓ |0| packages/kernel/test/checkpoint-candidate.test.ts (6 tests) 3ms
 ✓ |0| packages/kernel/test/convergence.test.ts (5 tests) 3ms
 ✓ |0| packages/kernel/test/proactive-recall.test.ts (5 tests) 3ms
 ✓ |0| packages/core/test/reducers/production.test.ts (4 tests) 3ms
 ✓ |0| tests/contract/pi-capability-probe.test.ts (4 tests) 2ms
 ✓ |0| packages/contracts/test/types.test.ts (5 tests) 2ms
 ✓ |0| packages/core/test/directives/temporal.test.ts (2 tests) 2ms
 ✓ |0| packages/benchmark/test/oracle.test.ts (3 tests) 2ms
 ✓ |0| tests/fault/overflow-lane.test.ts (1 test) 2ms
 ✓ |0| packages/kernel/test/token-budget.test.ts (6 tests) 2ms
 ✓ |0| tests/live/reader-ceiling.test.ts (1 test) 2ms
 ✓ |0| tests/performance/lanes.test.ts (1 test) 2ms
 ✓ |0| tests/live-gate/payload-sizing.test.ts (3 tests) 2ms
 ✓ |0| packages/runtime/test/runtime-session.test.ts (2 tests) 2ms
 ✓ |0| packages/benchmark/test/scoring/integrity.test.ts (1 test) 2ms
 ✓ |0| packages/pi-adapter/test/compaction-result.test.ts (1 test) 2ms
 ✓ |0| packages/benchmark/test/statistics.test.ts (1 test) 2ms
 ✓ |0| tests/acceptance/compaction-fallback.test.ts (1 test) 1ms
 ✓ |0| tests/contract/pi-tool-call-gate.test.ts (1 test) 2ms
 ✓ |0| tests/performance/economics.test.ts (1 test) 1ms
 ✓ |0| tests/security/recovery-fuzz.test.ts (1 test) 1ms

 Test Files  158 passed (158)
      Tests  741 passed (741)
   Start at  10:53:41
   Duration  73.07s (transform 1.03s, setup 0ms, collect 13.90s, tests 38.81s, environment 14ms, prepare 5.67s)

 DEPRECATED  The workspace file is deprecated and will be removed in the next major. Please, use the `test.projects` field in the root config file instead.

 RUN  v3.2.4 /Users/luo/Documents/github/pi-context

 ✓ |0| tests/acceptance/restart-branch-recovery.test.ts (1 test) 11ms
 ✓ |0| tests/acceptance/recursive-compaction.test.ts (1 test) 17ms
(node:24847) ExperimentalWarning: SQLite is an experimental feature and might change at any time
(Use `node --trace-warnings ...` to show where the warning was created)
(node:24848) ExperimentalWarning: SQLite is an experimental feature and might change at any time
(Use `node --trace-warnings ...` to show where the warning was created)
 ✓ |0| tests/acceptance/compaction-fallback.test.ts (1 test) 1ms
(node:24845) ExperimentalWarning: SQLite is an experimental feature and might change at any time
(Use `node --trace-warnings ...` to show where the warning was created)
 ✓ |0| tests/acceptance/evidence-recovery.test.ts (1 test) 90ms
(node:24852) ExperimentalWarning: SQLite is an experimental feature and might change at any time
(Use `node --trace-warnings ...` to show where the warning was created)
(node:24846) ExperimentalWarning: SQLite is an experimental feature and might change at any time
(Use `node --trace-warnings ...` to show where the warning was created)
 ✓ |0| tests/acceptance/session-registry.test.ts (8 tests) 10ms
(node:24849) ExperimentalWarning: SQLite is an experimental feature and might change at any time
(Use `node --trace-warnings ...` to show where the warning was created)
 ✓ |0| tests/acceptance/retrieval-tools.test.ts (1 test) 129ms
(node:24868) ExperimentalWarning: SQLite is an experimental feature and might change at any time
(Use `node --trace-warnings ...` to show where the warning was created)
 ✓ |0| tests/acceptance/context-hook.test.ts (2 tests) 9ms
 ✓ |0| tests/acceptance/tool-result-flow.test.ts (3 tests) 367ms
 ✓ |0| tests/acceptance/w1-vertical.test.ts (1 test) 123ms
 ✓ |0| tests/acceptance/user-input-flow.test.ts (11 tests) 967ms
 ✓ |0| tests/acceptance/packed-install.test.ts (2 tests) 10590ms
   ✓ packed runtime acceptance > npm packs the runtime and the required patched Pi host loads exact input  7197ms
   ✓ packed runtime acceptance > fails during loading on stock Pi 0.84.4 instead of swallowing input  3393ms

 Test Files  11 passed (11)
      Tests  32 passed (32)
   Start at  10:54:55
   Duration  10.90s (transform 884ms, setup 0ms, collect 8.12s, tests 12.32s, environment 1ms, prepare 847ms)

compdef:153: _comps: assignment to invalid subscript range
boundaries: ok
