
> @ check:all /Users/luo/Documents/github/pi-context
> pnpm check:boundaries && pnpm typecheck && pnpm test


> @ check:boundaries /Users/luo/Documents/github/pi-context
> node scripts/check-package-boundaries.mjs

boundaries: ok

> @ typecheck /Users/luo/Documents/github/pi-context
> pnpm -r typecheck

Scope: 11 of 12 workspace projects
apps/pi-context-runtime typecheck$ tsc --noEmit --strict --skipLibCheck --module NodeNext --moduleResolution NodeNext --target ES2022 --types node src/extension.ts src/composition-root.ts src/owner.ts src/runtime.ts src/doctor.ts src/conflicts.ts
packages/contracts typecheck$ tsc --noEmit --strict --module NodeNext --moduleResolution NodeNext --target ES2022 --types node src/index.ts
packages/kernel typecheck$ tsc --noEmit --strict --module NodeNext --moduleResolution NodeNext --target ES2022 --types node src/ingress/project.ts
packages/storage typecheck$ tsc --noEmit --strict --module NodeNext --moduleResolution NodeNext --target ES2022 --types node src/sqlite-store.ts src/worker.ts src/protocol.ts
packages/contracts typecheck: Done
packages/testkit typecheck$ tsc --noEmit --strict --module NodeNext --moduleResolution NodeNext --target ES2022 --types node src/fake-pi-host.ts src/pi-contract-harness.ts
packages/kernel typecheck: Done
packages/worker typecheck$ tsc --noEmit --strict --module NodeNext --moduleResolution NodeNext --target ES2022 --types node src/candidate-worker.ts src/candidate-key.ts
packages/storage typecheck: Done
apps/pi-context-runtime typecheck: Done
packages/testkit typecheck: Done
packages/worker typecheck: Done
packages/core typecheck$ tsc --noEmit --strict --module NodeNext --moduleResolution NodeNext --target ES2022 --types node src/index.ts test/directives/segment.test.ts test/directives/extract.test.ts test/directives/temporal.test.ts test/continuity/reduce.test.ts test/retrieval/proactive.test.ts test/materialization/cache.test.ts test/materialization/materializer.test.ts test/compaction/checkpoint.test.ts ../../tests/security/authority.test.ts ../../tests/performance/token-accounting.test.ts ../../tests/tasks/t14.test.ts ../../tests/tasks/t16.test.ts ../../tests/tasks/t17.test.ts ../../tests/tasks/t18.test.ts ../../tests/tasks/t19.test.ts ../../tests/tasks/t21.test.ts ../../tests/tasks/t22.test.ts ../../tests/tasks/t25.test.ts ../../tests/tasks/t26.test.ts ../../tests/tasks/t27.test.ts ../../tests/tasks/t30.test.ts
packages/core typecheck: Done
packages/runtime typecheck$ tsc --noEmit --strict --module NodeNext --moduleResolution NodeNext --target ES2022 --types node src/index.ts test/runtime-session.test.ts test/saga.test.ts test/compaction/snapshot.test.ts ../../tests/tasks/t07.test.ts ../../tests/tasks/t12.test.ts ../../tests/tasks/t18.test.ts ../../tests/tasks/t19.test.ts ../../tests/tasks/t21.test.ts ../../tests/tasks/t22.test.ts ../../tests/tasks/t25.test.ts ../../tests/tasks/t29.test.ts
packages/runtime typecheck: Done
packages/pi-adapter typecheck$ tsc --noEmit --strict --skipLibCheck --module NodeNext --moduleResolution NodeNext --target ES2022 --types node src/index.ts src/contracts/pi-0844.ts test/message-codec.test.ts ../../tests/acceptance/user-input-flow.test.ts ../../tests/acceptance/tool-result-flow.test.ts ../../tests/acceptance/retrieval-tools.test.ts ../../tests/acceptance/context-hook.test.ts ../../tests/acceptance/compaction-fallback.test.ts ../../tests/tasks/t13.test.ts ../../tests/tasks/t20.test.ts ../../tests/tasks/t24.test.ts ../../tests/tasks/t28.test.ts ../../tests/tasks/t31.test.ts
packages/storage-node typecheck$ tsc --noEmit --strict --module NodeNext --moduleResolution NodeNext --target ES2022 --types node src/index.ts test/blob-store.test.ts test/saga-store.test.ts test/user-turn-store.test.ts ../../tests/tasks/t09.test.ts ../../tests/tasks/t11.test.ts ../../tests/tasks/t12.test.ts
packages/pi-adapter typecheck: Done
packages/storage-node typecheck: Done
packages/benchmark typecheck$ tsc --noEmit --strict --module NodeNext --moduleResolution NodeNext --target ES2022 --types node src/index.ts
packages/benchmark typecheck: Done

> @ test /Users/luo/Documents/github/pi-context
> vitest run --workspace vitest.workspace.ts

 DEPRECATED  The workspace file is deprecated and will be removed in the next major. Please, use the `test.projects` field in the root config file instead.

 RUN  v3.2.4 /Users/luo/Documents/github/pi-context

(node:22289) ExperimentalWarning: SQLite is an experimental feature and might change at any time
(Use `node --trace-warnings ...` to show where the warning was created)
(node:22290) ExperimentalWarning: SQLite is an experimental feature and might change at any time
(Use `node --trace-warnings ...` to show where the warning was created)
(node:22286) ExperimentalWarning: SQLite is an experimental feature and might change at any time
(Use `node --trace-warnings ...` to show where the warning was created)
(node:22291) ExperimentalWarning: SQLite is an experimental feature and might change at any time
(Use `node --trace-warnings ...` to show where the warning was created)
(node:22285) ExperimentalWarning: SQLite is an experimental feature and might change at any time
(Use `node --trace-warnings ...` to show where the warning was created)
 ✓ |0| packages/storage-node/test/user-turn-store.test.ts (8 tests) 1825ms
   ✓ workspace user turn ledger > replays capture and link idempotently and rejects payload or host conflicts  471ms
   ✓ workspace user turn ledger > serializes concurrent duplicate captures to one receipt  537ms
 ✓ |0| tests/tasks/t13.test.ts (8 tests) 1406ms
   ✓ T13 Real Pi tool_result ingress > replays equal results across two independent runs of the same event  335ms
 ✓ |0| tests/tasks/t00.test.ts (7 tests) 2607ms
   ✓ T00 Freeze audit baseline and immutable evidence > rejects an output directory outside the repository scope  375ms
   ✓ T00 Freeze audit baseline and immutable evidence > rejects malformed findings before writing artifacts  512ms
   ✓ T00 Freeze audit baseline and immutable evidence > does not leave partial artifacts when an input disappears  766ms
   ✓ T00 Freeze audit baseline and immutable evidence > replays deterministically in independent output directories  438ms
 ✓ |0| packages/storage-node/test/saga-store.test.ts (14 tests) 2117ms
   ✓ workspace SQLite Saga journal > recovers a host-visible row after an abrupt process exit and replays without mutation  1039ms
(node:23113) ExperimentalWarning: SQLite is an experimental feature and might change at any time
(Use `node --trace-warnings ...` to show where the warning was created)
 ✓ |0| tests/w2-gate/head-to-head.test.ts (3 tests) 2983ms
   ✓ W2 Compactor Head-to-head Gate > evaluates live PCR B1/B2 against synthetic B0 and writes a machine-readable report  2979ms
 ✓ |0| tests/tasks/t15.test.ts (8 tests) 473ms
(node:23643) ExperimentalWarning: SQLite is an experimental feature and might change at any time
(Use `node --trace-warnings ...` to show where the warning was created)
(node:23254) ExperimentalWarning: SQLite is an experimental feature and might change at any time
(Use `node --trace-warnings ...` to show where the warning was created)
(node:23305) ExperimentalWarning: SQLite is an experimental feature and might change at any time
(Use `node --trace-warnings ...` to show where the warning was created)
 ✓ |0| tests/w1-gate/early-net-value.test.ts (3 tests) 891ms
   ✓ W1 Early Net Value Gate > evaluates live PCR arms and writes a machine-readable report  886ms
 ✓ |0| tests/tasks/t01.test.ts (8 tests) 449ms
 ✓ |0| tests/tasks/t09.test.ts (13 tests) 486ms
(node:23718) ExperimentalWarning: SQLite is an experimental feature and might change at any time
(Use `node --trace-warnings ...` to show where the warning was created)
(node:23972) ExperimentalWarning: SQLite is an experimental feature and might change at any time
(Use `node --trace-warnings ...` to show where the warning was created)
(node:24035) ExperimentalWarning: SQLite is an experimental feature and might change at any time
(Use `node --trace-warnings ...` to show where the warning was created)
 ✓ |0| tests/tasks/t20.test.ts (6 tests) 619ms
 ✓ |0| packages/storage-node/test/blob-store.test.ts (15 tests) 3750ms
   ✓ encrypted content-addressed blob store > settles concurrent same-content writes on one complete authenticated object  843ms
   ✓ encrypted content-addressed blob store > makes the existing-object fast path durable across independent processes  1061ms
 ✓ |0| packages/kernel/test/raw-capture.test.ts (5 tests) 313ms
 ✓ |0| packages/storage/test/saga-recovery.test.ts (7 tests) 351ms
(node:24050) ExperimentalWarning: SQLite is an experimental feature and might change at any time
(Use `node --trace-warnings ...` to show where the warning was created)
(node:24053) ExperimentalWarning: SQLite is an experimental feature and might change at any time
(Use `node --trace-warnings ...` to show where the warning was created)
 ✓ |0| tests/tasks/t10.test.ts (4 tests) 284ms
 ✓ |0| packages/storage-node/test/sqlite-store.test.ts (6 tests) 405ms
(node:24422) ExperimentalWarning: SQLite is an experimental feature and might change at any time
(Use `node --trace-warnings ...` to show where the warning was created)
 ✓ |0| tests/tasks/t23.test.ts (4 tests) 347ms
 ✓ |0| tests/tasks/t03.test.ts (8 tests) 347ms
(node:24049) ExperimentalWarning: SQLite is an experimental feature and might change at any time
(Use `node --trace-warnings ...` to show where the warning was created)
(node:24550) ExperimentalWarning: SQLite is an experimental feature and might change at any time
(Use `node --trace-warnings ...` to show where the warning was created)
 ✓ |0| tests/e2e/key-rotation-v2-boundary.test.ts (2 tests) 210ms
(node:24551) ExperimentalWarning: SQLite is an experimental feature and might change at any time
(Use `node --trace-warnings ...` to show where the warning was created)
 ✓ |0| tests/e2e/jiti-candidate-load.test.ts (1 test) 199ms
(node:24555) ExperimentalWarning: SQLite is an experimental feature and might change at any time
(Use `node --trace-warnings ...` to show where the warning was created)
 ✓ |0| tests/tasks/t12.test.ts (2 tests) 224ms
 ✓ |0| tests/contract/pi-tool-result-order.test.ts (1 test) 186ms
 ✓ |0| tests/acceptance/user-input-flow.test.ts (11 tests) 1954ms
   ✓ exact user input flow on the patched Pi 0.84.4 AgentSession > is reachable through the only packaged product extension entry  305ms
 ✓ |0| tests/acceptance/tool-result-flow.test.ts (3 tests) 446ms
 ✓ |0| tests/release/package-artifact.test.ts (4 tests) 4404ms
   ✓ release package > contains one extension entry, runtime dependencies and no source-private imports  1497ms
   ✓ release package > verifies clean-home extract, uninstall/reinstall, and temporary pi -e entry  1050ms
   ✓ release package > keeps the Node/OS matrix and does not hide unsupported Pi versions  993ms
   ✓ release package > ships license/security docs and the gate-derived semantic default  863ms
(node:24561) ExperimentalWarning: SQLite is an experimental feature and might change at any time
(Use `node --trace-warnings ...` to show where the warning was created)
(node:24559) ExperimentalWarning: SQLite is an experimental feature and might change at any time
(Use `node --trace-warnings ...` to show where the warning was created)
 ✓ |0| tests/e2e/operations.test.ts (6 tests) 315ms
(node:24560) ExperimentalWarning: SQLite is an experimental feature and might change at any time
(Use `node --trace-warnings ...` to show where the warning was created)
 ✓ |0| packages/storage/test/blob-store.test.ts (5 tests) 89ms
 ✓ |0| packages/worker/test/candidate-worker.test.ts (7 tests) 68ms
 ✓ |0| tests/tasks/t11.test.ts (2 tests) 115ms
(node:24920) ExperimentalWarning: SQLite is an experimental feature and might change at any time
(Use `node --trace-warnings ...` to show where the warning was created)
 ✓ |0| packages/kernel/test/reducer-registry.test.ts (5 tests) 65ms
(node:24925) ExperimentalWarning: SQLite is an experimental feature and might change at any time
(Use `node --trace-warnings ...` to show where the warning was created)
 ✓ |0| tests/acceptance/evidence-recovery.test.ts (1 test) 114ms
 ✓ |0| packages/storage/test/sqlite-store.test.ts (5 tests) 71ms
 ✓ |0| tests/security/authority-mutation.test.ts (2 tests) 51ms
 ✓ |0| tests/live-gate/paired-w2-live.test.ts (3 tests) 31ms
(node:24557) ExperimentalWarning: SQLite is an experimental feature and might change at any time
(Use `node --trace-warnings ...` to show where the warning was created)
 ✓ |0| tests/security/memory-poisoning.test.ts (2 tests) 28ms
 ✓ |0| tests/tasks/t27.test.ts (8 tests) 35ms
 ✓ |0| packages/worker/test/semantic-proposal.test.ts (6 tests) 22ms
 ✓ |0| tests/acceptance/retrieval-tools.test.ts (1 test) 90ms
 ✓ |0| tests/acceptance/w1-vertical.test.ts (1 test) 64ms
 ✓ |0| tests/tasks/t29.test.ts (6 tests) 34ms
 ✓ |0| tests/tasks/t30.test.ts (6 tests) 33ms
 ✓ |0| tests/tasks/t05.test.ts (6 tests) 30ms
 ✓ |0| tests/security/secret-leak.test.ts (1 test) 11ms
 ✓ |0| tests/security/cursor-fuzz.test.ts (1 test) 26ms
 ✓ |0| tests/tasks/t21.test.ts (7 tests) 17ms
 ✓ |0| tests/tasks/t16.test.ts (6 tests) 17ms
 ✓ |0| packages/kernel/test/materializer.test.ts (4 tests) 18ms
 ✓ |0| tests/tasks/t02.test.ts (6 tests) 17ms
 ✓ |0| tests/contract/pi-context-hook.test.ts (11 tests) 22ms
 ✓ |0| packages/kernel/test/claim-ledger.test.ts (9 tests) 13ms
 ✓ |0| tests/tasks/t17.test.ts (6 tests) 17ms
 ✓ |0| tests/tasks/t18.test.ts (8 tests) 19ms
 ✓ |0| tests/tasks/t22.test.ts (7 tests) 13ms
 ✓ |0| packages/core/test/directives/extract.test.ts (1 test) 14ms
 ✓ |0| tests/tasks/t26.test.ts (7 tests) 21ms
 ✓ |0| packages/kernel/test/raw-input.test.ts (5 tests) 12ms
 ✓ |0| packages/kernel/test/continuity-ledger.test.ts (5 tests) 12ms
 ✓ |0| tests/tasks/t25.test.ts (9 tests) 14ms
 ✓ |0| tests/tasks/t19.test.ts (7 tests) 17ms
 ✓ |0| tests/tasks/t14.test.ts (8 tests) 18ms
 ✓ |0| packages/pi-adapter/test/runtime-tools.test.ts (6 tests) 16ms
 ✓ |0| packages/core/test/directives/segment.test.ts (2 tests) 13ms
 ✓ |0| packages/kernel/test/directive-capture.test.ts (6 tests) 12ms
 ✓ |0| tests/contract/pi-compaction-takeover.test.ts (4 tests) 16ms
 ✓ |0| packages/worker/test/generation-fencing.test.ts (6 tests) 14ms
 ✓ |0| packages/core/test/continuity/reduce.test.ts (2 tests) 11ms
 ✓ |0| tests/tasks/t04.test.ts (7 tests) 17ms
 ✓ |0| tests/security/authority.test.ts (3 tests) 13ms
(node:24975) ExperimentalWarning: SQLite is an experimental feature and might change at any time
(Use `node --trace-warnings ...` to show where the warning was created)
 ✓ |0| tests/performance/token-accounting.test.ts (1 test) 10ms
 ✓ |0| tests/tasks/t28.test.ts (8 tests) 18ms
 ✓ |0| packages/kernel/test/action-gate.test.ts (6 tests) 13ms
 ✓ |0| packages/kernel/test/host-checkpoint-render.test.ts (5 tests) 11ms
 ✓ |0| packages/runtime/test/compaction/snapshot.test.ts (2 tests) 13ms
 ✓ |0| tests/contract/pi-session-lifecycle.test.ts (4 tests) 19ms
(node:25046) ExperimentalWarning: SQLite is an experimental feature and might change at any time
(Use `node --trace-warnings ...` to show where the warning was created)
 ✓ |0| packages/contracts/test/canonical.test.ts (4 tests) 12ms
(node:25014) ExperimentalWarning: SQLite is an experimental feature and might change at any time
(Use `node --trace-warnings ...` to show where the warning was created)
 ✓ |0| tests/meta/workspace-layout.test.ts (4 tests) 10ms
 ✓ |0| packages/kernel/test/fts-catalog.test.ts (5 tests) 12ms
 ✓ |0| tests/tasks/t31.test.ts (8 tests) 17ms
 ✓ |0| packages/kernel/test/evidence-admission.test.ts (5 tests) 19ms
 ✓ |0| packages/core/test/materialization/materializer.test.ts (1 test) 11ms
 ✓ |0| packages/core/test/retrieval/proactive.test.ts (1 test) 19ms
 ✓ |0| packages/core/test/compaction/checkpoint.test.ts (2 tests) 12ms
 ✓ |0| packages/core/test/materialization/cache.test.ts (1 test) 10ms
 ✓ |0| packages/worker/test/telemetry-economics.test.ts (5 tests) 15ms
 ✓ |0| packages/pi-adapter/test/message-codec.test.ts (1 test) 13ms
 ✓ |0| tests/release/deterministic-mvp-gate.test.ts (9 tests) 10ms
 ✓ |0| tests/contract/pi-input-correlation.test.ts (1 test) 12ms
 ✓ |0| tests/tasks/t08.test.ts (10 tests) 16ms
 ✓ |0| packages/worker/test/verifier.test.ts (8 tests) 7ms
 ✓ |0| packages/runtime/test/runtime-session.test.ts (2 tests) 2ms
 ✓ |0| tests/compat/pi-version-contract.test.ts (4 tests) 10ms
 ✓ |0| packages/runtime/test/saga.test.ts (4 tests) 4ms
 ✓ |0| tests/tasks/t07.test.ts (9 tests) 8ms
(node:25070) ExperimentalWarning: SQLite is an experimental feature and might change at any time
(Use `node --trace-warnings ...` to show where the warning was created)
 ✓ |0| packages/kernel/test/checkpoint-candidate.test.ts (6 tests) 4ms
 ✓ |0| tests/acceptance/session-registry.test.ts (8 tests) 18ms
 ✓ |0| packages/kernel/test/builtin-reducers.test.ts (5 tests) 3ms
(node:25074) ExperimentalWarning: SQLite is an experimental feature and might change at any time
(Use `node --trace-warnings ...` to show where the warning was created)
 ✓ |0| tests/e2e/packed-install.test.ts (1 test) 19ms
 ✓ |0| packages/kernel/test/exact-read.test.ts (5 tests) 4ms
(node:25078) ExperimentalWarning: SQLite is an experimental feature and might change at any time
(Use `node --trace-warnings ...` to show where the warning was created)
 ✓ |0| tests/acceptance/context-hook.test.ts (2 tests) 20ms
 ✓ |0| packages/kernel/test/shell-reducers.test.ts (6 tests) 3ms
 ✓ |0| packages/kernel/test/literal-index.test.ts (5 tests) 3ms
 ✓ |0| packages/kernel/test/active-suffix.test.ts (5 tests) 5ms
 ✓ |0| packages/pi-adapter/test/message-conversion.test.ts (5 tests) 5ms
 ✓ |0| tests/release/semantic-beta-gate.test.ts (8 tests) 3ms
 ✓ |0| tests/tasks/t24.test.ts (7 tests) 7ms
 ✓ |0| packages/kernel/test/lease-lifecycle.test.ts (5 tests) 3ms
 ✓ |0| packages/kernel/test/claim-transitions.test.ts (7 tests) 6ms
 ✓ |0| tests/compat/provider-payload-probe.test.ts (3 tests) 3ms
 ✓ |0| apps/pi-context-runtime/test/package-runtime.test.ts (4 tests) 4ms
 ✓ |0| packages/kernel/test/token-budget.test.ts (6 tests) 4ms
 ✓ |0| packages/core/test/reducers/production.test.ts (4 tests) 3ms
 ✓ |0| tests/contract/pi-capability-probe.test.ts (4 tests) 4ms
 ✓ |0| packages/kernel/test/proactive-recall.test.ts (5 tests) 3ms
 ✓ |0| packages/kernel/test/convergence.test.ts (5 tests) 3ms
 ✓ |0| packages/contracts/test/types.test.ts (5 tests) 2ms
 ✓ |0| packages/core/test/directives/temporal.test.ts (2 tests) 3ms
 ✓ |0| packages/pi-adapter/test/compaction-result.test.ts (1 test) 11ms
 ✓ |0| tests/live-gate/payload-sizing.test.ts (3 tests) 2ms
 ✓ |0| tests/security/recovery-fuzz.test.ts (1 test) 1ms
 ✓ |0| tests/acceptance/compaction-fallback.test.ts (1 test) 1ms
(node:25136) ExperimentalWarning: SQLite is an experimental feature and might change at any time
(Use `node --trace-warnings ...` to show where the warning was created)
 ✓ |0| tests/e2e/pi-factory-entry.test.ts (2 tests) 6ms
(node:25147) ExperimentalWarning: SQLite is an experimental feature and might change at any time
(Use `node --trace-warnings ...` to show where the warning was created)
 ✓ |0| apps/pi-context-runtime/test/owner.test.ts (4 tests) 8ms
 ✓ |0| tests/contract/pi-tool-call-gate.test.ts (1 test) 2ms
 ✓ |0| tests/acceptance/packed-install.test.ts (2 tests) 15582ms
   ✓ packed runtime acceptance > npm packs the runtime and the required patched Pi host loads exact input  12063ms
   ✓ packed runtime acceptance > fails during loading on stock Pi 0.84.4 instead of swallowing input  3518ms
 ✓ |0| tests/tasks/t06.test.ts (9 tests) 21486ms
   ✓ T06 Real npm pack and clean Pi install harness > loads the actual packed tarball in an empty Pi home  6344ms
   ✓ T06 Real npm pack and clean Pi install harness > packs deterministically from the same committed source  3349ms
   ✓ T06 Real npm pack and clean Pi install harness > isolates duplicate probes while preserving their observable contract  6942ms
   ✓ T06 Real npm pack and clean Pi install harness > propagates a non-zero Pi exit and removes the isolated home  1214ms

 Test Files  124 passed (124)
      Tests  614 passed (614)
   Start at  04:09:28
   Duration  21.80s (transform 2.25s, setup 0ms, collect 27.33s, tests 66.47s, environment 19ms, prepare 6.97s)

CHECK_ALL_EXIT:0
 DEPRECATED  The workspace file is deprecated and will be removed in the next major. Please, use the `test.projects` field in the root config file instead.

 RUN  v3.2.4 /Users/luo/Documents/github/pi-context

 ✓ |0| tests/acceptance/compaction-fallback.test.ts (1 test) 2ms
(node:25510) ExperimentalWarning: SQLite is an experimental feature and might change at any time
(Use `node --trace-warnings ...` to show where the warning was created)
(node:25508) ExperimentalWarning: SQLite is an experimental feature and might change at any time
(Use `node --trace-warnings ...` to show where the warning was created)
 ✓ |0| tests/acceptance/evidence-recovery.test.ts (1 test) 86ms
(node:25507) ExperimentalWarning: SQLite is an experimental feature and might change at any time
(Use `node --trace-warnings ...` to show where the warning was created)
(node:25506) ExperimentalWarning: SQLite is an experimental feature and might change at any time
(Use `node --trace-warnings ...` to show where the warning was created)
(node:25512) ExperimentalWarning: SQLite is an experimental feature and might change at any time
(Use `node --trace-warnings ...` to show where the warning was created)
 ✓ |0| tests/acceptance/session-registry.test.ts (8 tests) 12ms
(node:25511) ExperimentalWarning: SQLite is an experimental feature and might change at any time
(Use `node --trace-warnings ...` to show where the warning was created)
 ✓ |0| tests/acceptance/context-hook.test.ts (2 tests) 9ms
(node:25509) ExperimentalWarning: SQLite is an experimental feature and might change at any time
(Use `node --trace-warnings ...` to show where the warning was created)
 ✓ |0| tests/acceptance/retrieval-tools.test.ts (1 test) 191ms
 ✓ |0| tests/acceptance/w1-vertical.test.ts (1 test) 165ms
 ✓ |0| tests/acceptance/tool-result-flow.test.ts (3 tests) 475ms
 ✓ |0| tests/acceptance/user-input-flow.test.ts (11 tests) 1204ms
 ✓ |0| tests/acceptance/packed-install.test.ts (2 tests) 12137ms
   ✓ packed runtime acceptance > npm packs the runtime and the required patched Pi host loads exact input  8256ms
   ✓ packed runtime acceptance > fails during loading on stock Pi 0.84.4 instead of swallowing input  3880ms

 Test Files  9 passed (9)
      Tests  30 passed (30)
   Start at  04:09:50
   Duration  12.50s (transform 916ms, setup 0ms, collect 7.80s, tests 14.28s, environment 1ms, prepare 885ms)

ACCEPTANCE_EXIT:0
compdef:153: _comps: assignment to invalid subscript range
boundaries: ok
BOUNDARIES_EXIT:0
