
> @ check:all /Users/luo/Documents/github/pi-context
> pnpm check:boundaries && pnpm typecheck && pnpm test


> @ check:boundaries /Users/luo/Documents/github/pi-context
> node scripts/check-package-boundaries.mjs

boundaries: ok

> @ typecheck /Users/luo/Documents/github/pi-context
> pnpm -r typecheck

Scope: 11 of 12 workspace projects
apps/pi-context-runtime typecheck$ tsc --noEmit --strict --skipLibCheck --module NodeNext --moduleResolution NodeNext --target ES2022 --types node src/extension.ts src/composition-root.ts src/owner.ts src/runtime.ts src/doctor.ts src/conflicts.ts
packages/contracts typecheck$ tsc --noEmit --strict --module NodeNext --moduleResolution NodeNext --target ES2022 --types node src/index.ts
packages/kernel typecheck$ tsc --noEmit --strict --module NodeNext --moduleResolution NodeNext --target ES2022 --types node src/ingress/project.ts
packages/pi-adapter typecheck$ tsc --noEmit --strict --skipLibCheck --module NodeNext --moduleResolution NodeNext --target ES2022 --types node src/capabilities.ts src/contracts/pi-0844.ts
packages/contracts typecheck: Done
packages/storage typecheck$ tsc --noEmit --strict --module NodeNext --moduleResolution NodeNext --target ES2022 --types node src/sqlite-store.ts src/worker.ts src/protocol.ts
packages/kernel typecheck: Done
packages/testkit typecheck$ tsc --noEmit --strict --module NodeNext --moduleResolution NodeNext --target ES2022 --types node src/fake-pi-host.ts src/pi-contract-harness.ts
packages/pi-adapter typecheck: Done
packages/worker typecheck$ tsc --noEmit --strict --module NodeNext --moduleResolution NodeNext --target ES2022 --types node src/candidate-worker.ts src/candidate-key.ts
apps/pi-context-runtime typecheck: Done
packages/storage typecheck: Done
packages/testkit typecheck: Done
packages/worker typecheck: Done
packages/core typecheck$ tsc --noEmit --strict --module NodeNext --moduleResolution NodeNext --target ES2022 --types node src/index.ts
packages/core typecheck: Done
packages/runtime typecheck$ tsc --noEmit --strict --module NodeNext --moduleResolution NodeNext --target ES2022 --types node src/index.ts test/runtime-session.test.ts test/saga.test.ts ../../tests/tasks/t07.test.ts
packages/runtime typecheck: Done
packages/storage-node typecheck$ tsc --noEmit --strict --module NodeNext --moduleResolution NodeNext --target ES2022 --types node src/index.ts test/blob-store.test.ts test/saga-store.test.ts ../../tests/tasks/t09.test.ts ../../tests/tasks/t11.test.ts
packages/benchmark typecheck$ tsc --noEmit --strict --module NodeNext --moduleResolution NodeNext --target ES2022 --types node src/index.ts
packages/benchmark typecheck: Done
packages/storage-node typecheck: Done

> @ test /Users/luo/Documents/github/pi-context
> vitest run --workspace vitest.workspace.ts

 DEPRECATED  The workspace file is deprecated and will be removed in the next major. Please, use the `test.projects` field in the root config file instead.

 RUN  v3.2.4 /Users/luo/Documents/github/pi-context

(node:29211) ExperimentalWarning: SQLite is an experimental feature and might change at any time
(Use `node --trace-warnings ...` to show where the warning was created)
(node:29207) ExperimentalWarning: SQLite is an experimental feature and might change at any time
(Use `node --trace-warnings ...` to show where the warning was created)
(node:29210) ExperimentalWarning: SQLite is an experimental feature and might change at any time
(Use `node --trace-warnings ...` to show where the warning was created)
 ✓ |0| packages/storage/test/saga-recovery.test.ts (7 tests) 228ms
 ✓ |0| tests/tasks/t01.test.ts (8 tests) 617ms
(node:29682) ExperimentalWarning: SQLite is an experimental feature and might change at any time
(Use `node --trace-warnings ...` to show where the warning was created)
 ✓ |0| tests/w1-gate/early-net-value.test.ts (3 tests) 1190ms
   ✓ W1 Early Net Value Gate > evaluates live PCR arms and writes a machine-readable report  1186ms
(node:29704) ExperimentalWarning: SQLite is an experimental feature and might change at any time
(Use `node --trace-warnings ...` to show where the warning was created)
 ✓ |0| packages/storage-node/test/sqlite-store.test.ts (6 tests) 616ms
 ✓ |0| packages/storage-node/test/saga-store.test.ts (14 tests) 1794ms
   ✓ workspace SQLite Saga journal > recovers a host-visible row after an abrupt process exit and replays without mutation  602ms
 ✓ |0| tests/e2e/operations.test.ts (6 tests) 584ms
(node:29936) ExperimentalWarning: SQLite is an experimental feature and might change at any time
(Use `node --trace-warnings ...` to show where the warning was created)
(node:30160) ExperimentalWarning: SQLite is an experimental feature and might change at any time
(Use `node --trace-warnings ...` to show where the warning was created)
 ✓ |0| tests/e2e/jiti-candidate-load.test.ts (1 test) 235ms
 ✓ |0| tests/tasks/t10.test.ts (4 tests) 344ms
 ✓ |0| tests/e2e/key-rotation-v2-boundary.test.ts (2 tests) 269ms
(node:30468) ExperimentalWarning: SQLite is an experimental feature and might change at any time
(Use `node --trace-warnings ...` to show where the warning was created)
 ✓ |0| tests/tasks/t00.test.ts (7 tests) 2986ms
   ✓ T00 Freeze audit baseline and immutable evidence > freeze_audit_baseline_and_immutable_evidence  338ms
   ✓ T00 Freeze audit baseline and immutable evidence > is idempotent for the same committed inputs  622ms
   ✓ T00 Freeze audit baseline and immutable evidence > rejects a source outside the repository scope  433ms
   ✓ T00 Freeze audit baseline and immutable evidence > rejects an output directory outside the repository scope  548ms
   ✓ T00 Freeze audit baseline and immutable evidence > replays deterministically in independent output directories  581ms
 ✓ |0| packages/storage/test/blob-store.test.ts (5 tests) 167ms
(node:30574) ExperimentalWarning: SQLite is an experimental feature and might change at any time
(Use `node --trace-warnings ...` to show where the warning was created)
 ✓ |0| packages/storage-node/test/blob-store.test.ts (13 tests) 2799ms
   ✓ encrypted content-addressed blob store > settles concurrent same-content writes on one complete authenticated object  735ms
   ✓ encrypted content-addressed blob store > makes the existing-object fast path durable across independent processes  571ms
 ✓ |0| tests/tasks/t11.test.ts (2 tests) 106ms
(node:30623) ExperimentalWarning: SQLite is an experimental feature and might change at any time
(Use `node --trace-warnings ...` to show where the warning was created)
 ✓ |0| tests/tasks/t03.test.ts (8 tests) 249ms
(node:30629) ExperimentalWarning: SQLite is an experimental feature and might change at any time
(Use `node --trace-warnings ...` to show where the warning was created)
 ✓ |0| packages/kernel/test/raw-capture.test.ts (5 tests) 109ms
 ✓ |0| tests/tasks/t09.test.ts (13 tests) 154ms
 ✓ |0| packages/worker/test/candidate-worker.test.ts (7 tests) 84ms
 ✓ |0| packages/kernel/test/reducer-registry.test.ts (5 tests) 68ms
 ✓ |0| tests/w2-gate/head-to-head.test.ts (3 tests) 3479ms
   ✓ W2 Compactor Head-to-head Gate > evaluates live PCR B1/B2 against synthetic B0 and writes a machine-readable report  3474ms
 ✓ |0| tests/security/authority-mutation.test.ts (2 tests) 59ms
(node:30804) ExperimentalWarning: SQLite is an experimental feature and might change at any time
(Use `node --trace-warnings ...` to show where the warning was created)
 ✓ |0| tests/contract/pi-context-hook.test.ts (11 tests) 16ms
 ✓ |0| tests/security/memory-poisoning.test.ts (2 tests) 39ms
 ✓ |0| packages/storage/test/sqlite-store.test.ts (5 tests) 72ms
 ✓ |0| packages/kernel/test/continuity-ledger.test.ts (5 tests) 15ms
 ✓ |0| tests/security/cursor-fuzz.test.ts (1 test) 36ms
 ✓ |0| packages/worker/test/semantic-proposal.test.ts (6 tests) 23ms
 ✓ |0| packages/kernel/test/claim-ledger.test.ts (9 tests) 18ms
 ✓ |0| packages/kernel/test/evidence-admission.test.ts (5 tests) 16ms
 ✓ |0| tests/live-gate/paired-w2-live.test.ts (3 tests) 22ms
 ✓ |0| tests/tasks/t02.test.ts (6 tests) 20ms
 ✓ |0| packages/kernel/test/raw-input.test.ts (5 tests) 14ms
 ✓ |0| packages/kernel/test/materializer.test.ts (4 tests) 35ms
(node:31209) ExperimentalWarning: SQLite is an experimental feature and might change at any time
(Use `node --trace-warnings ...` to show where the warning was created)
 ✓ |0| tests/contract/pi-compaction-takeover.test.ts (4 tests) 15ms
 ✓ |0| packages/contracts/test/canonical.test.ts (4 tests) 14ms
 ✓ |0| packages/kernel/test/fts-catalog.test.ts (5 tests) 34ms
 ✓ |0| packages/kernel/test/action-gate.test.ts (6 tests) 22ms
 ✓ |0| packages/worker/test/generation-fencing.test.ts (6 tests) 14ms
 ✓ |0| packages/kernel/test/directive-capture.test.ts (6 tests) 13ms
 ✓ |0| packages/worker/test/telemetry-economics.test.ts (5 tests) 12ms
 ✓ |0| tests/tasks/t04.test.ts (7 tests) 20ms
 ✓ |0| tests/security/secret-leak.test.ts (1 test) 14ms
 ✓ |0| tests/tasks/t05.test.ts (6 tests) 37ms
 ✓ |0| tests/contract/pi-session-lifecycle.test.ts (4 tests) 15ms
 ✓ |0| packages/kernel/test/host-checkpoint-render.test.ts (5 tests) 16ms
 ✓ |0| tests/contract/pi-tool-result-order.test.ts (1 test) 15ms
 ✓ |0| tests/contract/pi-input-correlation.test.ts (1 test) 10ms
 ✓ |0| packages/worker/test/verifier.test.ts (8 tests) 8ms
 ✓ |0| tests/meta/workspace-layout.test.ts (4 tests) 46ms
 ✓ |0| packages/kernel/test/builtin-reducers.test.ts (5 tests) 5ms
 ✓ |0| tests/tasks/t08.test.ts (10 tests) 8ms
 ✓ |0| tests/compat/pi-version-contract.test.ts (3 tests) 15ms
 ✓ |0| tests/tasks/t07.test.ts (9 tests) 6ms
 ✓ |0| tests/e2e/packed-install.test.ts (1 test) 18ms
 ✓ |0| tests/release/deterministic-mvp-gate.test.ts (9 tests) 5ms
 ✓ |0| packages/pi-adapter/test/runtime-tools.test.ts (6 tests) 7ms
 ✓ |0| packages/kernel/test/claim-transitions.test.ts (7 tests) 8ms
 ✓ |0| packages/kernel/test/shell-reducers.test.ts (6 tests) 4ms
 ✓ |0| packages/kernel/test/checkpoint-candidate.test.ts (6 tests) 11ms
 ✓ |0| packages/kernel/test/active-suffix.test.ts (5 tests) 6ms
 ✓ |0| packages/kernel/test/literal-index.test.ts (5 tests) 3ms
 ✓ |0| packages/pi-adapter/test/compaction-result.test.ts (1 test) 2ms
 ✓ |0| tests/e2e/pi-factory-entry.test.ts (2 tests) 4ms
 ✓ |0| packages/kernel/test/exact-read.test.ts (5 tests) 3ms
 ✓ |0| tests/acceptance/session-registry.test.ts (8 tests) 14ms
 ✓ |0| packages/kernel/test/lease-lifecycle.test.ts (5 tests) 3ms
 ✓ |0| tests/release/semantic-beta-gate.test.ts (8 tests) 5ms
 ✓ |0| packages/pi-adapter/test/message-conversion.test.ts (5 tests) 5ms
 ✓ |0| tests/compat/provider-payload-probe.test.ts (3 tests) 3ms
 ✓ |0| apps/pi-context-runtime/test/package-runtime.test.ts (4 tests) 3ms
 ✓ |0| packages/runtime/test/saga.test.ts (4 tests) 3ms
 ✓ |0| apps/pi-context-runtime/test/owner.test.ts (4 tests) 6ms
 ✓ |0| packages/kernel/test/token-budget.test.ts (6 tests) 2ms
 ✓ |0| tests/contract/pi-capability-probe.test.ts (4 tests) 8ms
 ✓ |0| packages/contracts/test/types.test.ts (5 tests) 2ms
 ✓ |0| packages/kernel/test/proactive-recall.test.ts (5 tests) 5ms
 ✓ |0| packages/kernel/test/convergence.test.ts (5 tests) 3ms
 ✓ |0| tests/live-gate/payload-sizing.test.ts (3 tests) 2ms
 ✓ |0| packages/runtime/test/runtime-session.test.ts (2 tests) 3ms
 ✓ |0| tests/contract/pi-tool-call-gate.test.ts (1 test) 5ms
 ✓ |0| tests/security/recovery-fuzz.test.ts (1 test) 1ms
 ✓ |0| tests/release/package-artifact.test.ts (4 tests) 6911ms
   ✓ release package > contains one extension entry, runtime dependencies and no source-private imports  1866ms
   ✓ release package > verifies clean-home extract, uninstall/reinstall, and temporary pi -e entry  1437ms
   ✓ release package > keeps the Node/OS matrix and does not hide unsupported Pi versions  1805ms
   ✓ release package > ships license/security docs and the gate-derived semantic default  1803ms
 ✓ |0| tests/acceptance/packed-install.test.ts (1 test) 8321ms
   ✓ packed runtime acceptance > npm packs a self-contained runtime and Pi loads its installed extension  8320ms
 ✓ |0| tests/tasks/t06.test.ts (9 tests) 13274ms
   ✓ T06 Real npm pack and clean Pi install harness > loads the actual packed tarball in an empty Pi home  4018ms
   ✓ T06 Real npm pack and clean Pi install harness > packs deterministically from the same committed source  1863ms
   ✓ T06 Real npm pack and clean Pi install harness > isolates duplicate probes while preserving their observable contract  3118ms
   ✓ T06 Real npm pack and clean Pi install harness > propagates a non-zero Pi exit and removes the isolated home  1743ms

 Test Files  83 passed (83)
      Tests  423 passed (423)
   Start at  14:43:43
   Duration  13.70s (transform 2.08s, setup 0ms, collect 10.37s, tests 45.45s, environment 11ms, prepare 5.57s)

 DEPRECATED  The workspace file is deprecated and will be removed in the next major. Please, use the `test.projects` field in the root config file instead.

 RUN  v3.2.4 /Users/luo/Documents/github/pi-context

 ✓ |0| tests/acceptance/session-registry.test.ts (8 tests) 10ms
 ✓ |0| tests/acceptance/packed-install.test.ts (1 test) 3668ms
   ✓ packed runtime acceptance > npm packs a self-contained runtime and Pi loads its installed extension  3667ms

 Test Files  2 passed (2)
      Tests  9 passed (9)
   Start at  14:43:57
   Duration  3.91s (transform 93ms, setup 0ms, collect 587ms, tests 3.68s, environment 0ms, prepare 104ms)

boundaries: ok
