 DEPRECATED  The workspace file is deprecated and will be removed in the next major. Please, use the `test.projects` field in the root config file instead.

 RUN  v3.2.4 /Users/luo/Documents/github/pi-context

(node:62648) ExperimentalWarning: SQLite is an experimental feature and might change at any time
(Use `node --trace-warnings ...` to show where the warning was created)
 ❯ |0| tests/tasks/t11.test.ts (1 test | 1 failed) 65ms
   × T11 Cross-store Saga and idempotency > cross_store_saga_and_idempotency 64ms
     → promise rejected "TypeError: (0 , ope…" instead of resolving

⎯⎯⎯⎯⎯⎯⎯ Failed Tests 1 ⎯⎯⎯⎯⎯⎯⎯

 FAIL  |0| tests/tasks/t11.test.ts > T11 Cross-store Saga and idempotency > cross_store_saga_and_idempotency
AssertionError: promise rejected "TypeError: (0 , ope…" instead of resolving
 ❯ tests/tasks/t11.test.ts:75:33
     73| describe("T11 Cross-store Saga and idempotency", () => {
     74|   it("cross_store_saga_and_idempotency", async () => {
     75|     await expect(runT11Fixture()).resolves.toEqual({ ok: true, task: "…
       |                                 ^
     76|   });
     77| });

Caused by: TypeError: (0 , openWorkspaceSagaJournal) is not a function
 ❯ runT11Fixture tests/tasks/t11.test.ts:46:25
 ❯ tests/tasks/t11.test.ts:75:5

⎯⎯⎯⎯⎯⎯⎯⎯⎯⎯⎯⎯⎯⎯⎯⎯⎯⎯⎯⎯⎯⎯⎯⎯[1/1]⎯


 Test Files  1 failed (1)
      Tests  1 failed (1)
   Start at  13:51:03
   Duration  363ms (transform 69ms, setup 0ms, collect 97ms, tests 65ms, environment 0ms, prepare 61ms)

