
> @ typecheck /home/runner/work/pi-context/pi-context
> pnpm -r typecheck

Scope: 11 of 12 workspace projects
apps/pi-context-runtime typecheck$ tsc --noEmit --strict --skipLibCheck --module NodeNext --moduleResolution NodeNext --target ES2022 --types node src/extension.ts src/composition-root.ts src/owner.ts src/runtime.ts src/doctor.ts src/conflicts.ts
packages/contracts typecheck$ tsc --noEmit --strict --module NodeNext --moduleResolution NodeNext --target ES2022 --types node src/index.ts
packages/kernel typecheck$ tsc --noEmit --strict --module NodeNext --moduleResolution NodeNext --target ES2022 --types node src/ingress/project.ts
packages/storage typecheck$ tsc --noEmit --strict --module NodeNext --moduleResolution NodeNext --target ES2022 --types node src/sqlite-store.ts src/worker.ts src/protocol.ts
packages/kernel typecheck: Done
packages/testkit typecheck$ tsc --noEmit --strict --module NodeNext --moduleResolution NodeNext --target ES2022 --types node src/fake-pi-host.ts src/pi-contract-harness.ts
packages/contracts typecheck: Done
packages/worker typecheck$ tsc --noEmit --strict --module NodeNext --moduleResolution NodeNext --target ES2022 --types node src/candidate-worker.ts src/candidate-key.ts
packages/storage typecheck: Done
apps/pi-context-runtime typecheck: Done
packages/testkit typecheck: Done
packages/worker typecheck: Done
packages/core typecheck$ tsc --noEmit --strict --module NodeNext --moduleResolution NodeNext --target ES2022 --types node src/index.ts test/directives/segment.test.ts test/directives/extract.test.ts test/directives/temporal.test.ts test/continuity/reduce.test.ts test/retrieval/proactive.test.ts test/materialization/cache.test.ts test/materialization/materializer.test.ts test/compaction/checkpoint.test.ts test/verifier/semantic.test.ts ../../tests/security/authority.test.ts ../../tests/performance/token-accounting.test.ts ../../tests/performance/economics.test.ts ../../tests/tasks/t14.test.ts ../../tests/tasks/t16.test.ts ../../tests/tasks/t17.test.ts ../../tests/tasks/t18.test.ts ../../tests/tasks/t19.test.ts ../../tests/tasks/t21.test.ts ../../tests/tasks/t22.test.ts ../../tests/tasks/t25.test.ts ../../tests/tasks/t26.test.ts ../../tests/tasks/t27.test.ts ../../tests/tasks/t30.test.ts ../../tests/tasks/t36.test.ts
packages/core typecheck: Done
packages/runtime typecheck$ tsc --noEmit --strict --module NodeNext --moduleResolution NodeNext --target ES2022 --types node src/index.ts test/runtime-session.test.ts test/saga.test.ts test/compaction/snapshot.test.ts test/semantic/port.test.ts test/semantic/proposer.test.ts test/background/candidates.test.ts ../../tests/tasks/t07.test.ts ../../tests/tasks/t12.test.ts ../../tests/tasks/t18.test.ts ../../tests/tasks/t19.test.ts ../../tests/tasks/t21.test.ts ../../tests/tasks/t22.test.ts ../../tests/tasks/t25.test.ts ../../tests/tasks/t29.test.ts ../../tests/tasks/t33.test.ts ../../tests/tasks/t34.test.ts ../../tests/tasks/t35.test.ts ../../tests/tasks/t38.test.ts
packages/runtime typecheck: Done
packages/pi-adapter typecheck$ tsc --noEmit --strict --skipLibCheck --module NodeNext --moduleResolution NodeNext --target ES2022 --types node src/index.ts src/contracts/pi-0844.ts test/message-codec.test.ts ../../tests/acceptance/user-input-flow.test.ts ../../tests/acceptance/tool-result-flow.test.ts ../../tests/acceptance/retrieval-tools.test.ts ../../tests/acceptance/context-hook.test.ts ../../tests/acceptance/compaction-fallback.test.ts ../../tests/acceptance/restart-branch-recovery.test.ts ../../tests/tasks/t13.test.ts ../../tests/tasks/t20.test.ts ../../tests/tasks/t24.test.ts ../../tests/tasks/t28.test.ts ../../tests/tasks/t31.test.ts ../../tests/tasks/t32.test.ts
packages/storage-node typecheck$ tsc --noEmit --strict --module NodeNext --moduleResolution NodeNext --target ES2022 --types node src/index.ts test/blob-store.test.ts test/saga-store.test.ts test/user-turn-store.test.ts ../../tests/tasks/t09.test.ts ../../tests/tasks/t11.test.ts ../../tests/tasks/t12.test.ts ../../tests/tasks/t37.test.ts
packages/pi-adapter typecheck: Done
packages/storage-node typecheck: Done
packages/benchmark typecheck$ tsc --noEmit --strict --module NodeNext --moduleResolution NodeNext --target ES2022 --types node src/index.ts src/corpus/cli.ts src/trace/cli.ts src/arms/w1.ts src/arms/w2.ts src/reader/ceiling.ts src/continuation/runner.ts src/scoring/integrity.ts src/statistics/cluster.ts src/performance/lanes.ts src/report/engine.ts src/report/cli.ts test/oracle.test.ts test/trace.test.ts test/scoring/integrity.test.ts test/statistics.test.ts test/report.test.ts ../../tests/tasks/t39.test.ts ../../tests/tasks/t40.test.ts ../../tests/tasks/t41.test.ts ../../tests/tasks/t42.test.ts ../../tests/tasks/t43.test.ts ../../tests/tasks/t44.test.ts ../../tests/tasks/t45.test.ts ../../tests/tasks/t46.test.ts ../../tests/tasks/t47.test.ts ../../tests/tasks/t48.test.ts ../../tests/tasks/t49.test.ts ../../tests/performance/lanes.test.ts ../../tests/fault/overflow-lane.test.ts ../../tests/live/w1-paired.test.ts ../../tests/live/w2-paired.test.ts ../../tests/live/reader-ceiling.test.ts ../../tests/live/closed-loop.test.ts
packages/benchmark typecheck: Done
