
> @ test /home/runner/work/pi-context/pi-context
> vitest run --workspace vitest.workspace.ts

[1m[43m DEPRECATED [49m[22m [33mThe workspace file is deprecated and will be removed in the next major. Please, use the `test.projects` field in the root config file instead.[39m

[1m[46m RUN [49m[22m [36mv3.2.4 [39m[90m/home/runner/work/pi-context/pi-context[39m

(node:2898) ExperimentalWarning: SQLite is an experimental feature and might change at any time
(Use `node --trace-warnings ...` to show where the warning was created)
(node:2904) ExperimentalWarning: SQLite is an experimental feature and might change at any time
(Use `node --trace-warnings ...` to show where the warning was created)
 [31m❯[39m [30m[43m 0 [49m[39m packages/storage-node/test/saga-store.test.ts [2m([22m[2m14 tests[22m[2m | [22m[31m1 failed[39m[2m)[22m[32m 241[2mms[22m[39m
   [32m✓[39m workspace SQLite Saga journal[2m > [22mrequires the owned database capability and explicit blob verifier[32m 28[2mms[22m[39m
   [32m✓[39m workspace SQLite Saga journal[2m > [22mupgrades an exact V1 database through the current schema without changing the V1 checksum[32m 12[2mms[22m[39m
   [32m✓[39m workspace SQLite Saga journal[2m > [22mshares the owned workspace connection, applies V2, and verifies a real CAS receipt before prepare[32m 26[2mms[22m[39m
   [32m✓[39m workspace SQLite Saga journal[2m > [22mreplays exact operations and regenerated operation IDs by full scoped correlation[32m 14[2mms[22m[39m
   [32m✓[39m workspace SQLite Saga journal[2m > [22mrejects operation and correlation conflicts without overwriting the winner[32m 17[2mms[22m[39m
   [32m✓[39m workspace SQLite Saga journal[2m > [22mleaves no row when blob verification fails or cancellation wins before the transaction[32m 11[2mms[22m[39m
   [32m✓[39m workspace SQLite Saga journal[2m > [22mmarks host visibility idempotently and repairs acknowledgment to committed exactly once[32m 16[2mms[22m[39m
   [32m✓[39m workspace SQLite Saga journal[2m > [22mkeeps missing-host operations recoverable and never invents records for host-only entries[32m 10[2mms[22m[39m
   [32m✓[39m workspace SQLite Saga journal[2m > [22mfails content conflicts and fences branch, model, and config drift as stale[32m 20[2mms[22m[39m
   [32m✓[39m workspace SQLite Saga journal[2m > [22misolates sessions and rejects the wrong workspace without mutating records[32m 15[2mms[22m[39m
   [32m✓[39m workspace SQLite Saga journal[2m > [22mserializes concurrent prepares and returns one correlation winner[32m 11[2mms[22m[39m
[31m   [31m×[31m workspace SQLite Saga journal[2m > [22mrecovers a host-visible row after an abrupt process exit and replays without mutation[39m[32m 24[2mms[22m[39m
[31m     → expected null to be 'SIGKILL' // Object.is equality[39m
   [32m✓[39m workspace SQLite Saga journal[2m > [22mmaps SQLite lock waits, preserves the shared evidence owner, and fails after close[32m 26[2mms[22m[39m
   [32m✓[39m workspace SQLite Saga journal[2m > [22mrejects duplicate host snapshot identities before entering a transaction[32m 8[2mms[22m[39m
(node:2957) ExperimentalWarning: SQLite is an experimental feature and might change at any time
(Use `node --trace-warnings ...` to show where the warning was created)
(node:2897) ExperimentalWarning: SQLite is an experimental feature and might change at any time
(Use `node --trace-warnings ...` to show where the warning was created)
 [32m✓[39m [30m[43m 0 [49m[39m packages/storage-node/test/user-turn-store.test.ts [2m([22m[2m8 tests[22m[2m)[22m[32m 153[2mms[22m[39m
 [32m✓[39m [30m[43m 0 [49m[39m tests/acceptance/user-input-flow.test.ts [2m([22m[2m11 tests[22m[2m)[22m[33m 431[2mms[22m[39m
(node:3001) ExperimentalWarning: SQLite is an experimental feature and might change at any time
(Use `node --trace-warnings ...` to show where the warning was created)
 [32m✓[39m [30m[43m 0 [49m[39m tests/tasks/t09.test.ts [2m([22m[2m13 tests[22m[2m)[22m[32m 168[2mms[22m[39m
(node:2982) ExperimentalWarning: SQLite is an experimental feature and might change at any time
(Use `node --trace-warnings ...` to show where the warning was created)
 [32m✓[39m [30m[43m 0 [49m[39m tests/tasks/t13.test.ts [2m([22m[2m8 tests[22m[2m)[22m[32m 203[2mms[22m[39m
 [32m✓[39m [30m[43m 0 [49m[39m tests/tasks/t07.test.ts [2m([22m[2m9 tests[22m[2m)[22m[32m 11[2mms[22m[39m
(node:3020) ExperimentalWarning: SQLite is an experimental feature and might change at any time
(Use `node --trace-warnings ...` to show where the warning was created)
 [32m✓[39m [30m[43m 0 [49m[39m tests/acceptance/session-registry.test.ts [2m([22m[2m8 tests[22m[2m)[22m[32m 19[2mms[22m[39m
(node:3081) ExperimentalWarning: SQLite is an experimental feature and might change at any time
(Use `node --trace-warnings ...` to show where the warning was created)
 [32m✓[39m [30m[43m 0 [49m[39m tests/tasks/t15.test.ts [2m([22m[2m8 tests[22m[2m)[22m[32m 117[2mms[22m[39m
(node:3062) ExperimentalWarning: SQLite is an experimental feature and might change at any time
(Use `node --trace-warnings ...` to show where the warning was created)
 [32m✓[39m [30m[43m 0 [49m[39m tests/tasks/t28.test.ts [2m([22m[2m8 tests[22m[2m)[22m[32m 36[2mms[22m[39m
 [32m✓[39m [30m[43m 0 [49m[39m tests/tasks/t08.test.ts [2m([22m[2m10 tests[22m[2m)[22m[32m 18[2mms[22m[39m
(node:3100) ExperimentalWarning: SQLite is an experimental feature and might change at any time
(Use `node --trace-warnings ...` to show where the warning was created)
 [32m✓[39m [30m[43m 0 [49m[39m tests/tasks/t31.test.ts [2m([22m[2m8 tests[22m[2m)[22m[32m 25[2mms[22m[39m
 [31m❯[39m [30m[43m 0 [49m[39m packages/storage-node/test/blob-store.test.ts [2m([22m[2m15 tests[22m[2m | [22m[31m1 failed[39m[2m)[22m[33m 5518[2mms[22m[39m
   [32m✓[39m encrypted content-addressed blob store[2m > [22mpublishes encrypted bytes durably with deterministic cursor-scoped references[32m 21[2mms[22m[39m
   [32m✓[39m encrypted content-addressed blob store[2m > [22mdestroys every provider key lease after successful put and read[32m 8[2mms[22m[39m
   [32m✓[39m encrypted content-addressed blob store[2m > [22mbinds references and reads to the complete cursor before requesting a key[32m 8[2mms[22m[39m
   [32m✓[39m encrypted content-addressed blob store[2m > [22mreturns exact authenticated byte ranges including empty and binary ranges[32m 12[2mms[22m[39m
   [32m✓[39m encrypted content-addressed blob store[2m > [22msnapshots an authenticated range before awaiting the read key[32m 11[2mms[22m[39m
   [32m✓[39m encrypted content-addressed blob store[2m > [22mround-trips a branded blob ref through SQLite before exact range read[32m 16[2mms[22m[39m
   [32m✓[39m encrypted content-addressed blob store[2m > [22mrejects ciphertext, tag, header and existing-object tampering without overwrite[32m 7[2mms[22m[39m
   [32m✓[39m encrypted content-addressed blob store[2m > [22mfails closed for missing rotation keys and keeps deterministic references across a key change[32m 7[2mms[22m[39m
   [33m[2m✓[22m[39m encrypted content-addressed blob store[2m > [22msettles concurrent same-content writes on one complete authenticated object [33m 345[2mms[22m[39m
[31m   [31m×[31m encrypted content-addressed blob store[2m > [22mmakes the existing-object fast path durable across independent processes[39m[33m 5012[2mms[22m[39m
[31m     → Test timed out in 5000ms.
If this is a long-running test, pass a timeout value as the last argument or configure it globally with "testTimeout".[39m
   [32m✓[39m encrypted content-addressed blob store[2m > [22mtakes over a directory chain after its creator dies before parent fsync[32m 35[2mms[22m[39m
   [32m✓[39m encrypted content-addressed blob store[2m > [22msnapshots the complete cursor before awaiting a key provider[32m 7[2mms[22m[39m
   [32m✓[39m encrypted content-addressed blob store[2m > [22mignores a crash-orphan spool and reopens only the final fsynced object[32m 5[2mms[22m[39m
   [32m✓[39m encrypted content-addressed blob store[2m > [22muses a private durable local master key and supports the explicit environment source[32m 15[2mms[22m[39m
   [32m✓[39m encrypted content-addressed blob store[2m > [22mvalidates production dependencies, size limits and provider cancellation[32m 6[2mms[22m[39m
(node:3138) ExperimentalWarning: SQLite is an experimental feature and might change at any time
(Use `node --trace-warnings ...` to show where the warning was created)
 [32m✓[39m [30m[43m 0 [49m[39m tests/acceptance/tool-result-flow.test.ts [2m([22m[2m3 tests[22m[2m)[22m[32m 163[2mms[22m[39m
 [32m✓[39m [30m[43m 0 [49m[39m tests/tasks/t33.test.ts [2m([22m[2m7 tests[22m[2m)[22m[32m 48[2mms[22m[39m
 [32m✓[39m [30m[43m 0 [49m[39m tests/tasks/t30.test.ts [2m([22m[2m6 tests[22m[2m)[22m[32m 53[2mms[22m[39m
(node:3157) ExperimentalWarning: SQLite is an experimental feature and might change at any time
(Use `node --trace-warnings ...` to show where the warning was created)
 [32m✓[39m [30m[43m 0 [49m[39m tests/tasks/t32.test.ts [2m([22m[2m7 tests[22m[2m)[22m[32m 27[2mms[22m[39m
 [31m❯[39m [30m[43m 0 [49m[39m tests/live/w2-paired.test.ts [2m([22m[2m1 test[22m[2m | [22m[31m1 failed[39m[2m)[22m[32m 20[2mms[22m[39m
[31m   [31m×[31m W2 paired live arms[2m > [22mcompacts the same W1-shaped trace on B0/B1/B2 with real PCR checkpoints[39m[32m 18[2mms[22m[39m
[31m     → EACCES: permission denied, mkdir '/var/folders/yt/10k_hqkn30x18d7lbn28_gnc0000gn/T/grok-goal-14eb40de3fb3/implementer'[39m
(node:3245) ExperimentalWarning: SQLite is an experimental feature and might change at any time
(Use `node --trace-warnings ...` to show where the warning was created)
 [32m✓[39m [30m[43m 0 [49m[39m tests/tasks/t29.test.ts [2m([22m[2m6 tests[22m[2m)[22m[32m 98[2mms[22m[39m
(node:3283) ExperimentalWarning: SQLite is an experimental feature and might change at any time
(Use `node --trace-warnings ...` to show where the warning was created)
 [31m❯[39m [30m[43m 0 [49m[39m tests/live/w1-paired.test.ts [2m([22m[2m1 test[22m[2m | [22m[31m1 failed[39m[2m)[22m[32m 10[2mms[22m[39m
[31m   [31m×[31m W1 paired live arms[2m > [22mruns A0/A1/A2 from the same raw trace through real CAS ingress[39m[32m 8[2mms[22m[39m
[31m     → EACCES: permission denied, mkdir '/var/folders/yt/10k_hqkn30x18d7lbn28_gnc0000gn/T/grok-goal-14eb40de3fb3/implementer'[39m
 [32m✓[39m [30m[43m 0 [49m[39m tests/tasks/t43.test.ts [2m([22m[2m6 tests[22m[2m)[22m[32m 26[2mms[22m[39m
 [32m✓[39m [30m[43m 0 [49m[39m tests/tasks/t21.test.ts [2m([22m[2m7 tests[22m[2m)[22m[32m 22[2mms[22m[39m
 [31m❯[39m [30m[43m 0 [49m[39m tests/acceptance/deterministic-mvp.test.ts [2m([22m[2m1 test[22m[2m | [22m[31m1 failed[39m[2m)[22m[32m 10[2mms[22m[39m
[31m   [31m×[31m deterministic MVP acceptance[2m > [22mreturns one release-candidate verdict from real vertical, recovery, gates and product hooks[39m[32m 8[2mms[22m[39m
[31m     → EACCES: permission denied, mkdir '/var/folders/yt/10k_hqkn30x18d7lbn28_gnc0000gn/T/grok-goal-14eb40de3fb3/implementer'[39m
 [32m✓[39m [30m[43m 0 [49m[39m tests/tasks/t54.test.ts [2m([22m[2m9 tests[22m[2m)[22m[32m 18[2mms[22m[39m
 [32m✓[39m [30m[43m 0 [49m[39m tests/tasks/t26.test.ts [2m([22m[2m7 tests[22m[2m)[22m[32m 32[2mms[22m[39m
 [32m✓[39m [30m[43m 0 [49m[39m packages/worker/test/verifier.test.ts [2m([22m[2m8 tests[22m[2m)[22m[32m 18[2mms[22m[39m
(node:3321) ExperimentalWarning: SQLite is an experimental feature and might change at any time
(Use `node --trace-warnings ...` to show where the warning was created)
 [32m✓[39m [30m[43m 0 [49m[39m tests/tasks/t42.test.ts [2m([22m[2m6 tests[22m[2m)[22m[32m 25[2mms[22m[39m
 [32m✓[39m [30m[43m 0 [49m[39m tests/tasks/t38.test.ts [2m([22m[2m6 tests[22m[2m)[22m[32m 34[2mms[22m[39m
 [32m✓[39m [30m[43m 0 [49m[39m tests/acceptance/product-runtime-path.test.ts [2m([22m[2m2 tests[22m[2m)[22m[32m 96[2mms[22m[39m
 [32m✓[39m [30m[43m 0 [49m[39m packages/pi-adapter/test/runtime-tools.test.ts [2m([22m[2m6 tests[22m[2m)[22m[32m 34[2mms[22m[39m
 [32m✓[39m [30m[43m 0 [49m[39m tests/tasks/t18.test.ts [2m([22m[2m8 tests[22m[2m)[22m[32m 51[2mms[22m[39m
 [31m❯[39m [30m[43m 0 [49m[39m tests/tasks/t41.test.ts [2m([22m[2m7 tests[22m[2m | [22m[31m1 failed[39m[2m)[22m[32m 33[2mms[22m[39m
   [32m✓[39m T41 Real trace capture and anonymization[2m > [22mreal_trace_capture_and_anonymization[32m 19[2mms[22m[39m
   [32m✓[39m T41 Real trace capture and anonymization[2m > [22mfails construction when production dependencies are absent[32m 1[2mms[22m[39m
   [32m✓[39m T41 Real trace capture and anonymization[2m > [22mrejects malformed capture input and unknown clusters[32m 1[2mms[22m[39m
   [32m✓[39m T41 Real trace capture and anonymization[2m > [22mreplays equal hashes for the same redacted session[32m 1[2mms[22m[39m
   [32m✓[39m T41 Real trace capture and anonymization[2m > [22mrejects session rows from another workspace[32m 1[2mms[22m[39m
   [32m✓[39m T41 Real trace capture and anonymization[2m > [22mstops at the abort boundary before writing[32m 1[2mms[22m[39m
[31m   [31m×[31m T41 Real trace capture and anonymization[2m > [22mwrites redacted artifacts to a file-backed store[39m[32m 6[2mms[22m[39m
[31m     → EACCES: permission denied, mkdir '/var/folders/yt/10k_hqkn30x18d7lbn28_gnc0000gn/T/grok-goal-14eb40de3fb3/implementer'[39m
 [32m✓[39m [30m[43m 0 [49m[39m tests/tasks/t00.test.ts [2m([22m[2m7 tests[22m[2m)[22m[33m 489[2mms[22m[39m
 [32m✓[39m [30m[43m 0 [49m[39m tests/tasks/t27.test.ts [2m([22m[2m8 tests[22m[2m)[22m[32m 67[2mms[22m[39m
 [32m✓[39m [30m[43m 0 [49m[39m tests/tasks/t19.test.ts [2m([22m[2m7 tests[22m[2m)[22m[32m 32[2mms[22m[39m
(node:3646) ExperimentalWarning: SQLite is an experimental feature and might change at any time
(Use `node --trace-warnings ...` to show where the warning was created)
(node:3472) ExperimentalWarning: SQLite is an experimental feature and might change at any time
(Use `node --trace-warnings ...` to show where the warning was created)
 [31m❯[39m [30m[43m 0 [49m[39m tests/tasks/t37.test.ts [2m([22m[2m6 tests[22m[2m | [22m[31m5 failed[39m[2m)[22m[32m 24[2mms[22m[39m
[31m   [31m×[31m T37 Durable background candidate and generation fencing[2m > [22mdurable_background_candidate_and_generation_fenc[39m[32m 16[2mms[22m[39m
[31m     → promise rejected "Error: EACCES: permission denied, mkdir '… { …(4) }" instead of resolving[39m
   [32m✓[39m T37 Durable background candidate and generation fencing[2m > [22mfails construction when production dependencies are absent[32m 2[2mms[22m[39m
[31m   [31m×[31m T37 Durable background candidate and generation fencing[2m > [22mrejects malformed prepare input and invalid stale transitions[39m[32m 1[2mms[22m[39m
[31m     → EACCES: permission denied, mkdir '/var/folders/yt/10k_hqkn30x18d7lbn28_gnc0000gn/T/grok-goal-14eb40de3fb3/implementer'[39m
[31m   [31m×[31m T37 Durable background candidate and generation fencing[2m > [22mreplays prepare for the same key to an equal candidate[39m[32m 2[2mms[22m[39m
[31m     → EACCES: permission denied, mkdir '/var/folders/yt/10k_hqkn30x18d7lbn28_gnc0000gn/T/grok-goal-14eb40de3fb3/implementer'[39m
[31m   [31m×[31m T37 Durable background candidate and generation fencing[2m > [22mrejects a candidate key from another workspace[39m[32m 1[2mms[22m[39m
[31m     → EACCES: permission denied, mkdir '/var/folders/yt/10k_hqkn30x18d7lbn28_gnc0000gn/T/grok-goal-14eb40de3fb3/implementer'[39m
[31m   [31m×[31m T37 Durable background candidate and generation fencing[2m > [22mstops at the abort boundary before writing a candidate[39m[32m 1[2mms[22m[39m
[31m     → EACCES: permission denied, mkdir '/var/folders/yt/10k_hqkn30x18d7lbn28_gnc0000gn/T/grok-goal-14eb40de3fb3/implementer'[39m
 [32m✓[39m [30m[43m 0 [49m[39m tests/tasks/t20.test.ts [2m([22m[2m6 tests[22m[2m)[22m[32m 95[2mms[22m[39m
 [32m✓[39m [30m[43m 0 [49m[39m tests/tasks/t14.test.ts [2m([22m[2m8 tests[22m[2m)[22m[32m 34[2mms[22m[39m
 [31m❯[39m [30m[43m 0 [49m[39m tests/tasks/t39.test.ts [2m([22m[2m7 tests[22m[2m | [22m[31m1 failed[39m[2m)[22m[32m 35[2mms[22m[39m
   [32m✓[39m T39 Benchmark corpus governance and locked splits[2m > [22mbenchmark_corpus_governance_and_locked_splits[32m 22[2mms[22m[39m
   [32m✓[39m T39 Benchmark corpus governance and locked splits[2m > [22mfails construction when production dependencies are absent[32m 1[2mms[22m[39m
   [32m✓[39m T39 Benchmark corpus governance and locked splits[2m > [22mrejects malformed lock input and empty clusters[32m 1[2mms[22m[39m
   [32m✓[39m T39 Benchmark corpus governance and locked splits[2m > [22mreplays equal manifests for the same major and cases[32m 1[2mms[22m[39m
   [32m✓[39m T39 Benchmark corpus governance and locked splits[2m > [22mrejects cases from another corpus id[32m 0[2mms[22m[39m
   [32m✓[39m T39 Benchmark corpus governance and locked splits[2m > [22mstops at the abort boundary before listing cases[32m 1[2mms[22m[39m
[31m   [31m×[31m T39 Benchmark corpus governance and locked splits[2m > [22mlocks a file-backed corpus with two-run equality[39m[32m 8[2mms[22m[39m
[31m     → EACCES: permission denied, mkdir '/var/folders/yt/10k_hqkn30x18d7lbn28_gnc0000gn/T/grok-goal-14eb40de3fb3/implementer'[39m
 [32m✓[39m [30m[43m 0 [49m[39m tests/contract/pi-context-hook.test.ts [2m([22m[2m11 tests[22m[2m)[22m[32m 41[2mms[22m[39m
 [32m✓[39m [30m[43m 0 [49m[39m tests/tasks/t25.test.ts [2m([22m[2m9 tests[22m[2m)[22m[32m 37[2mms[22m[39m
(node:3748) ExperimentalWarning: SQLite is an experimental feature and might change at any time
(Use `node --trace-warnings ...` to show where the warning was created)
 [32m✓[39m [30m[43m 0 [49m[39m packages/storage-node/test/sqlite-store.test.ts [2m([22m[2m6 tests[22m[2m)[22m[32m 151[2mms[22m[39m
 [32m✓[39m [30m[43m 0 [49m[39m tests/tasks/t03.test.ts [2m([22m[2m8 tests[22m[2m)[22m[32m 86[2mms[22m[39m
 [32m✓[39m [30m[43m 0 [49m[39m packages/worker/test/semantic-proposal.test.ts [2m([22m[2m6 tests[22m[2m)[22m[32m 32[2mms[22m[39m
 [32m✓[39m [30m[43m 0 [49m[39m tests/tasks/t50.test.ts [2m([22m[2m8 tests[22m[2m)[22m[32m 13[2mms[22m[39m
 [32m✓[39m [30m[43m 0 [49m[39m tests/tasks/t01.test.ts [2m([22m[2m8 tests[22m[2m)[22m[33m 354[2mms[22m[39m
 [32m✓[39m [30m[43m 0 [49m[39m tests/tasks/t36.test.ts [2m([22m[2m7 tests[22m[2m)[22m[32m 32[2mms[22m[39m
 [32m✓[39m [30m[43m 0 [49m[39m tests/tasks/t49.test.ts [2m([22m[2m7 tests[22m[2m)[22m[32m 15[2mms[22m[39m
 [32m✓[39m [30m[43m 0 [49m[39m tests/tasks/t34.test.ts [2m([22m[2m6 tests[22m[2m)[22m[32m 27[2mms[22m[39m
 [32m✓[39m [30m[43m 0 [49m[39m tests/tasks/t35.test.ts [2m([22m[2m6 tests[22m[2m)[22m[32m 29[2mms[22m[39m
 [32m✓[39m [30m[43m 0 [49m[39m tests/tasks/t45.test.ts [2m([22m[2m6 tests[22m[2m)[22m[32m 12[2mms[22m[39m
 [32m✓[39m [30m[43m 0 [49m[39m tests/tasks/t22.test.ts [2m([22m[2m7 tests[22m[2m)[22m[32m 37[2mms[22m[39m
 [32m✓[39m [30m[43m 0 [49m[39m packages/kernel/test/claim-ledger.test.ts [2m([22m[2m9 tests[22m[2m)[22m[32m 33[2mms[22m[39m
(node:4075) ExperimentalWarning: SQLite is an experimental feature and might change at any time
(Use `node --trace-warnings ...` to show where the warning was created)
 [32m✓[39m [30m[43m 0 [49m[39m packages/kernel/test/directive-capture.test.ts [2m([22m[2m8 tests[22m[2m)[22m[32m 47[2mms[22m[39m
 [32m✓[39m [30m[43m 0 [49m[39m tests/tasks/t04.test.ts [2m([22m[2m7 tests[22m[2m)[22m[32m 29[2mms[22m[39m
 [32m✓[39m [30m[43m 0 [49m[39m tests/tasks/t23.test.ts [2m([22m[2m4 tests[22m[2m)[22m[32m 111[2mms[22m[39m
 [32m✓[39m [30m[43m 0 [49m[39m packages/kernel/test/active-suffix.test.ts [2m([22m[2m5 tests[22m[2m)[22m[32m 10[2mms[22m[39m
 [32m✓[39m [30m[43m 0 [49m[39m packages/kernel/test/claim-transitions.test.ts [2m([22m[2m7 tests[22m[2m)[22m[32m 20[2mms[22m[39m
(node:4133) ExperimentalWarning: SQLite is an experimental feature and might change at any time
(Use `node --trace-warnings ...` to show where the warning was created)
 [32m✓[39m [30m[43m 0 [49m[39m tests/acceptance/context-hook.test.ts [2m([22m[2m2 tests[22m[2m)[22m[32m 22[2mms[22m[39m
 [32m✓[39m [30m[43m 0 [49m[39m packages/worker/test/candidate-worker.test.ts [2m([22m[2m7 tests[22m[2m)[22m[32m 114[2mms[22m[39m
 [32m✓[39m [30m[43m 0 [49m[39m tests/tasks/t53.test.ts [2m([22m[2m6 tests[22m[2m)[22m[32m 21[2mms[22m[39m
(node:4248) ExperimentalWarning: SQLite is an experimental feature and might change at any time
(Use `node --trace-warnings ...` to show where the warning was created)
 [32m✓[39m [30m[43m 0 [49m[39m tests/e2e/operations.test.ts [2m([22m[2m6 tests[22m[2m)[22m[32m 296[2mms[22m[39m
 [32m✓[39m [30m[43m 0 [49m[39m tests/compat/pi-version-contract.test.ts [2m([22m[2m4 tests[22m[2m)[22m[32m 14[2mms[22m[39m
 [32m✓[39m [30m[43m 0 [49m[39m tests/tasks/t24.test.ts [2m([22m[2m7 tests[22m[2m)[22m[32m 20[2mms[22m[39m
 [32m✓[39m [30m[43m 0 [49m[39m tests/tasks/t48.test.ts [2m([22m[2m6 tests[22m[2m)[22m[32m 11[2mms[22m[39m
 [32m✓[39m [30m[43m 0 [49m[39m tests/w2-gate/head-to-head.test.ts [2m([22m[2m3 tests[22m[2m)[22m[33m 1295[2mms[22m[39m
   [33m[2m✓[22m[39m W2 Compactor Head-to-head Gate[2m > [22mevaluates live PCR B1/B2 against synthetic B0 and writes a machine-readable report [33m 1278[2mms[22m[39m
 [32m✓[39m [30m[43m 0 [49m[39m tests/release/deterministic-mvp-gate.test.ts [2m([22m[2m9 tests[22m[2m)[22m[32m 16[2mms[22m[39m
 [32m✓[39m [30m[43m 0 [49m[39m tests/tasks/t17.test.ts [2m([22m[2m6 tests[22m[2m)[22m[32m 35[2mms[22m[39m
 [32m✓[39m [30m[43m 0 [49m[39m tests/tasks/t46.test.ts [2m([22m[2m6 tests[22m[2m)[22m[32m 12[2mms[22m[39m
(node:4400) ExperimentalWarning: SQLite is an experimental feature and might change at any time
(Use `node --trace-warnings ...` to show where the warning was created)
 [32m✓[39m [30m[43m 0 [49m[39m tests/tasks/t10.test.ts [2m([22m[2m4 tests[22m[2m)[22m[32m 56[2mms[22m[39m
 [32m✓[39m [30m[43m 0 [49m[39m packages/kernel/test/materializer.test.ts [2m([22m[2m4 tests[22m[2m)[22m[32m 51[2mms[22m[39m
 [32m✓[39m [30m[43m 0 [49m[39m tests/tasks/t16.test.ts [2m([22m[2m6 tests[22m[2m)[22m[32m 42[2mms[22m[39m
 [32m✓[39m [30m[43m 0 [49m[39m tests/acceptance/recursive-compaction.test.ts [2m([22m[2m1 test[22m[2m)[22m[32m 49[2mms[22m[39m
 [32m✓[39m [30m[43m 0 [49m[39m packages/kernel/test/proactive-recall.test.ts [2m([22m[2m5 tests[22m[2m)[22m[32m 8[2mms[22m[39m
(node:4508) ExperimentalWarning: SQLite is an experimental feature and might change at any time
(Use `node --trace-warnings ...` to show where the warning was created)
 [32m✓[39m [30m[43m 0 [49m[39m packages/kernel/test/checkpoint-candidate.test.ts [2m([22m[2m6 tests[22m[2m)[22m[32m 13[2mms[22m[39m
 [32m✓[39m [30m[43m 0 [49m[39m tests/e2e/key-rotation-v2-boundary.test.ts [2m([22m[2m2 tests[22m[2m)[22m[32m 67[2mms[22m[39m
 [32m✓[39m [30m[43m 0 [49m[39m packages/kernel/test/continuity-ledger.test.ts [2m([22m[2m5 tests[22m[2m)[22m[32m 26[2mms[22m[39m
 [32m✓[39m [30m[43m 0 [49m[39m packages/kernel/test/raw-input.test.ts [2m([22m[2m5 tests[22m[2m)[22m[32m 20[2mms[22m[39m
 [32m✓[39m [30m[43m 0 [49m[39m tests/tasks/t47.test.ts [2m([22m[2m6 tests[22m[2m)[22m[32m 13[2mms[22m[39m
(node:4546) ExperimentalWarning: SQLite is an experimental feature and might change at any time
(Use `node --trace-warnings ...` to show where the warning was created)
 [32m✓[39m [30m[43m 0 [49m[39m tests/tasks/t02.test.ts [2m([22m[2m6 tests[22m[2m)[22m[32m 29[2mms[22m[39m
 [32m✓[39m [30m[43m 0 [49m[39m tests/acceptance/retrieval-tools.test.ts [2m([22m[2m1 test[22m[2m)[22m[32m 34[2mms[22m[39m
(node:4645) ExperimentalWarning: SQLite is an experimental feature and might change at any time
(Use `node --trace-warnings ...` to show where the warning was created)
 [32m✓[39m [30m[43m 0 [49m[39m tests/tasks/t44.test.ts [2m([22m[2m6 tests[22m[2m)[22m[32m 29[2mms[22m[39m
 [32m✓[39m [30m[43m 0 [49m[39m tests/tasks/t11.test.ts [2m([22m[2m2 tests[22m[2m)[22m[32m 73[2mms[22m[39m
 [31m❯[39m [30m[43m 0 [49m[39m tests/tasks/t06.test.ts [2m([22m[2m9 tests[22m[2m | [22m[31m6 failed[39m[2m)[22m[33m 13577[2mms[22m[39m
[31m   [31m×[31m T06 Real npm pack and clean Pi install harness[2m > [22mloads the actual packed tarball in an empty Pi home[39m[32m 20[2mms[22m[39m
[31m     → Pi models.json is missing[39m
   [32m✓[39m T06 Real npm pack and clean Pi install harness[2m > [22mrejects a modified tarball receipt before installation[32m 3[2mms[22m[39m
   [32m✓[39m T06 Real npm pack and clean Pi install harness[2m > [22mrejects a repository scope without the runtime source[32m 0[2mms[22m[39m
   [32m✓[39m T06 Real npm pack and clean Pi install harness[2m > [22mfails closed when packing is cancelled[32m 2[2mms[22m[39m
[31m   [31m×[31m T06 Real npm pack and clean Pi install harness[2m > [22mpacks deterministically from the same committed source[39m[33m 5003[2mms[22m[39m
[31m     → Test timed out in 5000ms.
If this is a long-running test, pass a timeout value as the last argument or configure it globally with "testTimeout".[39m
[31m   [31m×[31m T06 Real npm pack and clean Pi install harness[2m > [22misolates duplicate probes while preserving their observable contract[39m[32m 3[2mms[22m[39m
[31m     → Pi models.json is missing[39m
[31m   [31m×[31m T06 Real npm pack and clean Pi install harness[2m > [22maborts in-flight work and removes the isolated home[39m[32m 14[2mms[22m[39m
[31m     → expected Error: Pi models.json is missing to match object { name: 'AbortError' }[39m
[31m   [31m×[31m T06 Real npm pack and clean Pi install harness[2m > [22mkills a timed-out process tree and removes the isolated home[39m[32m 5[2mms[22m[39m
[31m     → expected [Function] to throw error including 'timed out after 100ms' but got 'Pi models.json is missing'[39m
[31m   [31m×[31m T06 Real npm pack and clean Pi install harness[2m > [22mpropagates a non-zero Pi exit and removes the isolated home[39m[32m 2[2mms[22m[39m
[31m     → expected [Function] to throw error including 'intentional failure' but got 'Pi models.json is missing'[39m
 [32m✓[39m [30m[43m 0 [49m[39m packages/kernel/test/action-gate.test.ts [2m([22m[2m6 tests[22m[2m)[22m[32m 40[2mms[22m[39m
 [32m✓[39m [30m[43m 0 [49m[39m packages/kernel/test/reducer-registry.test.ts [2m([22m[2m5 tests[22m[2m)[22m[32m 96[2mms[22m[39m
 [32m✓[39m [30m[43m 0 [49m[39m tests/tasks/t40.test.ts [2m([22m[2m7 tests[22m[2m)[22m[32m 13[2mms[22m[39m
 [32m✓[39m [30m[43m 0 [49m[39m tests/release/semantic-beta-gate.test.ts [2m([22m[2m8 tests[22m[2m)[22m[32m 9[2mms[22m[39m
 [32m✓[39m [30m[43m 0 [49m[39m packages/runtime/test/saga.test.ts [2m([22m[2m4 tests[22m[2m)[22m[32m 22[2mms[22m[39m
 [32m✓[39m [30m[43m 0 [49m[39m packages/core/test/compaction/checkpoint.test.ts [2m([22m[2m2 tests[22m[2m)[22m[32m 39[2mms[22m[39m
(node:4805) ExperimentalWarning: SQLite is an experimental feature and might change at any time
(Use `node --trace-warnings ...` to show where the warning was created)
 [32m✓[39m [30m[43m 0 [49m[39m tests/acceptance/evidence-recovery.test.ts [2m([22m[2m1 test[22m[2m)[22m[32m 65[2mms[22m[39m
 [32m✓[39m [30m[43m 0 [49m[39m tests/compat/provider-payload-probe.test.ts [2m([22m[2m3 tests[22m[2m)[22m[32m 10[2mms[22m[39m
 [32m✓[39m [30m[43m 0 [49m[39m packages/kernel/test/host-checkpoint-render.test.ts [2m([22m[2m5 tests[22m[2m)[22m[32m 44[2mms[22m[39m
(node:4866) ExperimentalWarning: SQLite is an experimental feature and might change at any time
(Use `node --trace-warnings ...` to show where the warning was created)
 [32m✓[39m [30m[43m 0 [49m[39m tests/contract/pi-tool-result-order.test.ts [2m([22m[2m1 test[22m[2m)[22m[32m 76[2mms[22m[39m
 [32m✓[39m [30m[43m 0 [49m[39m tests/w1-gate/early-net-value.test.ts [2m([22m[2m3 tests[22m[2m)[22m[33m 1548[2mms[22m[39m
   [33m[2m✓[22m[39m W1 Early Net Value Gate[2m > [22mevaluates live PCR arms and writes a machine-readable report [33m 1516[2mms[22m[39m
 [32m✓[39m [30m[43m 0 [49m[39m packages/benchmark/test/report.test.ts [2m([22m[2m4 tests[22m[2m)[22m[32m 19[2mms[22m[39m
 [32m✓[39m [30m[43m 0 [49m[39m tests/tasks/t51.test.ts [2m([22m[2m6 tests[22m[2m)[22m[32m 10[2mms[22m[39m
 [32m✓[39m [30m[43m 0 [49m[39m packages/runtime/test/compaction/snapshot.test.ts [2m([22m[2m2 tests[22m[2m)[22m[32m 22[2mms[22m[39m
 [32m✓[39m [30m[43m 0 [49m[39m tests/acceptance/restart-branch-recovery.test.ts [2m([22m[2m1 test[22m[2m)[22m[32m 21[2mms[22m[39m
 [32m✓[39m [30m[43m 0 [49m[39m packages/worker/test/telemetry-economics.test.ts [2m([22m[2m5 tests[22m[2m)[22m[32m 19[2mms[22m[39m
 [32m✓[39m [30m[43m 0 [49m[39m packages/runtime/test/runtime-session.test.ts [2m([22m[2m2 tests[22m[2m)[22m[32m 5[2mms[22m[39m
 [32m✓[39m [30m[43m 0 [49m[39m packages/kernel/test/lease-lifecycle.test.ts [2m([22m[2m5 tests[22m[2m)[22m[32m 9[2mms[22m[39m
 [32m✓[39m [30m[43m 0 [49m[39m apps/pi-context-runtime/test/package-runtime.test.ts [2m([22m[2m4 tests[22m[2m)[22m[32m 8[2mms[22m[39m
 [32m✓[39m [30m[43m 0 [49m[39m tests/tasks/t05.test.ts [2m([22m[2m6 tests[22m[2m)[22m[32m 258[2mms[22m[39m
 [32m✓[39m [30m[43m 0 [49m[39m packages/worker/test/generation-fencing.test.ts [2m([22m[2m6 tests[22m[2m)[22m[32m 24[2mms[22m[39m
(node:5074) ExperimentalWarning: SQLite is an experimental feature and might change at any time
(Use `node --trace-warnings ...` to show where the warning was created)
 [32m✓[39m [30m[43m 0 [49m[39m tests/tasks/t12.test.ts [2m([22m[2m2 tests[22m[2m)[22m[32m 60[2mms[22m[39m
(node:5106) ExperimentalWarning: SQLite is an experimental feature and might change at any time
(Use `node --trace-warnings ...` to show where the warning was created)
(node:5125) ExperimentalWarning: SQLite is an experimental feature and might change at any time
(Use `node --trace-warnings ...` to show where the warning was created)
 [32m✓[39m [30m[43m 0 [49m[39m packages/storage/test/blob-store.test.ts [2m([22m[2m5 tests[22m[2m)[22m[32m 78[2mms[22m[39m
(node:5144) ExperimentalWarning: SQLite is an experimental feature and might change at any time
(Use `node --trace-warnings ...` to show where the warning was created)
 [32m✓[39m [30m[43m 0 [49m[39m packages/kernel/test/fts-catalog.test.ts [2m([22m[2m5 tests[22m[2m)[22m[32m 26[2mms[22m[39m
 [32m✓[39m [30m[43m 0 [49m[39m packages/kernel/test/exact-read.test.ts [2m([22m[2m5 tests[22m[2m)[22m[32m 14[2mms[22m[39m
(node:5186) ExperimentalWarning: SQLite is an experimental feature and might change at any time
(Use `node --trace-warnings ...` to show where the warning was created)
 [32m✓[39m [30m[43m 0 [49m[39m packages/kernel/test/raw-capture.test.ts [2m([22m[2m5 tests[22m[2m)[22m[32m 144[2mms[22m[39m
 [32m✓[39m [30m[43m 0 [49m[39m packages/pi-adapter/test/message-conversion.test.ts [2m([22m[2m6 tests[22m[2m)[22m[32m 22[2mms[22m[39m
 [32m✓[39m [30m[43m 0 [49m[39m tests/acceptance/w1-vertical.test.ts [2m([22m[2m1 test[22m[2m)[22m[32m 30[2mms[22m[39m
 [32m✓[39m [30m[43m 0 [49m[39m packages/kernel/test/evidence-admission.test.ts [2m([22m[2m5 tests[22m[2m)[22m[32m 21[2mms[22m[39m
 [32m✓[39m [30m[43m 0 [49m[39m tests/contract/pi-compaction-takeover.test.ts [2m([22m[2m4 tests[22m[2m)[22m[32m 28[2mms[22m[39m
 [32m✓[39m [30m[43m 0 [49m[39m packages/kernel/test/token-budget.test.ts [2m([22m[2m6 tests[22m[2m)[22m[32m 7[2mms[22m[39m
 [32m✓[39m [30m[43m 0 [49m[39m packages/core/test/materialization/materializer.test.ts [2m([22m[2m1 test[22m[2m)[22m[32m 22[2mms[22m[39m
(node:5311) ExperimentalWarning: SQLite is an experimental feature and might change at any time
(Use `node --trace-warnings ...` to show where the warning was created)
(node:5205) ExperimentalWarning: SQLite is an experimental feature and might change at any time
(Use `node --trace-warnings ...` to show where the warning was created)
 [32m✓[39m [30m[43m 0 [49m[39m tests/e2e/pi-factory-entry.test.ts [2m([22m[2m2 tests[22m[2m)[22m[32m 9[2mms[22m[39m
 [32m✓[39m [30m[43m 0 [49m[39m packages/storage/test/sqlite-store.test.ts [2m([22m[2m5 tests[22m[2m)[22m[32m 95[2mms[22m[39m
 [32m✓[39m [30m[43m 0 [49m[39m packages/kernel/test/literal-index.test.ts [2m([22m[2m5 tests[22m[2m)[22m[32m 9[2mms[22m[39m
 [32m✓[39m [30m[43m 0 [49m[39m packages/kernel/test/convergence.test.ts [2m([22m[2m5 tests[22m[2m)[22m[32m 7[2mms[22m[39m
 [31m❯[39m [30m[43m 0 [49m[39m tests/live/closed-loop.test.ts [2m([22m[2m1 test[22m[2m | [22m[31m1 failed[39m[2m)[22m[32m 8[2mms[22m[39m
[31m   [31m×[31m closed-loop continuation live workspace[2m > [22msucceeds only when the restored workspace file hash matches[39m[32m 7[2mms[22m[39m
[31m     → EACCES: permission denied, mkdir '/var/folders/yt/10k_hqkn30x18d7lbn28_gnc0000gn/T/grok-goal-14eb40de3fb3/implementer'[39m
(node:5399) ExperimentalWarning: SQLite is an experimental feature and might change at any time
(Use `node --trace-warnings ...` to show where the warning was created)
 [32m✓[39m [30m[43m 0 [49m[39m packages/kernel/test/shell-reducers.test.ts [2m([22m[2m6 tests[22m[2m)[22m[32m 9[2mms[22m[39m
 [32m✓[39m [30m[43m 0 [49m[39m packages/storage/test/saga-recovery.test.ts [2m([22m[2m7 tests[22m[2m)[22m[32m 209[2mms[22m[39m
 [32m✓[39m [30m[43m 0 [49m[39m tests/live-gate/paired-w2-live.test.ts [2m([22m[2m3 tests[22m[2m)[22m[32m 43[2mms[22m[39m
 [32m✓[39m [30m[43m 0 [49m[39m tests/security/authority.test.ts [2m([22m[2m3 tests[22m[2m)[22m[32m 21[2mms[22m[39m
 [32m✓[39m [30m[43m 0 [49m[39m packages/core/test/materialization/cache.test.ts [2m([22m[2m1 test[22m[2m)[22m[32m 19[2mms[22m[39m
 [32m✓[39m [30m[43m 0 [49m[39m tests/contract/pi-capability-probe.test.ts [2m([22m[2m4 tests[22m[2m)[22m[32m 9[2mms[22m[39m
 [32m✓[39m [30m[43m 0 [49m[39m tests/contract/pi-session-lifecycle.test.ts [2m([22m[2m4 tests[22m[2m)[22m[32m 24[2mms[22m[39m
(node:5457) ExperimentalWarning: SQLite is an experimental feature and might change at any time
(Use `node --trace-warnings ...` to show where the warning was created)
 [32m✓[39m [30m[43m 0 [49m[39m tests/e2e/packed-install.test.ts [2m([22m[2m1 test[22m[2m)[22m[32m 15[2mms[22m[39m
 [32m✓[39m [30m[43m 0 [49m[39m packages/kernel/test/builtin-reducers.test.ts [2m([22m[2m5 tests[22m[2m)[22m[32m 9[2mms[22m[39m
 [32m✓[39m [30m[43m 0 [49m[39m packages/runtime/test/semantic/port.test.ts [2m([22m[2m1 test[22m[2m)[22m[32m 19[2mms[22m[39m
 [32m✓[39m [30m[43m 0 [49m[39m tests/live/reader-ceiling.test.ts [2m([22m[2m1 test[22m[2m)[22m[32m 5[2mms[22m[39m
 [32m✓[39m [30m[43m 0 [49m[39m tests/performance/token-accounting.test.ts [2m([22m[2m1 test[22m[2m)[22m[32m 20[2mms[22m[39m
(node:5690) ExperimentalWarning: SQLite is an experimental feature and might change at any time
(Use `node --trace-warnings ...` to show where the warning was created)
 [32m✓[39m [30m[43m 0 [49m[39m tests/release/package-artifact.test.ts [2m([22m[2m4 tests[22m[2m)[22m[33m 6176[2mms[22m[39m
   [33m[2m✓[22m[39m release package[2m > [22mcontains one extension entry, runtime dependencies and no source-private imports [33m 1713[2mms[22m[39m
   [33m[2m✓[22m[39m release package[2m > [22mverifies clean-home extract, uninstall/reinstall, and temporary pi -e entry [33m 1565[2mms[22m[39m
   [33m[2m✓[22m[39m release package[2m > [22mkeeps the Node/OS matrix and does not hide unsupported Pi versions [33m 1294[2mms[22m[39m
   [33m[2m✓[22m[39m release package[2m > [22mships license/security docs and the gate-derived semantic default [33m 1601[2mms[22m[39m
(node:5912) ExperimentalWarning: SQLite is an experimental feature and might change at any time
(Use `node --trace-warnings ...` to show where the warning was created)
 [32m✓[39m [30m[43m 0 [49m[39m apps/pi-context-runtime/test/owner.test.ts [2m([22m[2m4 tests[22m[2m)[22m[32m 20[2mms[22m[39m
 [32m✓[39m [30m[43m 0 [49m[39m packages/core/test/reducers/production.test.ts [2m([22m[2m4 tests[22m[2m)[22m[32m 26[2mms[22m[39m
 [32m✓[39m [30m[43m 0 [49m[39m packages/core/test/continuity/reduce.test.ts [2m([22m[2m2 tests[22m[2m)[22m[32m 34[2mms[22m[39m
 [32m✓[39m [30m[43m 0 [49m[39m packages/core/test/directives/segment.test.ts [2m([22m[2m2 tests[22m[2m)[22m[32m 68[2mms[22m[39m
 [32m✓[39m [30m[43m 0 [49m[39m tests/compat/matrix.test.ts [2m([22m[2m1 test[22m[2m)[22m[32m 11[2mms[22m[39m
 [32m✓[39m [30m[43m 0 [49m[39m packages/contracts/test/types.test.ts [2m([22m[2m5 tests[22m[2m)[22m[32m 16[2mms[22m[39m
 [32m✓[39m [30m[43m 0 [49m[39m packages/core/test/directives/extract.test.ts [2m([22m[2m1 test[22m[2m)[22m[32m 40[2mms[22m[39m
 [32m✓[39m [30m[43m 0 [49m[39m tests/performance/lanes.test.ts [2m([22m[2m2 tests[22m[2m)[22m[32m 7[2mms[22m[39m
 [31m❯[39m [30m[43m 0 [49m[39m tests/acceptance/packed-install.test.ts [2m([22m[2m2 tests[22m[2m | [22m[31m1 failed[39m[2m)[22m[33m 20309[2mms[22m[39m
[31m   [31m×[31m packed runtime acceptance[2m > [22mnpm packs the runtime and the required patched Pi host loads exact input[39m[33m 9022[2mms[22m[39m
[31m     → Pi models.json is missing[39m
   [33m[2m✓[22m[39m packed runtime acceptance[2m > [22mfails during loading on stock Pi 0.84.4 instead of swallowing input [33m 11285[2mms[22m[39m
 [32m✓[39m [30m[43m 0 [49m[39m tests/meta/workspace-layout.test.ts [2m([22m[2m4 tests[22m[2m)[22m[32m 22[2mms[22m[39m
 [32m✓[39m [30m[43m 0 [49m[39m packages/core/test/verifier/semantic.test.ts [2m([22m[2m1 test[22m[2m)[22m[32m 25[2mms[22m[39m
 [32m✓[39m [30m[43m 0 [49m[39m tests/live-gate/payload-sizing.test.ts [2m([22m[2m3 tests[22m[2m)[22m[32m 7[2mms[22m[39m
 [32m✓[39m [30m[43m 0 [49m[39m packages/benchmark/test/oracle.test.ts [2m([22m[2m3 tests[22m[2m)[22m[32m 8[2mms[22m[39m
 [32m✓[39m [30m[43m 0 [49m[39m packages/contracts/test/canonical.test.ts [2m([22m[2m4 tests[22m[2m)[22m[32m 21[2mms[22m[39m
 [2m[90m↓[39m[22m [30m[43m 0 [49m[39m tests/e2e/jiti-candidate-load.test.ts [2m([22m[2m1 test[22m[2m | [22m[33m1 skipped[39m[2m)[22m
 [32m✓[39m [30m[43m 0 [49m[39m packages/runtime/test/semantic/proposer.test.ts [2m([22m[2m1 test[22m[2m)[22m[32m 20[2mms[22m[39m
 [32m✓[39m [30m[43m 0 [49m[39m tests/performance/economics.test.ts [2m([22m[2m1 test[22m[2m)[22m[32m 5[2mms[22m[39m
 [32m✓[39m [30m[43m 0 [49m[39m tests/security/authority-mutation.test.ts [2m([22m[2m2 tests[22m[2m)[22m[32m 43[2mms[22m[39m
 [32m✓[39m [30m[43m 0 [49m[39m tests/security/memory-poisoning.test.ts [2m([22m[2m2 tests[22m[2m)[22m[32m 43[2mms[22m[39m
 [32m✓[39m [30m[43m 0 [49m[39m tests/contract/pi-input-correlation.test.ts [2m([22m[2m1 test[22m[2m)[22m[32m 35[2mms[22m[39m
 [32m✓[39m [30m[43m 0 [49m[39m tests/acceptance/compaction-fallback.test.ts [2m([22m[2m1 test[22m[2m)[22m[32m 3[2mms[22m[39m
 [31m❯[39m [30m[43m 0 [49m[39m tests/release/clean-install.test.ts [2m([22m[2m1 test[22m[2m | [22m[31m1 failed[39m[2m)[22m[33m 8907[2mms[22m[39m
[31m   [31m×[31m release clean install[2m > [22mpacks a self-contained tarball, SBOM, and clean-install log[39m[33m 8906[2mms[22m[39m
[31m     → Pi models.json is missing[39m
 [32m✓[39m [30m[43m 0 [49m[39m tests/security/secret-leak.test.ts [2m([22m[2m1 test[22m[2m)[22m[32m 27[2mms[22m[39m
 [32m✓[39m [30m[43m 0 [49m[39m tests/fault/overflow-lane.test.ts [2m([22m[2m1 test[22m[2m)[22m[32m 6[2mms[22m[39m
 [32m✓[39m [30m[43m 0 [49m[39m packages/core/test/retrieval/proactive.test.ts [2m([22m[2m1 test[22m[2m)[22m[32m 19[2mms[22m[39m
 [32m✓[39m [30m[43m 0 [49m[39m packages/benchmark/test/statistics.test.ts [2m([22m[2m1 test[22m[2m)[22m[32m 5[2mms[22m[39m
 [32m✓[39m [30m[43m 0 [49m[39m packages/pi-adapter/test/message-codec.test.ts [2m([22m[2m1 test[22m[2m)[22m[32m 19[2mms[22m[39m
 [32m✓[39m [30m[43m 0 [49m[39m packages/runtime/test/background/candidates.test.ts [2m([22m[2m1 test[22m[2m)[22m[32m 18[2mms[22m[39m
 [32m✓[39m [30m[43m 0 [49m[39m packages/benchmark/test/trace.test.ts [2m([22m[2m1 test[22m[2m)[22m[32m 18[2mms[22m[39m
 [32m✓[39m [30m[43m 0 [49m[39m packages/benchmark/test/scoring/integrity.test.ts [2m([22m[2m1 test[22m[2m)[22m[32m 4[2mms[22m[39m
 [32m✓[39m [30m[43m 0 [49m[39m packages/pi-adapter/test/compaction-result.test.ts [2m([22m[2m1 test[22m[2m)[22m[32m 6[2mms[22m[39m
 [32m✓[39m [30m[43m 0 [49m[39m tests/security/cursor-fuzz.test.ts [2m([22m[2m1 test[22m[2m)[22m[32m 32[2mms[22m[39m
 [32m✓[39m [30m[43m 0 [49m[39m packages/core/test/directives/temporal.test.ts [2m([22m[2m2 tests[22m[2m)[22m[32m 5[2mms[22m[39m
 [32m✓[39m [30m[43m 0 [49m[39m tests/security/recovery-fuzz.test.ts [2m([22m[2m1 test[22m[2m)[22m[32m 5[2mms[22m[39m
 [32m✓[39m [30m[43m 0 [49m[39m tests/contract/pi-tool-call-gate.test.ts [2m([22m[2m1 test[22m[2m)[22m[32m 5[2mms[22m[39m
 [31m❯[39m [30m[43m 0 [49m[39m tests/tasks/t52.test.ts [2m([22m[2m6 tests[22m[2m | [22m[31m1 failed[39m[2m)[22m[33m 31611[2mms[22m[39m
[31m   [31m×[31m T52 Production package build and clean install[2m > [22mloads the actual packed tarball in an empty Pi home[39m[33m 8300[2mms[22m[39m
[31m     → Pi models.json is missing[39m
   [32m✓[39m T52 Production package build and clean install[2m > [22mfails construction when production dependencies are absent[32m 5[2mms[22m[39m
   [32m✓[39m T52 Production package build and clean install[2m > [22mrejects a repository scope without the runtime source[32m 2[2mms[22m[39m
   [33m[2m✓[22m[39m T52 Production package build and clean install[2m > [22mpacks deterministically from the same committed source [33m 17733[2mms[22m[39m
   [32m✓[39m T52 Production package build and clean install[2m > [22mfails closed when packing is cancelled[32m 2[2mms[22m[39m
   [33m[2m✓[22m[39m T52 Production package build and clean install[2m > [22mrejects a modified tarball receipt before installation [33m 5567[2mms[22m[39m

[31m⎯⎯⎯⎯⎯⎯[39m[1m[41m Failed Tests 22 [49m[22m[31m⎯⎯⎯⎯⎯⎯⎯[39m

[41m[1m FAIL [22m[49m [30m[43m 0 [49m[39m tests/acceptance/deterministic-mvp.test.ts[2m > [22mdeterministic MVP acceptance[2m > [22mreturns one release-candidate verdict from real vertical, recovery, gates and product hooks
[31m[1mError[22m: EACCES: permission denied, mkdir '/var/folders/yt/10k_hqkn30x18d7lbn28_gnc0000gn/T/grok-goal-14eb40de3fb3/implementer'[39m
[36m [2m❯[22m dataRoot tests/acceptance/deterministic-mvp.test.ts:[2m35:3[22m[39m
    [90m 33| [39m
    [90m 34| [39m[35mfunction[39m [34mdataRoot[39m()[33m:[39m string {
    [90m 35| [39m  [34mmkdirSync[39m([33mSCRATCH[39m[33m,[39m { recursive[33m:[39m [35mtrue[39m })[33m;[39m
    [90m   | [39m  [31m^[39m
    [90m 36| [39m  [35mconst[39m root [33m=[39m [34mmkdtempSync[39m([34mjoin[39m([33mSCRATCH[39m[33m,[39m [32m"t51-mvp-"[39m))[33m;[39m
    [90m 37| [39m  roots[33m.[39m[34mpush[39m(root)[33m;[39m
[90m [2m❯[22m tests/acceptance/deterministic-mvp.test.ts:[2m103:18[22m[39m

[31m[2m⎯⎯⎯⎯⎯⎯⎯⎯⎯⎯⎯⎯⎯⎯⎯⎯⎯⎯⎯⎯⎯⎯⎯[1/22]⎯[22m[39m

[41m[1m FAIL [22m[49m [30m[43m 0 [49m[39m tests/acceptance/packed-install.test.ts[2m > [22mpacked runtime acceptance[2m > [22mnpm packs the runtime and the required patched Pi host loads exact input
[31m[1mError[22m: Pi models.json is missing[39m
[36m [2m❯[22m prepareModelConfig scripts/pack-smoke.mjs:[2m396:38[22m[39m
    [90m394| [39m
    [90m395| [39mfunction prepareModelConfig(agentDir, modelsPath, provider, modelId, e…
    [90m396| [39m  if (!existsSync(modelsPath)) throw new Error("Pi models.json is miss…
    [90m   | [39m                                     [31m^[39m
    [90m397| [39m  [35mconst[39m models [33m=[39m [33mJSON[39m[33m.[39m[34mparse[39m([34mreadFileSync[39m(modelsPath[33m,[39m [32m"utf8"[39m))[33m;[39m
    [90m398| [39m  [35mconst[39m providerConfig [33m=[39m models[33m.[39mproviders[33m?.[39m[provider][33m;[39m
[90m [2m❯[22m installAndRunVerticalProbe scripts/pack-smoke.mjs:[2m634:19[22m[39m
[90m [2m❯[22m tests/acceptance/packed-install.test.ts:[2m19:28[22m[39m

[31m[2m⎯⎯⎯⎯⎯⎯⎯⎯⎯⎯⎯⎯⎯⎯⎯⎯⎯⎯⎯⎯⎯⎯⎯[2/22]⎯[22m[39m

[41m[1m FAIL [22m[49m [30m[43m 0 [49m[39m tests/live/closed-loop.test.ts[2m > [22mclosed-loop continuation live workspace[2m > [22msucceeds only when the restored workspace file hash matches
[31m[1mError[22m: EACCES: permission denied, mkdir '/var/folders/yt/10k_hqkn30x18d7lbn28_gnc0000gn/T/grok-goal-14eb40de3fb3/implementer'[39m
[36m [2m❯[22m tests/live/closed-loop.test.ts:[2m21:5[22m[39m
    [90m 19| [39m[34mdescribe[39m([32m"closed-loop continuation live workspace"[39m[33m,[39m () [33m=>[39m {
    [90m 20| [39m  it("succeeds only when the restored workspace file hash matches", as…
    [90m 21| [39m    [34mmkdirSync[39m([33mSCRATCH[39m[33m,[39m { recursive[33m:[39m [35mtrue[39m })[33m;[39m
    [90m   | [39m    [31m^[39m
    [90m 22| [39m    [35mconst[39m root [33m=[39m [34mmkdtempSync[39m([34mjoin[39m([33mSCRATCH[39m[33m,[39m [32m"t45-live-"[39m))[33m;[39m
    [90m 23| [39m    roots[33m.[39m[34mpush[39m(root)[33m;[39m

[31m[2m⎯⎯⎯⎯⎯⎯⎯⎯⎯⎯⎯⎯⎯⎯⎯⎯⎯⎯⎯⎯⎯⎯⎯[3/22]⎯[22m[39m

[41m[1m FAIL [22m[49m [30m[43m 0 [49m[39m tests/live/w1-paired.test.ts[2m > [22mW1 paired live arms[2m > [22mruns A0/A1/A2 from the same raw trace through real CAS ingress
[31m[1mError[22m: EACCES: permission denied, mkdir '/var/folders/yt/10k_hqkn30x18d7lbn28_gnc0000gn/T/grok-goal-14eb40de3fb3/implementer'[39m
[36m [2m❯[22m dataRoot tests/live/w1-paired.test.ts:[2m37:3[22m[39m
    [90m 35| [39m
    [90m 36| [39m[35mfunction[39m [34mdataRoot[39m()[33m:[39m string {
    [90m 37| [39m  [34mmkdirSync[39m([33mSCRATCH[39m[33m,[39m { recursive[33m:[39m [35mtrue[39m })[33m;[39m
    [90m   | [39m  [31m^[39m
    [90m 38| [39m  [35mconst[39m root [33m=[39m [34mmkdtempSync[39m([34mjoin[39m([33mSCRATCH[39m[33m,[39m [32m"t42-live-"[39m))[33m;[39m
    [90m 39| [39m  roots[33m.[39m[34mpush[39m(root)[33m;[39m
[90m [2m❯[22m tests/live/w1-paired.test.ts:[2m188:18[22m[39m

[31m[2m⎯⎯⎯⎯⎯⎯⎯⎯⎯⎯⎯⎯⎯⎯⎯⎯⎯⎯⎯⎯⎯⎯⎯[4/22]⎯[22m[39m

[41m[1m FAIL [22m[49m [30m[43m 0 [49m[39m tests/live/w2-paired.test.ts[2m > [22mW2 paired live arms[2m > [22mcompacts the same W1-shaped trace on B0/B1/B2 with real PCR checkpoints
[31m[1mError[22m: EACCES: permission denied, mkdir '/var/folders/yt/10k_hqkn30x18d7lbn28_gnc0000gn/T/grok-goal-14eb40de3fb3/implementer'[39m
[36m [2m❯[22m dataRoot tests/live/w2-paired.test.ts:[2m51:3[22m[39m
    [90m 49| [39m
    [90m 50| [39m[35mfunction[39m [34mdataRoot[39m()[33m:[39m string {
    [90m 51| [39m  [34mmkdirSync[39m([33mSCRATCH[39m[33m,[39m { recursive[33m:[39m [35mtrue[39m })[33m;[39m
    [90m   | [39m  [31m^[39m
    [90m 52| [39m  [35mconst[39m root [33m=[39m [34mmkdtempSync[39m([34mjoin[39m([33mSCRATCH[39m[33m,[39m [32m"t43-live-"[39m))[33m;[39m
    [90m 53| [39m  roots[33m.[39m[34mpush[39m(root)[33m;[39m
[90m [2m❯[22m tests/live/w2-paired.test.ts:[2m200:18[22m[39m

[31m[2m⎯⎯⎯⎯⎯⎯⎯⎯⎯⎯⎯⎯⎯⎯⎯⎯⎯⎯⎯⎯⎯⎯⎯[5/22]⎯[22m[39m

[41m[1m FAIL [22m[49m [30m[43m 0 [49m[39m tests/release/clean-install.test.ts[2m > [22mrelease clean install[2m > [22mpacks a self-contained tarball, SBOM, and clean-install log
[31m[1mError[22m: Pi models.json is missing[39m
[36m [2m❯[22m prepareModelConfig scripts/pack-smoke.mjs:[2m396:38[22m[39m
    [90m394| [39m
    [90m395| [39mfunction prepareModelConfig(agentDir, modelsPath, provider, modelId, e…
    [90m396| [39m  if (!existsSync(modelsPath)) throw new Error("Pi models.json is miss…
    [90m   | [39m                                     [31m^[39m
    [90m397| [39m  [35mconst[39m models [33m=[39m [33mJSON[39m[33m.[39m[34mparse[39m([34mreadFileSync[39m(modelsPath[33m,[39m [32m"utf8"[39m))[33m;[39m
    [90m398| [39m  [35mconst[39m providerConfig [33m=[39m models[33m.[39mproviders[33m?.[39m[provider][33m;[39m
[90m [2m❯[22m installAndRunVerticalProbe scripts/pack-smoke.mjs:[2m634:19[22m[39m
[90m [2m❯[22m installAndRunVerticalProbe scripts/release/pack.mjs:[2m50:28[22m[39m
[90m [2m❯[22m Object.pack scripts/release/pack.mjs:[2m72:27[22m[39m
[90m [2m❯[22m tests/release/clean-install.test.ts:[2m13:21[22m[39m

[31m[2m⎯⎯⎯⎯⎯⎯⎯⎯⎯⎯⎯⎯⎯⎯⎯⎯⎯⎯⎯⎯⎯⎯⎯[6/22]⎯[22m[39m

[41m[1m FAIL [22m[49m [30m[43m 0 [49m[39m tests/tasks/t06.test.ts[2m > [22mT06 Real npm pack and clean Pi install harness[2m > [22mloads the actual packed tarball in an empty Pi home
[31m[1mError[22m: Pi models.json is missing[39m
[36m [2m❯[22m prepareModelConfig scripts/pack-smoke.mjs:[2m396:38[22m[39m
    [90m394| [39m
    [90m395| [39mfunction prepareModelConfig(agentDir, modelsPath, provider, modelId, e…
    [90m396| [39m  if (!existsSync(modelsPath)) throw new Error("Pi models.json is miss…
    [90m   | [39m                                     [31m^[39m
    [90m397| [39m  [35mconst[39m models [33m=[39m [33mJSON[39m[33m.[39m[34mparse[39m([34mreadFileSync[39m(modelsPath[33m,[39m [32m"utf8"[39m))[33m;[39m
    [90m398| [39m  [35mconst[39m providerConfig [33m=[39m models[33m.[39mproviders[33m?.[39m[provider][33m;[39m
[90m [2m❯[22m installAndRunVerticalProbe scripts/pack-smoke.mjs:[2m634:19[22m[39m
[90m [2m❯[22m tests/tasks/t06.test.ts:[2m21:28[22m[39m

[31m[2m⎯⎯⎯⎯⎯⎯⎯⎯⎯⎯⎯⎯⎯⎯⎯⎯⎯⎯⎯⎯⎯⎯⎯[7/22]⎯[22m[39m

[41m[1m FAIL [22m[49m [30m[43m 0 [49m[39m tests/tasks/t06.test.ts[2m > [22mT06 Real npm pack and clean Pi install harness[2m > [22mpacks deterministically from the same committed source
[31m[1mError[22m: Test timed out in 5000ms.
If this is a long-running test, pass a timeout value as the last argument or configure it globally with "testTimeout".[39m
[36m [2m❯[22m tests/tasks/t06.test.ts:[2m75:3[22m[39m
    [90m 73| [39m  })[33m;[39m
    [90m 74| [39m
    [90m 75| [39m  it("packs deterministically from the same committed source", async (…
    [90m   | [39m  [31m^[39m
    [90m 76| [39m    [35mconst[39m replay [33m=[39m [35mawait[39m [34mpackCurrentSource[39m({ repoRoot })[33m;[39m
    [90m 77| [39m

[31m[2m⎯⎯⎯⎯⎯⎯⎯⎯⎯⎯⎯⎯⎯⎯⎯⎯⎯⎯⎯⎯⎯⎯⎯[8/22]⎯[22m[39m

[41m[1m FAIL [22m[49m [30m[43m 0 [49m[39m tests/tasks/t06.test.ts[2m > [22mT06 Real npm pack and clean Pi install harness[2m > [22misolates duplicate probes while preserving their observable contract
[31m[1mError[22m: Pi models.json is missing[39m
[36m [2m❯[22m prepareModelConfig scripts/pack-smoke.mjs:[2m396:38[22m[39m
    [90m394| [39m
    [90m395| [39mfunction prepareModelConfig(agentDir, modelsPath, provider, modelId, e…
    [90m396| [39m  if (!existsSync(modelsPath)) throw new Error("Pi models.json is miss…
    [90m   | [39m                                     [31m^[39m
    [90m397| [39m  [35mconst[39m models [33m=[39m [33mJSON[39m[33m.[39m[34mparse[39m([34mreadFileSync[39m(modelsPath[33m,[39m [32m"utf8"[39m))[33m;[39m
    [90m398| [39m  [35mconst[39m providerConfig [33m=[39m models[33m.[39mproviders[33m?.[39m[provider][33m;[39m
[90m [2m❯[22m installAndRunVerticalProbe scripts/pack-smoke.mjs:[2m634:19[22m[39m
[90m [2m❯[22m tests/tasks/t06.test.ts:[2m96:27[22m[39m

[31m[2m⎯⎯⎯⎯⎯⎯⎯⎯⎯⎯⎯⎯⎯⎯⎯⎯⎯⎯⎯⎯⎯⎯⎯[9/22]⎯[22m[39m

[41m[1m FAIL [22m[49m [30m[43m 0 [49m[39m tests/tasks/t06.test.ts[2m > [22mT06 Real npm pack and clean Pi install harness[2m > [22maborts in-flight work and removes the isolated home
[31m[1mAssertionError[22m: expected Error: Pi models.json is missing to match object { name: 'AbortError' }[39m

[32m- Expected[39m
[31m+ Received[39m

[32m- {[39m
[32m-   "name": "AbortError",[39m
[31m+ Error {[39m
[31m+   "message": "Pi models.json is missing",[39m
[2m  }[22m

[31m[2m⎯⎯⎯⎯⎯⎯⎯⎯⎯⎯⎯⎯⎯⎯⎯⎯⎯⎯⎯⎯⎯⎯[10/22]⎯[22m[39m

[41m[1m FAIL [22m[49m [30m[43m 0 [49m[39m tests/tasks/t06.test.ts[2m > [22mT06 Real npm pack and clean Pi install harness[2m > [22mkills a timed-out process tree and removes the isolated home
[31m[1mAssertionError[22m: expected [Function] to throw error including 'timed out after 100ms' but got 'Pi models.json is missing'[39m

Expected: [32m"timed out after 100ms"[39m
Received: [31m"Pi models.json is missing"[39m

[31m[2m⎯⎯⎯⎯⎯⎯⎯⎯⎯⎯⎯⎯⎯⎯⎯⎯⎯⎯⎯⎯⎯⎯[11/22]⎯[22m[39m

[41m[1m FAIL [22m[49m [30m[43m 0 [49m[39m tests/tasks/t06.test.ts[2m > [22mT06 Real npm pack and clean Pi install harness[2m > [22mpropagates a non-zero Pi exit and removes the isolated home
[31m[1mAssertionError[22m: expected [Function] to throw error including 'intentional failure' but got 'Pi models.json is missing'[39m

Expected: [32m"intentional failure"[39m
Received: [31m"Pi models.json is missing"[39m

[31m[2m⎯⎯⎯⎯⎯⎯⎯⎯⎯⎯⎯⎯⎯⎯⎯⎯⎯⎯⎯⎯⎯⎯[12/22]⎯[22m[39m

[41m[1m FAIL [22m[49m [30m[43m 0 [49m[39m tests/tasks/t37.test.ts[2m > [22mT37 Durable background candidate and generation fencing[2m > [22mdurable_background_candidate_and_generation_fenc
[31m[1mAssertionError[22m: promise rejected "Error: EACCES: permission denied, mkdir '… { …(4) }" instead of resolving[39m
[36m [2m❯[22m tests/tasks/t37.test.ts:[2m83:33[22m[39m
    [90m 81| [39mdescribe("T37 Durable background candidate and generation fencing", ()…
    [90m 82| [39m  [34mit[39m([32m"durable_background_candidate_and_generation_fenc"[39m[33m,[39m [35masync[39m () [33m=>[39m {
    [90m 83| [39m    await expect(runT37Fixture()).resolves.toMatchObject({ ok: true, t…
    [90m   | [39m                                [31m^[39m
    [90m 84| [39m  })[33m;[39m
    [90m 85| [39m

[31m[1mCaused by: Error[22m: EACCES: permission denied, mkdir '/var/folders/yt/10k_hqkn30x18d7lbn28_gnc0000gn/T/grok-goal-14eb40de3fb3/implementer'[39m
[36m [2m❯[22m dataRoot tests/tasks/t37.test.ts:[2m21:3[22m[39m
[90m [2m❯[22m runT37Fixture tests/tasks/t37.test.ts:[2m47:16[22m[39m
[90m [2m❯[22m tests/tasks/t37.test.ts:[2m83:18[22m[39m

[31m[2m⎯⎯⎯⎯⎯⎯⎯⎯⎯⎯⎯⎯⎯⎯⎯⎯⎯⎯⎯⎯⎯⎯⎯⎯⎯⎯⎯⎯⎯⎯[22m[39m
[31m[1mSerialized Error:[22m[39m [90m{ errno: -13, code: 'EACCES', syscall: 'mkdir', path: '/var/folders/yt/10k_hqkn30x18d7lbn28_gnc0000gn/T/grok-goal-14eb40de3fb3/implementer' }[39m
[31m[2m⎯⎯⎯⎯⎯⎯⎯⎯⎯⎯⎯⎯⎯⎯⎯⎯⎯⎯⎯⎯⎯⎯[13/22]⎯[22m[39m

[41m[1m FAIL [22m[49m [30m[43m 0 [49m[39m tests/tasks/t37.test.ts[2m > [22mT37 Durable background candidate and generation fencing[2m > [22mrejects malformed prepare input and invalid stale transitions
[31m[1mError[22m: EACCES: permission denied, mkdir '/var/folders/yt/10k_hqkn30x18d7lbn28_gnc0000gn/T/grok-goal-14eb40de3fb3/implementer'[39m
[36m [2m❯[22m dataRoot tests/tasks/t37.test.ts:[2m21:3[22m[39m
    [90m 19| [39m
    [90m 20| [39m[35mfunction[39m [34mdataRoot[39m()[33m:[39m string {
    [90m 21| [39m  [34mmkdirSync[39m([33mSCRATCH[39m[33m,[39m { recursive[33m:[39m [35mtrue[39m })[33m;[39m
    [90m   | [39m  [31m^[39m
    [90m 22| [39m  [35mconst[39m root [33m=[39m [34mmkdtempSync[39m([34mjoin[39m([33mSCRATCH[39m[33m,[39m [32m"t37-"[39m))[33m;[39m
    [90m 23| [39m  roots[33m.[39m[34mpush[39m(root)[33m;[39m
[90m [2m❯[22m tests/tasks/t37.test.ts:[2m93:18[22m[39m

[31m[2m⎯⎯⎯⎯⎯⎯⎯⎯⎯⎯⎯⎯⎯⎯⎯⎯⎯⎯⎯⎯⎯⎯[14/22]⎯[22m[39m

[41m[1m FAIL [22m[49m [30m[43m 0 [49m[39m tests/tasks/t37.test.ts[2m > [22mT37 Durable background candidate and generation fencing[2m > [22mreplays prepare for the same key to an equal candidate
[31m[1mError[22m: EACCES: permission denied, mkdir '/var/folders/yt/10k_hqkn30x18d7lbn28_gnc0000gn/T/grok-goal-14eb40de3fb3/implementer'[39m
[36m [2m❯[22m dataRoot tests/tasks/t37.test.ts:[2m21:3[22m[39m
    [90m 19| [39m
    [90m 20| [39m[35mfunction[39m [34mdataRoot[39m()[33m:[39m string {
    [90m 21| [39m  [34mmkdirSync[39m([33mSCRATCH[39m[33m,[39m { recursive[33m:[39m [35mtrue[39m })[33m;[39m
    [90m   | [39m  [31m^[39m
    [90m 22| [39m  [35mconst[39m root [33m=[39m [34mmkdtempSync[39m([34mjoin[39m([33mSCRATCH[39m[33m,[39m [32m"t37-"[39m))[33m;[39m
    [90m 23| [39m  roots[33m.[39m[34mpush[39m(root)[33m;[39m
[90m [2m❯[22m tests/tasks/t37.test.ts:[2m113:18[22m[39m

[31m[2m⎯⎯⎯⎯⎯⎯⎯⎯⎯⎯⎯⎯⎯⎯⎯⎯⎯⎯⎯⎯⎯⎯[15/22]⎯[22m[39m

[41m[1m FAIL [22m[49m [30m[43m 0 [49m[39m tests/tasks/t37.test.ts[2m > [22mT37 Durable background candidate and generation fencing[2m > [22mrejects a candidate key from another workspace
[31m[1mError[22m: EACCES: permission denied, mkdir '/var/folders/yt/10k_hqkn30x18d7lbn28_gnc0000gn/T/grok-goal-14eb40de3fb3/implementer'[39m
[36m [2m❯[22m dataRoot tests/tasks/t37.test.ts:[2m21:3[22m[39m
    [90m 19| [39m
    [90m 20| [39m[35mfunction[39m [34mdataRoot[39m()[33m:[39m string {
    [90m 21| [39m  [34mmkdirSync[39m([33mSCRATCH[39m[33m,[39m { recursive[33m:[39m [35mtrue[39m })[33m;[39m
    [90m   | [39m  [31m^[39m
    [90m 22| [39m  [35mconst[39m root [33m=[39m [34mmkdtempSync[39m([34mjoin[39m([33mSCRATCH[39m[33m,[39m [32m"t37-"[39m))[33m;[39m
    [90m 23| [39m  roots[33m.[39m[34mpush[39m(root)[33m;[39m
[90m [2m❯[22m tests/tasks/t37.test.ts:[2m130:18[22m[39m

[31m[2m⎯⎯⎯⎯⎯⎯⎯⎯⎯⎯⎯⎯⎯⎯⎯⎯⎯⎯⎯⎯⎯⎯[16/22]⎯[22m[39m

[41m[1m FAIL [22m[49m [30m[43m 0 [49m[39m tests/tasks/t37.test.ts[2m > [22mT37 Durable background candidate and generation fencing[2m > [22mstops at the abort boundary before writing a candidate
[31m[1mError[22m: EACCES: permission denied, mkdir '/var/folders/yt/10k_hqkn30x18d7lbn28_gnc0000gn/T/grok-goal-14eb40de3fb3/implementer'[39m
[36m [2m❯[22m dataRoot tests/tasks/t37.test.ts:[2m21:3[22m[39m
    [90m 19| [39m
    [90m 20| [39m[35mfunction[39m [34mdataRoot[39m()[33m:[39m string {
    [90m 21| [39m  [34mmkdirSync[39m([33mSCRATCH[39m[33m,[39m { recursive[33m:[39m [35mtrue[39m })[33m;[39m
    [90m   | [39m  [31m^[39m
    [90m 22| [39m  [35mconst[39m root [33m=[39m [34mmkdtempSync[39m([34mjoin[39m([33mSCRATCH[39m[33m,[39m [32m"t37-"[39m))[33m;[39m
    [90m 23| [39m  roots[33m.[39m[34mpush[39m(root)[33m;[39m
[90m [2m❯[22m tests/tasks/t37.test.ts:[2m156:18[22m[39m

[31m[2m⎯⎯⎯⎯⎯⎯⎯⎯⎯⎯⎯⎯⎯⎯⎯⎯⎯⎯⎯⎯⎯⎯[17/22]⎯[22m[39m

[41m[1m FAIL [22m[49m [30m[43m 0 [49m[39m tests/tasks/t39.test.ts[2m > [22mT39 Benchmark corpus governance and locked splits[2m > [22mlocks a file-backed corpus with two-run equality
[31m[1mError[22m: EACCES: permission denied, mkdir '/var/folders/yt/10k_hqkn30x18d7lbn28_gnc0000gn/T/grok-goal-14eb40de3fb3/implementer'[39m
[36m [2m❯[22m dataRoot tests/tasks/t39.test.ts:[2m22:3[22m[39m
    [90m 20| [39m
    [90m 21| [39m[35mfunction[39m [34mdataRoot[39m()[33m:[39m string {
    [90m 22| [39m  [34mmkdirSync[39m([33mSCRATCH[39m[33m,[39m { recursive[33m:[39m [35mtrue[39m })[33m;[39m
    [90m   | [39m  [31m^[39m
    [90m 23| [39m  [35mconst[39m root [33m=[39m [34mmkdtempSync[39m([34mjoin[39m([33mSCRATCH[39m[33m,[39m [32m"t39-"[39m))[33m;[39m
    [90m 24| [39m  roots[33m.[39m[34mpush[39m(root)[33m;[39m
[90m [2m❯[22m tests/tasks/t39.test.ts:[2m157:18[22m[39m

[31m[2m⎯⎯⎯⎯⎯⎯⎯⎯⎯⎯⎯⎯⎯⎯⎯⎯⎯⎯⎯⎯⎯⎯[18/22]⎯[22m[39m

[41m[1m FAIL [22m[49m [30m[43m 0 [49m[39m tests/tasks/t41.test.ts[2m > [22mT41 Real trace capture and anonymization[2m > [22mwrites redacted artifacts to a file-backed store
[31m[1mError[22m: EACCES: permission denied, mkdir '/var/folders/yt/10k_hqkn30x18d7lbn28_gnc0000gn/T/grok-goal-14eb40de3fb3/implementer'[39m
[36m [2m❯[22m dataRoot tests/tasks/t41.test.ts:[2m26:3[22m[39m
    [90m 24| [39m
    [90m 25| [39m[35mfunction[39m [34mdataRoot[39m()[33m:[39m string {
    [90m 26| [39m  [34mmkdirSync[39m([33mSCRATCH[39m[33m,[39m { recursive[33m:[39m [35mtrue[39m })[33m;[39m
    [90m   | [39m  [31m^[39m
    [90m 27| [39m  [35mconst[39m root [33m=[39m [34mmkdtempSync[39m([34mjoin[39m([33mSCRATCH[39m[33m,[39m [32m"t41-"[39m))[33m;[39m
    [90m 28| [39m  roots[33m.[39m[34mpush[39m(root)[33m;[39m
[90m [2m❯[22m tests/tasks/t41.test.ts:[2m157:18[22m[39m

[31m[2m⎯⎯⎯⎯⎯⎯⎯⎯⎯⎯⎯⎯⎯⎯⎯⎯⎯⎯⎯⎯⎯⎯[19/22]⎯[22m[39m

[41m[1m FAIL [22m[49m [30m[43m 0 [49m[39m tests/tasks/t52.test.ts[2m > [22mT52 Production package build and clean install[2m > [22mloads the actual packed tarball in an empty Pi home
[31m[1mError[22m: Pi models.json is missing[39m
[36m [2m❯[22m prepareModelConfig scripts/pack-smoke.mjs:[2m396:38[22m[39m
    [90m394| [39m
    [90m395| [39mfunction prepareModelConfig(agentDir, modelsPath, provider, modelId, e…
    [90m396| [39m  if (!existsSync(modelsPath)) throw new Error("Pi models.json is miss…
    [90m   | [39m                                     [31m^[39m
    [90m397| [39m  [35mconst[39m models [33m=[39m [33mJSON[39m[33m.[39m[34mparse[39m([34mreadFileSync[39m(modelsPath[33m,[39m [32m"utf8"[39m))[33m;[39m
    [90m398| [39m  [35mconst[39m providerConfig [33m=[39m models[33m.[39mproviders[33m?.[39m[provider][33m;[39m
[90m [2m❯[22m installAndRunVerticalProbe scripts/pack-smoke.mjs:[2m634:19[22m[39m
[90m [2m❯[22m installAndRunVerticalProbe scripts/release/pack.mjs:[2m50:28[22m[39m
[90m [2m❯[22m tests/tasks/t52.test.ts:[2m18:28[22m[39m

[31m[2m⎯⎯⎯⎯⎯⎯⎯⎯⎯⎯⎯⎯⎯⎯⎯⎯⎯⎯⎯⎯⎯⎯[20/22]⎯[22m[39m

[41m[1m FAIL [22m[49m [30m[43m 0 [49m[39m packages/storage-node/test/blob-store.test.ts[2m > [22mencrypted content-addressed blob store[2m > [22mmakes the existing-object fast path durable across independent processes
[31m[1mError[22m: Test timed out in 5000ms.
If this is a long-running test, pass a timeout value as the last argument or configure it globally with "testTimeout".[39m
[36m [2m❯[22m packages/storage-node/test/blob-store.test.ts:[2m325:3[22m[39m
    [90m323| [39m  })[33m;[39m
    [90m324| [39m
    [90m325| [39m  it("makes the existing-object fast path durable across independent p…
    [90m   | [39m  [31m^[39m
    [90m326| [39m    [35mconst[39m root [33m=[39m [34mdataRoot[39m()[33m;[39m
    [90m327| [39m    [35mconst[39m scope [33m=[39m [34mcursor[39m(root[33m,[39m [32m"multiprocess"[39m)[33m;[39m

[31m[2m⎯⎯⎯⎯⎯⎯⎯⎯⎯⎯⎯⎯⎯⎯⎯⎯⎯⎯⎯⎯⎯⎯[21/22]⎯[22m[39m

[41m[1m FAIL [22m[49m [30m[43m 0 [49m[39m packages/storage-node/test/saga-store.test.ts[2m > [22mworkspace SQLite Saga journal[2m > [22mrecovers a host-visible row after an abrupt process exit and replays without mutation
[31m[1mAssertionError[22m: expected null to be 'SIGKILL' // Object.is equality[39m

[32m- Expected:[39m 
"SIGKILL"

[31m+ Received:[39m 
null

[36m [2m❯[22m packages/storage-node/test/saga-store.test.ts:[2m506:28[22m[39m
    [90m504| [39m      encoding[33m:[39m [32m"utf8"[39m[33m,[39m
    [90m505| [39m    })[33m;[39m
    [90m506| [39m    [34mexpect[39m(crashed[33m.[39msignal)[33m.[39m[34mtoBe[39m([32m"SIGKILL"[39m)[33m;[39m
    [90m   | [39m                           [31m^[39m
    [90m507| [39m
    [90m508| [39m    [35mconst[39m snapshot [33m=[39m {

[31m[2m⎯⎯⎯⎯⎯⎯⎯⎯⎯⎯⎯⎯⎯⎯⎯⎯⎯⎯⎯⎯⎯⎯[22/22]⎯[22m[39m

[31m⎯⎯⎯⎯⎯⎯[39m[1m[41m Unhandled Errors [49m[22m[31m⎯⎯⎯⎯⎯⎯[39m
[31m[1m
Vitest caught 2 unhandled errors during the test run.
This might cause false positive tests. Resolve unhandled errors to make sure your tests are not affected.[22m[39m

[31m⎯⎯⎯⎯[39m[1m[41m Unhandled Rejection [49m[22m[31m⎯⎯⎯⎯⎯[39m
[31m[1mError[22m: spawn /home/runner/work/pi-context/pi-context/node_modules/.bin/jiti ENOENT[39m
[90m [2m❯[22m Process.ChildProcess._handle.onexit node:internal/child_process:[2m285:19[22m[39m
[90m [2m❯[22m onErrorNT node:internal/child_process:[2m483:16[22m[39m
[90m [2m❯[22m processTicksAndRejections node:internal/process/task_queues:[2m90:21[22m[39m

[31m[2m⎯⎯⎯⎯⎯⎯⎯⎯⎯⎯⎯⎯⎯⎯⎯⎯⎯⎯⎯⎯⎯⎯⎯⎯⎯⎯⎯⎯⎯⎯[22m[39m
[31m[1mSerialized Error:[22m[39m [90m{ errno: -2, code: 'ENOENT', syscall: 'spawn /home/runner/work/pi-context/pi-context/node_modules/.bin/jiti', path: '/home/runner/work/pi-context/pi-context/node_modules/.bin/jiti', spawnargs: [ '/tmp/pcr-storage-node-t10-si3s6L/put.ts', '/tmp/pcr-storage-node-t10-si3s6L/payload.json', '/tmp/pcr-storage-node-t10-si3s6L/ready-a', '/tmp/pcr-storage-node-t10-si3s6L/publish.gate' ] }[39m
[31mThis error originated in "[1mpackages/storage-node/test/blob-store.test.ts[22m" test file. It doesn't mean the error was thrown inside the file itself, but while it was running.[39m
[31mThe latest test that might've caused the error is "[1mmakes the existing-object fast path durable across independent processes[22m". It might mean one of the following:
- The error was thrown, while Vitest was running this test.
- If the error occurred after the test had been completed, this was the last documented test before it was thrown.[39m

[31m⎯⎯⎯⎯[39m[1m[41m Unhandled Rejection [49m[22m[31m⎯⎯⎯⎯⎯[39m
[31m[1mError[22m: spawn /home/runner/work/pi-context/pi-context/node_modules/.bin/jiti ENOENT[39m
[90m [2m❯[22m Process.ChildProcess._handle.onexit node:internal/child_process:[2m285:19[22m[39m
[90m [2m❯[22m onErrorNT node:internal/child_process:[2m483:16[22m[39m
[90m [2m❯[22m processTicksAndRejections node:internal/process/task_queues:[2m90:21[22m[39m

[31m[2m⎯⎯⎯⎯⎯⎯⎯⎯⎯⎯⎯⎯⎯⎯⎯⎯⎯⎯⎯⎯⎯⎯⎯⎯⎯⎯⎯⎯⎯⎯[22m[39m
[31m[1mSerialized Error:[22m[39m [90m{ errno: -2, code: 'ENOENT', syscall: 'spawn /home/runner/work/pi-context/pi-context/node_modules/.bin/jiti', path: '/home/runner/work/pi-context/pi-context/node_modules/.bin/jiti', spawnargs: [ '/tmp/pcr-storage-node-t10-si3s6L/put.ts', '/tmp/pcr-storage-node-t10-si3s6L/payload.json', '/tmp/pcr-storage-node-t10-si3s6L/ready-b', '/tmp/pcr-storage-node-t10-si3s6L/publish.gate' ] }[39m
[31mThis error originated in "[1mpackages/storage-node/test/blob-store.test.ts[22m" test file. It doesn't mean the error was thrown inside the file itself, but while it was running.[39m
[31mThe latest test that might've caused the error is "[1mmakes the existing-object fast path durable across independent processes[22m". It might mean one of the following:
- The error was thrown, while Vitest was running this test.
- If the error occurred after the test had been completed, this was the last documented test before it was thrown.[39m
[31m⎯⎯⎯⎯⎯⎯⎯⎯⎯⎯⎯⎯⎯⎯⎯⎯⎯⎯⎯⎯⎯⎯⎯⎯⎯⎯⎯⎯⎯⎯[39m


[2m Test Files [22m [1m[31m13 failed[39m[22m[2m | [22m[1m[32m155 passed[39m[22m[2m | [22m[33m1 skipped[39m[90m (169)[39m
[2m      Tests [22m [1m[31m22 failed[39m[22m[2m | [22m[1m[32m773 passed[39m[22m[2m | [22m[33m1 skipped[39m[90m (796)[39m
[2m     Errors [22m [1m[31m2 errors[39m[22m
[2m   Start at [22m 08:22:32
[2m   Duration [22m 69.90s[2m (transform 3.88s, setup 0ms, collect 47.58s, tests 96.55s, environment 57ms, prepare 22.54s)[22m


::error file=/home/runner/work/pi-context/pi-context/tests/acceptance/deterministic-mvp.test.ts,title=tests/acceptance/deterministic-mvp.test.ts > deterministic MVP acceptance > returns one release-candidate verdict from real vertical%2C recovery%2C gates and product hooks,line=35,column=3::Error: EACCES: permission denied, mkdir '/var/folders/yt/10k_hqkn30x18d7lbn28_gnc0000gn/T/grok-goal-14eb40de3fb3/implementer'%0A ❯ dataRoot tests/acceptance/deterministic-mvp.test.ts:35:3%0A ❯ tests/acceptance/deterministic-mvp.test.ts:103:18%0A%0A⎯⎯⎯⎯⎯⎯⎯⎯⎯⎯⎯⎯⎯⎯⎯⎯⎯⎯⎯⎯⎯⎯⎯⎯⎯⎯⎯⎯⎯⎯%0ASerialized Error: { errno: -13, code: 'EACCES', syscall: 'mkdir', path: '/var/folders/yt/10k_hqkn30x18d7lbn28_gnc0000gn/T/grok-goal-14eb40de3fb3/implementer' }%0A

::error file=/home/runner/work/pi-context/pi-context/scripts/pack-smoke.mjs,title=tests/acceptance/packed-install.test.ts > packed runtime acceptance > npm packs the runtime and the required patched Pi host loads exact input,line=396,column=38::Error: Pi models.json is missing%0A ❯ prepareModelConfig scripts/pack-smoke.mjs:396:38%0A ❯ installAndRunVerticalProbe scripts/pack-smoke.mjs:634:19%0A ❯ tests/acceptance/packed-install.test.ts:19:28%0A%0A

::error file=/home/runner/work/pi-context/pi-context/tests/live/closed-loop.test.ts,title=tests/live/closed-loop.test.ts > closed-loop continuation live workspace > succeeds only when the restored workspace file hash matches,line=21,column=5::Error: EACCES: permission denied, mkdir '/var/folders/yt/10k_hqkn30x18d7lbn28_gnc0000gn/T/grok-goal-14eb40de3fb3/implementer'%0A ❯ tests/live/closed-loop.test.ts:21:5%0A%0A⎯⎯⎯⎯⎯⎯⎯⎯⎯⎯⎯⎯⎯⎯⎯⎯⎯⎯⎯⎯⎯⎯⎯⎯⎯⎯⎯⎯⎯⎯%0ASerialized Error: { errno: -13, code: 'EACCES', syscall: 'mkdir', path: '/var/folders/yt/10k_hqkn30x18d7lbn28_gnc0000gn/T/grok-goal-14eb40de3fb3/implementer' }%0A

::error file=/home/runner/work/pi-context/pi-context/tests/live/w1-paired.test.ts,title=tests/live/w1-paired.test.ts > W1 paired live arms > runs A0/A1/A2 from the same raw trace through real CAS ingress,line=37,column=3::Error: EACCES: permission denied, mkdir '/var/folders/yt/10k_hqkn30x18d7lbn28_gnc0000gn/T/grok-goal-14eb40de3fb3/implementer'%0A ❯ dataRoot tests/live/w1-paired.test.ts:37:3%0A ❯ tests/live/w1-paired.test.ts:188:18%0A%0A⎯⎯⎯⎯⎯⎯⎯⎯⎯⎯⎯⎯⎯⎯⎯⎯⎯⎯⎯⎯⎯⎯⎯⎯⎯⎯⎯⎯⎯⎯%0ASerialized Error: { errno: -13, code: 'EACCES', syscall: 'mkdir', path: '/var/folders/yt/10k_hqkn30x18d7lbn28_gnc0000gn/T/grok-goal-14eb40de3fb3/implementer' }%0A

::error file=/home/runner/work/pi-context/pi-context/tests/live/w2-paired.test.ts,title=tests/live/w2-paired.test.ts > W2 paired live arms > compacts the same W1-shaped trace on B0/B1/B2 with real PCR checkpoints,line=51,column=3::Error: EACCES: permission denied, mkdir '/var/folders/yt/10k_hqkn30x18d7lbn28_gnc0000gn/T/grok-goal-14eb40de3fb3/implementer'%0A ❯ dataRoot tests/live/w2-paired.test.ts:51:3%0A ❯ tests/live/w2-paired.test.ts:200:18%0A%0A⎯⎯⎯⎯⎯⎯⎯⎯⎯⎯⎯⎯⎯⎯⎯⎯⎯⎯⎯⎯⎯⎯⎯⎯⎯⎯⎯⎯⎯⎯%0ASerialized Error: { errno: -13, code: 'EACCES', syscall: 'mkdir', path: '/var/folders/yt/10k_hqkn30x18d7lbn28_gnc0000gn/T/grok-goal-14eb40de3fb3/implementer' }%0A

::error file=/home/runner/work/pi-context/pi-context/scripts/pack-smoke.mjs,title=tests/release/clean-install.test.ts > release clean install > packs a self-contained tarball%2C SBOM%2C and clean-install log,line=396,column=38::Error: Pi models.json is missing%0A ❯ prepareModelConfig scripts/pack-smoke.mjs:396:38%0A ❯ installAndRunVerticalProbe scripts/pack-smoke.mjs:634:19%0A ❯ installAndRunVerticalProbe scripts/release/pack.mjs:50:28%0A ❯ Object.pack scripts/release/pack.mjs:72:27%0A ❯ tests/release/clean-install.test.ts:13:21%0A%0A

::error file=/home/runner/work/pi-context/pi-context/scripts/pack-smoke.mjs,title=tests/tasks/t06.test.ts > T06 Real npm pack and clean Pi install harness > loads the actual packed tarball in an empty Pi home,line=396,column=38::Error: Pi models.json is missing%0A ❯ prepareModelConfig scripts/pack-smoke.mjs:396:38%0A ❯ installAndRunVerticalProbe scripts/pack-smoke.mjs:634:19%0A ❯ tests/tasks/t06.test.ts:21:28%0A%0A

::error file=/home/runner/work/pi-context/pi-context/tests/tasks/t06.test.ts,title=tests/tasks/t06.test.ts > T06 Real npm pack and clean Pi install harness > packs deterministically from the same committed source,line=75,column=3::Error: Test timed out in 5000ms.%0AIf this is a long-running test, pass a timeout value as the last argument or configure it globally with "testTimeout".%0A ❯ tests/tasks/t06.test.ts:75:3%0A%0A

::error file=/home/runner/work/pi-context/pi-context/scripts/pack-smoke.mjs,title=tests/tasks/t06.test.ts > T06 Real npm pack and clean Pi install harness > isolates duplicate probes while preserving their observable contract,line=396,column=38::Error: Pi models.json is missing%0A ❯ prepareModelConfig scripts/pack-smoke.mjs:396:38%0A ❯ installAndRunVerticalProbe scripts/pack-smoke.mjs:634:19%0A ❯ tests/tasks/t06.test.ts:96:27%0A%0A

::error file=/home/runner/work/pi-context/pi-context/tests/tasks/t37.test.ts,title=tests/tasks/t37.test.ts > T37 Durable background candidate and generation fencing > durable_background_candidate_and_generation_fenc,line=83,column=33::AssertionError: promise rejected "Error: EACCES: permission denied, mkdir '… { …(4) }" instead of resolving%0A ❯ tests/tasks/t37.test.ts:83:33%0A%0ACaused by: Caused by: Error: EACCES: permission denied, mkdir '/var/folders/yt/10k_hqkn30x18d7lbn28_gnc0000gn/T/grok-goal-14eb40de3fb3/implementer'%0A ❯ dataRoot tests/tasks/t37.test.ts:21:3%0A ❯ runT37Fixture tests/tasks/t37.test.ts:47:16%0A ❯ tests/tasks/t37.test.ts:83:18%0A%0A⎯⎯⎯⎯⎯⎯⎯⎯⎯⎯⎯⎯⎯⎯⎯⎯⎯⎯⎯⎯⎯⎯⎯⎯⎯⎯⎯⎯⎯⎯%0ASerialized Error: { errno: -13, code: 'EACCES', syscall: 'mkdir', path: '/var/folders/yt/10k_hqkn30x18d7lbn28_gnc0000gn/T/grok-goal-14eb40de3fb3/implementer' }%0A

::error file=/home/runner/work/pi-context/pi-context/tests/tasks/t37.test.ts,title=tests/tasks/t37.test.ts > T37 Durable background candidate and generation fencing > rejects malformed prepare input and invalid stale transitions,line=21,column=3::Error: EACCES: permission denied, mkdir '/var/folders/yt/10k_hqkn30x18d7lbn28_gnc0000gn/T/grok-goal-14eb40de3fb3/implementer'%0A ❯ dataRoot tests/tasks/t37.test.ts:21:3%0A ❯ tests/tasks/t37.test.ts:93:18%0A%0A⎯⎯⎯⎯⎯⎯⎯⎯⎯⎯⎯⎯⎯⎯⎯⎯⎯⎯⎯⎯⎯⎯⎯⎯⎯⎯⎯⎯⎯⎯%0ASerialized Error: { errno: -13, code: 'EACCES', syscall: 'mkdir', path: '/var/folders/yt/10k_hqkn30x18d7lbn28_gnc0000gn/T/grok-goal-14eb40de3fb3/implementer' }%0A

::error file=/home/runner/work/pi-context/pi-context/tests/tasks/t37.test.ts,title=tests/tasks/t37.test.ts > T37 Durable background candidate and generation fencing > replays prepare for the same key to an equal candidate,line=21,column=3::Error: EACCES: permission denied, mkdir '/var/folders/yt/10k_hqkn30x18d7lbn28_gnc0000gn/T/grok-goal-14eb40de3fb3/implementer'%0A ❯ dataRoot tests/tasks/t37.test.ts:21:3%0A ❯ tests/tasks/t37.test.ts:113:18%0A%0A⎯⎯⎯⎯⎯⎯⎯⎯⎯⎯⎯⎯⎯⎯⎯⎯⎯⎯⎯⎯⎯⎯⎯⎯⎯⎯⎯⎯⎯⎯%0ASerialized Error: { errno: -13, code: 'EACCES', syscall: 'mkdir', path: '/var/folders/yt/10k_hqkn30x18d7lbn28_gnc0000gn/T/grok-goal-14eb40de3fb3/implementer' }%0A

::error file=/home/runner/work/pi-context/pi-context/tests/tasks/t37.test.ts,title=tests/tasks/t37.test.ts > T37 Durable background candidate and generation fencing > rejects a candidate key from another workspace,line=21,column=3::Error: EACCES: permission denied, mkdir '/var/folders/yt/10k_hqkn30x18d7lbn28_gnc0000gn/T/grok-goal-14eb40de3fb3/implementer'%0A ❯ dataRoot tests/tasks/t37.test.ts:21:3%0A ❯ tests/tasks/t37.test.ts:130:18%0A%0A⎯⎯⎯⎯⎯⎯⎯⎯⎯⎯⎯⎯⎯⎯⎯⎯⎯⎯⎯⎯⎯⎯⎯⎯⎯⎯⎯⎯⎯⎯%0ASerialized Error: { errno: -13, code: 'EACCES', syscall: 'mkdir', path: '/var/folders/yt/10k_hqkn30x18d7lbn28_gnc0000gn/T/grok-goal-14eb40de3fb3/implementer' }%0A

::error file=/home/runner/work/pi-context/pi-context/tests/tasks/t37.test.ts,title=tests/tasks/t37.test.ts > T37 Durable background candidate and generation fencing > stops at the abort boundary before writing a candidate,line=21,column=3::Error: EACCES: permission denied, mkdir '/var/folders/yt/10k_hqkn30x18d7lbn28_gnc0000gn/T/grok-goal-14eb40de3fb3/implementer'%0A ❯ dataRoot tests/tasks/t37.test.ts:21:3%0A ❯ tests/tasks/t37.test.ts:156:18%0A%0A⎯⎯⎯⎯⎯⎯⎯⎯⎯⎯⎯⎯⎯⎯⎯⎯⎯⎯⎯⎯⎯⎯⎯⎯⎯⎯⎯⎯⎯⎯%0ASerialized Error: { errno: -13, code: 'EACCES', syscall: 'mkdir', path: '/var/folders/yt/10k_hqkn30x18d7lbn28_gnc0000gn/T/grok-goal-14eb40de3fb3/implementer' }%0A

::error file=/home/runner/work/pi-context/pi-context/tests/tasks/t39.test.ts,title=tests/tasks/t39.test.ts > T39 Benchmark corpus governance and locked splits > locks a file-backed corpus with two-run equality,line=22,column=3::Error: EACCES: permission denied, mkdir '/var/folders/yt/10k_hqkn30x18d7lbn28_gnc0000gn/T/grok-goal-14eb40de3fb3/implementer'%0A ❯ dataRoot tests/tasks/t39.test.ts:22:3%0A ❯ tests/tasks/t39.test.ts:157:18%0A%0A⎯⎯⎯⎯⎯⎯⎯⎯⎯⎯⎯⎯⎯⎯⎯⎯⎯⎯⎯⎯⎯⎯⎯⎯⎯⎯⎯⎯⎯⎯%0ASerialized Error: { errno: -13, code: 'EACCES', syscall: 'mkdir', path: '/var/folders/yt/10k_hqkn30x18d7lbn28_gnc0000gn/T/grok-goal-14eb40de3fb3/implementer' }%0A

::error file=/home/runner/work/pi-context/pi-context/tests/tasks/t41.test.ts,title=tests/tasks/t41.test.ts > T41 Real trace capture and anonymization > writes redacted artifacts to a file-backed store,line=26,column=3::Error: EACCES: permission denied, mkdir '/var/folders/yt/10k_hqkn30x18d7lbn28_gnc0000gn/T/grok-goal-14eb40de3fb3/implementer'%0A ❯ dataRoot tests/tasks/t41.test.ts:26:3%0A ❯ tests/tasks/t41.test.ts:157:18%0A%0A⎯⎯⎯⎯⎯⎯⎯⎯⎯⎯⎯⎯⎯⎯⎯⎯⎯⎯⎯⎯⎯⎯⎯⎯⎯⎯⎯⎯⎯⎯%0ASerialized Error: { errno: -13, code: 'EACCES', syscall: 'mkdir', path: '/var/folders/yt/10k_hqkn30x18d7lbn28_gnc0000gn/T/grok-goal-14eb40de3fb3/implementer' }%0A

::error file=/home/runner/work/pi-context/pi-context/scripts/pack-smoke.mjs,title=tests/tasks/t52.test.ts > T52 Production package build and clean install > loads the actual packed tarball in an empty Pi home,line=396,column=38::Error: Pi models.json is missing%0A ❯ prepareModelConfig scripts/pack-smoke.mjs:396:38%0A ❯ installAndRunVerticalProbe scripts/pack-smoke.mjs:634:19%0A ❯ installAndRunVerticalProbe scripts/release/pack.mjs:50:28%0A ❯ tests/tasks/t52.test.ts:18:28%0A%0A

::error file=/home/runner/work/pi-context/pi-context/packages/storage-node/test/blob-store.test.ts,title=packages/storage-node/test/blob-store.test.ts > encrypted content-addressed blob store > makes the existing-object fast path durable across independent processes,line=325,column=3::Error: Test timed out in 5000ms.%0AIf this is a long-running test, pass a timeout value as the last argument or configure it globally with "testTimeout".%0A ❯ packages/storage-node/test/blob-store.test.ts:325:3%0A%0A

::error file=/home/runner/work/pi-context/pi-context/packages/storage-node/test/saga-store.test.ts,title=packages/storage-node/test/saga-store.test.ts > workspace SQLite Saga journal > recovers a host-visible row after an abrupt process exit and replays without mutation,line=506,column=28::AssertionError: expected null to be 'SIGKILL' // Object.is equality%0A%0A- Expected: %0A"SIGKILL"%0A%0A+ Received: %0Anull%0A%0A ❯ packages/storage-node/test/saga-store.test.ts:506:28%0A%0A
 ELIFECYCLE  Test failed. See above for more details.
