 DEPRECATED  The workspace file is deprecated and will be removed in the next major. Please, use the `test.projects` field in the root config file instead.

 RUN  v3.2.4 /Users/luo/Documents/github/pi-context

 ❯ |0| tests/tasks/t40.test.ts (7 tests | 6 failed) 7ms
   × T40 Oracle source-witness validator > rejects an expected value absent from every witness 2ms
     → (0 , validateOracle) is not a function
   × T40 Oracle source-witness validator > oracle_source_witness_validator 0ms
     → (0 , validateOracle) is not a function
   × T40 Oracle source-witness validator > fails closed when production inputs are absent 2ms
     → expected error to match asymmetric matcher
   × T40 Oracle source-witness validator > rejects malformed oracle items 1ms
     → expected error to match asymmetric matcher
   × T40 Oracle source-witness validator > accepts an expected value that is a contiguous witness and replays equally 0ms
     → (0 , validateOracle) is not a function
   × T40 Oracle source-witness validator > rejects a sourceRef that points at another session entry 1ms
     → expected error to match asymmetric matcher
   ✓ T40 Oracle source-witness validator > stops at the abort boundary before reading entries 0ms

⎯⎯⎯⎯⎯⎯⎯ Failed Tests 6 ⎯⎯⎯⎯⎯⎯⎯

 FAIL  |0| tests/tasks/t40.test.ts > T40 Oracle source-witness validator > rejects an expected value absent from every witness
TypeError: (0 , validateOracle) is not a function
 ❯ tests/tasks/t40.test.ts:31:20
     29| describe("T40 Oracle source-witness validator", () => {
     30|   it("rejects an expected value absent from every witness", () => {
     31|     const report = validateOracle(trace("改为 version 7"), oracleExpecte…
       |                    ^
     32|     expect(report).toMatchObject({ ok: false, code: "ORACLE_VALUE_UNSU…
     33|   });

⎯⎯⎯⎯⎯⎯⎯⎯⎯⎯⎯⎯⎯⎯⎯⎯⎯⎯⎯⎯⎯⎯⎯⎯[1/6]⎯

 FAIL  |0| tests/tasks/t40.test.ts > T40 Oracle source-witness validator > oracle_source_witness_validator
TypeError: (0 , validateOracle) is not a function
 ❯ runT40Fixture tests/tasks/t40.test.ts:24:18
     22| 
     23| function runT40Fixture() {
     24|   const report = validateOracle(trace("改为 version 7"), oracleExpected(…
       |                  ^
     25|   expect(report).toMatchObject({ ok: false, code: "ORACLE_VALUE_UNSUPP…
     26|   return { ok: true as const, task: "T40" as const, report };
 ❯ tests/tasks/t40.test.ts:36:12

⎯⎯⎯⎯⎯⎯⎯⎯⎯⎯⎯⎯⎯⎯⎯⎯⎯⎯⎯⎯⎯⎯⎯⎯[2/6]⎯

 FAIL  |0| tests/tasks/t40.test.ts > T40 Oracle source-witness validator > fails closed when production inputs are absent
AssertionError: expected error to match asymmetric matcher

- Expected
+ Received

- ObjectContaining {
-   "code": "PCR_ORACLE_DEPENDENCY_MISSING",
+ TypeError {
+   "message": "(0 , __vite_ssr_import_1__.validateOracle) is not a function",
  }

 ❯ tests/tasks/t40.test.ts:40:74
     38| 
     39|   it("fails closed when production inputs are absent", () => {
     40|     expect(() => validateOracle(undefined as never, undefined as never…
       |                                                                          ^
     41|       expect.objectContaining({ code: "PCR_ORACLE_DEPENDENCY_MISSING" …
     42|     );

⎯⎯⎯⎯⎯⎯⎯⎯⎯⎯⎯⎯⎯⎯⎯⎯⎯⎯⎯⎯⎯⎯⎯⎯[3/6]⎯

 FAIL  |0| tests/tasks/t40.test.ts > T40 Oracle source-witness validator > rejects malformed oracle items
AssertionError: expected error to match asymmetric matcher

- Expected
+ Received

- ObjectContaining {
-   "code": "PCR_ORACLE_INPUT_INVALID",
+ TypeError {
+   "message": "(0 , __vite_ssr_import_1__.validateOracle) is not a function",
  }

 ❯ tests/tasks/t40.test.ts:46:72
     44| 
     45|   it("rejects malformed oracle items", () => {
     46|     expect(() => validateOracle(trace("改为 version 7"), { items: [] }))…
       |                                                                        ^
     47|       expect.objectContaining({ code: "PCR_ORACLE_INPUT_INVALID" }),
     48|     );

⎯⎯⎯⎯⎯⎯⎯⎯⎯⎯⎯⎯⎯⎯⎯⎯⎯⎯⎯⎯⎯⎯⎯⎯[4/6]⎯

 FAIL  |0| tests/tasks/t40.test.ts > T40 Oracle source-witness validator > accepts an expected value that is a contiguous witness and replays equally
TypeError: (0 , validateOracle) is not a function
 ❯ tests/tasks/t40.test.ts:55:19
     53| 
     54|   it("accepts an expected value that is a contiguous witness and repla…
     55|     const first = validateOracle(trace("改为 version 7"), oracleExpected…
       |                   ^
     56|     const second = validateOracle(trace("改为 version 7"), oracleExpecte…
     57|     expect(first).toMatchObject({ ok: true });

⎯⎯⎯⎯⎯⎯⎯⎯⎯⎯⎯⎯⎯⎯⎯⎯⎯⎯⎯⎯⎯⎯⎯⎯[5/6]⎯

 FAIL  |0| tests/tasks/t40.test.ts > T40 Oracle source-witness validator > rejects a sourceRef that points at another session entry
AssertionError: expected error to match asymmetric matcher

- Expected
+ Received

- ObjectContaining {
-   "code": "PCR_ORACLE_SCOPE_MISMATCH",
+ TypeError {
+   "message": "(0 , __vite_ssr_import_1__.validateOracle) is not a function",
  }

 ❯ tests/tasks/t40.test.ts:74:9
     72|       sessionId: "session-t40",
     73|       items: [{ id: "version-1", key: "version", expected: "7-tu-00", …
     74|     })).toThrowError(expect.objectContaining({ code: "PCR_ORACLE_SCOPE…
       |         ^
     75|   });
     76| 

⎯⎯⎯⎯⎯⎯⎯⎯⎯⎯⎯⎯⎯⎯⎯⎯⎯⎯⎯⎯⎯⎯⎯⎯[6/6]⎯


 Test Files  1 failed (1)
      Tests  6 failed | 1 passed (7)
   Start at  07:24:43
   Duration  315ms (transform 54ms, setup 0ms, collect 74ms, tests 7ms, environment 0ms, prepare 48ms)

