
> @ check:all /Users/luo/Documents/github/pi-context
> pnpm check:boundaries && pnpm typecheck && pnpm test


> @ check:boundaries /Users/luo/Documents/github/pi-context
> node scripts/check-package-boundaries.mjs

boundaries: ok

> @ typecheck /Users/luo/Documents/github/pi-context
> pnpm -r typecheck

Scope: 11 of 12 workspace projects
apps/pi-context-runtime typecheck$ tsc --noEmit --strict --skipLibCheck --module NodeNext --moduleResolution NodeNext --target ES2022 --types node src/extension.ts src/composition-root.ts src/owner.ts src/runtime.ts src/doctor.ts src/conflicts.ts
packages/storage typecheck$ tsc --noEmit --strict --module NodeNext --moduleResolution NodeNext --target ES2022 --types node src/sqlite-store.ts src/worker.ts src/protocol.ts
packages/contracts typecheck$ tsc --noEmit --strict --module NodeNext --moduleResolution NodeNext --target ES2022 --types node src/index.ts
packages/kernel typecheck$ tsc --noEmit --strict --module NodeNext --moduleResolution NodeNext --target ES2022 --types node src/ingress/project.ts
packages/kernel typecheck: Done
packages/testkit typecheck$ tsc --noEmit --strict --module NodeNext --moduleResolution NodeNext --target ES2022 --types node src/fake-pi-host.ts src/pi-contract-harness.ts
packages/contracts typecheck: Done
packages/worker typecheck$ tsc --noEmit --strict --module NodeNext --moduleResolution NodeNext --target ES2022 --types node src/candidate-worker.ts src/candidate-key.ts
packages/storage typecheck: Done
apps/pi-context-runtime typecheck: Done
packages/testkit typecheck: Done
packages/worker typecheck: Done
packages/core typecheck$ tsc --noEmit --strict --module NodeNext --moduleResolution NodeNext --target ES2022 --types node src/index.ts test/directives/segment.test.ts test/directives/extract.test.ts test/directives/temporal.test.ts test/continuity/reduce.test.ts test/retrieval/proactive.test.ts test/materialization/cache.test.ts test/materialization/materializer.test.ts test/compaction/checkpoint.test.ts ../../tests/security/authority.test.ts ../../tests/performance/token-accounting.test.ts ../../tests/tasks/t14.test.ts ../../tests/tasks/t16.test.ts ../../tests/tasks/t17.test.ts ../../tests/tasks/t18.test.ts ../../tests/tasks/t19.test.ts ../../tests/tasks/t21.test.ts ../../tests/tasks/t22.test.ts ../../tests/tasks/t25.test.ts ../../tests/tasks/t26.test.ts ../../tests/tasks/t27.test.ts ../../tests/tasks/t30.test.ts
packages/core typecheck: Done
packages/runtime typecheck$ tsc --noEmit --strict --module NodeNext --moduleResolution NodeNext --target ES2022 --types node src/index.ts test/runtime-session.test.ts test/saga.test.ts test/compaction/snapshot.test.ts ../../tests/tasks/t07.test.ts ../../tests/tasks/t12.test.ts ../../tests/tasks/t18.test.ts ../../tests/tasks/t19.test.ts ../../tests/tasks/t21.test.ts ../../tests/tasks/t22.test.ts ../../tests/tasks/t25.test.ts ../../tests/tasks/t29.test.ts
packages/runtime typecheck: Done
packages/pi-adapter typecheck$ tsc --noEmit --strict --skipLibCheck --module NodeNext --moduleResolution NodeNext --target ES2022 --types node src/index.ts src/contracts/pi-0844.ts test/message-codec.test.ts ../../tests/acceptance/user-input-flow.test.ts ../../tests/acceptance/tool-result-flow.test.ts ../../tests/acceptance/retrieval-tools.test.ts ../../tests/acceptance/context-hook.test.ts ../../tests/tasks/t13.test.ts ../../tests/tasks/t20.test.ts ../../tests/tasks/t24.test.ts ../../tests/tasks/t28.test.ts
packages/storage-node typecheck$ tsc --noEmit --strict --module NodeNext --moduleResolution NodeNext --target ES2022 --types node src/index.ts test/blob-store.test.ts test/saga-store.test.ts test/user-turn-store.test.ts ../../tests/tasks/t09.test.ts ../../tests/tasks/t11.test.ts ../../tests/tasks/t12.test.ts
packages/pi-adapter typecheck: Done
packages/storage-node typecheck: Done
packages/benchmark typecheck$ tsc --noEmit --strict --module NodeNext --moduleResolution NodeNext --target ES2022 --types node src/index.ts
packages/benchmark typecheck: Done

> @ test /Users/luo/Documents/github/pi-context
> vitest run --workspace vitest.workspace.ts

 DEPRECATED  The workspace file is deprecated and will be removed in the next major. Please, use the `test.projects` field in the root config file instead.

 RUN  v3.2.4 /Users/luo/Documents/github/pi-context

(node:5616) ExperimentalWarning: SQLite is an experimental feature and might change at any time
(Use `node --trace-warnings ...` to show where the warning was created)
(node:5614) ExperimentalWarning: SQLite is an experimental feature and might change at any time
(Use `node --trace-warnings ...` to show where the warning was created)
(node:5612) ExperimentalWarning: SQLite is an experimental feature and might change at any time
(Use `node --trace-warnings ...` to show where the warning was created)
(node:5617) ExperimentalWarning: SQLite is an experimental feature and might change at any time
(Use `node --trace-warnings ...` to show where the warning was created)
(node:5611) ExperimentalWarning: SQLite is an experimental feature and might change at any time
(Use `node --trace-warnings ...` to show where the warning was created)
 ✓ |0| tests/tasks/t15.test.ts (8 tests) 1167ms
 ✓ |0| packages/storage-node/test/user-turn-store.test.ts (8 tests) 1680ms
   ✓ workspace user turn ledger > replays capture and link idempotently and rejects payload or host conflicts  507ms
   ✓ workspace user turn ledger > serializes concurrent duplicate captures to one receipt  416ms
 ✓ |0| tests/tasks/t00.test.ts (7 tests) 2499ms
   ✓ T00 Freeze audit baseline and immutable evidence > rejects an output directory outside the repository scope  408ms
   ✓ T00 Freeze audit baseline and immutable evidence > rejects malformed findings before writing artifacts  518ms
   ✓ T00 Freeze audit baseline and immutable evidence > does not leave partial artifacts when an input disappears  571ms
   ✓ T00 Freeze audit baseline and immutable evidence > replays deterministically in independent output directories  464ms
 ✓ |0| packages/storage-node/test/saga-store.test.ts (14 tests) 2319ms
   ✓ workspace SQLite Saga journal > recovers a host-visible row after an abrupt process exit and replays without mutation  1091ms
(node:6598) ExperimentalWarning: SQLite is an experimental feature and might change at any time
(Use `node --trace-warnings ...` to show where the warning was created)
 ✓ |0| tests/w1-gate/early-net-value.test.ts (3 tests) 1097ms
   ✓ W1 Early Net Value Gate > evaluates live PCR arms and writes a machine-readable report  1093ms
 ✓ |0| tests/e2e/operations.test.ts (6 tests) 164ms
(node:6430) ExperimentalWarning: SQLite is an experimental feature and might change at any time
(Use `node --trace-warnings ...` to show where the warning was created)
 ✓ |0| tests/w2-gate/head-to-head.test.ts (3 tests) 3151ms
   ✓ W2 Compactor Head-to-head Gate > evaluates live PCR B1/B2 against synthetic B0 and writes a machine-readable report  3147ms
(node:6574) ExperimentalWarning: SQLite is an experimental feature and might change at any time
(Use `node --trace-warnings ...` to show where the warning was created)
(node:6729) ExperimentalWarning: SQLite is an experimental feature and might change at any time
(Use `node --trace-warnings ...` to show where the warning was created)
 ✓ |0| tests/tasks/t01.test.ts (8 tests) 547ms
(node:6600) ExperimentalWarning: SQLite is an experimental feature and might change at any time
(Use `node --trace-warnings ...` to show where the warning was created)
(node:6989) ExperimentalWarning: SQLite is an experimental feature and might change at any time
(Use `node --trace-warnings ...` to show where the warning was created)
 ✓ |0| packages/storage-node/test/blob-store.test.ts (15 tests) 3812ms
   ✓ encrypted content-addressed blob store > settles concurrent same-content writes on one complete authenticated object  691ms
   ✓ encrypted content-addressed blob store > makes the existing-object fast path durable across independent processes  1200ms
(node:7029) ExperimentalWarning: SQLite is an experimental feature and might change at any time
(Use `node --trace-warnings ...` to show where the warning was created)
 ✓ |0| tests/tasks/t23.test.ts (4 tests) 524ms
 ✓ |0| tests/tasks/t20.test.ts (6 tests) 700ms
 ✓ |0| tests/tasks/t13.test.ts (8 tests) 1308ms
   ✓ T13 Real Pi tool_result ingress > replays equal results across two independent runs of the same event  430ms
 ✓ |0| packages/kernel/test/raw-capture.test.ts (5 tests) 530ms
 ✓ |0| packages/storage-node/test/sqlite-store.test.ts (6 tests) 306ms
(node:7400) ExperimentalWarning: SQLite is an experimental feature and might change at any time
(Use `node --trace-warnings ...` to show where the warning was created)
(node:7465) ExperimentalWarning: SQLite is an experimental feature and might change at any time
(Use `node --trace-warnings ...` to show where the warning was created)
 ✓ |0| tests/tasks/t03.test.ts (8 tests) 304ms
 ✓ |0| tests/e2e/jiti-candidate-load.test.ts (1 test) 211ms
 ✓ |0| tests/e2e/key-rotation-v2-boundary.test.ts (2 tests) 250ms
 ✓ |0| tests/tasks/t10.test.ts (4 tests) 344ms
(node:7521) ExperimentalWarning: SQLite is an experimental feature and might change at any time
(Use `node --trace-warnings ...` to show where the warning was created)
(node:7520) ExperimentalWarning: SQLite is an experimental feature and might change at any time
(Use `node --trace-warnings ...` to show where the warning was created)
 ✓ |0| tests/acceptance/user-input-flow.test.ts (11 tests) 2263ms
   ✓ exact user input flow on the patched Pi 0.84.4 AgentSession > captures direct steer and followUp through the same exact ingress path  336ms
   ✓ exact user input flow on the patched Pi 0.84.4 AgentSession > durably abandons queued interactive inputs when clearQueue drops them  313ms
(node:7401) ExperimentalWarning: SQLite is an experimental feature and might change at any time
(Use `node --trace-warnings ...` to show where the warning was created)
(node:7524) ExperimentalWarning: SQLite is an experimental feature and might change at any time
(Use `node --trace-warnings ...` to show where the warning was created)
(node:7551) ExperimentalWarning: SQLite is an experimental feature and might change at any time
(Use `node --trace-warnings ...` to show where the warning was created)
 ✓ |0| tests/tasks/t12.test.ts (2 tests) 188ms
(node:7854) ExperimentalWarning: SQLite is an experimental feature and might change at any time
(Use `node --trace-warnings ...` to show where the warning was created)
 ✓ |0| tests/contract/pi-tool-result-order.test.ts (1 test) 188ms
 ✓ |0| packages/storage/test/blob-store.test.ts (5 tests) 140ms
(node:7892) ExperimentalWarning: SQLite is an experimental feature and might change at any time
(Use `node --trace-warnings ...` to show where the warning was created)
 ✓ |0| tests/acceptance/tool-result-flow.test.ts (3 tests) 401ms
(node:7896) ExperimentalWarning: SQLite is an experimental feature and might change at any time
(Use `node --trace-warnings ...` to show where the warning was created)
(node:7895) ExperimentalWarning: SQLite is an experimental feature and might change at any time
(Use `node --trace-warnings ...` to show where the warning was created)
 ✓ |0| tests/tasks/t11.test.ts (2 tests) 140ms
 ✓ |0| tests/acceptance/evidence-recovery.test.ts (1 test) 115ms
 ✓ |0| tests/tasks/t09.test.ts (13 tests) 636ms
 ✓ |0| packages/storage/test/saga-recovery.test.ts (7 tests) 426ms
 ✓ |0| packages/worker/test/candidate-worker.test.ts (7 tests) 86ms
 ✓ |0| packages/kernel/test/reducer-registry.test.ts (5 tests) 65ms
 ✓ |0| packages/worker/test/telemetry-economics.test.ts (5 tests) 11ms
 ✓ |0| tests/security/cursor-fuzz.test.ts (1 test) 23ms
 ✓ |0| tests/release/package-artifact.test.ts (4 tests) 5015ms
   ✓ release package > contains one extension entry, runtime dependencies and no source-private imports  1964ms
   ✓ release package > verifies clean-home extract, uninstall/reinstall, and temporary pi -e entry  1062ms
   ✓ release package > keeps the Node/OS matrix and does not hide unsupported Pi versions  1043ms
   ✓ release package > ships license/security docs and the gate-derived semantic default  944ms
 ✓ |0| packages/core/test/directives/extract.test.ts (1 test) 16ms
 ✓ |0| tests/acceptance/w1-vertical.test.ts (1 test) 65ms
 ✓ |0| packages/core/test/materialization/cache.test.ts (1 test) 10ms
 ✓ |0| tests/security/authority-mutation.test.ts (2 tests) 39ms
 ✓ |0| packages/worker/test/semantic-proposal.test.ts (6 tests) 26ms
(node:8282) ExperimentalWarning: SQLite is an experimental feature and might change at any time
(Use `node --trace-warnings ...` to show where the warning was created)
 ✓ |0| packages/storage/test/sqlite-store.test.ts (5 tests) 36ms
 ✓ |0| tests/tasks/t27.test.ts (8 tests) 29ms
 ✓ |0| tests/security/memory-poisoning.test.ts (2 tests) 27ms
(node:7901) ExperimentalWarning: SQLite is an experimental feature and might change at any time
(Use `node --trace-warnings ...` to show where the warning was created)
 ✓ |0| tests/tasks/t18.test.ts (8 tests) 19ms
 ✓ |0| tests/tasks/t29.test.ts (6 tests) 24ms
 ✓ |0| tests/acceptance/retrieval-tools.test.ts (1 test) 64ms
 ✓ |0| packages/core/test/directives/segment.test.ts (2 tests) 14ms
 ✓ |0| packages/core/test/continuity/reduce.test.ts (2 tests) 13ms
 ✓ |0| packages/kernel/test/claim-ledger.test.ts (9 tests) 18ms
 ✓ |0| tests/tasks/t05.test.ts (6 tests) 47ms
 ✓ |0| tests/tasks/t26.test.ts (7 tests) 17ms
 ✓ |0| packages/kernel/test/continuity-ledger.test.ts (5 tests) 15ms
 ✓ |0| tests/compat/provider-payload-probe.test.ts (3 tests) 3ms
 ✓ |0| packages/kernel/test/materializer.test.ts (4 tests) 20ms
 ✓ |0| tests/tasks/t02.test.ts (6 tests) 18ms
 ✓ |0| tests/live-gate/paired-w2-live.test.ts (3 tests) 31ms
 ✓ |0| tests/tasks/t30.test.ts (6 tests) 24ms
 ✓ |0| tests/contract/pi-compaction-takeover.test.ts (4 tests) 20ms
 ✓ |0| packages/pi-adapter/test/runtime-tools.test.ts (6 tests) 14ms
 ✓ |0| tests/tasks/t17.test.ts (6 tests) 20ms
 ✓ |0| tests/tasks/t22.test.ts (7 tests) 17ms
 ✓ |0| tests/contract/pi-context-hook.test.ts (11 tests) 21ms
 ✓ |0| packages/kernel/test/directive-capture.test.ts (6 tests) 14ms
 ✓ |0| tests/tasks/t21.test.ts (7 tests) 22ms
(node:8315) ExperimentalWarning: SQLite is an experimental feature and might change at any time
(Use `node --trace-warnings ...` to show where the warning was created)
 ✓ |0| tests/tasks/t28.test.ts (8 tests) 16ms
 ✓ |0| packages/worker/test/generation-fencing.test.ts (6 tests) 13ms
 ✓ |0| tests/tasks/t19.test.ts (7 tests) 16ms
 ✓ |0| tests/tasks/t16.test.ts (6 tests) 21ms
 ✓ |0| packages/kernel/test/raw-input.test.ts (5 tests) 15ms
(node:8368) ExperimentalWarning: SQLite is an experimental feature and might change at any time
(Use `node --trace-warnings ...` to show where the warning was created)
 ✓ |0| tests/tasks/t04.test.ts (7 tests) 13ms
(node:8332) ExperimentalWarning: SQLite is an experimental feature and might change at any time
(Use `node --trace-warnings ...` to show where the warning was created)
 ✓ |0| tests/tasks/t14.test.ts (8 tests) 14ms
 ✓ |0| tests/e2e/packed-install.test.ts (1 test) 10ms
 ✓ |0| packages/kernel/test/fts-catalog.test.ts (5 tests) 12ms
 ✓ |0| tests/tasks/t25.test.ts (9 tests) 15ms
 ✓ |0| tests/contract/pi-input-correlation.test.ts (1 test) 9ms
 ✓ |0| tests/contract/pi-session-lifecycle.test.ts (4 tests) 12ms
 ✓ |0| packages/runtime/test/compaction/snapshot.test.ts (2 tests) 12ms
 ✓ |0| packages/kernel/test/evidence-admission.test.ts (5 tests) 11ms
 ✓ |0| packages/kernel/test/lease-lifecycle.test.ts (5 tests) 4ms
 ✓ |0| packages/kernel/test/exact-read.test.ts (5 tests) 5ms
 ✓ |0| packages/kernel/test/host-checkpoint-render.test.ts (5 tests) 12ms
 ✓ |0| tests/meta/workspace-layout.test.ts (4 tests) 11ms
 ✓ |0| tests/security/secret-leak.test.ts (1 test) 22ms
 ✓ |0| tests/security/authority.test.ts (3 tests) 12ms
 ✓ |0| packages/pi-adapter/test/message-codec.test.ts (1 test) 11ms
 ✓ |0| tests/tasks/t24.test.ts (7 tests) 7ms
 ✓ |0| packages/kernel/test/action-gate.test.ts (6 tests) 12ms
 ✓ |0| packages/core/test/compaction/checkpoint.test.ts (2 tests) 11ms
 ✓ |0| packages/core/test/materialization/materializer.test.ts (1 test) 11ms
 ✓ |0| packages/contracts/test/canonical.test.ts (4 tests) 11ms
 ✓ |0| packages/core/test/retrieval/proactive.test.ts (1 test) 11ms
 ✓ |0| tests/performance/token-accounting.test.ts (1 test) 12ms
 ✓ |0| tests/tasks/t08.test.ts (10 tests) 9ms
(node:8378) ExperimentalWarning: SQLite is an experimental feature and might change at any time
(Use `node --trace-warnings ...` to show where the warning was created)
 ✓ |0| tests/acceptance/session-registry.test.ts (8 tests) 10ms
 ✓ |0| packages/pi-adapter/test/message-conversion.test.ts (5 tests) 4ms
 ✓ |0| tests/tasks/t07.test.ts (9 tests) 6ms
 ✓ |0| tests/release/deterministic-mvp-gate.test.ts (9 tests) 10ms
 ✓ |0| packages/worker/test/verifier.test.ts (8 tests) 8ms
 ✓ |0| packages/kernel/test/active-suffix.test.ts (5 tests) 4ms
 ✓ |0| packages/runtime/test/saga.test.ts (4 tests) 6ms
 ✓ |0| tests/compat/pi-version-contract.test.ts (4 tests) 11ms
 ✓ |0| packages/kernel/test/shell-reducers.test.ts (6 tests) 4ms
 ✓ |0| packages/kernel/test/builtin-reducers.test.ts (5 tests) 6ms
 ✓ |0| packages/kernel/test/claim-transitions.test.ts (7 tests) 4ms
 ✓ |0| packages/kernel/test/token-budget.test.ts (6 tests) 3ms
 ✓ |0| apps/pi-context-runtime/test/package-runtime.test.ts (4 tests) 3ms
 ✓ |0| tests/release/semantic-beta-gate.test.ts (8 tests) 4ms
 ✓ |0| packages/kernel/test/literal-index.test.ts (5 tests) 5ms
(node:8411) ExperimentalWarning: SQLite is an experimental feature and might change at any time
(Use `node --trace-warnings ...` to show where the warning was created)
 ✓ |0| packages/kernel/test/checkpoint-candidate.test.ts (6 tests) 6ms
 ✓ |0| tests/acceptance/context-hook.test.ts (2 tests) 9ms
 ✓ |0| packages/contracts/test/types.test.ts (5 tests) 2ms
 ✓ |0| tests/contract/pi-capability-probe.test.ts (4 tests) 3ms
 ✓ |0| packages/core/test/reducers/production.test.ts (4 tests) 3ms
 ✓ |0| packages/kernel/test/proactive-recall.test.ts (5 tests) 3ms
 ✓ |0| packages/core/test/directives/temporal.test.ts (2 tests) 2ms
 ✓ |0| packages/kernel/test/convergence.test.ts (5 tests) 3ms
 ✓ |0| packages/pi-adapter/test/compaction-result.test.ts (1 test) 2ms
 ✓ |0| tests/live-gate/payload-sizing.test.ts (3 tests) 2ms
(node:8468) ExperimentalWarning: SQLite is an experimental feature and might change at any time
(Use `node --trace-warnings ...` to show where the warning was created)
 ✓ |0| apps/pi-context-runtime/test/owner.test.ts (4 tests) 4ms
 ✓ |0| tests/security/recovery-fuzz.test.ts (1 test) 2ms
(node:8471) ExperimentalWarning: SQLite is an experimental feature and might change at any time
(Use `node --trace-warnings ...` to show where the warning was created)
 ✓ |0| packages/runtime/test/runtime-session.test.ts (2 tests) 7ms
 ✓ |0| tests/e2e/pi-factory-entry.test.ts (2 tests) 4ms
 ✓ |0| tests/contract/pi-tool-call-gate.test.ts (1 test) 2ms
 ✓ |0| tests/acceptance/packed-install.test.ts (2 tests) 16054ms
   ✓ packed runtime acceptance > npm packs the runtime and the required patched Pi host loads exact input  12347ms
   ✓ packed runtime acceptance > fails during loading on stock Pi 0.84.4 instead of swallowing input  3706ms
 ✓ |0| tests/tasks/t06.test.ts (9 tests) 21872ms
   ✓ T06 Real npm pack and clean Pi install harness > loads the actual packed tarball in an empty Pi home  6939ms
   ✓ T06 Real npm pack and clean Pi install harness > packs deterministically from the same committed source  3170ms
   ✓ T06 Real npm pack and clean Pi install harness > isolates duplicate probes while preserving their observable contract  7285ms
   ✓ T06 Real npm pack and clean Pi install harness > propagates a non-zero Pi exit and removes the isolated home  893ms

 Test Files  122 passed (122)
      Tests  605 passed (605)
   Start at  03:44:25
   Duration  22.21s (transform 2.30s, setup 0ms, collect 27.86s, tests 69.73s, environment 21ms, prepare 7.02s)

CHECK_ALL_EXIT:0
 DEPRECATED  The workspace file is deprecated and will be removed in the next major. Please, use the `test.projects` field in the root config file instead.

 RUN  v3.2.4 /Users/luo/Documents/github/pi-context

(node:8852) ExperimentalWarning: SQLite is an experimental feature and might change at any time
(Use `node --trace-warnings ...` to show where the warning was created)
(node:8853) ExperimentalWarning: SQLite is an experimental feature and might change at any time
(Use `node --trace-warnings ...` to show where the warning was created)
(node:8851) ExperimentalWarning: SQLite is an experimental feature and might change at any time
(Use `node --trace-warnings ...` to show where the warning was created)
(node:8850) ExperimentalWarning: SQLite is an experimental feature and might change at any time
(Use `node --trace-warnings ...` to show where the warning was created)
(node:8855) ExperimentalWarning: SQLite is an experimental feature and might change at any time
(Use `node --trace-warnings ...` to show where the warning was created)
 ✓ |0| tests/acceptance/evidence-recovery.test.ts (1 test) 94ms
 ✓ |0| tests/acceptance/session-registry.test.ts (8 tests) 12ms
(node:8856) ExperimentalWarning: SQLite is an experimental feature and might change at any time
(Use `node --trace-warnings ...` to show where the warning was created)
 ✓ |0| tests/acceptance/context-hook.test.ts (2 tests) 11ms
(node:8854) ExperimentalWarning: SQLite is an experimental feature and might change at any time
(Use `node --trace-warnings ...` to show where the warning was created)
 ✓ |0| tests/acceptance/tool-result-flow.test.ts (3 tests) 454ms
 ✓ |0| tests/acceptance/retrieval-tools.test.ts (1 test) 230ms
 ✓ |0| tests/acceptance/w1-vertical.test.ts (1 test) 187ms
 ✓ |0| tests/acceptance/user-input-flow.test.ts (11 tests) 1253ms
 ✓ |0| tests/acceptance/packed-install.test.ts (2 tests) 11744ms
   ✓ packed runtime acceptance > npm packs the runtime and the required patched Pi host loads exact input  8089ms
   ✓ packed runtime acceptance > fails during loading on stock Pi 0.84.4 instead of swallowing input  3654ms

 Test Files  8 passed (8)
      Tests  29 passed (29)
   Start at  03:44:48
   Duration  12.21s (transform 980ms, setup 0ms, collect 7.80s, tests 13.99s, environment 1ms, prepare 813ms)

ACCEPTANCE_EXIT:0
compdef:153: _comps: assignment to invalid subscript range
boundaries: ok
BOUNDARIES_EXIT:0
