Scope: all 12 workspace projects
Lockfile is up to date, resolution step is skipped
Already up to date

Done in 321ms using pnpm v10.15.0

> @pcr/pi-adapter@ typecheck /Users/luo/Documents/github/pi-context/packages/pi-adapter
> tsc --noEmit --strict --skipLibCheck --module NodeNext --moduleResolution NodeNext --target ES2022 --types node src/capabilities.ts src/contracts/pi-0844.ts

t05 real Pi 0.84.4 public contract compile: PASS

> @ check:all /Users/luo/Documents/github/pi-context
> pnpm check:boundaries && pnpm typecheck && pnpm test


> @ check:boundaries /Users/luo/Documents/github/pi-context
> node scripts/check-package-boundaries.mjs

boundaries: ok

> @ typecheck /Users/luo/Documents/github/pi-context
> pnpm -r typecheck

Scope: 11 of 12 workspace projects
apps/pi-context-runtime typecheck$ tsc --noEmit --strict --module NodeNext --moduleResolution NodeNext --target ES2022 --types node src/extension.ts src/owner.ts src/runtime.ts src/doctor.ts src/conflicts.ts
packages/contracts typecheck$ tsc --noEmit --strict --module NodeNext --moduleResolution NodeNext --target ES2022 --types node src/index.ts
packages/kernel typecheck$ node -e "process.exit(0)"
packages/pi-adapter typecheck$ tsc --noEmit --strict --skipLibCheck --module NodeNext --moduleResolution NodeNext --target ES2022 --types node src/capabilities.ts src/contracts/pi-0844.ts
packages/kernel typecheck: Done
packages/storage typecheck$ tsc --noEmit --strict --module NodeNext --moduleResolution NodeNext --target ES2022 --types node src/sqlite-store.ts src/worker.ts src/protocol.ts
packages/pi-adapter typecheck: Done
packages/testkit typecheck$ tsc --noEmit --strict --module NodeNext --moduleResolution NodeNext --target ES2022 --types node src/fake-pi-host.ts src/pi-contract-harness.ts
packages/contracts typecheck: Done
packages/worker typecheck$ tsc --noEmit --strict --module NodeNext --moduleResolution NodeNext --target ES2022 --types node src/candidate-worker.ts src/candidate-key.ts
packages/storage typecheck: Done
apps/pi-context-runtime typecheck: Done
packages/testkit typecheck: Done
packages/worker typecheck: Done
packages/core typecheck$ tsc --noEmit --strict --module NodeNext --moduleResolution NodeNext --target ES2022 --types node src/index.ts
packages/core typecheck: Done
packages/runtime typecheck$ tsc --noEmit --strict --module NodeNext --moduleResolution NodeNext --target ES2022 --types node src/index.ts
packages/runtime typecheck: Done
packages/benchmark typecheck$ tsc --noEmit --strict --module NodeNext --moduleResolution NodeNext --target ES2022 --types node src/index.ts
packages/storage-node typecheck$ tsc --noEmit --strict --module NodeNext --moduleResolution NodeNext --target ES2022 --types node src/index.ts
packages/storage-node typecheck: Done
packages/benchmark typecheck: Done

> @ test /Users/luo/Documents/github/pi-context
> vitest run --workspace vitest.workspace.ts

 DEPRECATED  The workspace file is deprecated and will be removed in the next major. Please, use the `test.projects` field in the root config file instead.

 RUN  v3.2.4 /Users/luo/Documents/github/pi-context

(node:20206) ExperimentalWarning: SQLite is an experimental feature and might change at any time
(Use `node --trace-warnings ...` to show where the warning was created)
(node:20205) ExperimentalWarning: SQLite is an experimental feature and might change at any time
(Use `node --trace-warnings ...` to show where the warning was created)
(node:20204) ExperimentalWarning: SQLite is an experimental feature and might change at any time
(Use `node --trace-warnings ...` to show where the warning was created)
 ✓ |0| tests/e2e/jiti-candidate-load.test.ts (1 test) 327ms
   ✓ jiti candidate load > loads buildDeterministicCheckpointCandidate through Pi's jiti  326ms
 ✓ |0| tests/tasks/t01.test.ts (8 tests) 522ms
 ✓ |0| packages/kernel/test/raw-capture.test.ts (5 tests) 248ms
(node:20392) ExperimentalWarning: SQLite is an experimental feature and might change at any time
(Use `node --trace-warnings ...` to show where the warning was created)
 ✓ |0| packages/storage/test/blob-store.test.ts (5 tests) 132ms
(node:20482) ExperimentalWarning: SQLite is an experimental feature and might change at any time
(Use `node --trace-warnings ...` to show where the warning was created)
 ✓ |0| packages/storage/test/saga-recovery.test.ts (7 tests) 533ms
 ✓ |0| tests/e2e/operations.test.ts (6 tests) 571ms
 ✓ |0| packages/storage/test/sqlite-store.test.ts (5 tests) 246ms
 ✓ |0| tests/e2e/pi-factory-entry.test.ts (2 tests) 3ms
 ✓ |0| tests/tasks/t03.test.ts (8 tests) 338ms
 ✓ |0| packages/worker/test/candidate-worker.test.ts (7 tests) 66ms
 ✓ |0| packages/kernel/test/reducer-registry.test.ts (5 tests) 65ms
 ✓ |0| tests/contract/pi-session-lifecycle.test.ts (4 tests) 16ms
 ✓ |0| tests/w1-gate/early-net-value.test.ts (3 tests) 1069ms
   ✓ W1 Early Net Value Gate > evaluates live PCR arms and writes a machine-readable report  1065ms
 ✓ |0| tests/security/memory-poisoning.test.ts (2 tests) 41ms
 ✓ |0| tests/security/authority-mutation.test.ts (2 tests) 56ms
 ✓ |0| tests/security/cursor-fuzz.test.ts (1 test) 19ms
(node:20960) ExperimentalWarning: SQLite is an experimental feature and might change at any time
(Use `node --trace-warnings ...` to show where the warning was created)
 ✓ |0| tests/live-gate/paired-w2-live.test.ts (3 tests) 20ms
 ✓ |0| packages/kernel/test/fts-catalog.test.ts (5 tests) 17ms
 ✓ |0| packages/kernel/test/materializer.test.ts (4 tests) 37ms
 ✓ |0| tests/tasks/t00.test.ts (7 tests) 1876ms
   ✓ T00 Freeze audit baseline and immutable evidence > freeze_audit_baseline_and_immutable_evidence  326ms
   ✓ T00 Freeze audit baseline and immutable evidence > is idempotent for the same committed inputs  357ms
   ✓ T00 Freeze audit baseline and immutable evidence > rejects a source outside the repository scope  324ms
 ✓ |0| packages/worker/test/semantic-proposal.test.ts (6 tests) 26ms
 ✓ |0| tests/security/secret-leak.test.ts (1 test) 22ms
 ✓ |0| tests/meta/workspace-layout.test.ts (4 tests) 7ms
 ✓ |0| packages/kernel/test/action-gate.test.ts (6 tests) 23ms
 ✓ |0| tests/tasks/t04.test.ts (7 tests) 14ms
 ✓ |0| packages/kernel/test/claim-ledger.test.ts (9 tests) 15ms
 ✓ |0| packages/kernel/test/directive-capture.test.ts (6 tests) 20ms
 ✓ |0| tests/tasks/t05.test.ts (6 tests) 28ms
 ✓ |0| packages/kernel/test/raw-input.test.ts (5 tests) 20ms
 ✓ |0| tests/tasks/t02.test.ts (6 tests) 14ms
 ✓ |0| packages/pi-adapter/test/runtime-tools.test.ts (6 tests) 5ms
 ✓ |0| packages/kernel/test/continuity-ledger.test.ts (5 tests) 18ms
 ✓ |0| tests/contract/pi-compaction-takeover.test.ts (4 tests) 39ms
 ✓ |0| packages/worker/test/generation-fencing.test.ts (6 tests) 31ms
 ✓ |0| tests/contract/pi-context-hook.test.ts (11 tests) 61ms
 ✓ |0| packages/contracts/test/canonical.test.ts (4 tests) 14ms
 ✓ |0| packages/worker/test/telemetry-economics.test.ts (5 tests) 29ms
 ✓ |0| packages/kernel/test/evidence-admission.test.ts (5 tests) 13ms
 ✓ |0| packages/kernel/test/claim-transitions.test.ts (7 tests) 4ms
 ✓ |0| tests/contract/pi-input-correlation.test.ts (1 test) 11ms
 ✓ |0| tests/contract/pi-tool-result-order.test.ts (1 test) 12ms
 ✓ |0| packages/kernel/test/host-checkpoint-render.test.ts (5 tests) 37ms
 ✓ |0| tests/release/deterministic-mvp-gate.test.ts (9 tests) 9ms
 ✓ |0| tests/e2e/packed-install.test.ts (1 test) 12ms
 ✓ |0| tests/compat/pi-version-contract.test.ts (3 tests) 7ms
 ✓ |0| packages/kernel/test/active-suffix.test.ts (5 tests) 6ms
 ✓ |0| packages/worker/test/verifier.test.ts (8 tests) 5ms
 ✓ |0| apps/pi-context-runtime/test/owner.test.ts (4 tests) 3ms
 ✓ |0| tests/security/recovery-fuzz.test.ts (1 test) 3ms
 ✓ |0| packages/kernel/test/exact-read.test.ts (5 tests) 5ms
 ✓ |0| packages/kernel/test/checkpoint-candidate.test.ts (6 tests) 4ms
 ✓ |0| packages/kernel/test/proactive-recall.test.ts (5 tests) 3ms
 ✓ |0| packages/kernel/test/convergence.test.ts (5 tests) 3ms
 ✓ |0| packages/kernel/test/literal-index.test.ts (5 tests) 4ms
 ✓ |0| packages/kernel/test/token-budget.test.ts (6 tests) 3ms
 ✓ |0| tests/w2-gate/head-to-head.test.ts (3 tests) 3127ms
   ✓ W2 Compactor Head-to-head Gate > evaluates live PCR B1/B2 against synthetic B0 and writes a machine-readable report  3122ms
 ✓ |0| packages/kernel/test/builtin-reducers.test.ts (5 tests) 13ms
 ✓ |0| packages/kernel/test/lease-lifecycle.test.ts (5 tests) 73ms
 ✓ |0| packages/contracts/test/types.test.ts (4 tests) 2ms
 ✓ |0| apps/pi-context-runtime/test/package-runtime.test.ts (4 tests) 4ms
 ✓ |0| tests/compat/provider-payload-probe.test.ts (3 tests) 5ms
 ✓ |0| packages/pi-adapter/test/message-conversion.test.ts (5 tests) 4ms
 ✓ |0| tests/release/semantic-beta-gate.test.ts (8 tests) 4ms
 ✓ |0| packages/kernel/test/shell-reducers.test.ts (6 tests) 10ms
 ✓ |0| tests/live-gate/payload-sizing.test.ts (3 tests) 3ms
 ✓ |0| packages/pi-adapter/test/compaction-result.test.ts (1 test) 2ms
 ✓ |0| tests/contract/pi-capability-probe.test.ts (4 tests) 17ms
 ✓ |0| tests/contract/pi-tool-call-gate.test.ts (1 test) 2ms
 ✓ |0| tests/release/package-artifact.test.ts (4 tests) 4801ms
   ✓ release package > contains one extension entry, runtime dependencies and no source-private imports  2291ms
   ✓ release package > verifies clean-home extract, uninstall/reinstall, and temporary pi -e entry  1459ms
   ✓ release package > keeps the Node/OS matrix and does not hide unsupported Pi versions  513ms
   ✓ release package > ships license/security docs and the gate-derived semantic default  537ms

 Test Files  69 passed (69)
      Tests  325 passed (325)
   Start at  10:47:13
   Duration  5.86s (transform 1.83s, setup 0ms, collect 7.46s, tests 14.80s, environment 15ms, prepare 5.36s)

 DEPRECATED  The workspace file is deprecated and will be removed in the next major. Please, use the `test.projects` field in the root config file instead.

 RUN  v3.2.4 /Users/luo/Documents/github/pi-context

No test files found, exiting with code 0

filter: tests/acceptance

|0| 

include: tests/**/*.test.ts, packages/*/test/**/*.test.ts, apps/*/test/**/*.test.ts
exclude:  tests/live-gate/verification.test.ts, tests/live-gate/*.live.ts

{
  "findings": []
}
boundaries: ok
