
> @ check:all /Users/luo/Documents/github/pi-context
> pnpm check:boundaries && pnpm typecheck && pnpm test


> @ check:boundaries /Users/luo/Documents/github/pi-context
> node scripts/check-package-boundaries.mjs

boundaries: ok

> @ typecheck /Users/luo/Documents/github/pi-context
> pnpm -r typecheck

Scope: 11 of 12 workspace projects
apps/pi-context-runtime typecheck$ tsc --noEmit --strict --skipLibCheck --module NodeNext --moduleResolution NodeNext --target ES2022 --types node src/extension.ts src/composition-root.ts src/owner.ts src/runtime.ts src/doctor.ts src/conflicts.ts
packages/contracts typecheck$ tsc --noEmit --strict --module NodeNext --moduleResolution NodeNext --target ES2022 --types node src/index.ts
packages/kernel typecheck$ tsc --noEmit --strict --module NodeNext --moduleResolution NodeNext --target ES2022 --types node src/ingress/project.ts
packages/storage typecheck$ tsc --noEmit --strict --module NodeNext --moduleResolution NodeNext --target ES2022 --types node src/sqlite-store.ts src/worker.ts src/protocol.ts
packages/kernel typecheck: Done
packages/testkit typecheck$ tsc --noEmit --strict --module NodeNext --moduleResolution NodeNext --target ES2022 --types node src/fake-pi-host.ts src/pi-contract-harness.ts
packages/contracts typecheck: Done
packages/worker typecheck$ tsc --noEmit --strict --module NodeNext --moduleResolution NodeNext --target ES2022 --types node src/candidate-worker.ts src/candidate-key.ts
packages/storage typecheck: Done
apps/pi-context-runtime typecheck: Done
packages/testkit typecheck: Done
packages/worker typecheck: Done
packages/core typecheck$ tsc --noEmit --strict --module NodeNext --moduleResolution NodeNext --target ES2022 --types node src/index.ts test/directives/segment.test.ts test/directives/extract.test.ts test/directives/temporal.test.ts test/continuity/reduce.test.ts test/retrieval/proactive.test.ts ../../tests/security/authority.test.ts ../../tests/tasks/t14.test.ts ../../tests/tasks/t16.test.ts ../../tests/tasks/t17.test.ts ../../tests/tasks/t18.test.ts ../../tests/tasks/t19.test.ts ../../tests/tasks/t21.test.ts ../../tests/tasks/t22.test.ts
packages/core typecheck: Done
packages/runtime typecheck$ tsc --noEmit --strict --module NodeNext --moduleResolution NodeNext --target ES2022 --types node src/index.ts test/runtime-session.test.ts test/saga.test.ts ../../tests/tasks/t07.test.ts ../../tests/tasks/t12.test.ts ../../tests/tasks/t18.test.ts ../../tests/tasks/t19.test.ts ../../tests/tasks/t21.test.ts ../../tests/tasks/t22.test.ts
packages/runtime typecheck: Done
packages/pi-adapter typecheck$ tsc --noEmit --strict --skipLibCheck --module NodeNext --moduleResolution NodeNext --target ES2022 --types node src/index.ts src/contracts/pi-0844.ts test/message-codec.test.ts ../../tests/acceptance/user-input-flow.test.ts ../../tests/acceptance/tool-result-flow.test.ts ../../tests/acceptance/retrieval-tools.test.ts ../../tests/tasks/t13.test.ts ../../tests/tasks/t20.test.ts ../../tests/tasks/t24.test.ts
packages/storage-node typecheck$ tsc --noEmit --strict --module NodeNext --moduleResolution NodeNext --target ES2022 --types node src/index.ts test/blob-store.test.ts test/saga-store.test.ts test/user-turn-store.test.ts ../../tests/tasks/t09.test.ts ../../tests/tasks/t11.test.ts ../../tests/tasks/t12.test.ts
packages/pi-adapter typecheck: Done
packages/storage-node typecheck: Done
packages/benchmark typecheck$ tsc --noEmit --strict --module NodeNext --moduleResolution NodeNext --target ES2022 --types node src/index.ts
packages/benchmark typecheck: Done

> @ test /Users/luo/Documents/github/pi-context
> vitest run --workspace vitest.workspace.ts

 DEPRECATED  The workspace file is deprecated and will be removed in the next major. Please, use the `test.projects` field in the root config file instead.

 RUN  v3.2.4 /Users/luo/Documents/github/pi-context

(node:11790) ExperimentalWarning: SQLite is an experimental feature and might change at any time
(Use `node --trace-warnings ...` to show where the warning was created)
(node:11789) ExperimentalWarning: SQLite is an experimental feature and might change at any time
(Use `node --trace-warnings ...` to show where the warning was created)
(node:11786) ExperimentalWarning: SQLite is an experimental feature and might change at any time
(Use `node --trace-warnings ...` to show where the warning was created)
(node:11791) ExperimentalWarning: SQLite is an experimental feature and might change at any time
(Use `node --trace-warnings ...` to show where the warning was created)
(node:11785) ExperimentalWarning: SQLite is an experimental feature and might change at any time
(Use `node --trace-warnings ...` to show where the warning was created)
 ✓ |0| packages/storage-node/test/user-turn-store.test.ts (8 tests) 2095ms
   ✓ workspace user turn ledger > replays capture and link idempotently and rejects payload or host conflicts  586ms
   ✓ workspace user turn ledger > recovers pending and linked receipts across independent reopen cycles  414ms
   ✓ workspace user turn ledger > serializes concurrent duplicate captures to one receipt  509ms
 ✓ |0| tests/tasks/t13.test.ts (8 tests) 1624ms
   ✓ T13 Real Pi tool_result ingress > writes raw bytes before returning the compact tool result  307ms
   ✓ T13 Real Pi tool_result ingress > is idempotent for duplicate tool_result ingest  319ms
   ✓ T13 Real Pi tool_result ingress > replays equal results across two independent runs of the same event  320ms
 ✓ |0| tests/tasks/t00.test.ts (7 tests) 2877ms
   ✓ T00 Freeze audit baseline and immutable evidence > rejects an output directory outside the repository scope  573ms
   ✓ T00 Freeze audit baseline and immutable evidence > rejects malformed findings before writing artifacts  661ms
   ✓ T00 Freeze audit baseline and immutable evidence > does not leave partial artifacts when an input disappears  715ms
   ✓ T00 Freeze audit baseline and immutable evidence > replays deterministically in independent output directories  362ms
(node:12964) ExperimentalWarning: SQLite is an experimental feature and might change at any time
(Use `node --trace-warnings ...` to show where the warning was created)
 ✓ |0| tests/w2-gate/head-to-head.test.ts (3 tests) 3023ms
   ✓ W2 Compactor Head-to-head Gate > evaluates live PCR B1/B2 against synthetic B0 and writes a machine-readable report  3018ms
 ✓ |0| packages/storage-node/test/saga-store.test.ts (14 tests) 2899ms
   ✓ workspace SQLite Saga journal > fails content conflicts and fences branch, model, and config drift as stale  335ms
   ✓ workspace SQLite Saga journal > recovers a host-visible row after an abrupt process exit and replays without mutation  1055ms
(node:13130) ExperimentalWarning: SQLite is an experimental feature and might change at any time
(Use `node --trace-warnings ...` to show where the warning was created)
(node:12711) ExperimentalWarning: SQLite is an experimental feature and might change at any time
(Use `node --trace-warnings ...` to show where the warning was created)
 ✓ |0| tests/tasks/t15.test.ts (8 tests) 956ms
(node:13132) ExperimentalWarning: SQLite is an experimental feature and might change at any time
(Use `node --trace-warnings ...` to show where the warning was created)
(node:13426) ExperimentalWarning: SQLite is an experimental feature and might change at any time
(Use `node --trace-warnings ...` to show where the warning was created)
 ✓ |0| tests/w1-gate/early-net-value.test.ts (3 tests) 1197ms
   ✓ W1 Early Net Value Gate > evaluates live PCR arms and writes a machine-readable report  1192ms
 ✓ |0| tests/e2e/operations.test.ts (6 tests) 1038ms
 ✓ |0| packages/storage-node/test/blob-store.test.ts (15 tests) 4147ms
   ✓ encrypted content-addressed blob store > settles concurrent same-content writes on one complete authenticated object  820ms
   ✓ encrypted content-addressed blob store > makes the existing-object fast path durable across independent processes  1117ms
(node:13537) ExperimentalWarning: SQLite is an experimental feature and might change at any time
(Use `node --trace-warnings ...` to show where the warning was created)
 ✓ |0| tests/tasks/t20.test.ts (6 tests) 663ms
(node:13540) ExperimentalWarning: SQLite is an experimental feature and might change at any time
(Use `node --trace-warnings ...` to show where the warning was created)
 ✓ |0| packages/storage-node/test/sqlite-store.test.ts (6 tests) 276ms
 ✓ |0| tests/tasks/t09.test.ts (13 tests) 745ms
 ✓ |0| tests/tasks/t01.test.ts (8 tests) 484ms
(node:13545) ExperimentalWarning: SQLite is an experimental feature and might change at any time
(Use `node --trace-warnings ...` to show where the warning was created)
 ✓ |0| packages/kernel/test/raw-capture.test.ts (5 tests) 237ms
(node:13857) ExperimentalWarning: SQLite is an experimental feature and might change at any time
(Use `node --trace-warnings ...` to show where the warning was created)
 ✓ |0| packages/storage/test/saga-recovery.test.ts (7 tests) 430ms
 ✓ |0| tests/tasks/t03.test.ts (8 tests) 282ms
(node:14050) ExperimentalWarning: SQLite is an experimental feature and might change at any time
(Use `node --trace-warnings ...` to show where the warning was created)
(node:14051) ExperimentalWarning: SQLite is an experimental feature and might change at any time
(Use `node --trace-warnings ...` to show where the warning was created)
 ✓ |0| tests/acceptance/user-input-flow.test.ts (11 tests) 2197ms
   ✓ exact user input flow on the patched Pi 0.84.4 AgentSession > is reachable through the only packaged product extension entry  382ms
 ✓ |0| tests/tasks/t11.test.ts (2 tests) 246ms
(node:13855) ExperimentalWarning: SQLite is an experimental feature and might change at any time
(Use `node --trace-warnings ...` to show where the warning was created)
 ✓ |0| tests/tasks/t10.test.ts (4 tests) 365ms
 ✓ |0| tests/e2e/jiti-candidate-load.test.ts (1 test) 216ms
(node:14057) ExperimentalWarning: SQLite is an experimental feature and might change at any time
(Use `node --trace-warnings ...` to show where the warning was created)
 ✓ |0| tests/release/package-artifact.test.ts (4 tests) 5041ms
   ✓ release package > contains one extension entry, runtime dependencies and no source-private imports  1815ms
   ✓ release package > verifies clean-home extract, uninstall/reinstall, and temporary pi -e entry  1281ms
   ✓ release package > keeps the Node/OS matrix and does not hide unsupported Pi versions  930ms
   ✓ release package > ships license/security docs and the gate-derived semantic default  1014ms
(node:14116) ExperimentalWarning: SQLite is an experimental feature and might change at any time
(Use `node --trace-warnings ...` to show where the warning was created)
(node:14172) ExperimentalWarning: SQLite is an experimental feature and might change at any time
(Use `node --trace-warnings ...` to show where the warning was created)
(node:14421) ExperimentalWarning: SQLite is an experimental feature and might change at any time
(Use `node --trace-warnings ...` to show where the warning was created)
 ✓ |0| tests/e2e/key-rotation-v2-boundary.test.ts (2 tests) 330ms
 ✓ |0| tests/tasks/t23.test.ts (4 tests) 523ms
 ✓ |0| tests/tasks/t12.test.ts (2 tests) 296ms
 ✓ |0| tests/contract/pi-tool-result-order.test.ts (1 test) 281ms
 ✓ |0| packages/storage/test/blob-store.test.ts (5 tests) 185ms
 ✓ |0| tests/acceptance/tool-result-flow.test.ts (3 tests) 588ms
(node:14056) ExperimentalWarning: SQLite is an experimental feature and might change at any time
(Use `node --trace-warnings ...` to show where the warning was created)
(node:14423) ExperimentalWarning: SQLite is an experimental feature and might change at any time
(Use `node --trace-warnings ...` to show where the warning was created)
(node:14425) ExperimentalWarning: SQLite is an experimental feature and might change at any time
(Use `node --trace-warnings ...` to show where the warning was created)
(node:14429) ExperimentalWarning: SQLite is an experimental feature and might change at any time
(Use `node --trace-warnings ...` to show where the warning was created)
 ✓ |0| packages/worker/test/candidate-worker.test.ts (7 tests) 66ms
 ✓ |0| packages/kernel/test/reducer-registry.test.ts (5 tests) 63ms
 ✓ |0| tests/security/authority-mutation.test.ts (2 tests) 95ms
 ✓ |0| tests/acceptance/retrieval-tools.test.ts (1 test) 196ms
 ✓ |0| tests/acceptance/evidence-recovery.test.ts (1 test) 235ms
 ✓ |0| tests/security/cursor-fuzz.test.ts (1 test) 53ms
 ✓ |0| packages/storage/test/sqlite-store.test.ts (5 tests) 335ms
 ✓ |0| packages/core/test/directives/segment.test.ts (2 tests) 15ms
 ✓ |0| tests/tasks/t18.test.ts (8 tests) 38ms
 ✓ |0| tests/tasks/t17.test.ts (6 tests) 16ms
 ✓ |0| tests/meta/workspace-layout.test.ts (4 tests) 30ms
 ✓ |0| packages/kernel/test/materializer.test.ts (4 tests) 16ms
 ✓ |0| tests/tasks/t04.test.ts (7 tests) 13ms
 ✓ |0| tests/live-gate/paired-w2-live.test.ts (3 tests) 32ms
 ✓ |0| tests/acceptance/w1-vertical.test.ts (1 test) 94ms
(node:14466) ExperimentalWarning: SQLite is an experimental feature and might change at any time
(Use `node --trace-warnings ...` to show where the warning was created)
 ✓ |0| packages/worker/test/semantic-proposal.test.ts (6 tests) 30ms
 ✓ |0| packages/kernel/test/fts-catalog.test.ts (5 tests) 17ms
 ✓ |0| packages/kernel/test/directive-capture.test.ts (6 tests) 13ms
 ✓ |0| packages/kernel/test/raw-input.test.ts (5 tests) 12ms
 ✓ |0| packages/worker/test/generation-fencing.test.ts (6 tests) 16ms
 ✓ |0| tests/tasks/t05.test.ts (6 tests) 50ms
 ✓ |0| tests/tasks/t22.test.ts (7 tests) 13ms
 ✓ |0| packages/kernel/test/evidence-admission.test.ts (5 tests) 21ms
 ✓ |0| packages/kernel/test/shell-reducers.test.ts (6 tests) 4ms
 ✓ |0| tests/security/memory-poisoning.test.ts (2 tests) 32ms
 ✓ |0| tests/tasks/t16.test.ts (6 tests) 40ms
 ✓ |0| tests/tasks/t14.test.ts (8 tests) 17ms
 ✓ |0| packages/kernel/test/claim-ledger.test.ts (9 tests) 14ms
 ✓ |0| tests/tasks/t19.test.ts (7 tests) 19ms
 ✓ |0| packages/kernel/test/action-gate.test.ts (6 tests) 31ms
 ✓ |0| packages/core/test/directives/extract.test.ts (1 test) 16ms
 ✓ |0| tests/tasks/t02.test.ts (6 tests) 22ms
 ✓ |0| packages/kernel/test/continuity-ledger.test.ts (5 tests) 15ms
 ✓ |0| packages/contracts/test/canonical.test.ts (4 tests) 11ms
 ✓ |0| packages/pi-adapter/test/runtime-tools.test.ts (6 tests) 15ms
 ✓ |0| tests/contract/pi-compaction-takeover.test.ts (4 tests) 14ms
 ✓ |0| tests/tasks/t21.test.ts (7 tests) 17ms
 ✓ |0| tests/contract/pi-context-hook.test.ts (11 tests) 26ms
 ✓ |0| packages/worker/test/telemetry-economics.test.ts (5 tests) 20ms
 ✓ |0| tests/contract/pi-input-correlation.test.ts (1 test) 20ms
 ✓ |0| packages/core/test/continuity/reduce.test.ts (2 tests) 11ms
 ✓ |0| tests/contract/pi-session-lifecycle.test.ts (4 tests) 23ms
 ✓ |0| tests/security/authority.test.ts (3 tests) 12ms
 ✓ |0| packages/kernel/test/host-checkpoint-render.test.ts (5 tests) 12ms
 ✓ |0| tests/security/secret-leak.test.ts (1 test) 18ms
 ✓ |0| packages/pi-adapter/test/message-conversion.test.ts (5 tests) 7ms
 ✓ |0| packages/pi-adapter/test/message-codec.test.ts (1 test) 10ms
 ✓ |0| packages/core/test/retrieval/proactive.test.ts (1 test) 11ms
 ✓ |0| packages/kernel/test/token-budget.test.ts (6 tests) 14ms
 ✓ |0| tests/release/deterministic-mvp-gate.test.ts (9 tests) 8ms
(node:14533) ExperimentalWarning: SQLite is an experimental feature and might change at any time
(Use `node --trace-warnings ...` to show where the warning was created)
 ✓ |0| tests/tasks/t08.test.ts (10 tests) 7ms
 ✓ |0| tests/acceptance/session-registry.test.ts (8 tests) 11ms
 ✓ |0| packages/worker/test/verifier.test.ts (8 tests) 9ms
 ✓ |0| packages/kernel/test/lease-lifecycle.test.ts (5 tests) 8ms
 ✓ |0| tests/tasks/t07.test.ts (9 tests) 6ms
 ✓ |0| tests/compat/pi-version-contract.test.ts (4 tests) 20ms
 ✓ |0| packages/kernel/test/exact-read.test.ts (5 tests) 6ms
 ✓ |0| packages/core/test/reducers/production.test.ts (4 tests) 4ms
 ✓ |0| packages/kernel/test/claim-transitions.test.ts (7 tests) 4ms
 ✓ |0| packages/kernel/test/active-suffix.test.ts (5 tests) 9ms
 ✓ |0| packages/kernel/test/literal-index.test.ts (5 tests) 4ms
 ✓ |0| tests/compat/provider-payload-probe.test.ts (3 tests) 3ms
(node:14551) ExperimentalWarning: SQLite is an experimental feature and might change at any time
(Use `node --trace-warnings ...` to show where the warning was created)
 ✓ |0| tests/e2e/packed-install.test.ts (1 test) 15ms
 ✓ |0| packages/kernel/test/builtin-reducers.test.ts (5 tests) 4ms
 ✓ |0| packages/pi-adapter/test/compaction-result.test.ts (1 test) 2ms
 ✓ |0| packages/runtime/test/saga.test.ts (4 tests) 4ms
 ✓ |0| apps/pi-context-runtime/test/package-runtime.test.ts (4 tests) 4ms
 ✓ |0| tests/tasks/t24.test.ts (7 tests) 16ms
 ✓ |0| packages/kernel/test/checkpoint-candidate.test.ts (6 tests) 3ms
 ✓ |0| tests/release/semantic-beta-gate.test.ts (8 tests) 3ms
 ✓ |0| tests/contract/pi-capability-probe.test.ts (4 tests) 5ms
 ✓ |0| tests/live-gate/payload-sizing.test.ts (3 tests) 3ms
 ✓ |0| packages/core/test/directives/temporal.test.ts (2 tests) 4ms
 ✓ |0| packages/kernel/test/proactive-recall.test.ts (5 tests) 3ms
 ✓ |0| packages/kernel/test/convergence.test.ts (5 tests) 4ms
 ✓ |0| packages/contracts/test/types.test.ts (5 tests) 3ms
 ✓ |0| tests/security/recovery-fuzz.test.ts (1 test) 2ms
 ✓ |0| packages/runtime/test/runtime-session.test.ts (2 tests) 2ms
(node:14593) ExperimentalWarning: SQLite is an experimental feature and might change at any time
(Use `node --trace-warnings ...` to show where the warning was created)
 ✓ |0| tests/e2e/pi-factory-entry.test.ts (2 tests) 4ms
(node:14601) ExperimentalWarning: SQLite is an experimental feature and might change at any time
(Use `node --trace-warnings ...` to show where the warning was created)
 ✓ |0| apps/pi-context-runtime/test/owner.test.ts (4 tests) 4ms
 ✓ |0| tests/contract/pi-tool-call-gate.test.ts (1 test) 3ms
 ✓ |0| tests/acceptance/packed-install.test.ts (2 tests) 16972ms
   ✓ packed runtime acceptance > npm packs the runtime and the required patched Pi host loads exact input  13399ms
   ✓ packed runtime acceptance > fails during loading on stock Pi 0.84.4 instead of swallowing input  3572ms
 ✓ |0| tests/tasks/t06.test.ts (9 tests) 22727ms
   ✓ T06 Real npm pack and clean Pi install harness > loads the actual packed tarball in an empty Pi home  8102ms
   ✓ T06 Real npm pack and clean Pi install harness > packs deterministically from the same committed source  2847ms
   ✓ T06 Real npm pack and clean Pi install harness > isolates duplicate probes while preserving their observable contract  6732ms
   ✓ T06 Real npm pack and clean Pi install harness > propagates a non-zero Pi exit and removes the isolated home  1118ms

 Test Files  110 passed (110)
      Tests  552 passed (552)
   Start at  01:29:14
   Duration  23.11s (transform 2.54s, setup 0ms, collect 25.12s, tests 75.05s, environment 18ms, prepare 6.86s)

CHECK_ALL_EXIT:0
 DEPRECATED  The workspace file is deprecated and will be removed in the next major. Please, use the `test.projects` field in the root config file instead.

 RUN  v3.2.4 /Users/luo/Documents/github/pi-context

(node:15083) ExperimentalWarning: SQLite is an experimental feature and might change at any time
(Use `node --trace-warnings ...` to show where the warning was created)
(node:15085) ExperimentalWarning: SQLite is an experimental feature and might change at any time
(Use `node --trace-warnings ...` to show where the warning was created)
 ✓ |0| tests/acceptance/evidence-recovery.test.ts (1 test) 62ms
(node:15082) ExperimentalWarning: SQLite is an experimental feature and might change at any time
(Use `node --trace-warnings ...` to show where the warning was created)
(node:15081) ExperimentalWarning: SQLite is an experimental feature and might change at any time
(Use `node --trace-warnings ...` to show where the warning was created)
(node:15086) ExperimentalWarning: SQLite is an experimental feature and might change at any time
(Use `node --trace-warnings ...` to show where the warning was created)
 ✓ |0| tests/acceptance/session-registry.test.ts (8 tests) 11ms
(node:15084) ExperimentalWarning: SQLite is an experimental feature and might change at any time
(Use `node --trace-warnings ...` to show where the warning was created)
 ✓ |0| tests/acceptance/retrieval-tools.test.ts (1 test) 119ms
 ✓ |0| tests/acceptance/w1-vertical.test.ts (1 test) 169ms
 ✓ |0| tests/acceptance/tool-result-flow.test.ts (3 tests) 360ms
 ✓ |0| tests/acceptance/user-input-flow.test.ts (11 tests) 944ms
 ✓ |0| tests/acceptance/packed-install.test.ts (2 tests) 9932ms
   ✓ packed runtime acceptance > npm packs the runtime and the required patched Pi host loads exact input  6850ms
   ✓ packed runtime acceptance > fails during loading on stock Pi 0.84.4 instead of swallowing input  3081ms

 Test Files  7 passed (7)
      Tests  27 passed (27)
   Start at  01:29:37
   Duration  10.20s (transform 674ms, setup 0ms, collect 5.25s, tests 11.60s, environment 1ms, prepare 503ms)

ACCEPTANCE_EXIT:0
compdef:153: _comps: assignment to invalid subscript range
boundaries: ok
BOUNDARIES_EXIT:0
