CMD: pnpm test:acceptance && pnpm test:integration

> @ test:acceptance /Users/luo/Documents/github/pi-context
> vitest run --config vitest.acceptance.config.ts


 RUN  v3.2.4 /Users/luo/Documents/github/pi-context

(node:30882) ExperimentalWarning: SQLite is an experimental feature and might change at any time
(Use `node --trace-warnings ...` to show where the warning was created)
(node:30879) ExperimentalWarning: SQLite is an experimental feature and might change at any time
(Use `node --trace-warnings ...` to show where the warning was created)
(node:30880) ExperimentalWarning: SQLite is an experimental feature and might change at any time
(Use `node --trace-warnings ...` to show where the warning was created)
(node:30881) ExperimentalWarning: SQLite is an experimental feature and might change at any time
(Use `node --trace-warnings ...` to show where the warning was created)
(node:30878) ExperimentalWarning: SQLite is an experimental feature and might change at any time
(Use `node --trace-warnings ...` to show where the warning was created)
(node:30874) ExperimentalWarning: SQLite is an experimental feature and might change at any time
(Use `node --trace-warnings ...` to show where the warning was created)
(node:30877) ExperimentalWarning: SQLite is an experimental feature and might change at any time
(Use `node --trace-warnings ...` to show where the warning was created)
(node:30876) ExperimentalWarning: SQLite is an experimental feature and might change at any time
(Use `node --trace-warnings ...` to show where the warning was created)
(node:30875) ExperimentalWarning: SQLite is an experimental feature and might change at any time
(Use `node --trace-warnings ...` to show where the warning was created)
 ✓ tests/acceptance/session-registry.test.ts (10 tests) 493ms
   ✓ production session registry acceptance > keeps a sibling production session after session-scoped shutdown  478ms
 ✓ tests/acceptance/w1-vertical.test.ts (1 test) 364ms
   ✓ W1 vertical acceptance > recovers the admitted blob and ranks the FTS hit from real CAS bytes  363ms
 ✓ tests/acceptance/materialized-recall.test.ts (2 tests) 813ms
   ✓ product materialized recall > injects recall-needed evidence and stays silent otherwise  421ms
   ✓ product materialized recall > stays silent and omits lease warnings when recall is not needed  392ms
 ✓ tests/acceptance/runtime-session-ownership.test.ts (3 tests) 769ms
   ✓ runtime session ingress ownership > sends product tool_result through RuntimeSession.ingestToolResult  376ms
   ✓ runtime session ingress ownership > sends product user input through RuntimeSession.ingestUserInput  390ms
 ✓ tests/acceptance/runtime-concurrency.test.ts (2 tests) 961ms
   ✓ runtime concurrency gate > runs production sqlite sessions across workspaces without cross-scope capture  953ms
 ✓ tests/acceptance/tool-result-flow.test.ts (3 tests) 886ms
   ✓ real Pi tool_result flow > persists raw tool bytes in CAS before the host-visible compact projection  324ms
   ✓ real Pi tool_result flow > is reachable through the only packaged product extension entry  355ms
 ✓ tests/acceptance/context-budget.test.ts (4 tests) 925ms
(node:30895) ExperimentalWarning: SQLite is an experimental feature and might change at any time
(Use `node --trace-warnings ...` to show where the warning was created)
 ✓ tests/acceptance/product-runtime-path.test.ts (6 tests) 1236ms
   ✓ product runtime SQLite/FTS/CAS path > admits tool_result into the same store that context_search and context_read use  342ms
   ✓ product runtime SQLite/FTS/CAS path > hard-stops compact when a CAS pointer is missing on the extension entry  412ms
(node:30892) ExperimentalWarning: SQLite is an experimental feature and might change at any time
(Use `node --trace-warnings ...` to show where the warning was created)
 ✓ tests/acceptance/hermetic-models.test.ts (3 tests) 8ms
 ✓ tests/acceptance/recursive-compaction.test.ts (1 test) 18ms
 ✓ tests/acceptance/evidence-recovery.test.ts (1 test) 156ms
 ✓ tests/acceptance/extension-one-root.test.ts (2 tests) 2ms
 ✓ tests/acceptance/recursive-state.test.ts (1 test) 231ms
 ✓ tests/acceptance/restart-branch-recovery.test.ts (1 test) 12ms
(node:30899) ExperimentalWarning: SQLite is an experimental feature and might change at any time
(Use `node --trace-warnings ...` to show where the warning was created)
(node:30894) ExperimentalWarning: SQLite is an experimental feature and might change at any time
(Use `node --trace-warnings ...` to show where the warning was created)
 ✓ tests/acceptance/compaction-fallback.test.ts (1 test) 1ms
 ✓ tests/acceptance/default-profile.test.ts (1 test) 2ms
(node:30896) ExperimentalWarning: SQLite is an experimental feature and might change at any time
(Use `node --trace-warnings ...` to show where the warning was created)
 ✓ tests/acceptance/retrieval-tools.test.ts (1 test) 134ms
 ✓ tests/acceptance/context-hook.test.ts (3 tests) 83ms
 ✓ tests/acceptance/user-input-flow.test.ts (11 tests) 2100ms
   ✓ exact user input flow on the patched Pi 0.84.4 AgentSession > is reachable through the only packaged product extension entry  606ms
(node:30907) ExperimentalWarning: SQLite is an experimental feature and might change at any time
(Use `node --trace-warnings ...` to show where the warning was created)
 ✓ tests/acceptance/multi-session-registry.test.ts (2 tests) 6ms
(node:30906) ExperimentalWarning: SQLite is an experimental feature and might change at any time
(Use `node --trace-warnings ...` to show where the warning was created)
 ✓ tests/acceptance/scope-failure.test.ts (2 tests) 5ms
 ✓ tests/acceptance/deterministic-mvp.test.ts (1 test) 55ms

 Test Files  22 passed (22)
      Tests  62 passed (62)
   Start at  23:49:10
   Duration  4.47s (transform 1.57s, setup 0ms, collect 20.76s, tests 9.26s, environment 2ms, prepare 2.06s)


> @ test:integration /Users/luo/Documents/github/pi-context
> vitest run --config vitest.integration.config.ts


 RUN  v3.2.4 /Users/luo/Documents/github/pi-context

(node:30971) ExperimentalWarning: SQLite is an experimental feature and might change at any time
(Use `node --trace-warnings ...` to show where the warning was created)
 ✓ tests/e2e/jiti-candidate-load.test.ts (1 test) 221ms
 ✓ tests/e2e/operations.test.ts (6 tests) 194ms
(node:30970) ExperimentalWarning: SQLite is an experimental feature and might change at any time
(Use `node --trace-warnings ...` to show where the warning was created)
(node:30972) ExperimentalWarning: SQLite is an experimental feature and might change at any time
(Use `node --trace-warnings ...` to show where the warning was created)
(node:30968) ExperimentalWarning: SQLite is an experimental feature and might change at any time
(Use `node --trace-warnings ...` to show where the warning was created)
 ✓ tests/integration/checkpoint-hard-gates.test.ts (4 tests) 15ms
 ✓ tests/integration/checkpoint-pointer-recovery.test.ts (2 tests) 13ms
(node:30967) ExperimentalWarning: SQLite is an experimental feature and might change at any time
(Use `node --trace-warnings ...` to show where the warning was created)
(node:30969) ExperimentalWarning: SQLite is an experimental feature and might change at any time
(Use `node --trace-warnings ...` to show where the warning was created)
 ✓ tests/fault/compaction-ack-recovery.test.ts (2 tests) 114ms
 ✓ tests/fault/recovery.test.ts (1 test) 194ms
 ✓ tests/e2e/key-rotation-v2-boundary.test.ts (2 tests) 225ms
 ✓ tests/fault/recursive-restart.test.ts (1 test) 223ms
 ✓ tests/integration/snapshot-consistency.test.ts (3 tests) 243ms
 ✓ tests/fault/overflow-lane.test.ts (1 test) 2ms
(node:30987) ExperimentalWarning: SQLite is an experimental feature and might change at any time
(Use `node --trace-warnings ...` to show where the warning was created)
 ✓ tests/fault/runtime-concurrency.test.ts (1 test) 6ms
(node:30985) ExperimentalWarning: SQLite is an experimental feature and might change at any time
(Use `node --trace-warnings ...` to show where the warning was created)
 ✓ tests/e2e/packed-install.test.ts (1 test) 7ms
(node:30990) ExperimentalWarning: SQLite is an experimental feature and might change at any time
(Use `node --trace-warnings ...` to show where the warning was created)
 ✓ tests/e2e/pi-factory-entry.test.ts (2 tests) 4ms

 Test Files  13 passed (13)
      Tests  27 passed (27)
   Start at  23:49:15
   Duration  1.95s (transform 1.06s, setup 0ms, collect 8.33s, tests 1.46s, environment 1ms, prepare 1.36s)

EXIT:0
