
> @ check:all /Users/luo/Documents/github/pi-context
> pnpm check:boundaries && pnpm typecheck && pnpm test


> @ check:boundaries /Users/luo/Documents/github/pi-context
> node scripts/check-package-boundaries.mjs

boundaries: ok

> @ typecheck /Users/luo/Documents/github/pi-context
> pnpm -r typecheck

Scope: 11 of 12 workspace projects
packages/contracts typecheck$ tsc --noEmit --strict --module NodeNext --moduleResolution NodeNext --target ES2022 --types node src/index.ts
packages/storage typecheck$ tsc --noEmit --strict --module NodeNext --moduleResolution NodeNext --target ES2022 --types node src/sqlite-store.ts src/worker.ts src/protocol.ts
apps/pi-context-runtime typecheck$ tsc --noEmit --strict --skipLibCheck --module NodeNext --moduleResolution NodeNext --target ES2022 --types node src/extension.ts src/composition-root.ts src/owner.ts src/runtime.ts src/doctor.ts src/conflicts.ts
packages/kernel typecheck$ tsc --noEmit --strict --module NodeNext --moduleResolution NodeNext --target ES2022 --types node src/ingress/project.ts
packages/contracts typecheck: Done
packages/testkit typecheck$ tsc --noEmit --strict --module NodeNext --moduleResolution NodeNext --target ES2022 --types node src/fake-pi-host.ts src/pi-contract-harness.ts
packages/kernel typecheck: Done
packages/worker typecheck$ tsc --noEmit --strict --module NodeNext --moduleResolution NodeNext --target ES2022 --types node src/candidate-worker.ts src/candidate-key.ts
packages/storage typecheck: Done
apps/pi-context-runtime typecheck: Done
packages/worker typecheck: Done
packages/testkit typecheck: Done
packages/core typecheck$ tsc --noEmit --strict --module NodeNext --moduleResolution NodeNext --target ES2022 --types node src/index.ts ../../tests/tasks/t14.test.ts
packages/core typecheck: Done
packages/runtime typecheck$ tsc --noEmit --strict --module NodeNext --moduleResolution NodeNext --target ES2022 --types node src/index.ts test/runtime-session.test.ts test/saga.test.ts ../../tests/tasks/t07.test.ts ../../tests/tasks/t12.test.ts
packages/runtime typecheck: Done
packages/storage-node typecheck$ tsc --noEmit --strict --module NodeNext --moduleResolution NodeNext --target ES2022 --types node src/index.ts test/blob-store.test.ts test/saga-store.test.ts test/user-turn-store.test.ts ../../tests/tasks/t09.test.ts ../../tests/tasks/t11.test.ts ../../tests/tasks/t12.test.ts
packages/pi-adapter typecheck$ tsc --noEmit --strict --skipLibCheck --module NodeNext --moduleResolution NodeNext --target ES2022 --types node src/index.ts src/contracts/pi-0844.ts ../../tests/acceptance/user-input-flow.test.ts ../../tests/acceptance/tool-result-flow.test.ts ../../tests/acceptance/retrieval-tools.test.ts ../../tests/tasks/t13.test.ts ../../tests/tasks/t20.test.ts
packages/storage-node typecheck: Done
packages/pi-adapter typecheck: Done
packages/benchmark typecheck$ tsc --noEmit --strict --module NodeNext --moduleResolution NodeNext --target ES2022 --types node src/index.ts
packages/benchmark typecheck: Done

> @ test /Users/luo/Documents/github/pi-context
> vitest run --workspace vitest.workspace.ts

 DEPRECATED  The workspace file is deprecated and will be removed in the next major. Please, use the `test.projects` field in the root config file instead.

 RUN  v3.2.4 /Users/luo/Documents/github/pi-context

(node:93591) ExperimentalWarning: SQLite is an experimental feature and might change at any time
(Use `node --trace-warnings ...` to show where the warning was created)
(node:93590) ExperimentalWarning: SQLite is an experimental feature and might change at any time
(Use `node --trace-warnings ...` to show where the warning was created)
(node:93588) ExperimentalWarning: SQLite is an experimental feature and might change at any time
(Use `node --trace-warnings ...` to show where the warning was created)
 ✓ |0| tests/w1-gate/early-net-value.test.ts (3 tests) 1732ms
   ✓ W1 Early Net Value Gate > evaluates live PCR arms and writes a machine-readable report  1722ms
 ✓ |0| packages/storage-node/test/user-turn-store.test.ts (8 tests) 2176ms
   ✓ workspace user turn ledger > persists exact UTF-8 bytes before linking the real host entry  313ms
   ✓ workspace user turn ledger > replays capture and link idempotently and rejects payload or host conflicts  511ms
   ✓ workspace user turn ledger > serializes concurrent duplicate captures to one receipt  638ms
(node:93587) ExperimentalWarning: SQLite is an experimental feature and might change at any time
(Use `node --trace-warnings ...` to show where the warning was created)
 ✓ |0| tests/tasks/t00.test.ts (7 tests) 3951ms
   ✓ T00 Freeze audit baseline and immutable evidence > freeze_audit_baseline_and_immutable_evidence  587ms
   ✓ T00 Freeze audit baseline and immutable evidence > is idempotent for the same committed inputs  344ms
   ✓ T00 Freeze audit baseline and immutable evidence > rejects a source outside the repository scope  690ms
   ✓ T00 Freeze audit baseline and immutable evidence > rejects an output directory outside the repository scope  668ms
   ✓ T00 Freeze audit baseline and immutable evidence > rejects malformed findings before writing artifacts  844ms
   ✓ T00 Freeze audit baseline and immutable evidence > replays deterministically in independent output directories  524ms
 ✓ |0| packages/storage-node/test/saga-store.test.ts (14 tests) 3075ms
   ✓ workspace SQLite Saga journal > recovers a host-visible row after an abrupt process exit and replays without mutation  1602ms
(node:94555) ExperimentalWarning: SQLite is an experimental feature and might change at any time
(Use `node --trace-warnings ...` to show where the warning was created)
(node:94568) ExperimentalWarning: SQLite is an experimental feature and might change at any time
(Use `node --trace-warnings ...` to show where the warning was created)
(node:94202) ExperimentalWarning: SQLite is an experimental feature and might change at any time
(Use `node --trace-warnings ...` to show where the warning was created)
(node:94293) ExperimentalWarning: SQLite is an experimental feature and might change at any time
(Use `node --trace-warnings ...` to show where the warning was created)
 ✓ |0| tests/w2-gate/head-to-head.test.ts (3 tests) 4396ms
   ✓ W2 Compactor Head-to-head Gate > evaluates live PCR B1/B2 against synthetic B0 and writes a machine-readable report  4391ms
 ✓ |0| packages/storage-node/test/blob-store.test.ts (15 tests) 4566ms
   ✓ encrypted content-addressed blob store > settles concurrent same-content writes on one complete authenticated object  1038ms
   ✓ encrypted content-addressed blob store > makes the existing-object fast path durable across independent processes  1238ms
 ✓ |0| tests/tasks/t15.test.ts (8 tests) 1245ms
 ✓ |0| tests/tasks/t01.test.ts (8 tests) 584ms
 ✓ |0| tests/tasks/t09.test.ts (13 tests) 1304ms
(node:94778) ExperimentalWarning: SQLite is an experimental feature and might change at any time
(Use `node --trace-warnings ...` to show where the warning was created)
 ✓ |0| tests/tasks/t13.test.ts (8 tests) 1480ms
   ✓ T13 Real Pi tool_result ingress > replays equal results across two independent runs of the same event  335ms
(node:94948) ExperimentalWarning: SQLite is an experimental feature and might change at any time
(Use `node --trace-warnings ...` to show where the warning was created)
 ✓ |0| tests/e2e/jiti-candidate-load.test.ts (1 test) 242ms
(node:94951) ExperimentalWarning: SQLite is an experimental feature and might change at any time
(Use `node --trace-warnings ...` to show where the warning was created)
 ✓ |0| tests/e2e/operations.test.ts (6 tests) 522ms
 ✓ |0| packages/kernel/test/raw-capture.test.ts (5 tests) 225ms
 ✓ |0| tests/tasks/t03.test.ts (8 tests) 333ms
 ✓ |0| packages/storage/test/saga-recovery.test.ts (7 tests) 420ms
(node:94979) ExperimentalWarning: SQLite is an experimental feature and might change at any time
(Use `node --trace-warnings ...` to show where the warning was created)
(node:94981) ExperimentalWarning: SQLite is an experimental feature and might change at any time
(Use `node --trace-warnings ...` to show where the warning was created)
(node:94991) ExperimentalWarning: SQLite is an experimental feature and might change at any time
(Use `node --trace-warnings ...` to show where the warning was created)
 ✓ |0| tests/acceptance/user-input-flow.test.ts (11 tests) 2188ms
   ✓ exact user input flow on the patched Pi 0.84.4 AgentSession > is reachable through the only packaged product extension entry  433ms
 ✓ |0| tests/e2e/key-rotation-v2-boundary.test.ts (2 tests) 256ms
 ✓ |0| tests/tasks/t10.test.ts (4 tests) 334ms
 ✓ |0| packages/storage-node/test/sqlite-store.test.ts (6 tests) 123ms
(node:95313) ExperimentalWarning: SQLite is an experimental feature and might change at any time
(Use `node --trace-warnings ...` to show where the warning was created)
(node:95314) ExperimentalWarning: SQLite is an experimental feature and might change at any time
(Use `node --trace-warnings ...` to show where the warning was created)
 ✓ |0| packages/storage/test/sqlite-store.test.ts (5 tests) 117ms
(node:95370) ExperimentalWarning: SQLite is an experimental feature and might change at any time
(Use `node --trace-warnings ...` to show where the warning was created)
 ✓ |0| tests/tasks/t11.test.ts (2 tests) 139ms
(node:94964) ExperimentalWarning: SQLite is an experimental feature and might change at any time
(Use `node --trace-warnings ...` to show where the warning was created)
 ✓ |0| tests/tasks/t12.test.ts (2 tests) 110ms
(node:94980) ExperimentalWarning: SQLite is an experimental feature and might change at any time
(Use `node --trace-warnings ...` to show where the warning was created)
 ✓ |0| tests/tasks/t20.test.ts (6 tests) 289ms
(node:95372) ExperimentalWarning: SQLite is an experimental feature and might change at any time
(Use `node --trace-warnings ...` to show where the warning was created)
 ✓ |0| packages/kernel/test/continuity-ledger.test.ts (5 tests) 35ms
 ✓ |0| tests/contract/pi-tool-result-order.test.ts (1 test) 71ms
(node:95376) ExperimentalWarning: SQLite is an experimental feature and might change at any time
(Use `node --trace-warnings ...` to show where the warning was created)
 ✓ |0| packages/storage/test/blob-store.test.ts (5 tests) 100ms
 ✓ |0| tests/contract/pi-context-hook.test.ts (11 tests) 21ms
 ✓ |0| tests/tasks/t14.test.ts (8 tests) 33ms
 ✓ |0| tests/acceptance/tool-result-flow.test.ts (3 tests) 344ms
 ✓ |0| tests/tasks/t02.test.ts (6 tests) 74ms
 ✓ |0| packages/kernel/test/action-gate.test.ts (6 tests) 50ms
 ✓ |0| packages/worker/test/telemetry-economics.test.ts (5 tests) 16ms
 ✓ |0| tests/security/cursor-fuzz.test.ts (1 test) 29ms
 ✓ |0| tests/tasks/t05.test.ts (6 tests) 55ms
 ✓ |0| tests/security/authority-mutation.test.ts (2 tests) 188ms
 ✓ |0| tests/tasks/t04.test.ts (7 tests) 18ms
 ✓ |0| packages/kernel/test/reducer-registry.test.ts (5 tests) 72ms
 ✓ |0| packages/worker/test/candidate-worker.test.ts (7 tests) 85ms
(node:95637) ExperimentalWarning: SQLite is an experimental feature and might change at any time
(Use `node --trace-warnings ...` to show where the warning was created)
 ✓ |0| packages/worker/test/semantic-proposal.test.ts (6 tests) 27ms
 ✓ |0| tests/acceptance/evidence-recovery.test.ts (1 test) 107ms
 ✓ |0| packages/kernel/test/directive-capture.test.ts (6 tests) 31ms
(node:95382) ExperimentalWarning: SQLite is an experimental feature and might change at any time
(Use `node --trace-warnings ...` to show where the warning was created)
 ✓ |0| tests/acceptance/retrieval-tools.test.ts (1 test) 96ms
 ✓ |0| packages/pi-adapter/test/runtime-tools.test.ts (6 tests) 26ms
 ✓ |0| tests/meta/workspace-layout.test.ts (4 tests) 33ms
 ✓ |0| tests/live-gate/paired-w2-live.test.ts (3 tests) 62ms
 ✓ |0| tests/security/memory-poisoning.test.ts (2 tests) 25ms
 ✓ |0| tests/compat/pi-version-contract.test.ts (4 tests) 15ms
 ✓ |0| tests/contract/pi-session-lifecycle.test.ts (4 tests) 22ms
 ✓ |0| packages/contracts/test/canonical.test.ts (4 tests) 33ms
 ✓ |0| packages/kernel/test/claim-ledger.test.ts (9 tests) 42ms
 ✓ |0| packages/kernel/test/materializer.test.ts (4 tests) 85ms
 ✓ |0| packages/worker/test/generation-fencing.test.ts (6 tests) 131ms
 ✓ |0| packages/kernel/test/raw-input.test.ts (5 tests) 35ms
 ✓ |0| packages/runtime/test/runtime-session.test.ts (2 tests) 6ms
(node:95972) ExperimentalWarning: SQLite is an experimental feature and might change at any time
(Use `node --trace-warnings ...` to show where the warning was created)
 ✓ |0| tests/contract/pi-compaction-takeover.test.ts (4 tests) 44ms
 ✓ |0| packages/kernel/test/fts-catalog.test.ts (5 tests) 15ms
 ✓ |0| tests/contract/pi-input-correlation.test.ts (1 test) 11ms
 ✓ |0| packages/kernel/test/evidence-admission.test.ts (5 tests) 13ms
 ✓ |0| tests/tasks/t08.test.ts (10 tests) 8ms
 ✓ |0| tests/release/package-artifact.test.ts (4 tests) 8726ms
   ✓ release package > contains one extension entry, runtime dependencies and no source-private imports  1735ms
   ✓ release package > verifies clean-home extract, uninstall/reinstall, and temporary pi -e entry  1399ms
   ✓ release package > keeps the Node/OS matrix and does not hide unsupported Pi versions  2589ms
   ✓ release package > ships license/security docs and the gate-derived semantic default  3001ms
 ✓ |0| tests/security/secret-leak.test.ts (1 test) 38ms
 ✓ |0| packages/kernel/test/host-checkpoint-render.test.ts (5 tests) 19ms
 ✓ |0| packages/kernel/test/active-suffix.test.ts (5 tests) 5ms
 ✓ |0| packages/kernel/test/literal-index.test.ts (5 tests) 6ms
 ✓ |0| packages/core/test/reducers/production.test.ts (4 tests) 3ms
 ✓ |0| packages/worker/test/verifier.test.ts (8 tests) 95ms
(node:95964) ExperimentalWarning: SQLite is an experimental feature and might change at any time
(Use `node --trace-warnings ...` to show where the warning was created)
 ✓ |0| tests/tasks/t07.test.ts (9 tests) 7ms
 ✓ |0| packages/contracts/test/types.test.ts (5 tests) 6ms
 ✓ |0| tests/e2e/packed-install.test.ts (1 test) 73ms
 ✓ |0| packages/kernel/test/claim-transitions.test.ts (7 tests) 8ms
 ✓ |0| packages/kernel/test/convergence.test.ts (5 tests) 8ms
 ✓ |0| tests/release/deterministic-mvp-gate.test.ts (9 tests) 51ms
 ✓ |0| packages/kernel/test/builtin-reducers.test.ts (5 tests) 4ms
 ✓ |0| packages/kernel/test/checkpoint-candidate.test.ts (6 tests) 5ms
 ✓ |0| packages/kernel/test/lease-lifecycle.test.ts (5 tests) 14ms
 ✓ |0| packages/kernel/test/shell-reducers.test.ts (6 tests) 7ms
 ✓ |0| tests/compat/provider-payload-probe.test.ts (3 tests) 5ms
 ✓ |0| tests/contract/pi-capability-probe.test.ts (4 tests) 3ms
 ✓ |0| packages/kernel/test/exact-read.test.ts (5 tests) 8ms
 ✓ |0| packages/kernel/test/token-budget.test.ts (6 tests) 4ms
 ✓ |0| packages/kernel/test/proactive-recall.test.ts (5 tests) 3ms
(node:96147) ExperimentalWarning: SQLite is an experimental feature and might change at any time
(Use `node --trace-warnings ...` to show where the warning was created)
 ✓ |0| packages/pi-adapter/test/message-conversion.test.ts (5 tests) 3ms
 ✓ |0| tests/acceptance/session-registry.test.ts (8 tests) 23ms
 ✓ |0| apps/pi-context-runtime/test/package-runtime.test.ts (4 tests) 9ms
 ✓ |0| tests/live-gate/payload-sizing.test.ts (3 tests) 2ms
 ✓ |0| packages/runtime/test/saga.test.ts (4 tests) 6ms
 ✓ |0| tests/release/semantic-beta-gate.test.ts (8 tests) 4ms
 ✓ |0| tests/security/recovery-fuzz.test.ts (1 test) 3ms
 ✓ |0| packages/pi-adapter/test/compaction-result.test.ts (1 test) 2ms
(node:96372) ExperimentalWarning: SQLite is an experimental feature and might change at any time
(Use `node --trace-warnings ...` to show where the warning was created)
 ✓ |0| apps/pi-context-runtime/test/owner.test.ts (4 tests) 4ms
(node:96418) ExperimentalWarning: SQLite is an experimental feature and might change at any time
(Use `node --trace-warnings ...` to show where the warning was created)
 ✓ |0| tests/e2e/pi-factory-entry.test.ts (2 tests) 4ms
 ✓ |0| tests/contract/pi-tool-call-gate.test.ts (1 test) 8ms
 ✓ |0| tests/acceptance/packed-install.test.ts (2 tests) 23249ms
   ✓ packed runtime acceptance > npm packs the runtime and the required patched Pi host loads exact input  19117ms
   ✓ packed runtime acceptance > fails during loading on stock Pi 0.84.4 instead of swallowing input  4131ms
 ✓ |0| tests/tasks/t06.test.ts (9 tests) 28814ms
   ✓ T06 Real npm pack and clean Pi install harness > loads the actual packed tarball in an empty Pi home  10232ms
   ✓ T06 Real npm pack and clean Pi install harness > packs deterministically from the same committed source  3011ms
   ✓ T06 Real npm pack and clean Pi install harness > isolates duplicate probes while preserving their observable contract  7787ms
   ✓ T06 Real npm pack and clean Pi install harness > propagates a non-zero Pi exit and removes the isolated home  612ms

 Test Files  94 passed (94)
      Tests  487 passed (487)
   Start at  23:18:37
   Duration  29.46s (transform 3.82s, setup 0ms, collect 36.93s, tests 93.09s, environment 26ms, prepare 10.78s)

CHECK_ALL_EXIT:0
 DEPRECATED  The workspace file is deprecated and will be removed in the next major. Please, use the `test.projects` field in the root config file instead.

 RUN  v3.2.4 /Users/luo/Documents/github/pi-context

(node:96791) ExperimentalWarning: SQLite is an experimental feature and might change at any time
(Use `node --trace-warnings ...` to show where the warning was created)
 ✓ |0| tests/acceptance/evidence-recovery.test.ts (1 test) 79ms
(node:96789) ExperimentalWarning: SQLite is an experimental feature and might change at any time
(Use `node --trace-warnings ...` to show where the warning was created)
(node:96793) ExperimentalWarning: SQLite is an experimental feature and might change at any time
(Use `node --trace-warnings ...` to show where the warning was created)
(node:96790) ExperimentalWarning: SQLite is an experimental feature and might change at any time
(Use `node --trace-warnings ...` to show where the warning was created)
 ✓ |0| tests/acceptance/session-registry.test.ts (8 tests) 13ms
(node:96792) ExperimentalWarning: SQLite is an experimental feature and might change at any time
(Use `node --trace-warnings ...` to show where the warning was created)
 ✓ |0| tests/acceptance/retrieval-tools.test.ts (1 test) 126ms
 ✓ |0| tests/acceptance/tool-result-flow.test.ts (3 tests) 328ms
 ✓ |0| tests/acceptance/user-input-flow.test.ts (11 tests) 1052ms
 ✓ |0| tests/acceptance/packed-install.test.ts (2 tests) 13904ms
   ✓ packed runtime acceptance > npm packs the runtime and the required patched Pi host loads exact input  8390ms
   ✓ packed runtime acceptance > fails during loading on stock Pi 0.84.4 instead of swallowing input  5513ms

 Test Files  6 passed (6)
      Tests  26 passed (26)
   Start at  23:19:08
   Duration  14.34s (transform 689ms, setup 0ms, collect 5.01s, tests 15.50s, environment 1ms, prepare 643ms)

ACCEPTANCE_EXIT:0
compdef:153: _comps: assignment to invalid subscript range
boundaries: ok
BOUNDARIES_EXIT:0
