Now using node v22.19.0 (npm v10.9.3)
 DEPRECATED  The workspace file is deprecated and will be removed in the next major. Please, use the `test.projects` field in the root config file instead.

 RUN  v3.2.4 /Users/luo/Documents/github/pi-context

 ✓ |0| tests/acceptance/compaction-fallback.test.ts (1 test) 2ms
 ✓ |0| tests/acceptance/restart-branch-recovery.test.ts (1 test) 11ms
(node:93378) ExperimentalWarning: SQLite is an experimental feature and might change at any time
(Use `node --trace-warnings ...` to show where the warning was created)
(node:93377) ExperimentalWarning: SQLite is an experimental feature and might change at any time
(Use `node --trace-warnings ...` to show where the warning was created)
 ✓ |0| tests/acceptance/product-runtime-path.test.ts (2 tests) 118ms
 ✓ |0| tests/acceptance/w1-vertical.test.ts (1 test) 57ms
 ❯ |0| tests/acceptance/packed-install.test.ts (2 tests | 1 failed) 12682ms
   × packed runtime acceptance > npm packs the runtime and the required patched Pi host loads exact input 8458ms
     → /Users/luo/Documents/github/pi-context/node_modules/.bin/tsc --noEmit --strict --module NodeNext --moduleResolution NodeNext --target ES2022 --typeRoots /Users/luo/Documents/github/pi-context/node_modules/@types /var/folders/yt/10k_hqkn30x18d7lbn28_gnc0000gn/T/pcr-t06-downstream-YQMh7p/contract.mts failed (2): node_modules/pi-context-runtime/dist/packages/pi-adapter/src/context-hook.d.ts(1,77): error TS2846: A declaration file cannot be imported without 'import type'. Did you mean to import an implementation file '../../contracts/src/index.js' instead?

   ✓ packed runtime acceptance > fails during loading on stock Pi 0.84.4 instead of swallowing input  4223ms

⎯⎯⎯⎯⎯⎯⎯ Failed Tests 1 ⎯⎯⎯⎯⎯⎯⎯

 FAIL  |0| tests/acceptance/packed-install.test.ts > packed runtime acceptance > npm packs the runtime and the required patched Pi host loads exact input
Error: /Users/luo/Documents/github/pi-context/node_modules/.bin/tsc --noEmit --strict --module NodeNext --moduleResolution NodeNext --target ES2022 --typeRoots /Users/luo/Documents/github/pi-context/node_modules/@types /var/folders/yt/10k_hqkn30x18d7lbn28_gnc0000gn/T/pcr-t06-downstream-YQMh7p/contract.mts failed (2): node_modules/pi-context-runtime/dist/packages/pi-adapter/src/context-hook.d.ts(1,77): error TS2846: A declaration file cannot be imported without 'import type'. Did you mean to import an implementation file '../../contracts/src/index.js' instead?

 ❯ ChildProcess.<anonymous> scripts/pack-smoke.mjs:109:16
    107|       }
    108|       if (code !== 0) {
    109|         reject(new Error(`${command} ${args.join(" ")} failed (${code …
       |                ^
    110|         return;
    111|       }

⎯⎯⎯⎯⎯⎯⎯⎯⎯⎯⎯⎯⎯⎯⎯⎯⎯⎯⎯⎯⎯⎯⎯⎯[1/1]⎯


 Test Files  1 failed | 4 passed (5)
      Tests  1 failed | 6 passed (7)
   Start at  15:32:18
   Duration  13.03s (transform 558ms, setup 0ms, collect 2.45s, tests 12.87s, environment 1ms, prepare 331ms)

