=== UNIT ===
 ✓ packages/pi-adapter/test/message-codec.test.ts (1 test) 12ms
 ✓ packages/pi-adapter/test/compaction-result.test.ts (1 test) 2ms
 ✓ tests/ci/protection.test.ts (2 tests) 7ms
 ✓ packages/core/test/directives/temporal.test.ts (2 tests) 2ms
 ✓ tests/release/manifest-policy.test.ts (1 test) 1ms
 ✓ tests/security/cursor-fuzz.test.ts (1 test) 31ms
 ✓ tests/security/recovery-fuzz.test.ts (1 test) 2ms
 ✓ tests/ci/finding-closure.test.ts (2 tests) 346ms
 ✓ tests/contract/pi-tool-call-gate.test.ts (1 test) 2ms
 ✓ tests/release/package-artifact.test.ts (4 tests) 3102ms
   ✓ release package > contains one extension entry, runtime dependencies and no source-private imports  1323ms
   ✓ release package > verifies clean-home extract, uninstall/reinstall, and temporary pi -e entry  551ms
   ✓ release package > keeps the Node/OS matrix and does not hide unsupported Pi versions  647ms
   ✓ release package > ships license/security docs and the gate-derived semantic default  579ms

 Test Files  149 passed (149)
      Tests  737 passed (737)
   Start at  17:44:47
   Duration  13.24s (transform 3.28s, setup 0ms, collect 31.79s, tests 28.77s, environment 26ms, prepare 10.03s)

=== INTEGRATION ===
 ✓ tests/acceptance/hermetic-models.test.ts (3 tests) 4ms
 ✓ tests/acceptance/deterministic-mvp.test.ts (1 test) 127ms
 ✓ tests/acceptance/compaction-fallback.test.ts (1 test) 2ms
(node:18759) ExperimentalWarning: SQLite is an experimental feature and might change at any time
(Use `node --trace-warnings ...` to show where the warning was created)
 ✓ tests/acceptance/retrieval-tools.test.ts (1 test) 99ms
 ✓ tests/acceptance/w1-vertical.test.ts (1 test) 89ms
 ✓ tests/acceptance/user-input-flow.test.ts (11 tests) 1173ms
   ✓ exact user input flow on the patched Pi 0.84.4 AgentSession > is reachable through the only packaged product extension entry  304ms

 Test Files  17 passed (17)
      Tests  40 passed (40)
   Start at  17:43:49
   Duration  2.61s (transform 1.37s, setup 0ms, collect 11.51s, tests 2.47s, environment 2ms, prepare 1.29s)

=== PACKED ===
 ✓ tests/tasks/t52.test.ts (6 tests) 18273ms
   ✓ T52 Production package build and clean install > loads the actual packed tarball in an empty Pi home  8924ms
   ✓ T52 Production package build and clean install > packs deterministically from the same committed source  6358ms
   ✓ T52 Production package build and clean install > rejects a modified tarball receipt before installation  2988ms
 ✓ tests/tasks/t06.test.ts (9 tests) 24160ms
   ✓ T06 Real npm pack and clean Pi install harness > loads the actual packed tarball in an empty Pi home  4830ms
   ✓ T06 Real npm pack and clean Pi install harness > packs deterministically from the same committed source  3487ms
   ✓ T06 Real npm pack and clean Pi install harness > isolates duplicate probes while preserving their observable contract  8317ms
   ✓ T06 Real npm pack and clean Pi install harness > propagates a non-zero Pi exit and removes the isolated home  3271ms

 Test Files  4 passed (4)
      Tests  18 passed (18)
   Start at  17:43:53
   Duration  24.46s (transform 124ms, setup 0ms, collect 237ms, tests 66.84s, environment 0ms, prepare 274ms)

